=== RUN   TestReleaseFlowBrowserSystemPath
2026/09/11 10:00:23 github.com/testcontainers/testcontainers-go - Connected to docker: 
  Server Version: 29.5.2
  API Version: 1.54
  Operating System: Ubuntu 24.04.4 LTS
  Total Memory: 3904 MB
  Testcontainers for Go Version: v0.44.0
  Resolved Docker Host: unix:///Users/asher/.colima/default/docker.sock
  Resolved Docker Socket Path: /Users/asher/.colima/default/docker.sock
  Test SessionID: fd50e48df35394711dc2126ca16f5a08f46ffa43d790678c766f072e958a0e5a
  Test ProcessID: 269fa028-2c0a-4e4f-b6e5-b42e2dd93c14
2026/09/11 10:00:23 🐳 Creating container for image mysql:8.4
2026/09/11 10:00:23 ✅ Container created: 62c63ce914d2
2026/09/11 10:00:23 🐳 Starting container: 62c63ce914d2
2026/09/11 10:00:23 ✅ Container started: 62c63ce914d2
2026/09/11 10:00:23 ⏳ Waiting for container id 62c63ce914d2 image: mysql:8.4. Waiting for: all of: [log message "port: 3306  MySQL Community Server"]
2026/09/11 10:00:30 🔔 Container is ready: 62c63ce914d2
    release_flow_browser_integration_test.go:101: browser → Vite proxy → Admin → MySQL: [AC-009: real Web creates a two-table draft; distinct persisted templates render and refresh performs no write AC-010: editing/disabling source template and switching association leave the saved draft instance intact AC-010/023/025: 390px missing-flow block; GET stays read-only after repair; explicit unchanged save fills only missing instance; committed lost response survives refresh and exact manual replay AC-014: frozen table roles survive later assignment change; independent partial/all approvals drive real nodes; whole-order publication and completion retain actual actors]
2026/09/11 10:00:57 🐳 Stopping container: 62c63ce914d2
2026/09/11 10:00:58 ✅ Container stopped: 62c63ce914d2
2026/09/11 10:00:58 🐳 Terminating container: 62c63ce914d2
2026/09/11 10:00:58 🚫 Container terminated: 62c63ce914d2
--- PASS: TestReleaseFlowBrowserSystemPath (35.87s)
PASS
ok  	github.com/asherzj/relational-config-center/admin/cmd/admin	37.238s
