=== RUN   TestReleaseFlowBrowserSystemPath
2026/09/11 10:02:57 github.com/testcontainers/testcontainers-go - Connected to docker: 
  Server Version: 29.5.2
  API Version: 1.54
  Operating System: Ubuntu 24.04.4 LTS
  Total Memory: 3904 MB
  Testcontainers for Go Version: v0.44.0
  Resolved Docker Host: unix:///Users/asher/.colima/default/docker.sock
  Resolved Docker Socket Path: /Users/asher/.colima/default/docker.sock
  Test SessionID: a2e21d06d9b0a5e3c0b78f68616addeec70467e46882936b9aea314bd7accab4
  Test ProcessID: 63d8d81d-6409-43c4-94f1-e08315aba298
2026/09/11 10:02:57 🐳 Creating container for image mysql:8.4
2026/09/11 10:02:57 ✅ Container created: 4b3340caec77
2026/09/11 10:02:57 🐳 Starting container: 4b3340caec77
2026/09/11 10:02:58 ✅ Container started: 4b3340caec77
2026/09/11 10:02:58 ⏳ Waiting for container id 4b3340caec77 image: mysql:8.4. Waiting for: all of: [log message "port: 3306  MySQL Community Server"]
2026/09/11 10:03:04 🔔 Container is ready: 4b3340caec77
    release_flow_browser_integration_test.go:101: browser → Vite proxy → Admin → MySQL: [AC-009: real Web creates a two-table draft; distinct persisted templates render, source disclosure opens/closes by keyboard, and refresh performs no write AC-010: editing/disabling source template and switching association leave the saved draft instance intact AC-010/023/025: 390px missing-flow block; GET stays read-only after repair; explicit unchanged save fills only missing instance; committed lost response survives refresh and exact manual replay AC-014: frozen table roles survive later assignment change; independent partial/all approvals drive real nodes; whole-order publication and completion retain actual actors]
2026/09/11 10:03:28 🐳 Stopping container: 4b3340caec77
2026/09/11 10:03:29 ✅ Container stopped: 4b3340caec77
2026/09/11 10:03:29 🐳 Terminating container: 4b3340caec77
2026/09/11 10:03:29 🚫 Container terminated: 4b3340caec77
--- PASS: TestReleaseFlowBrowserSystemPath (31.52s)
PASS
ok  	github.com/asherzj/relational-config-center/admin/cmd/admin	33.407s
