=== RUN   TestAccountBrowserSystemPath
2026/09/11 10:15:59 github.com/testcontainers/testcontainers-go - Connected to docker: 
  Server Version: 29.5.2
  API Version: 1.54
  Operating System: Ubuntu 24.04.4 LTS
  Total Memory: 3904 MB
  Testcontainers for Go Version: v0.44.0
  Resolved Docker Host: unix:///Users/asher/.colima/default/docker.sock
  Resolved Docker Socket Path: /Users/asher/.colima/default/docker.sock
  Test SessionID: 501f83fbb581cf22fd6decf636bc19b804962975d18efa1551a1efbabf2d68bd
  Test ProcessID: 4acc6877-5f3d-47c4-aa6c-edb6eb9a0947
2026/09/11 10:15:59 🐳 Creating container for image mysql:8.4
2026/09/11 10:15:59 ✅ Container created: 2230a578a3f1
2026/09/11 10:15:59 🐳 Starting container: 2230a578a3f1
2026/09/11 10:15:59 ✅ Container started: 2230a578a3f1
2026/09/11 10:15:59 ⏳ Waiting for container id 2230a578a3f1 image: mysql:8.4. Waiting for: all of: [log message "port: 3306  MySQL Community Server"]
2026/09/11 10:16:05 🔔 Container is ready: 2230a578a3f1
=== RUN   TestAccountBrowserSystemPath/draft-targets.cjs
    account_browser_integration_test.go:126: draft-targets.cjs: PASS 管理员按真实字段配置组合及单字段键；自增、生成和自动字段不可选
        PASS 编辑者创建空草稿，增量添加25项后使用同一整单版本
        PASS 第2页只提交指定明细；数据库等价冲突显示表、单号、申请人并保留输入
        PASS 两个真实窗口冲突重建保留本次输入及他人未触及明细；390px可键盘排序
        PASS 未结束明细阻止配置变更；管理员取消他人的遗留草稿后释放引用
        {"checks":["管理员按真实字段配置组合及单字段键；自增、生成和自动字段不可选","编辑者创建空草稿，增量添加25项后使用同一整单版本","第2页只提交指定明细；数据库等价冲突显示表、单号、申请人并保留输入","两个真实窗口冲突重建保留本次输入及他人未触及明细；390px可键盘排序","未结束明细阻止配置变更；管理员取消他人的遗留草稿后释放引用"]}
=== NAME  TestAccountBrowserSystemPath
    account_browser_integration_test.go:142: browser → Vite same-origin proxy → Admin → MySQL: record version conflict preserves input, explicit latest read and baseline rebuild, registration defaults VIEWER, maintenance ADMIN bootstrap, UI combination grant, 390px role catalog and drawer, role history with permanent actor, original member session refresh, refresh, reopen, dirty navigation protection, same-account Change Set recovery after session loss, hidden drawer keyboard isolation, draft submit independent approval and publisher execution, unknown execute result reload and original-key recovery, final row defaults and permanent actor fields, refresh notification remains NOT_CONNECTED, no direct record write request, HTTP Cookie, storage/URL secrecy, logout rejection; creator/modifier match current Account ID
2026/09/11 10:16:51 🐳 Stopping container: 2230a578a3f1
2026/09/11 10:16:52 ✅ Container stopped: 2230a578a3f1
2026/09/11 10:16:52 🐳 Terminating container: 2230a578a3f1
2026/09/11 10:16:52 🚫 Container terminated: 2230a578a3f1
--- PASS: TestAccountBrowserSystemPath (53.20s)
    --- PASS: TestAccountBrowserSystemPath/draft-targets.cjs (16.86s)
PASS
ok  	github.com/asherzj/relational-config-center/admin/cmd/admin	54.182s
