=== RUN   TestTableApprovalBrowserSystemPath
2026/09/11 10:17:47 github.com/testcontainers/testcontainers-go - Connected to docker: 
  Server Version: 29.5.2
  API Version: 1.54
  Operating System: Ubuntu 24.04.4 LTS
  Total Memory: 3904 MB
  Testcontainers for Go Version: v0.44.0
  Resolved Docker Host: unix:///Users/asher/.colima/default/docker.sock
  Resolved Docker Socket Path: /Users/asher/.colima/default/docker.sock
  Test SessionID: cc7f6d170fa3ea0fd436dfb31bac3dbeb7c3ec438ded678f25cf367b2c4e9268
  Test ProcessID: bbe638f0-f6f1-4c5f-ab43-0a4829b96c25
2026/09/11 10:17:47 🐳 Creating container for image mysql:8.4
2026/09/11 10:17:47 ✅ Container created: 193839f7a59f
2026/09/11 10:17:47 🐳 Starting container: 193839f7a59f
2026/09/11 10:17:47 ✅ Container started: 193839f7a59f
2026/09/11 10:17:47 ⏳ Waiting for container id 193839f7a59f image: mysql:8.4. Waiting for: all of: [log message "port: 3306  MySQL Community Server"]
2026/09/11 10:17:53 🔔 Container is ready: 193839f7a59f
    table_approval_browser_integration_test.go:72: table approval browser: PASS 无独立审批人显示问题表，提交422保留草稿；在途成员离开保留进度，取消释放目标
        PASS 管理员从正式表目录以键盘配置两个表的独立审批角色
        PASS 390px 表分配冲突保留空选择，查看最新后明确重选保存
        PASS VIEWER 成员只批准商品表，页面显示真实部分进度，ADMIN 无通用越权
        PASS 两个独立角色都通过后，申请人执行真实多表发布
        PASS 成员变化返回真实范围冲突，刷新保留意见和原范围，390px 键盘明确批准最新两表
        PASS 空快照不受后来改绑影响，独立 ADMIN 默认接手并保留真实资格来源
        {"engine":"chromium","checks":["无独立审批人显示问题表，提交422保留草稿；在途成员离开保留进度，取消释放目标","管理员从正式表目录以键盘配置两个表的独立审批角色","390px 表分配冲突保留空选择，查看最新后明确重选保存","VIEWER 成员只批准商品表，页面显示真实部分进度，ADMIN 无通用越权","两个独立角色都通过后，申请人执行真实多表发布","成员变化返回真实范围冲突，刷新保留意见和原范围，390px 键盘明确批准最新两表","空快照不受后来改绑影响，独立 ADMIN 默认接手并保留真实资格来源"],"errors":[]}
2026/09/11 10:18:23 🐳 Stopping container: 193839f7a59f
2026/09/11 10:18:24 ✅ Container stopped: 193839f7a59f
2026/09/11 10:18:24 🐳 Terminating container: 193839f7a59f
2026/09/11 10:18:24 🚫 Container terminated: 193839f7a59f
--- PASS: TestTableApprovalBrowserSystemPath (37.38s)
PASS
ok  	github.com/asherzj/relational-config-center/admin/cmd/admin	38.561s
