{"request_id":"rcc-b5b7051069119e95993a5248fc3b4ac2","method":"GET","path":"/api/v1/auth/csrf","status":200,"duration_ms":9}
{"request_id":"rcc-3379ba9f213061c41ef770e572bfef8d","method":"POST","path":"/api/v1/auth/register","status":201,"duration_ms":43}
{"request_id":"rcc-71ff67108bb68a61be1c178f68ab14bd","method":"GET","path":"/api/v1/auth/session","status":200,"duration_ms":1}
{"request_id":"rcc-64ad3f475fb10e2959ad907c7cbdc943","method":"GET","path":"/api/v1/account-roles","status":200,"duration_ms":2}
{"request_id":"rcc-9438feaca746c8dc87f29b3600b5327b","method":"GET","path":"/api/v1/auth/session","status":200,"duration_ms":1}
{"request_id":"rcc-a7f634b7b0b5cae8355c37abefadd08c","method":"GET","path":"/api/v1/table-policies","status":200,"duration_ms":2}
{"request_id":"rcc-69b36ae70e2f4ece258948e2a043dca8","method":"GET","path":"/api/v1/auth/session","status":200,"duration_ms":1}
{"request_id":"rcc-ee09081382b5a29476d9ba0e1967a58c","method":"GET","path":"/api/v1/table-policies","status":200,"duration_ms":1}
{"request_id":"rcc-0bc0084bbf73d33d1266cdaec75863b1","method":"GET","path":"/api/v1/auth/session","status":200,"duration_ms":1}
{"request_id":"rcc-6a23ffc5b2fd9d6eb506558fe9aff4ad","method":"GET","path":"/api/v1/release-templates","status":200,"duration_ms":1}
{"request_id":"rcc-54a80f01da7008d7e81718165b9760e0","method":"GET","path":"/api/v1/auth/session","status":200,"duration_ms":1}
{"request_id":"rcc-3a34fd544b9fdb0b69d91c7445eeecb0","method":"GET","path":"/api/v1/table-policies","status":200,"duration_ms":1}
{"request_id":"rcc-49eb8220be846d49afe014e78307af0e","method":"GET","path":"/api/v1/auth/session","status":200,"duration_ms":1}
{"request_id":"rcc-ace0e47e52a705f0e100744e4014f1b4","method":"GET","path":"/api/v1/table-policies/:table_name/release-templates","status":200,"duration_ms":3}
{"request_id":"rcc-fa9988b0db53308a45f38daf478f3d6e","method":"GET","path":"/api/v1/auth/session","status":200,"duration_ms":1}
{"request_id":"rcc-9e8ebc1b63d281e5ece1b8491fc10679","method":"PUT","path":"/api/v1/table-policies/:table_name/release-templates/:release_type","status":200,"duration_ms":10}
{"request_id":"rcc-b152a581d163ebededc115a7bcdb7f21","method":"GET","path":"/api/v1/auth/session","status":200,"duration_ms":0}
{"request_id":"rcc-6c86ee04b2fa307ac71eef6344b8224d","method":"PUT","path":"/api/v1/table-policies/:table_name/release-templates/:release_type","status":200,"duration_ms":8}
{"request_id":"rcc-2483fa8d2b4557915707107bd4e078dd","method":"GET","path":"/api/v1/auth/session","status":200,"duration_ms":0}
{"request_id":"rcc-2022e2617b2112152501c7ad1b13fe25","method":"GET","path":"/api/v1/table-policies/:table_name/release-templates","status":200,"duration_ms":2}
{"request_id":"rcc-0dd148593f45c941b9c2bd921f6a6246","method":"GET","path":"/api/v1/auth/session","status":200,"duration_ms":0}
{"request_id":"rcc-5676b748ade6db9956f15a5b802d9edf","method":"PUT","path":"/api/v1/table-policies/:table_name/release-templates/:release_type","status":200,"duration_ms":7}
{"request_id":"rcc-fd23fadb5c619d9d21888c25d8640ee8","method":"GET","path":"/api/v1/auth/session","status":200,"duration_ms":0}
{"request_id":"rcc-a9eb5260d50225f367fa62d83b5d21c8","method":"PUT","path":"/api/v1/table-policies/:table_name/release-templates/:release_type","status":200,"duration_ms":7}
{"request_id":"rcc-0f4b0d97de71ea8c93fa0b79314b9ce8","method":"GET","path":"/api/v1/auth/session","status":200,"duration_ms":1}
{"request_id":"rcc-c0fadcd8be6615e54c7f0c6eb33f9f18","method":"GET","path":"/api/v1/table-policies/:table_name/release-templates","status":200,"duration_ms":4}
{"request_id":"rcc-326b0b70926ab3fde6331b0a826eee55","method":"GET","path":"/api/v1/auth/session","status":200,"duration_ms":1}
{"request_id":"rcc-4f98b96727a3448125b8b14c0f85377c","method":"PUT","path":"/api/v1/table-policies/:table_name/release-templates/:release_type","status":200,"duration_ms":10}
{"request_id":"rcc-631985489e15b2dbe50f37433d792a64","method":"GET","path":"/api/v1/auth/session","status":200,"duration_ms":0}
{"request_id":"rcc-cff28ee3101cab25786b76fd70f8ed54","method":"PUT","path":"/api/v1/table-policies/:table_name/release-templates/:release_type","status":200,"duration_ms":7}
{"request_id":"rcc-7a85ba8afc5cc7b194677529dcedcbf5","method":"GET","path":"/api/v1/auth/session","status":200,"duration_ms":0}
{"request_id":"rcc-019b1c4c2a31255eb855791cbccb09bf","method":"GET","path":"/api/v1/table-policies/:table_name/release-templates","status":200,"duration_ms":2}
{"request_id":"rcc-591a022eacc19cec67116561937a2222","method":"GET","path":"/api/v1/auth/session","status":200,"duration_ms":0}
{"request_id":"rcc-436dac5ed15688ac88ec8fe72024f21e","method":"PUT","path":"/api/v1/table-policies/:table_name/release-templates/:release_type","status":200,"duration_ms":8}
{"request_id":"rcc-5640b059ff2b4c429b53bf4be5d4537c","method":"GET","path":"/api/v1/auth/session","status":200,"duration_ms":1}
{"request_id":"rcc-4a2a7f459d3e7ee563445d3c9768f161","method":"PUT","path":"/api/v1/table-policies/:table_name/release-templates/:release_type","status":200,"duration_ms":7}
{"request_id":"rcc-ba2789dfdee409b5c855e3ca92326213","method":"GET","path":"/api/v1/auth/session","status":200,"duration_ms":0}
{"request_id":"rcc-f31be4bb91f1d781985f7ad737124758","method":"GET","path":"/api/v1/table-policies/:table_name/release-templates","status":200,"duration_ms":2}
{"request_id":"rcc-fc8be379513a5f67b0a48e88b88213e3","method":"GET","path":"/api/v1/auth/session","status":200,"duration_ms":0}
{"request_id":"rcc-ba9d041cadbe7bde197df99104c5fafb","method":"PUT","path":"/api/v1/table-policies/:table_name/release-templates/:release_type","status":200,"duration_ms":7}
{"request_id":"rcc-5ee32aee763ea22676be2c5ecca078d0","method":"GET","path":"/api/v1/auth/session","status":200,"duration_ms":1}
{"request_id":"rcc-b402496b9f975131ca319306eb658533","method":"PUT","path":"/api/v1/table-policies/:table_name/release-templates/:release_type","status":200,"duration_ms":7}
