^D[?25l
 RUN  v4.1.11 /private/tmp/rcc-issue-104-emergency-release/web

 ❯ src/features/release-orders/ReleaseOrdersPage.test.tsx (84 tests | 1 failed | 83 skipped) 306ms
   × 应急单复制与重新准备准确说明新原因和手动发布且不暗示审批 304ms

⎯⎯⎯⎯⎯⎯⎯ Failed Tests 1 ⎯⎯⎯⎯⎯⎯⎯

 FAIL  src/features/release-orders/ReleaseOrdersPage.test.tsx > 应急单复制与重新准备准确说明新原因和手动发布且不暗示审批
TestingLibraryElementError: Found multiple elements with the role "button" and name "关闭"

Here are the matching elements:

Ignored nodes: comments, script, style
[36m<button[39m
  [33maria-label[39m=[32m"关闭"[39m
  [33mclass[39m=[32m"inline-flex items-center justify-center gap-2 rounded-md text-sm font-medium whitespace-nowrap transition-all outline-none focus-visible:border-ring focus-visible:ring-[3px] focus-visible:ring-ring/50 disabled:pointer-events-none disabled:opacity-50 aria-invalid:border-destructive aria-invalid:ring-destructive/20 dark:aria-invalid:ring-destructive/40 [&_svg]:pointer-events-none [&_svg]:shrink-0 [&_svg:not([class*='size-'])]:size-4 hover:bg-accent hover:text-accent-foreground dark:hover:bg-accent/50 has-[>svg]:px-3 button size-9 shrink-0 p-0 icon-button"[39m
  [33mdata-size[39m=[32m"default"[39m
  [33mdata-slot[39m=[32m"button"[39m
  [33mdata-variant[39m=[32m"ghost"[39m
[36m>[39m
  [36m<svg[39m
    [33maria-hidden[39m=[32m"true"[39m
    [33mclass[39m=[32m"lucide lucide-x"[39m
    [33mfill[39m=[32m"none"[39m
    [33mheight[39m=[32m"20"[39m
    [33mstroke[39m=[32m"currentColor"[39m
    [33mstroke-linecap[39m=[32m"round"[39m
    [33mstroke-linejoin[39m=[32m"round"[39m
    [33mstroke-width[39m=[32m"2"[39m
    [33mviewBox[39m=[32m"0 0 24 24"[39m
    [33mwidth[39m=[32m"20"[39m
    [33mxmlns[39m=[32m"http://www.w3.org/2000/svg"[39m
  [36m>[39m
    [36m<path[39m
      [33md[39m=[32m"M18 6 6 18"[39m
    [36m/>[39m
    [36m<path[39m
      [33md[39m=[32m"m6 6 12 12"[39m
    [36m/>[39m
  [36m</svg>[39m
[36m</button>[39m

Ignored nodes: comments, script, style
[36m<button[39m
  [33mclass[39m=[32m"inline-flex shrink-0 items-center justify-center gap-2 rounded-md text-sm font-medium whitespace-nowrap transition-all outline-none focus-visible:border-ring focus-visible:ring-[3px] focus-visible:ring-ring/50 disabled:pointer-events-none disabled:opacity-50 aria-invalid:border-destructive aria-invalid:ring-destructive/20 dark:aria-invalid:ring-destructive/40 [&_svg]:pointer-events-none [&_svg]:shrink-0 [&_svg:not([class*='size-'])]:size-4 border bg-background shadow-xs hover:bg-accent hover:text-accent-foreground dark:border-input dark:bg-input/30 dark:hover:bg-input/50 h-9 px-4 py-2 has-[>svg]:px-3 button"[39m
  [33mdata-size[39m=[32m"default"[39m
  [33mdata-slot[39m=[32m"button"[39m
  [33mdata-variant[39m=[32m"outline"[39m
[36m>[39m
  [0m关闭[0m
[36m</button>[39m

(If this is intentional, then use the `*AllBy*` variant of the query (like `queryAllByText`, `getAllByText`, or `findAllByText`)).

Ignored nodes: comments, script, style
[36m<div[39m
  [33maria-describedby[39m=[32m"radix-_r_4_"[39m
  [33maria-labelledby[39m=[32m"radix-_r_3_"[39m
  [33maria-modal[39m=[32m"true"[39m
  [33mclass[39m=[32m"fixed z-50 flex-col shadow-lg transition ease-in-out data-[state=closed]:animate-out data-[state=closed]:duration-300 data-[state=open]:animate-in data-[state=open]:duration-500 inset-y-0 right-0 data-[state=closed]:slide-out-to-right data-[state=open]:slide-in-from-right drawer grid h-dvh w-full min-w-0 max-w-full grid-cols-[minmax(0,1fr)] grid-rows-[auto_minmax(0,1fr)_auto] gap-0 border-0 bg-card p-0 sm:max-w-[640px]"[39m
  [33mdata-modal-surface[39m=[32m"true"[39m
  [33mdata-slot[39m=[32m"sheet-content"[39m
  [33mdata-state[39m=[32m"open"[39m
  [33mid[39m=[32m"radix-_r_2_"[39m
  [33mrole[39m=[32m"dialog"[39m
  [33mtabindex[39m=[32m"-1"[39m
[36m>[39m
  [36m<header[39m
    [33mclass[39m=[32m"drawer-header"[39m
  [36m>[39m
    [36m<div>[39m
      [36m<h2[39m
        [33mclass[39m=[32m"text-foreground text-xl font-semibold"[39m
        [33mdata-slot[39m=[32m"sheet-title"[39m
        [33mid[39m=[32m"radix-_r_3_"[39m
      [36m>[39m
        [0m复制新草稿[0m
      [36m</h2>[39m
      [36m<p[39m
        [33mclass[39m=[32m"text-sm text-muted-foreground sr-only"[39m
        [33mdata-slot[39m=[32m"sheet-description"[39m
        [33mid[39m=[32m"radix-_r_4_"[39m
      [36m>[39m
        [0m发布单[0m
      [36m</p>[39m
    [36m</div>[39m
    [36m<button[39m
      [33maria-label[39m=[32m"关闭"[39m
      [33mclass[39m=[32m"inline-flex items-center justify-center gap-2 rounded-md text-sm font-medium whitespace-nowrap transition-all outline-none focus-visible:border-ring focus-visible:ring-[3px] focus-visible:ring-ring/50 disabled:pointer-events-none disabled:opacity-50 aria-invalid:border-destructive aria-invalid:ring-destructive/20 dark:aria-invalid:ring-destructive/40 [&_svg]:pointer-events-none [&_svg]:shrink-0 [&_svg:not([class*='size-'])]:size-4 hover:bg-accent hover:text-accent-foreground dark:hover:bg-accent/50 has-[>svg]:px-3 button size-9 shrink-0 p-0 icon-button"[39m
      [33mdata-size[39m=[32m"default"[39m
      [33mdata-slot[39m=[32m"button"[39m
      [33mdata-variant[39m=[32m"ghost"[39m
    [36m>[39m
      [36m<svg[39m
        [33maria-hidden[39m=[32m"true"[39m
        [33mclass[39m=[32m"lucide lucide-x"[39m
        [33mfill[39m=[32m"none"[39m
        [33mheight[39m=[32m"20"[39m
        [33mstroke[39m=[32m"currentColor"[39m
        [33mstroke-linecap[39m=[32m"round"[39m
        [33mstroke-linejoin[39m=[32m"round"[39m
        [33mstroke-width[39m=[32m"2"[39m
        [33mviewBox[39m=[32m"0 0 24 24"[39m
        [33mwidth[39m=[32m"20"[39m
        [33mxmlns[39m=[32m"http://www.w3.org/2000/svg"[39m
      [36m>[39m
        [36m<path[39m
          [33md[39m=[32m"M18 6 6 18"[39m
        [36m/>[39m
        [36m<path[39m
          [33md[39m=[32m"m6 6 12 12"[39m
        [36m/>[39m
      [36m</svg>[39m
    [36m</button>[39m
  [36m</header>[39m
  [36m<div[39m
    [33mclass[39m=[32m"drawer-body"[39m
  [36m>[39m
    [36m<p>[39m
      [0m原单和历史永久保留。新草稿使用你核对的当前记录基线，需要重新填写应急原因并提交，仍由发布人员手动执行。[0m
    [36m</p>[39m
    [36m<button[39m
      [33mclass[39m=[32m"inline-flex shrink-0 items-center justify-center gap-2 rounded-md text-sm font-medium whitespace-nowrap transition-all outline-none focus-visible:border-ring focus-visible:ring-[3px] focus-visible:ring-ring/50 disabled:pointer-events-none disabled:opacity-50 aria-invalid:border-destructive aria-invalid:ring-destructive/20 dark:aria-invalid:ring-destructive/40 [&_svg]:pointer-events-none [&_svg]:shrink-0 [&_svg:not([class*='size-'])]:size-4 border bg-background shadow-xs hover:bg-accent hover:text-accent-foreground dark:border-input dark:bg-input/30 dark:hover:bg-input/50 h-9 px-4 py-2 has-[>svg]:px-3 button"[39m
      [33mdata-size[39m=[32m"default"[39m
      [33mdata-slot[39m=[32m"button"[39m
      [33mdata-variant[39m=[32m"outline"[39m
    [36m>[39m
      [0m读取最新配置[0m
    [36m</button>[39m
    [0m [0m
    [0m [0m
  [36m</div>[39m
  [36m<footer[39m
    [33mclass[39m=[32m"drawer-footer"[39m
  [36m>[39m
    [36m<button[39m
      [33mclass[39m=[32m"inline-flex shrink-0 items-center justify-center gap-2 rounded-md text-sm font-medium whitespace-nowrap transition-all outline-none focus-visible:border-ring focus-visible:ring-[3px] focus-visible:ring-ring/50 disabled:pointer-events-none disabled:opacity-50 aria-invalid:border-destructive aria-invalid:ring-destructive/20 dark:aria-invalid:ring-destructive/40 [&_svg]:pointer-events-none [&_svg]:shrink-0 [&_svg:not([class*='size-'])]:size-4 border bg-background shadow-xs hover:bg-accent hover:text-accent-foreground dark:border-input dark:bg-input/30 dark:hover:bg-input/50 h-9 px-4 py-2 has-[>svg]:px-3 button"[39m
      [33mdata-size[39m=[32m"default"[39m
      [33mdata-slot[39m=[32m"button"[39m
      [33mdata-variant[39m=[32m"outline"[39m
    [36m>[39m
      [0m关闭[0m
    [36m</button>[39m
    [36m<button[39m
      [33mclass[39m=[32m"inline-flex shrink-0 items-center justify-center gap-2 rounded-md text-sm font-medium whitespace-nowrap transition-all outline-none focus-visible:border-ring focus-visible:ring-[3px] focus-visible:ring-ring/50 disabled:pointer-events-none disabled:opacity-50 aria-invalid:border-destructive aria-invalid:ring-destructive/20 dark:aria-invalid:ring-destructive/40 [&_svg]:pointer-events-none [&_svg]:shrink-0 [&_svg:not([class*='size-'])]:size-4 bg-primary text-primary-foreground hover:bg-primary/90 h-9 px-4 py-2 has-[>svg]:px-3 button"[39m
      [33mdata-size[39m=[32m"default"[39m
      [33mdata-slot[39m=[32m"button"[39m
      [33mdata-variant[39m=[32m"default"[39m
      [33mdisabled[39m=[32m""[39m
    [36m>[39m
      [0m确认最新基线并复制[0m
    [36m</button>[39m
  [36m</footer>[39m
[36m</div>[39m
 ❯ Object.getElementError node_modules/.pnpm/@testing-library+dom@10.4.1/node_modules/@testing-library/dom/dist/config.js:37:19
 ❯ getElementError node_modules/.pnpm/@testing-library+dom@10.4.1/node_modules/@testing-library/dom/dist/query-helpers.js:20:35
 ❯ getMultipleElementsFoundError node_modules/.pnpm/@testing-library+dom@10.4.1/node_modules/@testing-library/dom/dist/query-helpers.js:23:10
 ❯ node_modules/.pnpm/@testing-library+dom@10.4.1/node_modules/@testing-library/dom/dist/query-helpers.js:55:13
 ❯ node_modules/.pnpm/@testing-library+dom@10.4.1/node_modules/@testing-library/dom/dist/query-helpers.js:95:19
 ❯ src/features/release-orders/ReleaseOrdersPage.test.tsx:253:38
    251|  expect(within(copyDialog).getByText(/发布人员手动执行/)).toBeVisible();
    252|  expect(within(copyDialog).queryByText(/重新提交审批/)).not.toBeInTheDocumen…
    253|  await user.click(within(copyDialog).getByRole("button",{name:"关闭"}));
       |                                      ^
    254|  await user.click(screen.getByRole("button",{name:"重新准备"}));
    255|  const reprepareDialog=await screen.findByRole("dialog",{name:"重新准备"});

⎯⎯⎯⎯⎯⎯⎯⎯⎯⎯⎯⎯⎯⎯⎯⎯⎯⎯⎯⎯⎯⎯⎯⎯[1/1]⎯


 Test Files  1 failed (1)
      Tests  1 failed | 83 skipped (84)
   Start at  14:57:39
   Duration  2.21s (transform 650ms, setup 254ms, import 985ms, tests 306ms, environment 559ms)

[?25h