2026-09-12T09:09:08.197Z pw:browser <launching> /home/runner/.cache/ms-playwright/webkit-2359/pw_run.sh --inspector-pipe --headless --user-data-dir=/home/runner/work/_temp/rcc-accounts-webkit-browser/release-workflow/recovery-webkit/iteration-9/account-browser-profile-qrzfm0 about:blank
2026-09-12T09:09:08.201Z pw:browser <launched> pid=10703
2026-09-12T09:09:09.141Z pw:browser [pid=10703][err] 
2026-09-12T09:09:09.141Z pw:browser [pid=10703][err] ** (MiniBrowser:10712): CRITICAL **: 09:09:09.140: WebKitWebView is-controlled-by-automation set but automation is not allowed in the context, falling back to default session.
2026-09-12T09:09:13.900Z pw:browser <launching> /home/runner/.cache/ms-playwright/webkit-2359/pw_run.sh --inspector-pipe --headless --no-startup-window
2026-09-12T09:09:13.903Z pw:browser <launched> pid=10819
2026-09-12T09:09:14.390Z pw:browser [pid=10819][err] 
2026-09-12T09:09:14.391Z pw:browser [pid=10819][err] ** (MiniBrowser:10828): CRITICAL **: 09:09:14.390: WebKitWebView is-controlled-by-automation set but automation is not allowed in the context, falling back to default session.
2026-09-12T09:09:15.370Z pw:browser [pid=10703] <gracefully close start>
2026-09-12T09:09:15.481Z pw:browser [pid=10703] <process did exit: exitCode=0, signal=null>
2026-09-12T09:09:15.481Z pw:browser [pid=10703] starting temporary directories cleanup
2026-09-12T09:09:15.483Z pw:browser [pid=10703] finished temporary directories cleanup
2026-09-12T09:09:15.483Z pw:browser [pid=10703] <gracefully close end>
2026-09-12T09:09:15.484Z pw:browser <launching> /home/runner/.cache/ms-playwright/webkit-2359/pw_run.sh --inspector-pipe --headless --user-data-dir=/home/runner/work/_temp/rcc-accounts-webkit-browser/release-workflow/recovery-webkit/iteration-9/account-browser-profile-qrzfm0 about:blank
2026-09-12T09:09:15.487Z pw:browser <launched> pid=10889
2026-09-12T09:09:16.357Z pw:browser [pid=10889][err] 
2026-09-12T09:09:16.358Z pw:browser [pid=10889][err] ** (MiniBrowser:10898): CRITICAL **: 09:09:16.357: WebKitWebView is-controlled-by-automation set but automation is not allowed in the context, falling back to default session.
{"run_suffix":"9203a1d91889","account_id":"5c6b6a56-185d-463a-93f9-dcf26c31b1b3","username":"browser.user.9203a1d91889","member_username":"roles.member.9203a1d91889","template_key":"browser_system_9203a1d91889","checks":["record version conflict preserves input","explicit latest read and baseline rebuild","registration defaults VIEWER","maintenance ADMIN bootstrap","UI combination grant","390px role catalog and drawer","role history with permanent actor","original member session refresh","refresh","reopen","dirty navigation protection","same-account Change Set recovery after session loss","hidden drawer keyboard isolation","draft submit independent approval and publisher execution","unknown execute result reload and original-key recovery","final row defaults and permanent actor fields","refresh notification remains NOT_CONNECTED","no direct record write request","HTTP Cookie","storage/URL secrecy","logout rejection"]}2026-09-12T09:09:42.137Z pw:browser [pid=10819] <gracefully close start>
2026-09-12T09:09:42.240Z pw:browser [pid=10819] <process did exit: exitCode=0, signal=null>
2026-09-12T09:09:42.240Z pw:browser [pid=10819] starting temporary directories cleanup
2026-09-12T09:09:42.240Z pw:browser [pid=10819] finished temporary directories cleanup
2026-09-12T09:09:42.240Z pw:browser [pid=10819] <gracefully close end>
2026-09-12T09:09:42.242Z pw:browser [pid=10889] <gracefully close start>
2026-09-12T09:09:42.339Z pw:browser [pid=10889] <process did exit: exitCode=0, signal=null>
2026-09-12T09:09:42.339Z pw:browser [pid=10889] starting temporary directories cleanup
2026-09-12T09:09:42.339Z pw:browser [pid=10889] finished temporary directories cleanup
2026-09-12T09:09:42.339Z pw:browser [pid=10889] <gracefully close end>
