=== RUN   TestSchemaReadinessContinuouslyChecksStateAndCompleteStructureReadOnly
2026/09/11 11:29:40 github.com/testcontainers/testcontainers-go - Connected to docker: 
  Server Version: 29.5.2
  API Version: 1.54
  Operating System: Ubuntu 24.04.4 LTS
  Total Memory: 3904 MB
  Testcontainers for Go Version: v0.44.0
  Resolved Docker Host: unix:///Users/asher/.colima/default/docker.sock
  Resolved Docker Socket Path: /Users/asher/.colima/default/docker.sock
  Test SessionID: 50f80a8d4ca9334101c0deb4c369cde39f8dfb70d6f48c5c99dc0b775c37fefb
  Test ProcessID: a372e669-7ed9-41af-9f40-306ac5eaf2c8
2026/09/11 11:29:40 🐳 Creating container for image mysql:8.4
2026/09/11 11:29:40 ✅ Container created: 3e3179fd6307
2026/09/11 11:29:40 🐳 Starting container: 3e3179fd6307
2026/09/11 11:29:40 ✅ Container started: 3e3179fd6307
2026/09/11 11:29:40 ⏳ Waiting for container id 3e3179fd6307 image: mysql:8.4. Waiting for: all of: [log message "port: 3306  MySQL Community Server"]
2026/09/11 11:29:46 🔔 Container is ready: 3e3179fd6307
=== RUN   TestSchemaReadinessContinuouslyChecksStateAndCompleteStructureReadOnly/missing_approval_notifications
    schema_readiness_integration_test.go:107: Admin served an incompatible migration state
2026/09/11 11:29:55 🐳 Stopping container: 3e3179fd6307
2026/09/11 11:29:56 ✅ Container stopped: 3e3179fd6307
2026/09/11 11:29:56 🐳 Terminating container: 3e3179fd6307
2026/09/11 11:29:56 🚫 Container terminated: 3e3179fd6307
--- FAIL: TestSchemaReadinessContinuouslyChecksStateAndCompleteStructureReadOnly (16.79s)
    --- FAIL: TestSchemaReadinessContinuouslyChecksStateAndCompleteStructureReadOnly/missing_approval_notifications (5.03s)
FAIL
FAIL	github.com/asherzj/relational-config-center/admin/cmd/admin	20.275s
FAIL
