{"request_id":"rcc-c5dfc009b1404ae95403d41f65cb891e","method":"GET","path":"/api/v1/auth/csrf","status":200,"duration_ms":7}
{"request_id":"rcc-d17a0303f8744bf441b72ab54ec744e2","method":"POST","path":"/api/v1/auth/register","status":201,"duration_ms":44}
{"request_id":"rcc-448b3f61a9c140b932606e21224e413d","method":"GET","path":"/api/v1/auth/session","status":200,"duration_ms":1}
{"request_id":"rcc-2d8659d70e25107ec5a1c9f381654bf9","method":"GET","path":"/api/v1/account-roles","status":200,"duration_ms":1}
{"request_id":"rcc-c064fc45364ffb8afbbd9bf1d5cb1e53","method":"GET","path":"/api/v1/auth/session","status":200,"duration_ms":0}
{"request_id":"rcc-a74a31c923a8ff6673327639bb387d64","method":"GET","path":"/api/v1/table-policies","status":200,"duration_ms":1}
{"request_id":"rcc-dd495fe51b644321549116d55d2badd1","method":"GET","path":"/api/v1/auth/session","status":200,"duration_ms":1}
{"request_id":"rcc-8d7129ffa71e90256cae5e55271c605d","method":"GET","path":"/api/v1/table-policies","status":200,"duration_ms":1}
{"request_id":"rcc-a21df0cfc185e13f47bd6b2d77a8452a","method":"GET","path":"/api/v1/auth/session","status":200,"duration_ms":1}
{"request_id":"rcc-3d62c69571dc8731c631b9995633f3f9","method":"GET","path":"/api/v1/release-templates","status":200,"duration_ms":1}
{"request_id":"rcc-3c6709333de370a9c5795cbafcaac763","method":"GET","path":"/api/v1/auth/session","status":200,"duration_ms":1}
{"request_id":"rcc-131ad9e12715b267be944ba0dfb68f40","method":"GET","path":"/api/v1/table-policies","status":200,"duration_ms":1}
{"request_id":"rcc-04d8c6009c239d62feebc68b3029d15e","method":"GET","path":"/api/v1/auth/session","status":200,"duration_ms":1}
{"request_id":"rcc-0c237eceb713df3e10d55a76d574a6eb","method":"GET","path":"/api/v1/table-policies/:table_name/release-templates","status":200,"duration_ms":3}
{"request_id":"rcc-75cfdedeadfabbd996b5c4688cf435a0","method":"GET","path":"/api/v1/auth/session","status":200,"duration_ms":1}
{"request_id":"rcc-2582a98096c9e8a9943c730d5b6d8cd2","method":"PUT","path":"/api/v1/table-policies/:table_name/release-templates/:release_type","status":200,"duration_ms":11}
{"request_id":"rcc-b5b9334b8b08bf397649426202296d55","method":"GET","path":"/api/v1/auth/session","status":200,"duration_ms":1}
{"request_id":"rcc-fbbf52fea25bef54ff2b0a052ab47f57","method":"PUT","path":"/api/v1/table-policies/:table_name/release-templates/:release_type","status":200,"duration_ms":8}
{"request_id":"rcc-898b3482ab7bdeac075b6edd944c30e8","method":"GET","path":"/api/v1/auth/session","status":200,"duration_ms":0}
{"request_id":"rcc-b0024805f787a1fc4406bca9259302da","method":"GET","path":"/api/v1/table-policies/:table_name/release-templates","status":200,"duration_ms":3}
{"request_id":"rcc-7b9aecdbf469b50cd25ef2d860f13b4b","method":"GET","path":"/api/v1/auth/session","status":200,"duration_ms":0}
{"request_id":"rcc-44240d797478facbbdec27008ce10187","method":"PUT","path":"/api/v1/table-policies/:table_name/release-templates/:release_type","status":200,"duration_ms":7}
{"request_id":"rcc-89b4a4604fe2f57ac773522fb7aa907f","method":"GET","path":"/api/v1/auth/session","status":200,"duration_ms":0}
{"request_id":"rcc-f3b31aaf6625f41d343d12af1a1d5023","method":"PUT","path":"/api/v1/table-policies/:table_name/release-templates/:release_type","status":200,"duration_ms":7}
{"request_id":"rcc-6d9781901217eae5a88fed5330c5f65e","method":"GET","path":"/api/v1/auth/session","status":200,"duration_ms":2}
{"request_id":"rcc-0a4a179584b8dc1872e9c67b2568d2c9","method":"GET","path":"/api/v1/table-policies/:table_name/release-templates","status":200,"duration_ms":4}
{"request_id":"rcc-eb4134d1a0561f80df919f67aa841e75","method":"GET","path":"/api/v1/auth/session","status":200,"duration_ms":1}
{"request_id":"rcc-ed163013866aa4ff343ba9dc1db149fd","method":"PUT","path":"/api/v1/table-policies/:table_name/release-templates/:release_type","status":200,"duration_ms":10}
{"request_id":"rcc-52d67bba4db19b4eac5617af1cffcc90","method":"GET","path":"/api/v1/auth/session","status":200,"duration_ms":0}
{"request_id":"rcc-63aced323ec5aceda8187118ea6b3e1e","method":"PUT","path":"/api/v1/table-policies/:table_name/release-templates/:release_type","status":200,"duration_ms":7}
{"request_id":"rcc-814ce54082b788e45c954a4899b176c7","method":"GET","path":"/api/v1/auth/session","status":200,"duration_ms":0}
{"request_id":"rcc-7f47ceccb4eb928706c87810a3b06a2c","method":"GET","path":"/api/v1/table-policies/:table_name/release-templates","status":200,"duration_ms":2}
{"request_id":"rcc-3e9a65267368df8cc467f5b0d7846791","method":"GET","path":"/api/v1/auth/session","status":200,"duration_ms":0}
{"request_id":"rcc-f7be89056d1cfd9c4ef698926d3f4858","method":"PUT","path":"/api/v1/table-policies/:table_name/release-templates/:release_type","status":200,"duration_ms":7}
{"request_id":"rcc-d5834d06075224718f5a4bffdeff3f4b","method":"GET","path":"/api/v1/auth/session","status":200,"duration_ms":0}
{"request_id":"rcc-7dbd5ba64cd0642cccc6ec30458afab6","method":"PUT","path":"/api/v1/table-policies/:table_name/release-templates/:release_type","status":200,"duration_ms":8}
{"request_id":"rcc-c6386a146a5817f5afe36b359d0759f2","method":"GET","path":"/api/v1/auth/session","status":200,"duration_ms":0}
{"request_id":"rcc-f1f7d4b759dbeb95bc1c04c491c1bd60","method":"GET","path":"/api/v1/table-policies/:table_name/release-templates","status":200,"duration_ms":2}
{"request_id":"rcc-f4a5dbf11b68237a895493e9dcb1b4b6","method":"GET","path":"/api/v1/auth/session","status":200,"duration_ms":0}
{"request_id":"rcc-f479889b86d317b505315fe2e036e249","method":"PUT","path":"/api/v1/table-policies/:table_name/release-templates/:release_type","status":200,"duration_ms":9}
{"request_id":"rcc-f29edef66c22c3b07b334e19b6766e7b","method":"GET","path":"/api/v1/auth/session","status":200,"duration_ms":0}
{"request_id":"rcc-1bb349cb93630b1086916da8276d97e1","method":"PUT","path":"/api/v1/table-policies/:table_name/release-templates/:release_type","status":200,"duration_ms":7}
