
 RUN  v4.1.11 /private/tmp/rcc-issue-104-emergency-release/web

 ❯ src/features/release-orders/ReleaseOrdersPage.test.tsx (88 tests | 4 failed | 82 skipped) 2969ms
   × 被拒提交核对后按最新发布方式重建（STANDARD → EMERGENCY） 1313ms
   × 应急冲突重建只允许本次完整成功审阅（preview-failure） 255ms
   × 应急冲突重建只允许本次完整成功审阅（second-get-failure） 343ms
   × 应急冲突重建只允许本次完整成功审阅（submit-not-allowed） 227ms

⎯⎯⎯⎯⎯⎯⎯ Failed Tests 4 ⎯⎯⎯⎯⎯⎯⎯

 FAIL  src/features/release-orders/ReleaseOrdersPage.test.tsx > 被拒提交核对后按最新发布方式重建（STANDARD → EMERGENCY）
TestingLibraryElementError: Unable to find an element with the text: 应急发布已提交. This could be because the text is broken up by multiple elements. In this case, you can provide a function for your text matcher to make your matcher more flexible.

Ignored nodes: comments, script, style
[36m<body[39m
  [33mclass[39m=[32m""[39m
[36m>[39m
  [36m<div />[39m
  [36m<div>[39m
    [36m<div[39m
      [33maria-hidden[39m=[32m"false"[39m
      [33mclass[39m=[32m"protected-workspace"[39m
      [33mdata-session-status[39m=[32m"ready"[39m
    [36m>[39m
      [36m<div[39m
        [33mclass[39m=[32m"app-shell"[39m
      [36m>[39m
        [36m<header[39m
          [33mclass[39m=[32m"app-header"[39m
        [36m>[39m
          [36m<div[39m
            [33mclass[39m=[32m"brand"[39m
          [36m>[39m
            [36m<button[39m
              [33maria-controls[39m=[32m"primary-navigation"[39m
              [33maria-expanded[39m=[32m"false"[39m
              [33maria-label[39m=[32m"打开导航"[39m
              [33mclass[39m=[32m"inline-flex items-center justify-center gap-2 rounded-md text-sm font-medium whitespace-nowrap transition-all outline-none focus-visible:border-ring focus-visible:ring-[3px] focus-visible:ring-ring/50 disabled:pointer-events-none disabled:opacity-50 aria-invalid:border-destructive aria-invalid:ring-destructive/20 dark:aria-invalid:ring-destructive/40 [&_svg]:pointer-events-none [&_svg]:shrink-0 [&_svg:not([class*='size-'])]:size-4 hover:bg-accent hover:text-accent-foreground dark:hover:bg-accent/50 has-[>svg]:px-3 button size-9 shrink-0 p-0 icon-button mobile-menu"[39m
              [33mdata-size[39m=[32m"default"[39m
              [33mdata-slot[39m=[32m"button"[39m
              [33mdata-variant[39m=[32m"ghost"[39m
            [36m>[39m
              [36m<svg[39m
                [33maria-hidden[39m=[32m"true"[39m
                [33mclass[39m=[32m"lucide lucide-menu"[39m
                [33mfill[39m=[32m"none"[39m
                [33mheight[39m=[32m"20"[39m
                [33mstroke[39m=[32m"currentColor"[39m
                [33mstroke-linecap[39m=[32m"round"[39m
                [33mstroke-linejoin[39m=[32m"round"[39m
                [33mstroke-width[39m=[32m"2"[39m
                [33mviewBox[39m=[32m"0 0 24 24"[39m
                [33mwidth[39m=[32m"20"[39m
                [33mxmlns[39m=[32m"http://www.w3.org/2000/svg"[39m
              [36m>[39m
                [36m<path[39m
                  [33md[39m=[32m"M4 5h16"[39m
                [36m/>[39m
                [36m<path[39m
                  [33md[39m=[32m"M4 12h16"[39m
                [36m/>[39m
                [36m<path[39m
                  [33md[39m=[32m"M4 19h16"[39m
                [36m/>[39m
              [36m</svg>[39m
            [36m</button>[39m
            [36m<span[39m
              [33mclass[39m=[32m"brand-mark"[39m
            [36m>[39m
              [36m<svg[39m
                [33maria-hidden[39m=[32m"true"[39m
                [33mclass[39m=[32m"lucide lucide-database"[39m
                [33mfill[39m=[32m"none"[39m
                [33mheight[39m=[32m"20"[39m
                [33mstroke[39m=[32m"currentColor"[39m
                [33mstroke-linecap[39m=[32m"round"[39m
                [33mstroke-linejoin[39m=[32m"round"[39m
                [33mstroke-width[39m=[32m"1.8"[39m
                [33mviewBox[39m=[32m"0 0 24 24"[39m
                [33mwidth[39m=[32m"20"[39m
                [33mxmlns[39m=[32m"http://www.w3.org/2000/svg"[39m
              [36m>[39m
                [36m<ellipse[39m
                  [33mcx[39m=[32m"12"[39m
                  [33mcy[39m=[32m"5"[39m
                  [33mrx[39m=[32m"9"[39m
                  [33mry[39m=[32m"3"[39m
                [36m/>[39m
                [36m<path[39m
                  [33md[39m=[32m"M3 5V19A9 3 0 0 0 21 19V5"[39m
                [36m/>[39m
                [36m<path[39m
                  [33md[39m=[32m"M3 12A9 3 0 0 0 21 12"[39m
                [36m/>[39m
              [36m</svg>[39m
            [36m</span>[39m
            [36m<strong>[39m
              [0m关系型配置中心[0m
            [36m</strong>[39m
          [36m</div>[39m
          [36m<div[39m
            [33mclass[39m=[32m"header-breadcrumb"[39m
          [36m>[39m
            [36m<span>[39m
              [0m工作空间[0m
            [36m</span>[39m
            [36m<svg[39m
              [33maria-hidden[39m=[32m"true"[39m
              [33mclass[39m=[32m"lucide lucide-chevron-right"[39m
              [33mfill[39m=[32m"none"[39m
              [33mheight[39m=[32m"14"[39m
              [33mstroke[39m=[32m"currentColor"[39m
              [33mstroke-linecap[39m=[32m"round"[39m
              [33mstroke-linejoin[39m=[32m"round"[39m
              [33mstroke-width[39m=[32m"2"[39m
              [33mviewBox[39m=[32m"0 0 24 24"[39m
              [33mwidth[39m=[32m"14"[39m
              [33mxmlns[39m=[32m"http://www.w3.org/2000/svg"[39m
            [36m>[39m
              [36m<path[39m
                [33md[39m=[32m"m9 18 6-6-6-6"[39m
              [36m/>[39m
            [36m</svg>[39m
            [36m<strong>[39m
              [0m配置管理[0m
            [36m</strong>[39m
          [36m</div>[39m
          [36m<span[39m
            [33mclass[39m=[32m"inline-flex w-fit shrink-0 items-center justify-center gap-1 overflow-hidden rounded-full border px-2 py-0.5 text-xs font-medium whitespace-nowrap transition-[color,box-shadow] focus-visible:border-ring focus-visible:ring-[3px] focus-visible:ring-ring/50 aria-invalid:border-destructive aria-invalid:ring-destructive/20 dark:aria-invalid:ring-destructive/40 [&>svg]:pointer-events-none [&>svg]:size-3 border-border text-foreground [a&]:hover:bg-accent [a&]:hover:text-accent-foreground header-status"[39m
            [33mdata-slot[39m=[32m"badge"[39m
            [33mdata-variant[39m=[32m"outline"[39m
          [36m>[39m
            [36m<svg[39m
              [33maria-hidden[39m=[32m"true"[39m
              [33mclass[39m=[32m"lucide lucide-database"[39m
              [33mfill[39m=[32m"none"[39m
              [33mheight[39m=[32m"14"[39m
              [33mstroke[39m=[32m"currentColor"[39m
              [33mstroke-linecap[39m=[32m"round"[39m
              [33mstroke-linejoin[39m=[32m"round"[39m
              [33mstroke-width[39m=[32m"2"[39m
              [33mviewBox[39m=[32m"0 0 24 24"[39m
              [33mwidth[39m=[32m"14"[39m
              [33mxmlns[39m=[32m"http://www.w3.org/2000/svg"[39m
            [36m>[39m
              [36m<ellipse[39m
                [33mcx[39m=[32m"12"[39m
                [33mcy[39m=[32m"5"[39m
                [33mrx[39m=[32m"9"[39m
                [33mry[39m=[32m"3"[39m
              [36m/>[39m
              [36m<path[39m
                [33md[39m=[32m"M3 5V19A9 3 0 0 0 21 19V5"[39m
              [36m/>[39m
              [36m<path[39m
                [33md[39m=[32m"M3 12A9 3 0 0 0 21 12"[39m
    ...

Ignored nodes: comments, script, style
[36m<body[39m
  [33mclass[39m=[32m""[39m
[36m>[39m
  [36m<div />[39m
  [36m<div>[39m
    [36m<div[39m
      [33maria-hidden[39m=[32m"false"[39m
      [33mclass[39m=[32m"protected-workspace"[39m
      [33mdata-session-status[39m=[32m"ready"[39m
    [36m>[39m
      [36m<div[39m
        [33mclass[39m=[32m"app-shell"[39m
      [36m>[39m
        [36m<header[39m
          [33mclass[39m=[32m"app-header"[39m
        [36m>[39m
          [36m<div[39m
            [33mclass[39m=[32m"brand"[39m
          [36m>[39m
            [36m<button[39m
              [33maria-controls[39m=[32m"primary-navigation"[39m
              [33maria-expanded[39m=[32m"false"[39m
              [33maria-label[39m=[32m"打开导航"[39m
              [33mclass[39m=[32m"inline-flex items-center justify-center gap-2 rounded-md text-sm font-medium whitespace-nowrap transition-all outline-none focus-visible:border-ring focus-visible:ring-[3px] focus-visible:ring-ring/50 disabled:pointer-events-none disabled:opacity-50 aria-invalid:border-destructive aria-invalid:ring-destructive/20 dark:aria-invalid:ring-destructive/40 [&_svg]:pointer-events-none [&_svg]:shrink-0 [&_svg:not([class*='size-'])]:size-4 hover:bg-accent hover:text-accent-foreground dark:hover:bg-accent/50 has-[>svg]:px-3 button size-9 shrink-0 p-0 icon-button mobile-menu"[39m
              [33mdata-size[39m=[32m"default"[39m
              [33mdata-slot[39m=[32m"button"[39m
              [33mdata-variant[39m=[32m"ghost"[39m
            [36m>[39m
              [36m<svg[39m
                [33maria-hidden[39m=[32m"true"[39m
                [33mclass[39m=[32m"lucide lucide-menu"[39m
                [33mfill[39m=[32m"none"[39m
                [33mheight[39m=[32m"20"[39m
                [33mstroke[39m=[32m"currentColor"[39m
                [33mstroke-linecap[39m=[32m"round"[39m
                [33mstroke-linejoin[39m=[32m"round"[39m
                [33mstroke-width[39m=[32m"2"[39m
                [33mviewBox[39m=[32m"0 0 24 24"[39m
                [33mwidth[39m=[32m"20"[39m
                [33mxmlns[39m=[32m"http://www.w3.org/2000/svg"[39m
              [36m>[39m
                [36m<path[39m
                  [33md[39m=[32m"M4 5h16"[39m
                [36m/>[39m
                [36m<path[39m
                  [33md[39m=[32m"M4 12h16"[39m
                [36m/>[39m
                [36m<path[39m
                  [33md[39m=[32m"M4 19h16"[39m
                [36m/>[39m
              [36m</svg>[39m
            [36m</button>[39m
            [36m<span[39m
              [33mclass[39m=[32m"brand-mark"[39m
            [36m>[39m
              [36m<svg[39m
                [33maria-hidden[39m=[32m"true"[39m
                [33mclass[39m=[32m"lucide lucide-database"[39m
                [33mfill[39m=[32m"none"[39m
                [33mheight[39m=[32m"20"[39m
                [33mstroke[39m=[32m"currentColor"[39m
                [33mstroke-linecap[39m=[32m"round"[39m
                [33mstroke-linejoin[39m=[32m"round"[39m
                [33mstroke-width[39m=[32m"1.8"[39m
                [33mviewBox[39m=[32m"0 0 24 24"[39m
                [33mwidth[39m=[32m"20"[39m
                [33mxmlns[39m=[32m"http://www.w3.org/2000/svg"[39m
              [36m>[39m
                [36m<ellipse[39m
                  [33mcx[39m=[32m"12"[39m
                  [33mcy[39m=[32m"5"[39m
                  [33mrx[39m=[32m"9"[39m
                  [33mry[39m=[32m"3"[39m
                [36m/>[39m
                [36m<path[39m
                  [33md[39m=[32m"M3 5V19A9 3 0 0 0 21 19V5"[39m
                [36m/>[39m
                [36m<path[39m
                  [33md[39m=[32m"M3 12A9 3 0 0 0 21 12"[39m
                [36m/>[39m
              [36m</svg>[39m
            [36m</span>[39m
            [36m<strong>[39m
              [0m关系型配置中心[0m
            [36m</strong>[39m
          [36m</div>[39m
          [36m<div[39m
            [33mclass[39m=[32m"header-breadcrumb"[39m
          [36m>[39m
            [36m<span>[39m
              [0m工作空间[0m
            [36m</span>[39m
            [36m<svg[39m
              [33maria-hidden[39m=[32m"true"[39m
              [33mclass[39m=[32m"lucide lucide-chevron-right"[39m
              [33mfill[39m=[32m"none"[39m
              [33mheight[39m=[32m"14"[39m
              [33mstroke[39m=[32m"currentColor"[39m
              [33mstroke-linecap[39m=[32m"round"[39m
              [33mstroke-linejoin[39m=[32m"round"[39m
              [33mstroke-width[39m=[32m"2"[39m
              [33mviewBox[39m=[32m"0 0 24 24"[39m
              [33mwidth[39m=[32m"14"[39m
              [33mxmlns[39m=[32m"http://www.w3.org/2000/svg"[39m
            [36m>[39m
              [36m<path[39m
                [33md[39m=[32m"m9 18 6-6-6-6"[39m
              [36m/>[39m
            [36m</svg>[39m
            [36m<strong>[39m
              [0m配置管理[0m
            [36m</strong>[39m
          [36m</div>[39m
          [36m<span[39m
            [33mclass[39m=[32m"inline-flex w-fit shrink-0 items-center justify-center gap-1 overflow-hidden rounded-full border px-2 py-0.5 text-xs font-medium whitespace-nowrap transition-[color,box-shadow] focus-visible:border-ring focus-visible:ring-[3px] focus-visible:ring-ring/50 aria-invalid:border-destructive aria-invalid:ring-destructive/20 dark:aria-invalid:ring-destructive/40 [&>svg]:pointer-events-none [&>svg]:size-3 border-border text-foreground [a&]:hover:bg-accent [a&]:hover:text-accent-foreground header-status"[39m
            [33mdata-slot[39m=[32m"badge"[39m
            [33mdata-variant[39m=[32m"outline"[39m
          [36m>[39m
            [36m<svg[39m
              [33maria-hidden[39m=[32m"true"[39m
              [33mclass[39m=[32m"lucide lucide-database"[39m
              [33mfill[39m=[32m"none"[39m
              [33mheight[39m=[32m"14"[39m
              [33mstroke[39m=[32m"currentColor"[39m
              [33mstroke-linecap[39m=[32m"round"[39m
              [33mstroke-linejoin[39m=[32m"round"[39m
              [33mstroke-width[39m=[32m"2"[39m
              [33mviewBox[39m=[32m"0 0 24 24"[39m
              [33mwidth[39m=[32m"14"[39m
              [33mxmlns[39m=[32m"http://www.w3.org/2000/svg"[39m
            [36m>[39m
              [36m<ellipse[39m
                [33mcx[39m=[32m"12"[39m
                [33mcy[39m=[32m"5"[39m
                [33mrx[39m=[32m"9"[39m
                [33mry[39m=[32m"3"[39m
              [36m/>[39m
              [36m<path[39m
                [33md[39m=[32m"M3 5V19A9 3 0 0 0 21 19V5"[39m
              [36m/>[39m
              [36m<path[39m
                [33md[39m=[32m"M3 12A9 3 0 0 0 21 12"[39m
    ...
 ❯ waitForWrapper node_modules/.pnpm/@testing-library+dom@10.4.1/node_modules/@testing-library/dom/dist/wait-for.js:163:27
 ❯ node_modules/.pnpm/@testing-library+dom@10.4.1/node_modules/@testing-library/dom/dist/query-helpers.js:86:33
 ❯ src/features/release-orders/ReleaseOrdersPage.test.tsx:158:50
    156|  expect(JSON.parse(String(writes[1]!.body))).toEqual(expectedBody);
    157|  expect(new Headers(writes[1]!.headers).get("Idempotency-Key")).not.to…
    158|  if(latestType==="EMERGENCY")expect(await screen.findByText("应急发布已提交")…
       |                                                  ^
    159| });
    160| it.each(["preview-failure","second-get-failure","submit-not-allowed","…

⎯⎯⎯⎯⎯⎯⎯⎯⎯⎯⎯⎯⎯⎯⎯⎯⎯⎯⎯⎯⎯⎯⎯⎯[1/4]⎯

 FAIL  src/features/release-orders/ReleaseOrdersPage.test.tsx > 应急冲突重建只允许本次完整成功审阅（preview-failure）
Error: expect(element).toBeDisabled()

Received element is not disabled:
  <textarea
  aria-invalid="true"
  aria-label="重建应急原因"
  class="flex field-sizing-content min-h-16 w-full rounded-md border border-input bg-transparent px-3 py-2 text-base shadow-xs transition-[color,box-shadow] outline-none placeholder:text-muted-foreground focus-visible:border-ring focus-visible:ring-[3px] focus-visible:ring-ring/50 disabled:cursor-not-allowed disabled:opacity-50 aria-invalid:border-destructive aria-invalid:ring-destructive/20 md:text-sm dark:bg-input/30 dark:aria-invalid:ring-destructive/40"
  data-slot="textarea"
  id="rebuild-emergency-reason-4afdf149-a141-4bee-80bd-79dc6a8417a1"
  required=""
/>
 ❯ src/features/release-orders/ReleaseOrdersPage.test.tsx:187:16
    185|  }else if(failure==="preview-failure")await screen.findByText("review-…
    186|  const confirm=screen.getByRole("button",{name:"确认按最新状态提交应急发布"});
    187|  expect(input).toBeDisabled();expect(input).toHaveValue(failure==="sec…
       |                ^
    188|  await user.type(input,"不能绕过检查");expect(confirm).toBeDisabled();await …
    189|  expect(screen.queryByText("应急发布已提交")).not.toBeInTheDocument();

⎯⎯⎯⎯⎯⎯⎯⎯⎯⎯⎯⎯⎯⎯⎯⎯⎯⎯⎯⎯⎯⎯⎯⎯[2/4]⎯

 FAIL  src/features/release-orders/ReleaseOrdersPage.test.tsx > 应急冲突重建只允许本次完整成功审阅（second-get-failure）
Error: expect(element).toBeDisabled()

Received element is not disabled:
  <textarea
  aria-invalid="true"
  aria-label="重建应急原因"
  class="flex field-sizing-content min-h-16 w-full rounded-md border border-input bg-transparent px-3 py-2 text-base shadow-xs transition-[color,box-shadow] outline-none placeholder:text-muted-foreground focus-visible:border-ring focus-visible:ring-[3px] focus-visible:ring-ring/50 disabled:cursor-not-allowed disabled:opacity-50 aria-invalid:border-destructive aria-invalid:ring-destructive/20 md:text-sm dark:bg-input/30 dark:aria-invalid:ring-destructive/40"
  data-slot="textarea"
  id="rebuild-emergency-reason-6249900c-1743-4cd1-9df5-990ac650767d"
  required=""
/>
 ❯ src/features/release-orders/ReleaseOrdersPage.test.tsx:187:16
    185|  }else if(failure==="preview-failure")await screen.findByText("review-…
    186|  const confirm=screen.getByRole("button",{name:"确认按最新状态提交应急发布"});
    187|  expect(input).toBeDisabled();expect(input).toHaveValue(failure==="sec…
       |                ^
    188|  await user.type(input,"不能绕过检查");expect(confirm).toBeDisabled();await …
    189|  expect(screen.queryByText("应急发布已提交")).not.toBeInTheDocument();

⎯⎯⎯⎯⎯⎯⎯⎯⎯⎯⎯⎯⎯⎯⎯⎯⎯⎯⎯⎯⎯⎯⎯⎯[3/4]⎯

 FAIL  src/features/release-orders/ReleaseOrdersPage.test.tsx > 应急冲突重建只允许本次完整成功审阅（submit-not-allowed）
Error: expect(element).toBeDisabled()

Received element is not disabled:
  <textarea
  aria-invalid="true"
  aria-label="重建应急原因"
  class="flex field-sizing-content min-h-16 w-full rounded-md border border-input bg-transparent px-3 py-2 text-base shadow-xs transition-[color,box-shadow] outline-none placeholder:text-muted-foreground focus-visible:border-ring focus-visible:ring-[3px] focus-visible:ring-ring/50 disabled:cursor-not-allowed disabled:opacity-50 aria-invalid:border-destructive aria-invalid:ring-destructive/20 md:text-sm dark:bg-input/30 dark:aria-invalid:ring-destructive/40"
  data-slot="textarea"
  id="rebuild-emergency-reason-313325c1-5103-44cb-a68f-02955ac03c9a"
  required=""
/>
 ❯ src/features/release-orders/ReleaseOrdersPage.test.tsx:187:16
    185|  }else if(failure==="preview-failure")await screen.findByText("review-…
    186|  const confirm=screen.getByRole("button",{name:"确认按最新状态提交应急发布"});
    187|  expect(input).toBeDisabled();expect(input).toHaveValue(failure==="sec…
       |                ^
    188|  await user.type(input,"不能绕过检查");expect(confirm).toBeDisabled();await …
    189|  expect(screen.queryByText("应急发布已提交")).not.toBeInTheDocument();

⎯⎯⎯⎯⎯⎯⎯⎯⎯⎯⎯⎯⎯⎯⎯⎯⎯⎯⎯⎯⎯⎯⎯⎯[4/4]⎯


 Test Files  1 failed (1)
      Tests  4 failed | 2 passed | 82 skipped (88)
   Start at  15:11:04
   Duration  4.60s (transform 531ms, setup 217ms, import 810ms, tests 2.97s, environment 498ms)

