=== RUN   TestRollbackFlowAC019PersistsCurrentEmergencyInstancesBeforeDisplay
2026/09/11 16:21:46 github.com/testcontainers/testcontainers-go - Connected to docker: 
  Server Version: 29.5.2
  API Version: 1.54
  Operating System: Ubuntu 24.04.4 LTS
  Total Memory: 3904 MB
  Testcontainers for Go Version: v0.44.0
  Resolved Docker Host: unix:///Users/asher/.colima/default/docker.sock
  Resolved Docker Socket Path: /Users/asher/.colima/default/docker.sock
  Test SessionID: 598403a2bffdf02a7f22b69b4417415d64b380dd5bce65ac40de79ab0a428509
  Test ProcessID: 18f501da-7c67-4725-9cab-8b7e6788537b
2026/09/11 16:21:46 🐳 Creating container for image mysql:8.4
2026/09/11 16:21:46 ✅ Container created: 1c5f16ffa7ea
2026/09/11 16:21:46 🐳 Starting container: 1c5f16ffa7ea
2026/09/11 16:21:46 ✅ Container started: 1c5f16ffa7ea
2026/09/11 16:21:46 ⏳ Waiting for container id 1c5f16ffa7ea image: mysql:8.4. Waiting for: all of: [log message "port: 3306  MySQL Community Server"]
2026/09/11 16:21:53 🔔 Container is ready: 1c5f16ffa7ea
{"request_id":"rcc-9295790ddab34e9c1aa3eca21d1d2203","method":"GET","path":"/api/v1/auth/csrf","status":200,"duration_ms":8}
{"request_id":"rcc-e8410431d340391ec5d4309c84aece72","method":"POST","path":"/api/v1/auth/register","status":201,"duration_ms":45}
{"request_id":"rcc-5cbd7944d7cb01ccf0c14e863ec5fecb","method":"GET","path":"/api/v1/auth/csrf","status":200,"duration_ms":6}
{"request_id":"rcc-7f86bcef6921ae50ecfbcca036ae3fca","method":"POST","path":"/api/v1/auth/login","status":200,"duration_ms":55}
{"request_id":"rcc-41e8eed6ca490aa579256ec31123e5e3","method":"POST","path":"/api/v1/query-policies","status":201,"duration_ms":4}
{"request_id":"rcc-defc8574ac8e4ca4d1e6161f298f25a8","method":"POST","path":"/api/v1/query-policies/:code/activate","status":200,"duration_ms":4}
{"request_id":"rcc-9d87a3d37b44b0b4c1c007a5e57900bb","method":"POST","path":"/api/v1/mutation-policies","status":201,"duration_ms":3}
{"request_id":"rcc-3cff162ae056b26c106eae609210f2bf","method":"POST","path":"/api/v1/mutation-policies/:code/activate","status":200,"duration_ms":5}
{"request_id":"rcc-d9a622ddbdbf64467f3d26a4e9c0f47b","method":"POST","path":"/api/v1/table-policies","status":201,"duration_ms":17}
{"request_id":"rcc-03672d1b6898488e6d118672d84a97e3","method":"POST","path":"/api/v1/table-policies/:table_name/enable","status":200,"duration_ms":15}
{"request_id":"rcc-90a93fc7157c45242f55a07e3d32fc07","method":"POST","path":"/api/v1/table-policies","status":201,"duration_ms":14}
{"request_id":"rcc-8da6e3080d97873859ddbf10b51b2373","method":"POST","path":"/api/v1/table-policies/:table_name/enable","status":200,"duration_ms":14}
{"request_id":"rcc-742594e88fbd62f4cc47c85f1e001d2c","method":"POST","path":"/api/v1/release-templates","status":201,"duration_ms":5}
{"request_id":"rcc-b6df60a53b2262057b0a6a3414cce910","method":"GET","path":"/api/v1/table-policies/:table_name/release-templates","status":200,"duration_ms":2}
{"request_id":"rcc-92e9fc419f2775db0477314f7918108f","method":"PUT","path":"/api/v1/table-policies/:table_name/release-templates/:release_type","status":200,"duration_ms":8}
{"request_id":"rcc-393e3da99e592f0fbf9259e3fa26eb41","method":"GET","path":"/api/v1/table-policies/:table_name/release-templates","status":200,"duration_ms":2}
{"request_id":"rcc-b9c6b0c930876b1fe8f0dd2cbf4a76f0","method":"PUT","path":"/api/v1/table-policies/:table_name/release-templates/:release_type","status":200,"duration_ms":8}
{"request_id":"rcc-9b3c3a548891c3fdac5138690b1b2f13","method":"GET","path":"/api/v1/auth/csrf","status":200,"duration_ms":6}
{"request_id":"rcc-392500378d9ed8f8feda9c7101e7a281","method":"POST","path":"/api/v1/auth/register","status":201,"duration_ms":47}
{"request_id":"rcc-826d202e5e81d9274d794d2ddb328894","method":"POST","path":"/api/v1/release-orders","status":201,"duration_ms":37}
{"request_id":"rcc-db90191add53e6778feae5ba9d7a8b6c","method":"POST","path":"/api/v1/approval-roles","status":201,"duration_ms":18}
{"request_id":"rcc-d43a8cf2338670674545a2435f68bd67","method":"GET","path":"/api/v1/table-policies/:table_name/approval-roles","status":200,"duration_ms":3}
{"request_id":"rcc-f9c37928e9968449717589237bf64adc","method":"PUT","path":"/api/v1/table-policies/:table_name/approval-roles","status":200,"duration_ms":16}
{"request_id":"rcc-f82424c93cc471f3ef30572b0c84b53e","method":"GET","path":"/api/v1/table-policies/:table_name/approval-roles","status":200,"duration_ms":3}
{"request_id":"rcc-ce3437feb7136778f147ace52232044a","method":"PUT","path":"/api/v1/table-policies/:table_name/approval-roles","status":200,"duration_ms":17}
{"request_id":"rcc-11e7c9044770a1c267693f853c00e5a0","method":"POST","path":"/api/v1/release-orders/:id/submit","status":200,"duration_ms":112}
{"request_id":"rcc-2d675f0c3a6a7b097f480b50f4e54a0d","method":"GET","path":"/api/v1/release-orders/:id","status":200,"duration_ms":7}
{"request_id":"rcc-086274be3cdb3367524ec2cedce9b149","method":"POST","path":"/api/v1/release-orders/:id/approve","status":200,"duration_ms":38}
{"request_id":"rcc-711a371b2242f5191b0e51ee9ef04e54","method":"POST","path":"/api/v1/release-orders/:id/execute","status":200,"duration_ms":148}
{"request_id":"rcc-519280738ca965c7180e28b62c1507bf","method":"POST","path":"/api/v1/release-templates","status":201,"duration_ms":6}
{"request_id":"rcc-59eacff09d1fa557bfe2673d6a46512a","method":"GET","path":"/api/v1/table-policies/:table_name/release-templates","status":200,"duration_ms":2}
{"request_id":"rcc-a7dc7640c03ed147aeaaeeb38fea11d8","method":"PUT","path":"/api/v1/table-policies/:table_name/release-templates/:release_type","status":200,"duration_ms":8}
{"request_id":"rcc-422cde01fa71dad31e25eee1f5496316","method":"GET","path":"/api/v1/release-orders/:id","status":200,"duration_ms":7}
{"request_id":"rcc-e329b343222716c3e247db81e3574032","method":"POST","path":"/api/v1/release-orders/:id/quick-rollback/preview","status":403,"duration_ms":92}
    release_rollback_flow_integration_test.go:31: rollback preview: 403 {"error":{"code":"mutation_not_allowed","item_index":1,"message":"Mutation Policy does not allow the requested operation","request_id":"rcc-e329b343222716c3e247db81e3574032"}}
2026/09/11 16:21:55 🐳 Stopping container: 1c5f16ffa7ea
2026/09/11 16:21:57 ✅ Container stopped: 1c5f16ffa7ea
2026/09/11 16:21:57 🐳 Terminating container: 1c5f16ffa7ea
2026/09/11 16:21:57 🚫 Container terminated: 1c5f16ffa7ea
--- FAIL: TestRollbackFlowAC019PersistsCurrentEmergencyInstancesBeforeDisplay (11.08s)
FAIL
FAIL	github.com/asherzj/relational-config-center/admin/cmd/admin	12.835s
FAIL
