=== RUN   TestRollbackFlowAC019PersistsCurrentEmergencyInstancesBeforeDisplay
2026/09/11 16:22:28 github.com/testcontainers/testcontainers-go - Connected to docker: 
  Server Version: 29.5.2
  API Version: 1.54
  Operating System: Ubuntu 24.04.4 LTS
  Total Memory: 3904 MB
  Testcontainers for Go Version: v0.44.0
  Resolved Docker Host: unix:///Users/asher/.colima/default/docker.sock
  Resolved Docker Socket Path: /Users/asher/.colima/default/docker.sock
  Test SessionID: 7fad1761674392e4cda9a5dfb31471930a79ae37301c26d1d3537af11c9ba11e
  Test ProcessID: c87f03f8-20db-4ae8-93d4-7b15c31a0643
2026/09/11 16:22:28 🐳 Creating container for image mysql:8.4
2026/09/11 16:22:28 ✅ Container created: 0e8402858d31
2026/09/11 16:22:28 🐳 Starting container: 0e8402858d31
2026/09/11 16:22:28 ✅ Container started: 0e8402858d31
2026/09/11 16:22:28 ⏳ Waiting for container id 0e8402858d31 image: mysql:8.4. Waiting for: all of: [log message "port: 3306  MySQL Community Server"]
2026/09/11 16:22:35 🔔 Container is ready: 0e8402858d31
{"request_id":"rcc-b03fafdd0501896d5dc4fe8735f1a46f","method":"GET","path":"/api/v1/auth/csrf","status":200,"duration_ms":8}
{"request_id":"rcc-d956732526a6673240328d4dc3c6975b","method":"POST","path":"/api/v1/auth/register","status":201,"duration_ms":50}
{"request_id":"rcc-61014f4443e2d7a52151fd013bb61605","method":"GET","path":"/api/v1/auth/csrf","status":200,"duration_ms":6}
{"request_id":"rcc-b4cdef6bdf299d2471b40113dbcf4579","method":"POST","path":"/api/v1/auth/login","status":200,"duration_ms":58}
{"request_id":"rcc-72c4613dee4c1871f17c3e31198befe9","method":"POST","path":"/api/v1/query-policies","status":201,"duration_ms":6}
{"request_id":"rcc-408e852d38c2f00ed6b48c768cc085e2","method":"POST","path":"/api/v1/query-policies/:code/activate","status":200,"duration_ms":5}
{"request_id":"rcc-f4a15be377c0fed751857a62806923d2","method":"POST","path":"/api/v1/mutation-policies","status":201,"duration_ms":4}
{"request_id":"rcc-3ecc8d52a29842416275c6cbba47d179","method":"POST","path":"/api/v1/mutation-policies/:code/activate","status":200,"duration_ms":7}
{"request_id":"rcc-47de0fdd1bd1951f260273c00d79c066","method":"POST","path":"/api/v1/table-policies","status":201,"duration_ms":22}
{"request_id":"rcc-1e45380c3748acdda73948a764e292f9","method":"POST","path":"/api/v1/table-policies/:table_name/enable","status":200,"duration_ms":20}
{"request_id":"rcc-0e60f696ebd0169d7b65978768afcbeb","method":"POST","path":"/api/v1/table-policies","status":201,"duration_ms":20}
{"request_id":"rcc-f0de4556201598a2ffc426b58359c872","method":"POST","path":"/api/v1/table-policies/:table_name/enable","status":200,"duration_ms":18}
{"request_id":"rcc-4bba4325099f56e674f7a2696be3861d","method":"POST","path":"/api/v1/release-templates","status":201,"duration_ms":6}
    release_rollback_flow_integration_test.go:19: seed relational Table Policy assignment: table Policy already exists
2026/09/11 16:22:37 🐳 Stopping container: 0e8402858d31
2026/09/11 16:22:38 ✅ Container stopped: 0e8402858d31
2026/09/11 16:22:38 🐳 Terminating container: 0e8402858d31
2026/09/11 16:22:38 🚫 Container terminated: 0e8402858d31
--- FAIL: TestRollbackFlowAC019PersistsCurrentEmergencyInstancesBeforeDisplay (9.42s)
FAIL
FAIL	github.com/asherzj/relational-config-center/admin/cmd/admin	10.762s
FAIL
