=== RUN   TestRollbackFlowAC021EmergencyCancellationUsesRealSubmission
2026/09/11 16:27:57 github.com/testcontainers/testcontainers-go - Connected to docker: 
  Server Version: 29.5.2
  API Version: 1.54
  Operating System: Ubuntu 24.04.4 LTS
  Total Memory: 3904 MB
  Testcontainers for Go Version: v0.44.0
  Resolved Docker Host: unix:///Users/asher/.colima/default/docker.sock
  Resolved Docker Socket Path: /Users/asher/.colima/default/docker.sock
  Test SessionID: a0d27f60898ff32a63cf0b5615beb56b10d2c2fa28dc4fbf527ca8f3cd235b4d
  Test ProcessID: 72ec04e6-7c59-4340-8292-b0368c720d6d
2026/09/11 16:27:57 🐳 Creating container for image mysql:8.4
2026/09/11 16:27:57 ✅ Container created: 8d04e3e8f547
2026/09/11 16:27:57 🐳 Starting container: 8d04e3e8f547
2026/09/11 16:27:57 ✅ Container started: 8d04e3e8f547
2026/09/11 16:27:57 ⏳ Waiting for container id 8d04e3e8f547 image: mysql:8.4. Waiting for: all of: [log message "port: 3306  MySQL Community Server"]
2026/09/11 16:28:04 🔔 Container is ready: 8d04e3e8f547
{"request_id":"rcc-3bf6b626dd4dab76ddf4d040b95fd583","method":"GET","path":"/api/v1/auth/csrf","status":200,"duration_ms":6}
{"request_id":"rcc-8f718237c4df7ea79e699ca6ca6b9586","method":"POST","path":"/api/v1/auth/register","status":201,"duration_ms":46}
{"request_id":"rcc-f76ce278eab07d77aef48bb0aa8df00e","method":"GET","path":"/api/v1/auth/csrf","status":200,"duration_ms":5}
{"request_id":"rcc-40b77452b74144ee8d50084fcc8d32fb","method":"POST","path":"/api/v1/auth/login","status":200,"duration_ms":56}
{"request_id":"rcc-c437ec11951017fd20cd217fa8b695b2","method":"GET","path":"/api/v1/table-policies/:table_name/release-templates","status":200,"duration_ms":2}
{"request_id":"rcc-f248649195b51fac387be7b1d70c3f01","method":"PUT","path":"/api/v1/table-policies/:table_name/release-templates/:release_type","status":200,"duration_ms":9}
{"request_id":"rcc-f25d165ee832916c82cb566af46b8a28","method":"GET","path":"/api/v1/table-policies/:table_name/release-templates","status":200,"duration_ms":2}
{"request_id":"rcc-ae170f584a0e4aa6055cc5ca764f2236","method":"PUT","path":"/api/v1/table-policies/:table_name/release-templates/:release_type","status":200,"duration_ms":8}
{"request_id":"rcc-01f66dfbaeb50bfeced73100764a1959","method":"GET","path":"/api/v1/auth/csrf","status":200,"duration_ms":5}
{"request_id":"rcc-113645aa614435802adaa04c737a2a77","method":"POST","path":"/api/v1/auth/register","status":201,"duration_ms":45}
{"request_id":"rcc-3fb59262b8364f48363b5f2f0b27b984","method":"GET","path":"/api/v1/auth/csrf","status":200,"duration_ms":5}
{"request_id":"rcc-b104d7684a881920aae0452944fd9332","method":"POST","path":"/api/v1/auth/register","status":201,"duration_ms":46}
{"request_id":"rcc-74bf2eda033d0aa96df337cae66733d1","method":"GET","path":"/api/v1/auth/csrf","status":200,"duration_ms":9}
{"request_id":"rcc-a4a7150f4979718a5c5f16ec123cf93b","method":"POST","path":"/api/v1/auth/register","status":201,"duration_ms":43}
{"request_id":"rcc-815bb4fe36e1d11dd478909c01b1cb1b","method":"PUT","path":"/api/v1/account-roles/:id","status":200,"duration_ms":10}
{"request_id":"rcc-c1512ae433f738223e0e8220394bf1d4","method":"PUT","path":"/api/v1/account-roles/:id","status":200,"duration_ms":9}
{"request_id":"rcc-c78db5c48ea89380ff87cffec1ad525a","method":"PUT","path":"/api/v1/account-roles/:id","status":200,"duration_ms":10}
{"request_id":"rcc-bd97c1d069dfb349d2691d152c3d4681","method":"POST","path":"/api/v1/approval-roles","status":201,"duration_ms":13}
{"request_id":"rcc-c5d40c3618470abc7c14b83ca4972d8f","method":"GET","path":"/api/v1/table-policies/:table_name/approval-roles","status":200,"duration_ms":4}
{"request_id":"rcc-584f18a0d2128d2973f5229d6c4b3ebc","method":"PUT","path":"/api/v1/table-policies/:table_name/approval-roles","status":200,"duration_ms":16}
{"request_id":"rcc-fbda5fb7e355039de0f136d7e6ffdf62","method":"GET","path":"/api/v1/table-policies/:table_name/approval-roles","status":200,"duration_ms":3}
{"request_id":"rcc-0a210717523458f3ef9f5e93bc820e2c","method":"PUT","path":"/api/v1/table-policies/:table_name/approval-roles","status":200,"duration_ms":15}
{"request_id":"rcc-558f5a8310e29dcc2487ea383bd763a6","method":"POST","path":"/api/v1/release-orders","status":201,"duration_ms":24}
{"request_id":"rcc-3b762325aee8c303407707d4abac928d","method":"GET","path":"/api/v1/release-orders/:id","status":200,"duration_ms":4}
{"request_id":"rcc-ad2b7318a43308dd2ed3212b49e6f52e","method":"GET","path":"/api/v1/release-orders/:id","status":200,"duration_ms":3}
{"request_id":"rcc-680e6a8c1f57577a69dbca29aa966717","method":"POST","path":"/api/v1/release-orders/:id/cancel","status":200,"duration_ms":17}
{"request_id":"rcc-89a24de4943899ea068aef434f4376e5","method":"GET","path":"/api/v1/release-orders/:id","status":200,"duration_ms":4}
{"request_id":"rcc-994fc66cba1a198697be3601dace66cb","method":"GET","path":"/api/v1/release-orders/:id","status":200,"duration_ms":4}
{"request_id":"rcc-0272a689364dc9f6db82ff817e48256d","method":"GET","path":"/api/v1/release-orders","status":200,"duration_ms":2}
{"request_id":"rcc-de29f956e963407de228ae0ed5b00bf7","method":"GET","path":"/api/v1/release-orders","status":200,"duration_ms":2}
{"request_id":"rcc-d86c12599ef47166bb606da44e26db52","method":"POST","path":"/api/v1/release-orders","status":201,"duration_ms":25}
{"request_id":"rcc-c0366af1f28e7866af15f2c7a496f675","method":"POST","path":"/api/v1/release-orders/:id/submit","status":200,"duration_ms":53}
{"request_id":"rcc-7d2f52c1ccca8c23f2450ddd9de56a8e","method":"GET","path":"/api/v1/release-orders/:id","status":200,"duration_ms":4}
{"request_id":"rcc-94f347fe4824bcbe3d1c5624e52137ac","method":"GET","path":"/api/v1/release-orders/:id","status":200,"duration_ms":4}
{"request_id":"rcc-e3f981676dceb188b576d91e8a39a5a3","method":"POST","path":"/api/v1/release-orders/:id/cancel","status":200,"duration_ms":18}
{"request_id":"rcc-a31bc368897cd1fc5848c6bee22085d7","method":"GET","path":"/api/v1/release-orders/:id","status":200,"duration_ms":7}
    release_rollback_flow_integration_test.go:190: result reminder: before={Sequence:0 Unread:false Pending:false} got={Sequence:0 Unread:false Pending:false}
2026/09/11 16:28:06 🐳 Stopping container: 8d04e3e8f547
2026/09/11 16:28:08 ✅ Container stopped: 8d04e3e8f547
2026/09/11 16:28:08 🐳 Terminating container: 8d04e3e8f547
2026/09/11 16:28:08 🚫 Container terminated: 8d04e3e8f547
--- FAIL: TestRollbackFlowAC021EmergencyCancellationUsesRealSubmission (11.08s)
FAIL
FAIL	github.com/asherzj/relational-config-center/admin/cmd/admin	14.165s
FAIL
