=== RUN   TestRollbackFlowCurrentAuthorizationAfterWaitingForMaintenance
2026/09/11 16:29:21 github.com/testcontainers/testcontainers-go - Connected to docker: 
  Server Version: 29.5.2
  API Version: 1.54
  Operating System: Ubuntu 24.04.4 LTS
  Total Memory: 3904 MB
  Testcontainers for Go Version: v0.44.0
  Resolved Docker Host: unix:///Users/asher/.colima/default/docker.sock
  Resolved Docker Socket Path: /Users/asher/.colima/default/docker.sock
  Test SessionID: 621d1570e8b88222af23de02d69a09a17a53cbd5eaff647e2da0d250dc67fa90
  Test ProcessID: ef5bccc2-5d2e-49fc-aa95-34d6a78c1975
2026/09/11 16:29:21 🐳 Creating container for image mysql:8.4
2026/09/11 16:29:21 ✅ Container created: 1fb1dd21cd9c
2026/09/11 16:29:21 🐳 Starting container: 1fb1dd21cd9c
2026/09/11 16:29:21 ✅ Container started: 1fb1dd21cd9c
2026/09/11 16:29:21 ⏳ Waiting for container id 1fb1dd21cd9c image: mysql:8.4. Waiting for: all of: [log message "port: 3306  MySQL Community Server"]
2026/09/11 16:29:28 🔔 Container is ready: 1fb1dd21cd9c
{"request_id":"rcc-9e89d06564939c1221a3d12f9c58ad81","method":"GET","path":"/api/v1/auth/csrf","status":200,"duration_ms":5}
{"request_id":"rcc-e47efbdf7aa8662c8a45b6f41244ab23","method":"POST","path":"/api/v1/auth/register","status":201,"duration_ms":43}
{"request_id":"rcc-ac9ec4ad281d256a978b530085d3d462","method":"GET","path":"/api/v1/auth/csrf","status":200,"duration_ms":4}
{"request_id":"rcc-995076f520c065d210c7ce70666bf516","method":"POST","path":"/api/v1/auth/login","status":200,"duration_ms":55}
{"request_id":"rcc-1118afe885ffcee5448747fb3de21454","method":"GET","path":"/api/v1/table-policies/:table_name/release-templates","status":200,"duration_ms":2}
{"request_id":"rcc-6411b54278d5eebea20d4c5df667aa96","method":"PUT","path":"/api/v1/table-policies/:table_name/release-templates/:release_type","status":200,"duration_ms":8}
{"request_id":"rcc-cb977426d3fdea549597416ec0a2a2a5","method":"GET","path":"/api/v1/auth/csrf","status":200,"duration_ms":5}
{"request_id":"rcc-57f9fc9a5e22ba6c0fd0f8965e2fe66a","method":"POST","path":"/api/v1/auth/register","status":201,"duration_ms":44}
=== RUN   TestRollbackFlowCurrentAuthorizationAfterWaitingForMaintenance/preview
{"request_id":"rcc-79ec93b06c12ff86e22528023e65ec04","method":"GET","path":"/api/v1/auth/csrf","status":200,"duration_ms":6}
{"request_id":"rcc-65be669d9a96d44a46bd5fecd98b2ce1","method":"POST","path":"/api/v1/auth/register","status":201,"duration_ms":49}
{"request_id":"rcc-218caa540acd9592a41fa302e2d8978c","method":"PUT","path":"/api/v1/account-roles/:id","status":200,"duration_ms":10}
{"request_id":"rcc-118bd4bc7ee027ea79d79461454e88cc","method":"POST","path":"/api/v1/release-orders","status":201,"duration_ms":27}
{"request_id":"rcc-cb873d358d25a3518d83d50bbcf5b2e2","method":"POST","path":"/api/v1/approval-roles","status":201,"duration_ms":14}
{"request_id":"rcc-d81e90f93125ce8172f551688157ce5a","method":"GET","path":"/api/v1/table-policies/:table_name/approval-roles","status":200,"duration_ms":3}
{"request_id":"rcc-93138534bee795cfd26ae5a95c94c3ab","method":"PUT","path":"/api/v1/table-policies/:table_name/approval-roles","status":200,"duration_ms":16}
{"request_id":"rcc-56ad0b4e08f9f367526cbfff89764dd3","method":"POST","path":"/api/v1/release-orders/:id/submit","status":200,"duration_ms":66}
{"request_id":"rcc-53a16a9c024400b2cac1751673dda818","method":"GET","path":"/api/v1/release-orders/:id","status":200,"duration_ms":6}
{"request_id":"rcc-8f49239de8db50701fd13523962bb55e","method":"POST","path":"/api/v1/release-orders/:id/approve","status":200,"duration_ms":27}
{"request_id":"rcc-f46b397c391e1147446278be6354c5ca","method":"POST","path":"/api/v1/release-orders/:id/execute","status":200,"duration_ms":76}
{"request_id":"rcc-4f0f64da0c68b5b8c519032d66a04137","method":"GET","path":"/api/v1/release-orders/:id","status":200,"duration_ms":7}
{"request_id":"rcc-6b5a328466cfe67ea2d322251a528a1a","method":"GET","path":"/api/v1/release-orders/:id/details","status":200,"duration_ms":4}
{"request_id":"rcc-fa300a4caf456f884b605e55498317f8","method":"POST","path":"/api/v1/release-orders/:id/quick-rollback/preview","status":200,"duration_ms":132}
    release_rollback_flow_authorization_integration_test.go:76: expected HTTP 403, got 200: {"order_id":"2ec8879df3a4643d2a6ccb21431a2603","expected_version":"5","preview_digest":"b8675e88275f1e25ee5596684ee3d3a9bc7b6fea0e0307e8f34471618a482de6","release_type":"EMERGENCY","table_flows":[{"instance_id":"d158a7ab5f0fb25be892b5d29f538681","table_name":"rollback_auth_rows","release_type":"EMERGENCY","template_code":"default_emergency_v1","template_name":"默认应急发布","template_version":"1","association_version":"1","instantiated_at":"2026-09-11T08:29:34.388876Z","node_list":[{"code":"publication","type":"PUBLICATION","name":"应急发布","required_role":"PUBLISHER","state":"ACTIVE"},{"code":"completion","type":"COMPLETION","name":"完结","required_role":"PUBLISHER","state":"PENDING"}]}],"items":[{"table_name":"rollback_auth_rows","detail_id":"35d0ef5579a8b067e5e329d83b172765","operation":"DELETE","id":"1","expected_record_version":"1","content":{},"before":{"id":"1","value":"new"},"fields":[{"nullable":false,"editable":false,"name":"id","type":"uint64","before_state":"value","before":"1","proposed_state":"absent","proposed":null},{"nullable":true,"editable":false,"name":"value","type":"string","before_state":"value","before":"new","proposed_state":"absent","proposed":null}]}]}
=== RUN   TestRollbackFlowCurrentAuthorizationAfterWaitingForMaintenance/preview-replay
{"request_id":"rcc-acf2115bc9e27d4f3c8c48396a8f90e2","method":"GET","path":"/api/v1/auth/csrf","status":200,"duration_ms":5}
{"request_id":"rcc-d168feb237ab727be8d9907071b191c0","method":"POST","path":"/api/v1/auth/register","status":201,"duration_ms":46}
{"request_id":"rcc-6ee939de7051efe0a76e0eeb447698e8","method":"PUT","path":"/api/v1/account-roles/:id","status":200,"duration_ms":10}
{"request_id":"rcc-1307030da68fe69cfe3ca6805e3a4f1c","method":"POST","path":"/api/v1/release-orders","status":201,"duration_ms":28}
{"request_id":"rcc-8b5605772ccb987f151df4aff4291445","method":"POST","path":"/api/v1/approval-roles","status":201,"duration_ms":14}
{"request_id":"rcc-c13775359dcf6a0a0f309519d5ba77f1","method":"GET","path":"/api/v1/table-policies/:table_name/approval-roles","status":200,"duration_ms":5}
{"request_id":"rcc-5bbab99e12d263ed4bdaa3e550819603","method":"PUT","path":"/api/v1/table-policies/:table_name/approval-roles","status":200,"duration_ms":19}
{"request_id":"rcc-3cc51d364baf64ba23493773ccd0b5d6","method":"POST","path":"/api/v1/release-orders/:id/submit","status":200,"duration_ms":60}
{"request_id":"rcc-17769d97c700c50a32888ee592e74aa5","method":"GET","path":"/api/v1/release-orders/:id","status":200,"duration_ms":6}
{"request_id":"rcc-3423a689963ae5e921c98b2b203aad7f","method":"POST","path":"/api/v1/release-orders/:id/approve","status":200,"duration_ms":27}
{"request_id":"rcc-d88987c0d09ee50ad591e28d6567bfa6","method":"POST","path":"/api/v1/release-orders/:id/execute","status":200,"duration_ms":72}
{"request_id":"rcc-1a63726c366998a336420effe1f89a4d","method":"POST","path":"/api/v1/release-orders/:id/quick-rollback/preview","status":200,"duration_ms":100}
{"request_id":"rcc-ef7db62bb175c9b534950981b81e2cbb","method":"GET","path":"/api/v1/release-orders/:id","status":200,"duration_ms":7}
{"request_id":"rcc-8a5420c399d0aaf5f3dda8788df8ff92","method":"GET","path":"/api/v1/release-orders/:id/details","status":200,"duration_ms":4}
{"request_id":"rcc-7e7e588b6878c89364c4f994dad0b866","method":"POST","path":"/api/v1/release-orders/:id/quick-rollback/preview","status":200,"duration_ms":18}
    release_rollback_flow_authorization_integration_test.go:76: expected HTTP 403, got 200: {"order_id":"33e5f64da55eb0fee1705af5b07ec22e","expected_version":"5","preview_digest":"9eeb3655a37f479bc11c9925da384c163cba438c0d51ccc60ecdbe7b1a068b36","release_type":"EMERGENCY","table_flows":[{"instance_id":"cd87ac56e116ea43df1b1c4374d25dd4","table_name":"rollback_auth_rows","release_type":"EMERGENCY","template_code":"default_emergency_v1","template_name":"默认应急发布","template_version":"1","association_version":"1","instantiated_at":"2026-09-11T08:29:34.795727Z","node_list":[{"code":"publication","type":"PUBLICATION","name":"应急发布","required_role":"PUBLISHER","state":"ACTIVE"},{"code":"completion","type":"COMPLETION","name":"完结","required_role":"PUBLISHER","state":"PENDING"}]}],"items":[{"table_name":"rollback_auth_rows","detail_id":"5e754da6e5ef0236d93b9fa0caba5661","operation":"DELETE","id":"2","expected_record_version":"1","content":{},"before":{"id":"2","value":"new"},"fields":[{"nullable":false,"editable":false,"name":"id","type":"uint64","before_state":"value","before":"2","proposed_state":"absent","proposed":null},{"nullable":true,"editable":false,"name":"value","type":"string","before_state":"value","before":"new","proposed_state":"absent","proposed":null}]}]}
=== RUN   TestRollbackFlowCurrentAuthorizationAfterWaitingForMaintenance/rollback
{"request_id":"rcc-b5cb04c2f60ebff85c3eeaf90c9e4633","method":"GET","path":"/api/v1/auth/csrf","status":200,"duration_ms":5}
{"request_id":"rcc-1551d40d75dc1758d9a7cdac673c7c79","method":"POST","path":"/api/v1/auth/register","status":201,"duration_ms":47}
{"request_id":"rcc-a08bc4ed237ed31308af1730ece10866","method":"PUT","path":"/api/v1/account-roles/:id","status":200,"duration_ms":15}
{"request_id":"rcc-261018f1ceef8e6435c01fd446c62905","method":"POST","path":"/api/v1/release-orders","status":201,"duration_ms":28}
{"request_id":"rcc-7e51163410ffa546346d2d4c59d3c531","method":"POST","path":"/api/v1/approval-roles","status":201,"duration_ms":12}
{"request_id":"rcc-aa402d7d8040c52eed93f91093bc65a4","method":"GET","path":"/api/v1/table-policies/:table_name/approval-roles","status":200,"duration_ms":5}
{"request_id":"rcc-8110133fcf1066363467a5f1cd8bc8fe","method":"PUT","path":"/api/v1/table-policies/:table_name/approval-roles","status":200,"duration_ms":17}
{"request_id":"rcc-d81f9bc434c6e19b96d4baa69e663a6d","method":"POST","path":"/api/v1/release-orders/:id/submit","status":200,"duration_ms":67}
{"request_id":"rcc-26222bb7809e24bbf3efeec448d8be70","method":"GET","path":"/api/v1/release-orders/:id","status":200,"duration_ms":8}
{"request_id":"rcc-6773cb5a34d7725bff992f9cc4a96d1b","method":"POST","path":"/api/v1/release-orders/:id/approve","status":200,"duration_ms":30}
{"request_id":"rcc-eabedb9089a815bdc3de80fa0fae5fe6","method":"POST","path":"/api/v1/release-orders/:id/execute","status":200,"duration_ms":79}
{"request_id":"rcc-c8e0b20a5bb8eacbc182bef23e426820","method":"POST","path":"/api/v1/release-orders/:id/quick-rollback/preview","status":200,"duration_ms":112}
{"request_id":"rcc-de4ad2eae17ffceef636d1bf2a8c40ef","method":"GET","path":"/api/v1/release-orders/:id","status":200,"duration_ms":7}
{"request_id":"rcc-3695b775dc0a07e2e587fab7328429db","method":"GET","path":"/api/v1/release-orders/:id/details","status":200,"duration_ms":4}
{"request_id":"rcc-d5ee6d6a0a3c5e74cb64ab819a891037","method":"POST","path":"/api/v1/release-orders/:id/quick-rollback","status":200,"duration_ms":112}
    release_rollback_flow_authorization_integration_test.go:76: expected HTTP 403, got 200: {"emergency_reason":"","release_type":"STANDARD","rollback_table_flows":[{"instance_id":"4089c39afbfe0230598e82c257c2b0c4","table_name":"rollback_auth_rows","release_type":"EMERGENCY","template_code":"default_emergency_v1","template_name":"默认应急发布","template_version":"1","association_version":"1","instantiated_at":"2026-09-11T08:29:35.293605Z","node_list":[{"code":"publication","type":"PUBLICATION","name":"应急发布","required_role":"PUBLISHER","state":"COMPLETED","actor_id":"f90fef95-be42-49ac-a89a-90bb8e8d032b","at":"2026-09-11T08:29:35.472164Z"},{"code":"completion","type":"COMPLETION","name":"完结","required_role":"PUBLISHER","state":"STOPPED"}]}],"table_flows":[{"instance_id":"894a53840e2e46dfe6ef06f49b4ebfe6","table_name":"rollback_auth_rows","release_type":"STANDARD","template_code":"default_standard_v1","template_name":"默认常规发布","template_version":"1","association_version":"1","instantiated_at":"2026-09-11T08:29:34.998993Z","node_list":[{"code":"approval","type":"APPROVAL","name":"按表审批","required_role":"TABLE_APPROVER","state":"COMPLETED","actor_id":"b1999f3e-3baa-489e-b40a-7faa40e8dc17","at":"2026-09-11T08:29:35.143141Z"},{"code":"publication","type":"PUBLICATION","name":"发布","required_role":"PUBLISHER","state":"COMPLETED","actor_id":"0c16839b-dd69-4cbe-908f-d0609e927b08","at":"2026-09-11T08:29:35.221031Z"},{"code":"completion","type":"COMPLETION","name":"完结","required_role":"PUBLISHER","state":"STOPPED"}]}],"missing_flow_tables":[],"approvals":[{"table_name":"rollback_auth_rows","roles":[{"id":"e21ab034-2e87-429f-b472-ea2246d8a8e9","name":"Fixture review 9"}],"state":"APPROVED","decision":{"actor_id":"b1999f3e-3baa-489e-b40a-7faa40e8dc17","at":"2026-09-11T08:29:35.143141Z","reason":"checked intent","source":"ROLE","roles":[{"id":"e21ab034-2e87-429f-b472-ea2246d8a8e9","name":"Fixture review 9"}]}}],"approval_context":{"revision":"063235eea82c697b943300d12d33115c8f45212a48aae60eaae23451668991ea","tables":[{"table_name":"rollback_auth_rows","mode":"COMPLETED","reason":"该表已处理","can_approve":false}],"approvable_tables":[]},"table_names":["rollback_auth_rows"],"title":"恢复权限竞争","executions":[{"notifications":{"rollback_auth_rows":{"table_version":"3","table_name":"rollback_auth_rows","id":"5b74bca7bee14f196cd87c342c31c950:PUBLICATION","status":"NOT_CONNECTED"}},"id":"5b74bca7bee14f196cd87c342c31c950:PUBLICATION","kind":"PUBLICATION","actor_id":"0c16839b-dd69-4cbe-908f-d0609e927b08","executed_at":"2026-09-11T08:29:35.199964Z","table_versions":{"rollback_auth_rows":"3"},"operation_counts":{"ADD":1},"item_count":1,"outcome":"SUCCEEDED"},{"notifications":{"rollback_auth_rows":{"table_version":"4","table_name":"rollback_auth_rows","id":"5b74bca7bee14f196cd87c342c31c950:ROLLBACK","status":"NOT_CONNECTED"}},"id":"5b74bca7bee14f196cd87c342c31c950:ROLLBACK","kind":"ROLLBACK","actor_id":"f90fef95-be42-49ac-a89a-90bb8e8d032b","executed_at":"2026-09-11T08:29:35.472164Z","table_versions":{"rollback_auth_rows":"4"},"operation_counts":{"DELETE":1},"item_count":1,"outcome":"SUCCEEDED"}],"frozen_digest":"9c10581f41fcb0144f094801ebf0af6feb335ef1a3acd80eefb5719cf05d6565","id":"5b74bca7bee14f196cd87c342c31c950","applicant_id":"0c16839b-dd69-4cbe-908f-d0609e927b08","state":"ROLLED_BACK","version":"6","items":[{"publication":{"detail_id":"7709b290fee87183a1ec437849c4eda6","table_version":"3","execution_id":"5b74bca7bee14f196cd87c342c31c950:PUBLICATION","execution_kind":"PUBLICATION","order_id":"5b74bca7bee14f196cd87c342c31c950","sequence":"3","table_name":"rollback_auth_rows","operation":"ADD","id":"3","record_version":"1","before":{"format":"rcc-admin-mysql-row-v1","schema_digest":"950ac1cd06980cef78c7b0fcd9a220c7de1eca24f19b37ad7ad9bd6ab8bbacd3","deleted":true,"fields":[],"checksum":"adfa3fc9c72e7ccee185a815ec92793706843f71418db7c2edbd2bc41c398f2f"},"final":{"format":"rcc-admin-mysql-row-v1","schema_digest":"950ac1cd06980cef78c7b0fcd9a220c7de1eca24f19b37ad7ad9bd6ab8bbacd3","deleted":false,"fields":[{"name":"id","type":"bigint unsigned","encoding":"text","value":"3"},{"name":"value","type":"varchar(64)","encoding":"text","value":"new"}],"checksum":"5ca530570c8412116a61153ec28b6d068edc6296af0447e2080baf189aad94f5"}},"rollback":{"detail_id":"7709b290fee87183a1ec437849c4eda6","table_version":"4","execution_id":"5b74bca7bee14f196cd87c342c31c950:ROLLBACK","execution_kind":"ROLLBACK","order_id":"5b74bca7bee14f196cd87c342c31c950","sequence":"4","table_name":"rollback_auth_rows","operation":"DELETE","id":"3","record_version":"2","before":{"format":"rcc-admin-mysql-row-v1","schema_digest":"950ac1cd06980cef78c7b0fcd9a220c7de1eca24f19b37ad7ad9bd6ab8bbacd3","deleted":false,"fields":[{"name":"id","type":"bigint unsigned","encoding":"text","value":"3"},{"name":"value","type":"varchar(64)","encoding":"text","value":"new"}],"checksum":"5ca530570c8412116a61153ec28b6d068edc6296af0447e2080baf189aad94f5"},"final":{"format":"rcc-admin-mysql-row-v1","schema_digest":"950ac1cd06980cef78c7b0fcd9a220c7de1eca24f19b37ad7ad9bd6ab8bbacd3","deleted":true,"fields":[],"checksum":"adfa3fc9c72e7ccee185a815ec92793706843f71418db7c2edbd2bc41c398f2f"}},"table_name":"rollback_auth_rows","detail_id":"7709b290fee87183a1ec437849c4eda6","operation":"ADD","id":null,"expected_record_version":"","content":{"value":"new"},"before":null,"fields":[{"nullable":false,"editable":true,"name":"id","type":"uint64","before_state":"absent","before":null,"proposed_state":"omitted","proposed":null},{"nullable":true,"editable":true,"name":"value","type":"string","before_state":"absent","before":null,"proposed_state":"value","proposed":"new"}]}],"history":[{"action":"CREATE","actor_id":"0c16839b-dd69-4cbe-908f-d0609e927b08","at":"2026-09-11T08:29:34.998993Z","version":"1","reason":""},{"action":"SUBMIT","actor_id":"0c16839b-dd69-4cbe-908f-d0609e927b08","at":"2026-09-11T08:29:35.099333Z","version":"2","reason":""},{"table_names":["rollback_auth_rows"],"approval_sources":[{"table_name":"rollback_auth_rows","source":"ROLE","roles":[{"id":"e21ab034-2e87-429f-b472-ea2246d8a8e9","name":"Fixture review 9"}]}],"action":"APPROVE","actor_id":"b1999f3e-3baa-489e-b40a-7faa40e8dc17","at":"2026-09-11T08:29:35.143497Z","version":"3","reason":"checked intent"},{"action":"EXECUTE","actor_id":"0c16839b-dd69-4cbe-908f-d0609e927b08","at":"2026-09-11T08:29:35.221031Z","version":"4","reason":""},{"action":"PREVIEW_QUICK_ROLLBACK","actor_id":"f90fef95-be42-49ac-a89a-90bb8e8d032b","at":"2026-09-11T08:29:35.293605Z","version":"5","reason":""},{"execution_id":"5b74bca7bee14f196cd87c342c31c950:ROLLBACK","action":"QUICK_ROLLBACK","actor_id":"f90fef95-be42-49ac-a89a-90bb8e8d032b","at":"2026-09-11T08:29:35.472164Z","version":"6","reason":""}],"created_at":"2026-09-11T08:29:34.998993Z","updated_at":"2026-09-11T08:29:35.472164Z","item_count":1,"operation_counts":{"ADD":1},"allowed_actions":["edit-rollback-reason"]}
=== RUN   TestRollbackFlowCurrentAuthorizationAfterWaitingForMaintenance/rollback-replay
{"request_id":"rcc-80811807d57266056dea1b93a9686ccb","method":"GET","path":"/api/v1/auth/csrf","status":200,"duration_ms":5}
{"request_id":"rcc-1f0192a926be475791c210e6c3a8a5dd","method":"POST","path":"/api/v1/auth/register","status":201,"duration_ms":46}
{"request_id":"rcc-c4b9bdccae56a2eba94e120969cada89","method":"PUT","path":"/api/v1/account-roles/:id","status":200,"duration_ms":10}
{"request_id":"rcc-8697cf1bbfd84815fcbb59c826127874","method":"POST","path":"/api/v1/release-orders","status":201,"duration_ms":32}
{"request_id":"rcc-1b5f873d853f8951041435567ba822a1","method":"POST","path":"/api/v1/approval-roles","status":201,"duration_ms":13}
{"request_id":"rcc-d5c41fb69cf7d5f96027a053555e3704","method":"GET","path":"/api/v1/table-policies/:table_name/approval-roles","status":200,"duration_ms":5}
{"request_id":"rcc-5d96dd1a16a723a01ee52f4d9e8d4231","method":"PUT","path":"/api/v1/table-policies/:table_name/approval-roles","status":200,"duration_ms":20}
{"request_id":"rcc-5f98167691f29a153c00706f7b1dcc1c","method":"POST","path":"/api/v1/release-orders/:id/submit","status":200,"duration_ms":70}
{"request_id":"rcc-99079af9896c4e698b01f5aded8a232b","method":"GET","path":"/api/v1/release-orders/:id","status":200,"duration_ms":8}
{"request_id":"rcc-bbf6901f3ba662da5c343b75c84a33c7","method":"POST","path":"/api/v1/release-orders/:id/approve","status":200,"duration_ms":29}
{"request_id":"rcc-53bb60b4739024f0a2b2717862553959","method":"POST","path":"/api/v1/release-orders/:id/execute","status":200,"duration_ms":77}
{"request_id":"rcc-e3786f9467b1f7c71b5d46ead22d3de7","method":"POST","path":"/api/v1/release-orders/:id/quick-rollback/preview","status":200,"duration_ms":108}
{"request_id":"rcc-703289879bfc682f28e7fb79a4f0a6a3","method":"POST","path":"/api/v1/release-orders/:id/quick-rollback","status":200,"duration_ms":93}
{"request_id":"rcc-9ddc8a3f7c418b0383c1317062e14abf","method":"GET","path":"/api/v1/release-orders/:id","status":200,"duration_ms":6}
{"request_id":"rcc-b926761ce805411be382e3259d7d6e8b","method":"GET","path":"/api/v1/release-orders/:id/details","status":200,"duration_ms":4}
{"request_id":"rcc-80d9d71025d4e77abf47144780882698","method":"POST","path":"/api/v1/release-orders/:id/quick-rollback","status":200,"duration_ms":32}
    release_rollback_flow_authorization_integration_test.go:76: expected HTTP 403, got 200: {"emergency_reason":"","release_type":"STANDARD","rollback_table_flows":[{"instance_id":"f9cff9f2d55e59e54a8b34990a4d40e5","table_name":"rollback_auth_rows","release_type":"EMERGENCY","template_code":"default_emergency_v1","template_name":"默认应急发布","template_version":"1","association_version":"1","instantiated_at":"2026-09-11T08:29:35.464764Z","node_list":[{"code":"publication","type":"PUBLICATION","name":"应急发布","required_role":"PUBLISHER","state":"COMPLETED","actor_id":"248550a9-569f-4b40-ae20-b06dfbcb4346","at":"2026-09-11T08:29:35.576746Z"},{"code":"completion","type":"COMPLETION","name":"完结","required_role":"PUBLISHER","state":"STOPPED"}]}],"table_flows":[{"instance_id":"4ec3db644ecdf30d2ef719d4076c8f8e","table_name":"rollback_auth_rows","release_type":"STANDARD","template_code":"default_standard_v1","template_name":"默认常规发布","template_version":"1","association_version":"1","instantiated_at":"2026-09-11T08:29:35.594172Z","node_list":[{"code":"approval","type":"APPROVAL","name":"按表审批","required_role":"TABLE_APPROVER","state":"COMPLETED","actor_id":"b1999f3e-3baa-489e-b40a-7faa40e8dc17","at":"2026-09-11T08:29:35.745139Z"},{"code":"publication","type":"PUBLICATION","name":"发布","required_role":"PUBLISHER","state":"COMPLETED","actor_id":"0c16839b-dd69-4cbe-908f-d0609e927b08","at":"2026-09-11T08:29:35.397953Z"},{"code":"completion","type":"COMPLETION","name":"完结","required_role":"PUBLISHER","state":"STOPPED"}]}],"missing_flow_tables":[],"approvals":[{"table_name":"rollback_auth_rows","roles":[{"id":"45ff8ae8-0705-4382-be32-6296ac0e65a2","name":"Fixture review 12"}],"state":"APPROVED","decision":{"actor_id":"b1999f3e-3baa-489e-b40a-7faa40e8dc17","at":"2026-09-11T08:29:35.745139Z","reason":"checked intent","source":"ROLE","roles":[{"id":"45ff8ae8-0705-4382-be32-6296ac0e65a2","name":"Fixture review 12"}]}}],"approval_context":{"revision":"3fd05c213b25b2bb8dd89434d6b45d2c5c356d474475b42dee8c926865411643","tables":[{"table_name":"rollback_auth_rows","mode":"COMPLETED","reason":"该表已处理","can_approve":false}],"approvable_tables":[]},"table_names":["rollback_auth_rows"],"title":"恢复权限竞争","executions":[{"notifications":{"rollback_auth_rows":{"table_version":"5","table_name":"rollback_auth_rows","id":"8c0f1b6c69e9e56beba2715d367489aa:PUBLICATION","status":"NOT_CONNECTED"}},"id":"8c0f1b6c69e9e56beba2715d367489aa:PUBLICATION","kind":"PUBLICATION","actor_id":"0c16839b-dd69-4cbe-908f-d0609e927b08","executed_at":"2026-09-11T08:29:35.802069Z","table_versions":{"rollback_auth_rows":"5"},"operation_counts":{"ADD":1},"item_count":1,"outcome":"SUCCEEDED"},{"notifications":{"rollback_auth_rows":{"table_version":"6","table_name":"rollback_auth_rows","id":"8c0f1b6c69e9e56beba2715d367489aa:ROLLBACK","status":"NOT_CONNECTED"}},"id":"8c0f1b6c69e9e56beba2715d367489aa:ROLLBACK","kind":"ROLLBACK","actor_id":"248550a9-569f-4b40-ae20-b06dfbcb4346","executed_at":"2026-09-11T08:29:35.576746Z","table_versions":{"rollback_auth_rows":"6"},"operation_counts":{"DELETE":1},"item_count":1,"outcome":"SUCCEEDED"}],"frozen_digest":"36ff03f01020b420ad8f087f36f164edd2b516306dd1be429237c5ad0fffc6a2","id":"8c0f1b6c69e9e56beba2715d367489aa","applicant_id":"0c16839b-dd69-4cbe-908f-d0609e927b08","state":"ROLLED_BACK","version":"6","items":[{"publication":{"detail_id":"41ce409335fdf5acb7ce43bb96799ffd","table_version":"5","execution_id":"8c0f1b6c69e9e56beba2715d367489aa:PUBLICATION","execution_kind":"PUBLICATION","order_id":"8c0f1b6c69e9e56beba2715d367489aa","sequence":"5","table_name":"rollback_auth_rows","operation":"ADD","id":"4","record_version":"1","before":{"format":"rcc-admin-mysql-row-v1","schema_digest":"950ac1cd06980cef78c7b0fcd9a220c7de1eca24f19b37ad7ad9bd6ab8bbacd3","deleted":true,"fields":[],"checksum":"adfa3fc9c72e7ccee185a815ec92793706843f71418db7c2edbd2bc41c398f2f"},"final":{"format":"rcc-admin-mysql-row-v1","schema_digest":"950ac1cd06980cef78c7b0fcd9a220c7de1eca24f19b37ad7ad9bd6ab8bbacd3","deleted":false,"fields":[{"name":"id","type":"bigint unsigned","encoding":"text","value":"4"},{"name":"value","type":"varchar(64)","encoding":"text","value":"new"}],"checksum":"c60026204f4adca8edb052df97c525838a0b67954ca1dfe3e8ae6d4afd245947"}},"rollback":{"detail_id":"41ce409335fdf5acb7ce43bb96799ffd","table_version":"6","execution_id":"8c0f1b6c69e9e56beba2715d367489aa:ROLLBACK","execution_kind":"ROLLBACK","order_id":"8c0f1b6c69e9e56beba2715d367489aa","sequence":"6","table_name":"rollback_auth_rows","operation":"DELETE","id":"4","record_version":"2","before":{"format":"rcc-admin-mysql-row-v1","schema_digest":"950ac1cd06980cef78c7b0fcd9a220c7de1eca24f19b37ad7ad9bd6ab8bbacd3","deleted":false,"fields":[{"name":"id","type":"bigint unsigned","encoding":"text","value":"4"},{"name":"value","type":"varchar(64)","encoding":"text","value":"new"}],"checksum":"c60026204f4adca8edb052df97c525838a0b67954ca1dfe3e8ae6d4afd245947"},"final":{"format":"rcc-admin-mysql-row-v1","schema_digest":"950ac1cd06980cef78c7b0fcd9a220c7de1eca24f19b37ad7ad9bd6ab8bbacd3","deleted":true,"fields":[],"checksum":"adfa3fc9c72e7ccee185a815ec92793706843f71418db7c2edbd2bc41c398f2f"}},"table_name":"rollback_auth_rows","detail_id":"41ce409335fdf5acb7ce43bb96799ffd","operation":"ADD","id":null,"expected_record_version":"","content":{"value":"new"},"before":null,"fields":[{"nullable":false,"editable":true,"name":"id","type":"uint64","before_state":"absent","before":null,"proposed_state":"omitted","proposed":null},{"nullable":true,"editable":true,"name":"value","type":"string","before_state":"absent","before":null,"proposed_state":"value","proposed":"new"}]}],"history":[{"action":"CREATE","actor_id":"0c16839b-dd69-4cbe-908f-d0609e927b08","at":"2026-09-11T08:29:35.594172Z","version":"1","reason":""},{"action":"SUBMIT","actor_id":"0c16839b-dd69-4cbe-908f-d0609e927b08","at":"2026-09-11T08:29:35.700702Z","version":"2","reason":""},{"table_names":["rollback_auth_rows"],"approval_sources":[{"table_name":"rollback_auth_rows","source":"ROLE","roles":[{"id":"45ff8ae8-0705-4382-be32-6296ac0e65a2","name":"Fixture review 12"}]}],"action":"APPROVE","actor_id":"b1999f3e-3baa-489e-b40a-7faa40e8dc17","at":"2026-09-11T08:29:35.745514Z","version":"3","reason":"checked intent"},{"action":"EXECUTE","actor_id":"0c16839b-dd69-4cbe-908f-d0609e927b08","at":"2026-09-11T08:29:35.397953Z","version":"4","reason":""},{"action":"PREVIEW_QUICK_ROLLBACK","actor_id":"248550a9-569f-4b40-ae20-b06dfbcb4346","at":"2026-09-11T08:29:35.464764Z","version":"5","reason":""},{"execution_id":"8c0f1b6c69e9e56beba2715d367489aa:ROLLBACK","action":"QUICK_ROLLBACK","actor_id":"248550a9-569f-4b40-ae20-b06dfbcb4346","at":"2026-09-11T08:29:35.576746Z","version":"6","reason":""}],"created_at":"2026-09-11T08:29:35.594172Z","updated_at":"2026-09-11T08:29:35.576746Z","item_count":1,"operation_counts":{"ADD":1},"allowed_actions":["edit-rollback-reason"]}
2026/09/11 16:29:35 🐳 Stopping container: 1fb1dd21cd9c
2026/09/11 16:29:36 ✅ Container stopped: 1fb1dd21cd9c
2026/09/11 16:29:36 🐳 Terminating container: 1fb1dd21cd9c
2026/09/11 16:29:36 🚫 Container terminated: 1fb1dd21cd9c
--- FAIL: TestRollbackFlowCurrentAuthorizationAfterWaitingForMaintenance (15.50s)
    --- FAIL: TestRollbackFlowCurrentAuthorizationAfterWaitingForMaintenance/preview (2.51s)
    --- FAIL: TestRollbackFlowCurrentAuthorizationAfterWaitingForMaintenance/preview-replay (0.47s)
    --- FAIL: TestRollbackFlowCurrentAuthorizationAfterWaitingForMaintenance/rollback (0.60s)
    --- FAIL: TestRollbackFlowCurrentAuthorizationAfterWaitingForMaintenance/rollback-replay (0.61s)
FAIL
FAIL	github.com/asherzj/relational-config-center/admin/cmd/admin	17.904s
FAIL
