=== RUN   TestRollbackFlowBrowserSystemPath
2026/09/11 16:43:04 github.com/testcontainers/testcontainers-go - Connected to docker: 
  Server Version: 29.5.2
  API Version: 1.54
  Operating System: Ubuntu 24.04.4 LTS
  Total Memory: 3904 MB
  Testcontainers for Go Version: v0.44.0
  Resolved Docker Host: unix:///Users/asher/.colima/default/docker.sock
  Resolved Docker Socket Path: /Users/asher/.colima/default/docker.sock
  Test SessionID: b643b2a93fdbe24a633f0e05915a418b1e35daf654aaaeee1f7cc93ac7b61f10
  Test ProcessID: 4ba2d08b-ba69-44e5-b74c-6c0742996f80
2026/09/11 16:43:04 🐳 Creating container for image mysql:8.4
2026/09/11 16:43:04 ✅ Container created: 5ee0800c1bef
2026/09/11 16:43:04 🐳 Starting container: 5ee0800c1bef
2026/09/11 16:43:04 ✅ Container started: 5ee0800c1bef
2026/09/11 16:43:04 ⏳ Waiting for container id 5ee0800c1bef image: mysql:8.4. Waiting for: all of: [log message "port: 3306  MySQL Community Server"]
2026/09/11 16:43:11 🔔 Container is ready: 5ee0800c1bef
    release_rollback_flow_browser_integration_test.go:8: isolated browser target: MySQL localhost:48206/rcc_test, Admin http://127.0.0.1:51829 pid=62623, Vite http://127.0.0.1:51826 pid=62645; evidence /private/tmp/rcc-issue-105-emergency-rollback/docs/verification/2026-09-11-emergency-rollback/browser/01
    release_rollback_flow_browser_integration_test.go:8: release flow browser path: exit status 1 locator.click: Timeout 20000ms exceeded.
        Call log:
        [2m  - waiting for getByRole('button', { name: '执行发布', exact: true })[22m
        
            at publish (/private/tmp/rcc-issue-105-emergency-rollback/web/e2e/release-rollback-flows.cjs:99:98)
            at async /private/tmp/rcc-issue-105-emergency-rollback/web/e2e/release-rollback-flows.cjs:137:17 {
          log: [
            "  - waiting for getByRole('button', { name: '执行发布', exact: true })"
          ],
          name: 'TimeoutError'
        }
2026/09/11 16:43:41 🐳 Stopping container: 5ee0800c1bef
2026/09/11 16:43:42 ✅ Container stopped: 5ee0800c1bef
2026/09/11 16:43:42 🐳 Terminating container: 5ee0800c1bef
2026/09/11 16:43:42 🚫 Container terminated: 5ee0800c1bef
--- FAIL: TestRollbackFlowBrowserSystemPath (37.95s)
FAIL
FAIL	github.com/asherzj/relational-config-center/admin/cmd/admin	39.392s
FAIL
