=== RUN   TestRollbackFlowAC019PersistsCurrentEmergencyInstancesBeforeDisplay
2026/09/11 16:45:38 github.com/testcontainers/testcontainers-go - Connected to docker: 
  Server Version: 29.5.2
  API Version: 1.54
  Operating System: Ubuntu 24.04.4 LTS
  Total Memory: 3904 MB
  Testcontainers for Go Version: v0.44.0
  Resolved Docker Host: unix:///Users/asher/.colima/default/docker.sock
  Resolved Docker Socket Path: /Users/asher/.colima/default/docker.sock
  Test SessionID: b169fd6adefc9e1073aef946f20985e327593e08d507c6e41f58de2e5bd9336d
  Test ProcessID: bfb7a843-88c6-4b66-9ab5-fd11313d185e
2026/09/11 16:45:38 🐳 Creating container for image mysql:8.4
2026/09/11 16:45:39 ✅ Container created: 9928647ceded
2026/09/11 16:45:39 🐳 Starting container: 9928647ceded
2026/09/11 16:45:39 ✅ Container started: 9928647ceded
2026/09/11 16:45:39 ⏳ Waiting for container id 9928647ceded image: mysql:8.4. Waiting for: all of: [log message "port: 3306  MySQL Community Server"]
2026/09/11 16:45:45 🔔 Container is ready: 9928647ceded
{"request_id":"rcc-615720ca63c0ce604f60127d97adc4d8","method":"GET","path":"/api/v1/auth/csrf","status":200,"duration_ms":7}
{"request_id":"rcc-04db196d753288a5c33c29316d5acc31","method":"POST","path":"/api/v1/auth/register","status":201,"duration_ms":47}
{"request_id":"rcc-905b91ee41f9a764e23a3dae7d6a45ee","method":"GET","path":"/api/v1/auth/csrf","status":200,"duration_ms":6}
{"request_id":"rcc-880e86a4903ec85af3796e538c94fc9b","method":"POST","path":"/api/v1/auth/login","status":200,"duration_ms":53}
{"request_id":"rcc-ede8a139b0c1b64ca8ae3604fbe27948","method":"POST","path":"/api/v1/query-policies","status":201,"duration_ms":4}
{"request_id":"rcc-ac1607f195c2b745834e3e5ba6c0a0d6","method":"POST","path":"/api/v1/query-policies/:code/activate","status":200,"duration_ms":4}
{"request_id":"rcc-1f2324e1ce44e9bea53c88deaa104a8e","method":"POST","path":"/api/v1/mutation-policies","status":201,"duration_ms":3}
{"request_id":"rcc-e4f6dbb180f0129fd1015c422b02dd22","method":"POST","path":"/api/v1/mutation-policies/:code/activate","status":200,"duration_ms":4}
{"request_id":"rcc-27e9a906844b7314e6defccbe63e9f48","method":"POST","path":"/api/v1/table-policies","status":201,"duration_ms":15}
{"request_id":"rcc-658a608ead292d87d5018c6adea85f6d","method":"POST","path":"/api/v1/table-policies/:table_name/enable","status":200,"duration_ms":13}
{"request_id":"rcc-ab75327af959ef00533a1857c7af23ed","method":"POST","path":"/api/v1/table-policies","status":201,"duration_ms":14}
{"request_id":"rcc-f669e2db8f50a4961757a41f6de34114","method":"POST","path":"/api/v1/table-policies/:table_name/enable","status":200,"duration_ms":13}
{"request_id":"rcc-af62a34faf7cb807390ebfa87c2e3876","method":"POST","path":"/api/v1/release-templates","status":201,"duration_ms":6}
{"request_id":"rcc-024b594c016a6b25ed9724681d9408f1","method":"POST","path":"/api/v1/mutation-policies","status":201,"duration_ms":2}
{"request_id":"rcc-47dd0092028c4c6876f5749024b53478","method":"POST","path":"/api/v1/mutation-policies/:code/activate","status":200,"duration_ms":5}
{"request_id":"rcc-4486541d0b2fa28233883a29c792295c","method":"PUT","path":"/api/v1/table-policies/:table_name","status":200,"duration_ms":17}
{"request_id":"rcc-e9f861a82045d115b14aee7b737c455a","method":"PUT","path":"/api/v1/table-policies/:table_name","status":200,"duration_ms":16}
{"request_id":"rcc-8675a876738a382240e1230b3756d646","method":"GET","path":"/api/v1/table-policies/:table_name/release-templates","status":200,"duration_ms":2}
{"request_id":"rcc-e8029a3abf98ffb299bacf727203bfc6","method":"PUT","path":"/api/v1/table-policies/:table_name/release-templates/:release_type","status":200,"duration_ms":8}
{"request_id":"rcc-543e729c86ac6e69ee64e46ab5b01473","method":"GET","path":"/api/v1/table-policies/:table_name/release-templates","status":200,"duration_ms":2}
{"request_id":"rcc-e71ff346bd6ab2e806bfe872c005ea21","method":"PUT","path":"/api/v1/table-policies/:table_name/release-templates/:release_type","status":200,"duration_ms":8}
{"request_id":"rcc-c8f8d95f172306f10e8c8aca341c9e0e","method":"GET","path":"/api/v1/auth/csrf","status":200,"duration_ms":5}
{"request_id":"rcc-4583f2c4b1c669b2283f31a6c5bc6d84","method":"POST","path":"/api/v1/auth/register","status":201,"duration_ms":44}
{"request_id":"rcc-983bb07f305b39f7bde173c90c21ec62","method":"POST","path":"/api/v1/release-orders","status":201,"duration_ms":36}
{"request_id":"rcc-c0f0936f12b1cd8637f5ddc4ae49adb2","method":"POST","path":"/api/v1/approval-roles","status":201,"duration_ms":14}
{"request_id":"rcc-3f69aa74f0d4e96405e552ade54eb303","method":"GET","path":"/api/v1/table-policies/:table_name/approval-roles","status":200,"duration_ms":3}
{"request_id":"rcc-74caef5fb2b7c10b8ebff4ea0f4a80b5","method":"PUT","path":"/api/v1/table-policies/:table_name/approval-roles","status":200,"duration_ms":15}
{"request_id":"rcc-0ad48f863f88a92a578a55493d33345b","method":"GET","path":"/api/v1/table-policies/:table_name/approval-roles","status":200,"duration_ms":2}
{"request_id":"rcc-6924da70a0c4b4ee8ab045a99b7e2ffc","method":"PUT","path":"/api/v1/table-policies/:table_name/approval-roles","status":200,"duration_ms":14}
{"request_id":"rcc-896ebbc96a463a9f96ff6373b8c56ae8","method":"POST","path":"/api/v1/release-orders/:id/submit","status":200,"duration_ms":107}
{"request_id":"rcc-4cdda633b55aa232d2e77553734d0e0c","method":"GET","path":"/api/v1/release-orders/:id","status":200,"duration_ms":7}
{"request_id":"rcc-e355a53796ec6fc74bbc6fa41cb734aa","method":"POST","path":"/api/v1/release-orders/:id/approve","status":200,"duration_ms":31}
{"request_id":"rcc-b4e62d152e2c63f03c6c59112a24aafd","method":"POST","path":"/api/v1/release-orders/:id/execute","status":200,"duration_ms":135}
{"request_id":"rcc-08f0c665aef0fbac3b66d282a3f77f15","method":"POST","path":"/api/v1/release-templates","status":201,"duration_ms":6}
{"request_id":"rcc-e9e23c82ee31a9035477b1514cf41f65","method":"GET","path":"/api/v1/table-policies/:table_name/release-templates","status":200,"duration_ms":2}
{"request_id":"rcc-a3bd1a2cb469c09213abc5d2f5677c5e","method":"PUT","path":"/api/v1/table-policies/:table_name/release-templates/:release_type","status":200,"duration_ms":9}
{"request_id":"rcc-91c989e027a787df497044e97114d716","method":"GET","path":"/api/v1/release-orders/:id","status":200,"duration_ms":7}
    release_rollback_flow_integration_test.go:41: ordinary detail read instantiated restoration {4 []}
2026/09/11 16:45:47 🐳 Stopping container: 9928647ceded
2026/09/11 16:45:49 ✅ Container stopped: 9928647ceded
2026/09/11 16:45:49 🐳 Terminating container: 9928647ceded
2026/09/11 16:45:49 🚫 Container terminated: 9928647ceded
--- FAIL: TestRollbackFlowAC019PersistsCurrentEmergencyInstancesBeforeDisplay (10.37s)
FAIL
FAIL	github.com/asherzj/relational-config-center/admin/cmd/admin	11.855s
FAIL
