=== RUN   TestRollbackFlowBrowserSystemPath
2026/09/11 16:52:47 github.com/testcontainers/testcontainers-go - Connected to docker: 
  Server Version: 29.5.2
  API Version: 1.54
  Operating System: Ubuntu 24.04.4 LTS
  Total Memory: 3904 MB
  Testcontainers for Go Version: v0.44.0
  Resolved Docker Host: unix:///Users/asher/.colima/default/docker.sock
  Resolved Docker Socket Path: /Users/asher/.colima/default/docker.sock
  Test SessionID: e24dee4868289bc22ea2856d18e440710659f18d61fc970a112f92779e0421ad
  Test ProcessID: bbc75a60-2657-4e80-985a-0823d5089a5c
2026/09/11 16:52:47 🐳 Creating container for image mysql:8.4
2026/09/11 16:52:47 ✅ Container created: 903f29850bd6
2026/09/11 16:52:47 🐳 Starting container: 903f29850bd6
2026/09/11 16:52:47 ✅ Container started: 903f29850bd6
2026/09/11 16:52:47 ⏳ Waiting for container id 903f29850bd6 image: mysql:8.4. Waiting for: all of: [log message "port: 3306  MySQL Community Server"]
2026/09/11 16:52:54 🔔 Container is ready: 903f29850bd6
    release_rollback_flow_browser_integration_test.go:8: isolated browser target: MySQL localhost:48226/rcc_test, Admin http://127.0.0.1:53809 pid=64093, Vite http://127.0.0.1:53804 pid=64142; evidence /private/tmp/rcc-issue-105-emergency-rollback/docs/verification/2026-09-11-emergency-rollback/browser/02
    release_rollback_flow_browser_integration_test.go:8: release flow browser path: exit status 1 AssertionError [ERR_ASSERTION]: 04-original-preview-replayed-390: inaccessible dialog {"label":"_r_i_","left":0,"right":390,"top":-30.1015625,"bottom":874.1015625}
            at shot (/private/tmp/rcc-issue-105-emergency-rollback/web/e2e/release-rollback-flows.cjs:42:45)
            at async shots (/private/tmp/rcc-issue-105-emergency-rollback/web/e2e/release-rollback-flows.cjs:48:54)
            at async /private/tmp/rcc-issue-105-emergency-rollback/web/e2e/release-rollback-flows.cjs:153:3 {
          generatedMessage: false,
          code: 'ERR_ASSERTION',
          actual: false,
          expected: true,
          operator: '==',
          diff: 'simple'
        }
2026/09/11 16:53:08 🐳 Stopping container: 903f29850bd6
2026/09/11 16:53:09 ✅ Container stopped: 903f29850bd6
2026/09/11 16:53:09 🐳 Terminating container: 903f29850bd6
2026/09/11 16:53:09 🚫 Container terminated: 903f29850bd6
--- FAIL: TestRollbackFlowBrowserSystemPath (22.41s)
FAIL
FAIL	github.com/asherzj/relational-config-center/admin/cmd/admin	23.572s
FAIL
