=== RUN   TestRollbackFlowBrowserSystemPath
2026/09/11 16:55:20 github.com/testcontainers/testcontainers-go - Connected to docker: 
  Server Version: 29.5.2
  API Version: 1.54
  Operating System: Ubuntu 24.04.4 LTS
  Total Memory: 3904 MB
  Testcontainers for Go Version: v0.44.0
  Resolved Docker Host: unix:///Users/asher/.colima/default/docker.sock
  Resolved Docker Socket Path: /Users/asher/.colima/default/docker.sock
  Test SessionID: e85603e7dd219c593b6fd3b694861efceb6a6aabf8df6a8e1e88354bb29aa89f
  Test ProcessID: a8c16254-1d7b-4c89-9208-519f07fb7dbb
2026/09/11 16:55:20 🐳 Creating container for image mysql:8.4
2026/09/11 16:55:20 ✅ Container created: 8b0329890a69
2026/09/11 16:55:20 🐳 Starting container: 8b0329890a69
2026/09/11 16:55:20 ✅ Container started: 8b0329890a69
2026/09/11 16:55:20 ⏳ Waiting for container id 8b0329890a69 image: mysql:8.4. Waiting for: all of: [log message "port: 3306  MySQL Community Server"]
2026/09/11 16:55:27 🔔 Container is ready: 8b0329890a69
    release_rollback_flow_browser_integration_test.go:8: isolated browser target: MySQL localhost:48228/rcc_test, Admin http://127.0.0.1:54574 pid=64660, Vite http://127.0.0.1:54568 pid=64672; evidence /private/tmp/rcc-issue-105-emergency-rollback/docs/verification/2026-09-11-emergency-rollback/browser/03
    release_rollback_flow_browser_integration_test.go:8: release flow browser path: exit status 1 AssertionError [ERR_ASSERTION]: The expression evaluated to a falsy value:
        
          assert.ok(BigInt(commands[0].sequence)<BigInt(commands[1].sequence))
        
            at /private/tmp/rcc-issue-105-emergency-rollback/web/e2e/release-rollback-flows.cjs:176:10 {
          generatedMessage: true,
          code: 'ERR_ASSERTION',
          actual: false,
          expected: true,
          operator: '==',
          diff: 'simple'
        }
2026/09/11 16:55:44 🐳 Stopping container: 8b0329890a69
2026/09/11 16:55:45 ✅ Container stopped: 8b0329890a69
2026/09/11 16:55:45 🐳 Terminating container: 8b0329890a69
2026/09/11 16:55:45 🚫 Container terminated: 8b0329890a69
--- FAIL: TestRollbackFlowBrowserSystemPath (24.93s)
FAIL
FAIL	github.com/asherzj/relational-config-center/admin/cmd/admin	25.956s
FAIL
