=== RUN   TestRollbackFlowBrowserSystemPath
2026/09/11 16:58:51 github.com/testcontainers/testcontainers-go - Connected to docker: 
  Server Version: 29.5.2
  API Version: 1.54
  Operating System: Ubuntu 24.04.4 LTS
  Total Memory: 3904 MB
  Testcontainers for Go Version: v0.44.0
  Resolved Docker Host: unix:///Users/asher/.colima/default/docker.sock
  Resolved Docker Socket Path: /Users/asher/.colima/default/docker.sock
  Test SessionID: e0d4d4c21eb82c17137e5715b0a5c3ca7f25da18c5d5b9613eb7bc44c3f48317
  Test ProcessID: 4f62acb7-05c7-4fe3-af43-69328223fe6c
2026/09/11 16:58:51 🐳 Creating container for image mysql:8.4
2026/09/11 16:58:51 ✅ Container created: 98697d6859bd
2026/09/11 16:58:51 🐳 Starting container: 98697d6859bd
2026/09/11 16:58:51 ✅ Container started: 98697d6859bd
2026/09/11 16:58:51 ⏳ Waiting for container id 98697d6859bd image: mysql:8.4. Waiting for: all of: [log message "port: 3306  MySQL Community Server"]
2026/09/11 16:58:58 🔔 Container is ready: 98697d6859bd
    release_rollback_flow_browser_integration_test.go:8: isolated browser target: MySQL localhost:48234/rcc_test, Admin http://127.0.0.1:55558 pid=65090, Vite http://127.0.0.1:55552 pid=65099; evidence /private/tmp/rcc-issue-105-emergency-rollback/docs/verification/2026-09-11-emergency-rollback/browser/04
    release_rollback_flow_browser_integration_test.go:8: browser → Vite proxy → Admin → MySQL: [AC-019/023: committed preview response loss survives close/reload, manual original-key replay, template edits, and a fresh-key reopen with unchanged persisted per-table emergency instances AC-020: keyboard confirmation with an empty reason reverses both tables once, ends the original order, records real restoration actors, stops completion nodes without a fictitious completion, and supports later reason correction AC-021: the real applicant result notification opens the same original order and persisted per-table restoration details, without a pending approval AC-023/024: historical preview replay acknowledges the original successful save after completion or rollback, while authoritative header reads keep both terminal orders ineligible for another recovery]
2026/09/11 16:59:27 🐳 Stopping container: 98697d6859bd
2026/09/11 16:59:28 ✅ Container stopped: 98697d6859bd
2026/09/11 16:59:28 🐳 Terminating container: 98697d6859bd
2026/09/11 16:59:28 🚫 Container terminated: 98697d6859bd
--- PASS: TestRollbackFlowBrowserSystemPath (37.30s)
PASS
ok  	github.com/asherzj/relational-config-center/admin/cmd/admin	40.923s
