=== RUN   TestAccountBrowserSystemPath
2026/09/11 16:59:55 github.com/testcontainers/testcontainers-go - Connected to docker: 
  Server Version: 29.5.2
  API Version: 1.54
  Operating System: Ubuntu 24.04.4 LTS
  Total Memory: 3904 MB
  Testcontainers for Go Version: v0.44.0
  Resolved Docker Host: unix:///Users/asher/.colima/default/docker.sock
  Resolved Docker Socket Path: /Users/asher/.colima/default/docker.sock
  Test SessionID: 7e99d83f69a2782267a4c9f3fb270e5a32c13656fd81a13f5f8e89a06c643689
  Test ProcessID: 9afd08c8-42a7-482b-8314-e4f73ba5bb22
2026/09/11 16:59:55 🐳 Creating container for image mysql:8.4
2026/09/11 16:59:55 ✅ Container created: b348b174e53a
2026/09/11 16:59:55 🐳 Starting container: b348b174e53a
2026/09/11 16:59:55 ✅ Container started: b348b174e53a
2026/09/11 16:59:55 ⏳ Waiting for container id b348b174e53a image: mysql:8.4. Waiting for: all of: [log message "port: 3306  MySQL Community Server"]
2026/09/11 17:00:01 🔔 Container is ready: b348b174e53a
    account_browser_integration_test.go:76: browser system path: exit status 1 node:internal/fs/promises:1254
          return await PromisePrototypeThen(
                 ^
        
        Error: ENOENT: no such file or directory, mkdtemp '/private/tmp/rcc-issue-105-emergency-rollback/docs/verification/2026-09-11-emergency-rollback/browser/05-affected-account/account-browser-profile-X9O8YI'
            at async mkdtemp (node:internal/fs/promises:1254:10)
            at async file:///private/tmp/rcc-issue-105-emergency-rollback/web/e2e/accounts.mjs:18:17 {
          errno: -2,
          code: 'ENOENT',
          syscall: 'mkdtemp',
          path: '/private/tmp/rcc-issue-105-emergency-rollback/docs/verification/2026-09-11-emergency-rollback/browser/05-affected-account/account-browser-profile-X9O8YI'
        }
        
        Node.js v24.19.0
2026/09/11 17:00:06 🐳 Stopping container: b348b174e53a
2026/09/11 17:00:07 ✅ Container stopped: b348b174e53a
2026/09/11 17:00:07 🐳 Terminating container: b348b174e53a
2026/09/11 17:00:07 🚫 Container terminated: b348b174e53a
--- FAIL: TestAccountBrowserSystemPath (12.19s)
FAIL
FAIL	github.com/asherzj/relational-config-center/admin/cmd/admin	14.477s
FAIL
