
> @relational-config-center/web@0.0.0 test:run /private/tmp/rcc-issue-105-emergency-rollback/web
> vitest run src/features/release-orders/ReleaseOrdersPage.test.tsx -t '被拒绝执行后的未知预览'


 RUN  v4.1.11 /private/tmp/rcc-issue-105-emergency-rollback/web

 ❯ src/features/release-orders/ReleaseOrdersPage.test.tsx (96 tests | 1 failed | 95 skipped) 1378ms
   × 被拒绝执行后的未知预览在主单已完结时仍可原包确认且不能重建执行 1377ms

⎯⎯⎯⎯⎯⎯⎯ Failed Tests 1 ⎯⎯⎯⎯⎯⎯⎯

 FAIL  src/features/release-orders/ReleaseOrdersPage.test.tsx > 被拒绝执行后的未知预览在主单已完结时仍可原包确认且不能重建执行
AssertionError: expected [] to have a length of 1 but got +0

Ignored nodes: comments, script, style
[36m<html[39m
  [33mclass[39m=[32m"modal-open"[39m
[36m>[39m
  [36m<head />[39m
  [36m<body[39m
    [33mclass[39m=[32m"modal-open"[39m
  [36m>[39m
    [36m<span[39m
      [33mdata-radix-focus-guard[39m=[32m""[39m
      [33mstyle[39m=[32m"outline: none; opacity: 0; position: fixed; pointer-events: none;"[39m
      [33mtabindex[39m=[32m"0"[39m
    [36m/>[39m
    [36m<div>[39m
      [36m<div[39m
        [33maria-hidden[39m=[32m"false"[39m
        [33mclass[39m=[32m"protected-workspace"[39m
        [33mdata-session-status[39m=[32m"ready"[39m
      [36m>[39m
        [36m<div[39m
          [33mclass[39m=[32m"app-shell"[39m
        [36m>[39m
          [36m<header[39m
            [33mclass[39m=[32m"app-header"[39m
            [33minert[39m=[32m""[39m
          [36m>[39m
            [36m<div[39m
              [33mclass[39m=[32m"brand"[39m
            [36m>[39m
              [36m<button[39m
                [33maria-controls[39m=[32m"primary-navigation"[39m
                [33maria-expanded[39m=[32m"false"[39m
                [33maria-label[39m=[32m"打开导航"[39m
                [33mclass[39m=[32m"inline-flex items-center justify-center gap-2 rounded-md text-sm font-medium whitespace-nowrap transition-all outline-none focus-visible:border-ring focus-visible:ring-[3px] focus-visible:ring-ring/50 disabled:pointer-events-none disabled:opacity-50 aria-invalid:border-destructive aria-invalid:ring-destructive/20 dark:aria-invalid:ring-destructive/40 [&_svg]:pointer-events-none [&_svg]:shrink-0 [&_svg:not([class*='size-'])]:size-4 hover:bg-accent hover:text-accent-foreground dark:hover:bg-accent/50 has-[>svg]:px-3 button size-9 shrink-0 p-0 icon-button mobile-menu"[39m
                [33mdata-size[39m=[32m"default"[39m
                [33mdata-slot[39m=[32m"button"[39m
                [33mdata-variant[39m=[32m"ghost"[39m
              [36m>[39m
                [36m<svg[39m
                  [33maria-hidden[39m=[32m"true"[39m
                  [33mclass[39m=[32m"lucide lucide-menu"[39m
                  [33mfill[39m=[32m"none"[39m
                  [33mheight[39m=[32m"20"[39m
                  [33mstroke[39m=[32m"currentColor"[39m
                  [33mstroke-linecap[39m=[32m"round"[39m
                  [33mstroke-linejoin[39m=[32m"round"[39m
                  [33mstroke-width[39m=[32m"2"[39m
                  [33mviewBox[39m=[32m"0 0 24 24"[39m
                  [33mwidth[39m=[32m"20"[39m
                  [33mxmlns[39m=[32m"http://www.w3.org/2000/svg"[39m
                [36m>[39m
                  [36m<path[39m
                    [33md[39m=[32m"M4 5h16"[39m
                  [36m/>[39m
                  [36m<path[39m
                    [33md[39m=[32m"M4 12h16"[39m
                  [36m/>[39m
                  [36m<path[39m
                    [33md[39m=[32m"M4 19h16"[39m
                  [36m/>[39m
                [36m</svg>[39m
              [36m</button>[39m
              [36m<span[39m
                [33mclass[39m=[32m"brand-mark"[39m
              [36m>[39m
                [36m<svg[39m
                  [33maria-hidden[39m=[32m"true"[39m
                  [33mclass[39m=[32m"lucide lucide-database"[39m
                  [33mfill[39m=[32m"none"[39m
                  [33mheight[39m=[32m"20"[39m
                  [33mstroke[39m=[32m"currentColor"[39m
                  [33mstroke-linecap[39m=[32m"round"[39m
                  [33mstroke-linejoin[39m=[32m"round"[39m
                  [33mstroke-width[39m=[32m"1.8"[39m
                  [33mviewBox[39m=[32m"0 0 24 24"[39m
                  [33mwidth[39m=[32m"20"[39m
                  [33mxmlns[39m=[32m"http://www.w3.org/2000/svg"[39m
                [36m>[39m
                  [36m<ellipse[39m
                    [33mcx[39m=[32m"12"[39m
                    [33mcy[39m=[32m"5"[39m
                    [33mrx[39m=[32m"9"[39m
                    [33mry[39m=[32m"3"[39m
                  [36m/>[39m
                  [36m<path[39m
                    [33md[39m=[32m"M3 5V19A9 3 0 0 0 21 19V5"[39m
                  [36m/>[39m
                  [36m<path[39m
                    [33md[39m=[32m"M3 12A9 3 0 0 0 21 12"[39m
                  [36m/>[39m
                [36m</svg>[39m
              [36m</span>[39m
              [36m<strong>[39m
                [0m关系型配置中心[0m
              [36m</strong>[39m
            [36m</div>[39m
            [36m<div[39m
              [33mclass[39m=[32m"header-breadcrumb"[39m
            [36m>[39m
              [36m<span>[39m
                [0m工作空间[0m
              [36m</span>[39m
              [36m<svg[39m
                [33maria-hidden[39m=[32m"true"[39m
                [33mclass[39m=[32m"lucide lucide-chevron-right"[39m
                [33mfill[39m=[32m"none"[39m
                [33mheight[39m=[32m"14"[39m
                [33mstroke[39m=[32m"currentColor"[39m
                [33mstroke-linecap[39m=[32m"round"[39m
                [33mstroke-linejoin[39m=[32m"round"[39m
                [33mstroke-width[39m=[32m"2"[39m
                [33mviewBox[39m=[32m"0 0 24 24"[39m
                [33mwidth[39m=[32m"14"[39m
                [33mxmlns[39m=[32m"http://www.w3.org/2000/svg"[39m
              [36m>[39m
                [36m<path[39m
                  [33md[39m=[32m"m9 18 6-6-6-6"[39m
                [36m/>[39m
              [36m</svg>[39m
              [36m<strong>[39m
                [0m配置管理[0m
              [36m</strong>[39m
            [36m</div>[39m
            [36m<span[39m
              [33mclass[39m=[32m"inline-flex w-fit shrink-0 items-center justify-center gap-1 overflow-hidden rounded-full border px-2 py-0.5 text-xs font-medium whitespace-nowrap transition-[color,box-shadow] focus-visible:border-ring focus-visible:ring-[3px] focus-visible:ring-ring/50 aria-invalid:border-destructive aria-invalid:ring-destructive/20 dark:aria-invalid:ring-destructive/40 [&>svg]:pointer-events-none [&>svg]:size-3 border-border text-foreground [a&]:hover:bg-accent [a&]:hover:text-accent-foreground header-status"[39m
              [33mdata-slot[39m=[32m"badge"[39m
              [33mdata-variant[39m=[32m"outline"[39m
            [36m>[39m
              [36m<svg[39m
                [33maria-hidden[39m=[32m"true"[39m
                [33mclass[39m=[32m"lucide lucide-database"[39m
                [33mfill[39m=[32m"none"[39m
                [33mheight[39m=[32m"14"[39m
                [33mstroke[39m=[32m"currentColor"[39m
                [33mstroke-linecap[39m=[32m"round"[39m
                [33mstroke-linejoin[39m=[32m"round"[39m
                [33mstroke-width[39m=[32m"2"[39m
                [33mviewBox[39m=[32m"0 0...

- Expected
+ Received

- 1
+ 0

 ❯ src/features/release-orders/ReleaseOrdersPage.test.tsx:1161:84

 ❯ runWithExpensiveErrorDiagnosticsDisabled ../../rcc-issue-103-release-instances/web/node_modules/.pnpm/@testing-library+dom@10.4.1/node_modules/@testing-library/dom/dist/config.js:47:12
 ❯ checkCallback ../../rcc-issue-103-release-instances/web/node_modules/.pnpm/@testing-library+dom@10.4.1/node_modules/@testing-library/dom/dist/wait-for.js:124:77
 ❯ Timeout.checkRealTimersCallback ../../rcc-issue-103-release-instances/web/node_modules/.pnpm/@testing-library+dom@10.4.1/node_modules/@testing-library/dom/dist/wait-for.js:118:16

⎯⎯⎯⎯⎯⎯⎯⎯⎯⎯⎯⎯⎯⎯⎯⎯⎯⎯⎯⎯⎯⎯⎯⎯[1/1]⎯


 Test Files  1 failed (1)
      Tests  1 failed | 95 skipped (96)
   Start at  16:51:01
   Duration  3.26s (transform 627ms, setup 255ms, import 950ms, tests 1.38s, environment 563ms)

 ELIFECYCLE  Command failed with exit code 1.
