2026-09-12T07:57:26.878Z pw:browser <launching> /home/runner/.cache/ms-playwright/webkit-2336/pw_run.sh --inspector-pipe --headless --user-data-dir=/home/runner/work/_temp/rcc-accounts-webkit-browser/release-workflow/recovery-webkit/iteration-1/account-browser-profile-a8IJxT about:blank
2026-09-12T07:57:26.883Z pw:browser <launched> pid=7077
2026-09-12T07:57:29.988Z pw:browser [pid=7077][err] libEGL warning: failed to get driver name for fd -1
2026-09-12T07:57:29.989Z pw:browser [pid=7077][err] 
2026-09-12T07:57:29.989Z pw:browser [pid=7077][err] libEGL warning: MESA-LOADER: failed to retrieve device information
2026-09-12T07:57:29.989Z pw:browser [pid=7077][err] 
2026-09-12T07:57:29.989Z pw:browser [pid=7077][err] libEGL warning: failed to get driver name for fd -1
2026-09-12T07:57:29.989Z pw:browser [pid=7077][err] 
2026-09-12T07:57:30.060Z pw:browser [pid=7077][err] MESA: error: ZINK: vkCreateInstance failed (VK_ERROR_INCOMPATIBLE_DRIVER)
2026-09-12T07:57:30.089Z pw:browser [pid=7077][err] libEGL warning: egl: failed to create dri2 screen
2026-09-12T07:57:31.452Z pw:browser [pid=7077][err] 
2026-09-12T07:57:31.452Z pw:browser [pid=7077][err] ** (MiniBrowser:7083): CRITICAL **: 07:57:31.452: WebKitWebView is-controlled-by-automation set but automation is not allowed in the context, falling back to default session.
2026-09-12T07:57:31.530Z pw:browser [pid=7077][err] libEGL warning: failed to get driver name for fd -1
2026-09-12T07:57:31.530Z pw:browser [pid=7077][err] 
2026-09-12T07:57:31.530Z pw:browser [pid=7077][err] libEGL warning: MESA-LOADER: failed to retrieve device information
2026-09-12T07:57:31.530Z pw:browser [pid=7077][err] 
2026-09-12T07:57:31.531Z pw:browser [pid=7077][err] libEGL warning: failed to get driver name for fd -1
2026-09-12T07:57:31.531Z pw:browser [pid=7077][err] 
2026-09-12T07:57:31.534Z pw:browser [pid=7077][err] MESA: error: ZINK: vkCreateInstance failed (VK_ERROR_INCOMPATIBLE_DRIVER)
2026-09-12T07:57:31.534Z pw:browser [pid=7077][err] libEGL warning: egl: failed to create dri2 screen
2026-09-12T07:57:37.942Z pw:browser <launching> /home/runner/.cache/ms-playwright/webkit-2336/pw_run.sh --inspector-pipe --headless --no-startup-window
2026-09-12T07:57:37.945Z pw:browser <launched> pid=7209
2026-09-12T07:57:38.082Z pw:browser [pid=7209][err] 
2026-09-12T07:57:38.082Z pw:browser [pid=7209][err] ** (MiniBrowser:7215): CRITICAL **: 07:57:38.081: WebKitWebView is-controlled-by-automation set but automation is not allowed in the context, falling back to default session.
2026-09-12T07:57:38.175Z pw:browser [pid=7209][err] libEGL warning: failed to get driver name for fd -1
2026-09-12T07:57:38.176Z pw:browser [pid=7209][err] 
2026-09-12T07:57:38.176Z pw:browser [pid=7209][err] libEGL warning: MESA-LOADER: failed to retrieve device information
2026-09-12T07:57:38.176Z pw:browser [pid=7209][err] 
2026-09-12T07:57:38.176Z pw:browser [pid=7209][err] libEGL warning: failed to get driver name for fd -1
2026-09-12T07:57:38.176Z pw:browser [pid=7209][err] 
2026-09-12T07:57:38.180Z pw:browser [pid=7209][err] MESA: error: ZINK: vkCreateInstance failed (VK_ERROR_INCOMPATIBLE_DRIVER)
2026-09-12T07:57:38.180Z pw:browser [pid=7209][err] libEGL warning: egl: failed to create dri2 screen
2026-09-12T07:57:38.366Z pw:browser [pid=7077][err] RENDERER: Fetch API cannot load http://127.0.0.1:42289/api/v1/auth/session due to access control checks.
2026-09-12T07:57:38.501Z pw:browser [pid=7077] <gracefully close start>
2026-09-12T07:57:38.626Z pw:browser [pid=7077] <process did exit: exitCode=0, signal=null>
2026-09-12T07:57:38.626Z pw:browser [pid=7077] starting temporary directories cleanup
2026-09-12T07:57:38.627Z pw:browser [pid=7077] finished temporary directories cleanup
2026-09-12T07:57:38.627Z pw:browser [pid=7077] <gracefully close end>
2026-09-12T07:57:38.630Z pw:browser <launching> /home/runner/.cache/ms-playwright/webkit-2336/pw_run.sh --inspector-pipe --headless --user-data-dir=/home/runner/work/_temp/rcc-accounts-webkit-browser/release-workflow/recovery-webkit/iteration-1/account-browser-profile-a8IJxT about:blank
2026-09-12T07:57:38.632Z pw:browser <launched> pid=7279
2026-09-12T07:57:38.800Z pw:browser [pid=7279][err] libEGL warning: failed to get driver name for fd -1
2026-09-12T07:57:38.800Z pw:browser [pid=7279][err] 
2026-09-12T07:57:38.800Z pw:browser [pid=7279][err] libEGL warning: MESA-LOADER: failed to retrieve device information
2026-09-12T07:57:38.800Z pw:browser [pid=7279][err] 
2026-09-12T07:57:38.800Z pw:browser [pid=7279][err] libEGL warning: failed to get driver name for fd -1
2026-09-12T07:57:38.800Z pw:browser [pid=7279][err] 
2026-09-12T07:57:38.804Z pw:browser [pid=7279][err] MESA: error: ZINK: vkCreateInstance failed (VK_ERROR_INCOMPATIBLE_DRIVER)
2026-09-12T07:57:38.804Z pw:browser [pid=7279][err] libEGL warning: egl: failed to create dri2 screen
2026-09-12T07:57:38.893Z pw:browser [pid=7279][err] 
2026-09-12T07:57:38.893Z pw:browser [pid=7279][err] ** (MiniBrowser:7285): CRITICAL **: 07:57:38.893: WebKitWebView is-controlled-by-automation set but automation is not allowed in the context, falling back to default session.
2026-09-12T07:57:38.976Z pw:browser [pid=7279][err] libEGL warning: failed to get driver name for fd -1
2026-09-12T07:57:38.977Z pw:browser [pid=7279][err] 
2026-09-12T07:57:38.977Z pw:browser [pid=7279][err] libEGL warning: MESA-LOADER: failed to retrieve device information
2026-09-12T07:57:38.977Z pw:browser [pid=7279][err] 
2026-09-12T07:57:38.977Z pw:browser [pid=7279][err] libEGL warning: failed to get driver name for fd -1
2026-09-12T07:57:38.977Z pw:browser [pid=7279][err] 
2026-09-12T07:57:38.982Z pw:browser [pid=7279][err] MESA: error: ZINK: vkCreateInstance failed (VK_ERROR_INCOMPATIBLE_DRIVER)
2026-09-12T07:57:38.982Z pw:browser [pid=7279][err] libEGL warning: egl: failed to create dri2 screen
{"run_suffix":"a5d07debf7e1","account_id":"dc74fc22-a29b-4381-9405-2408e2553a0c","username":"browser.user.a5d07debf7e1","member_username":"roles.member.a5d07debf7e1","template_key":"browser_system_a5d07debf7e1","checks":["record version conflict preserves input","explicit latest read and baseline rebuild","registration defaults VIEWER","maintenance ADMIN bootstrap","UI combination grant","390px role catalog and drawer","role history with permanent actor","original member session refresh","refresh","reopen","dirty navigation protection","same-account Change Set recovery after session loss","hidden drawer keyboard isolation","draft submit independent approval and publisher execution","unknown execute result reload and original-key recovery","final row defaults and permanent actor fields","refresh notification remains NOT_CONNECTED","no direct record write request","HTTP Cookie","storage/URL secrecy","logout rejection"]}2026-09-12T07:57:57.859Z pw:browser [pid=7209] <gracefully close start>
2026-09-12T07:57:57.910Z pw:browser [pid=7209] <process did exit: exitCode=0, signal=null>
2026-09-12T07:57:57.910Z pw:browser [pid=7209] starting temporary directories cleanup
2026-09-12T07:57:57.910Z pw:browser [pid=7209] finished temporary directories cleanup
2026-09-12T07:57:57.910Z pw:browser [pid=7209] <gracefully close end>
2026-09-12T07:57:57.911Z pw:browser [pid=7279] <gracefully close start>
2026-09-12T07:57:57.976Z pw:browser [pid=7279] <process did exit: exitCode=0, signal=null>
2026-09-12T07:57:57.976Z pw:browser [pid=7279] starting temporary directories cleanup
2026-09-12T07:57:57.976Z pw:browser [pid=7279] finished temporary directories cleanup
2026-09-12T07:57:57.976Z pw:browser [pid=7279] <gracefully close end>
