=== RUN   TestSchemaReadinessRejectsUnmanagedStartup
2026/09/11 05:52:42 github.com/testcontainers/testcontainers-go - Connected to docker: 
  Server Version: 29.5.2
  API Version: 1.54
  Operating System: Ubuntu 24.04.4 LTS
  Total Memory: 3904 MB
  Testcontainers for Go Version: v0.44.0
  Resolved Docker Host: unix:///Users/asher/.colima/default/docker.sock
  Resolved Docker Socket Path: /Users/asher/.colima/default/docker.sock
  Test SessionID: c6bc8c4d8c739af01cedfed2f52c5e87d70aa4895e8649114fb09b5d330ba25c
  Test ProcessID: 5ad3bb3b-8e05-4790-9c92-ea212419e82d
2026/09/11 05:52:42 🐳 Creating container for image mysql:8.4
2026/09/11 05:52:42 ✅ Container created: 95e9b48c1e31
2026/09/11 05:52:42 🐳 Starting container: 95e9b48c1e31
2026/09/11 05:52:42 ✅ Container started: 95e9b48c1e31
2026/09/11 05:52:42 ⏳ Waiting for container id 95e9b48c1e31 image: mysql:8.4. Waiting for: all of: [log message "port: 3306  MySQL Community Server"]
2026/09/11 05:52:48 🔔 Container is ready: 95e9b48c1e31
2026/09/11 05:52:50 🐳 Stopping container: 95e9b48c1e31
2026/09/11 05:52:51 ✅ Container stopped: 95e9b48c1e31
2026/09/11 05:52:51 🐳 Terminating container: 95e9b48c1e31
2026/09/11 05:52:51 🚫 Container terminated: 95e9b48c1e31
--- PASS: TestSchemaReadinessRejectsUnmanagedStartup (9.12s)
=== RUN   TestSchemaReadinessContinuouslyChecksStateAndCompleteStructureReadOnly
2026/09/11 05:52:51 🐳 Creating container for image mysql:8.4
2026/09/11 05:52:51 ✅ Container created: 6e5edd6ebea8
2026/09/11 05:52:51 🐳 Starting container: 6e5edd6ebea8
2026/09/11 05:52:51 ✅ Container started: 6e5edd6ebea8
2026/09/11 05:52:51 ⏳ Waiting for container id 6e5edd6ebea8 image: mysql:8.4. Waiting for: all of: [log message "port: 3306  MySQL Community Server"]
2026/09/11 05:52:57 🔔 Container is ready: 6e5edd6ebea8
=== RUN   TestSchemaReadinessContinuouslyChecksStateAndCompleteStructureReadOnly/unmanaged
=== RUN   TestSchemaReadinessContinuouslyChecksStateAndCompleteStructureReadOnly/ahead
=== RUN   TestSchemaReadinessContinuouslyChecksStateAndCompleteStructureReadOnly/unknown
=== RUN   TestSchemaReadinessContinuouslyChecksStateAndCompleteStructureReadOnly/release_digest
=== RUN   TestSchemaReadinessContinuouslyChecksStateAndCompleteStructureReadOnly/missing_column
=== RUN   TestSchemaReadinessContinuouslyChecksStateAndCompleteStructureReadOnly/wrong_default
=== RUN   TestSchemaReadinessContinuouslyChecksStateAndCompleteStructureReadOnly/missing_index
=== RUN   TestSchemaReadinessContinuouslyChecksStateAndCompleteStructureReadOnly/missing_field_policy
=== RUN   TestSchemaReadinessContinuouslyChecksStateAndCompleteStructureReadOnly/missing_release_templates
=== RUN   TestSchemaReadinessContinuouslyChecksStateAndCompleteStructureReadOnly/release_template_unique_key
=== NAME  TestSchemaReadinessContinuouslyChecksStateAndCompleteStructureReadOnly
    schema_readiness_integration_test.go:112: readiness: want 200 got 503 {"status":"not_ready"}
=== NAME  TestSchemaReadinessContinuouslyChecksStateAndCompleteStructureReadOnly/release_template_unique_key
    testing.go:2062: test executed panic(nil) or runtime.Goexit: subtest may have called FailNow on a parent test
2026/09/11 05:53:02 🐳 Stopping container: 6e5edd6ebea8
2026/09/11 05:53:03 ✅ Container stopped: 6e5edd6ebea8
2026/09/11 05:53:03 🐳 Terminating container: 6e5edd6ebea8
2026/09/11 05:53:03 🚫 Container terminated: 6e5edd6ebea8
--- FAIL: TestSchemaReadinessContinuouslyChecksStateAndCompleteStructureReadOnly (11.95s)
    --- PASS: TestSchemaReadinessContinuouslyChecksStateAndCompleteStructureReadOnly/unmanaged (0.14s)
    --- PASS: TestSchemaReadinessContinuouslyChecksStateAndCompleteStructureReadOnly/ahead (0.12s)
    --- PASS: TestSchemaReadinessContinuouslyChecksStateAndCompleteStructureReadOnly/unknown (0.12s)
    --- PASS: TestSchemaReadinessContinuouslyChecksStateAndCompleteStructureReadOnly/release_digest (0.13s)
    --- PASS: TestSchemaReadinessContinuouslyChecksStateAndCompleteStructureReadOnly/missing_column (0.17s)
    --- PASS: TestSchemaReadinessContinuouslyChecksStateAndCompleteStructureReadOnly/wrong_default (0.16s)
    --- PASS: TestSchemaReadinessContinuouslyChecksStateAndCompleteStructureReadOnly/missing_index (0.19s)
    --- PASS: TestSchemaReadinessContinuouslyChecksStateAndCompleteStructureReadOnly/missing_field_policy (0.21s)
    --- PASS: TestSchemaReadinessContinuouslyChecksStateAndCompleteStructureReadOnly/missing_release_templates (0.22s)
    --- FAIL: TestSchemaReadinessContinuouslyChecksStateAndCompleteStructureReadOnly/release_template_unique_key (0.21s)
=== RUN   TestSchemaReadinessRejectsKnownOldRelease
2026/09/11 05:53:03 🐳 Creating container for image mysql:8.4
2026/09/11 05:53:03 ✅ Container created: a98e85c6e437
2026/09/11 05:53:03 🐳 Starting container: a98e85c6e437
2026/09/11 05:53:03 ✅ Container started: a98e85c6e437
2026/09/11 05:53:03 ⏳ Waiting for container id a98e85c6e437 image: mysql:8.4. Waiting for: all of: [log message "port: 3306  MySQL Community Server"]
2026/09/11 05:53:10 🔔 Container is ready: a98e85c6e437
2026/09/11 05:53:17 🐳 Stopping container: a98e85c6e437
2026/09/11 05:53:18 ✅ Container stopped: a98e85c6e437
2026/09/11 05:53:18 🐳 Terminating container: a98e85c6e437
2026/09/11 05:53:18 🚫 Container terminated: a98e85c6e437
--- PASS: TestSchemaReadinessRejectsKnownOldRelease (15.56s)
FAIL
FAIL	github.com/asherzj/relational-config-center/admin/cmd/admin	37.599s
FAIL
