=== RUN   TestSchemaReadinessContinuouslyChecksStateAndCompleteStructureReadOnly
2026/09/11 05:55:22 github.com/testcontainers/testcontainers-go - Connected to docker: 
  Server Version: 29.5.2
  API Version: 1.54
  Operating System: Ubuntu 24.04.4 LTS
  Total Memory: 3904 MB
  Testcontainers for Go Version: v0.44.0
  Resolved Docker Host: unix:///Users/asher/.colima/default/docker.sock
  Resolved Docker Socket Path: /Users/asher/.colima/default/docker.sock
  Test SessionID: 4c4a14ed43b3b7d8ac6f0dfd1a39a9b3eb2f66f4de824ae86eebde6187b829bf
  Test ProcessID: d615558c-8b81-44a3-bae1-6b4d2395e4c0
2026/09/11 05:55:22 🐳 Creating container for image mysql:8.4
2026/09/11 05:55:22 ✅ Container created: f5e549fd8876
2026/09/11 05:55:22 🐳 Starting container: f5e549fd8876
2026/09/11 05:55:22 ✅ Container started: f5e549fd8876
2026/09/11 05:55:22 ⏳ Waiting for container id f5e549fd8876 image: mysql:8.4. Waiting for: all of: [log message "port: 3306  MySQL Community Server"]
2026/09/11 05:55:28 🔔 Container is ready: f5e549fd8876
=== RUN   TestSchemaReadinessContinuouslyChecksStateAndCompleteStructureReadOnly/release_template_unique_key
    schema_readiness_integration_test.go:124: fault restoration changed template structure:
        before:
        CREATE TABLE `rcc_release_templates` (
          `id` bigint unsigned NOT NULL AUTO_INCREMENT,
          `code` varchar(100) NOT NULL,
          `name` varchar(100) NOT NULL,
          `description` varchar(500) NOT NULL DEFAULT '',
          `release_type` varchar(16) CHARACTER SET ascii COLLATE ascii_bin NOT NULL,
          `node_list` json NOT NULL,
          `monitor_list` json NOT NULL,
          `enabled` tinyint(1) NOT NULL DEFAULT '1',
          `version` bigint unsigned NOT NULL DEFAULT '1',
          `creator` varchar(64) NOT NULL,
          `modifier` varchar(64) NOT NULL,
          `created_at` datetime(6) NOT NULL DEFAULT CURRENT_TIMESTAMP(6),
          `updated_at` datetime(6) NOT NULL DEFAULT CURRENT_TIMESTAMP(6) ON UPDATE CURRENT_TIMESTAMP(6),
          PRIMARY KEY (`id`),
          UNIQUE KEY `uk_release_template_code` (`code`),
          KEY `idx_release_template_type_enabled` (`release_type`,`enabled`),
          CONSTRAINT `chk_emergency_template_enabled` CHECK (((`release_type` <> _utf8mb4'EMERGENCY') or (`enabled` = 1))),
          CONSTRAINT `chk_release_template_enabled` CHECK ((`enabled` in (0,1))),
          CONSTRAINT `chk_release_template_monitors` CHECK (((json_type(`monitor_list`) = _utf8mb4'ARRAY') and (json_length(`monitor_list`) = 0))),
          CONSTRAINT `chk_release_template_nodes` CHECK ((json_type(`node_list`) = _utf8mb4'ARRAY')),
          CONSTRAINT `chk_release_template_type` CHECK ((`release_type` in (_utf8mb4'STANDARD',_utf8mb4'EMERGENCY'))),
          CONSTRAINT `chk_release_template_version` CHECK ((`version` > 0))
        ) ENGINE=InnoDB AUTO_INCREMENT=3 DEFAULT CHARSET=utf8mb4 COLLATE=utf8mb4_0900_ai_ci COMMENT='Release Template Catalog'
        after:
        CREATE TABLE `rcc_release_templates` (
          `id` bigint unsigned NOT NULL AUTO_INCREMENT,
          `code` varchar(100) NOT NULL,
          `name` varchar(100) NOT NULL,
          `description` varchar(500) NOT NULL DEFAULT '',
          `release_type` varchar(16) CHARACTER SET ascii COLLATE ascii_bin NOT NULL,
          `node_list` json NOT NULL,
          `monitor_list` json NOT NULL,
          `enabled` tinyint(1) NOT NULL DEFAULT '1',
          `version` bigint unsigned NOT NULL DEFAULT '1',
          `creator` varchar(64) NOT NULL,
          `modifier` varchar(64) NOT NULL,
          `created_at` datetime(6) NOT NULL DEFAULT CURRENT_TIMESTAMP(6),
          `updated_at` datetime(6) NOT NULL DEFAULT CURRENT_TIMESTAMP(6) ON UPDATE CURRENT_TIMESTAMP(6),
          PRIMARY KEY (`id`),
          UNIQUE KEY `uk_release_template_code` (`code`),
          KEY `idx_release_template_type_enabled` (`release_type`,`enabled`),
          CONSTRAINT `chk_emergency_template_enabled` CHECK (((`release_type` <> _ascii'EMERGENCY') or (`enabled` = 1))),
          CONSTRAINT `chk_release_template_enabled` CHECK ((`enabled` in (0,1))),
          CONSTRAINT `chk_release_template_monitors` CHECK (((json_type(`monitor_list`) = _utf8mb4'ARRAY') and (json_length(`monitor_list`) = 0))),
          CONSTRAINT `chk_release_template_nodes` CHECK ((json_type(`node_list`) = _utf8mb4'ARRAY')),
          CONSTRAINT `chk_release_template_type` CHECK ((`release_type` in (_ascii'STANDARD',_ascii'EMERGENCY'))),
          CONSTRAINT `chk_release_template_version` CHECK ((`version` > 0))
        ) ENGINE=InnoDB AUTO_INCREMENT=3 DEFAULT CHARSET=utf8mb4 COLLATE=utf8mb4_0900_ai_ci COMMENT='Release Template Catalog'
=== NAME  TestSchemaReadinessContinuouslyChecksStateAndCompleteStructureReadOnly
    schema_readiness_integration_test.go:136: migration [recover]: exit status 1 schema_mismatch: incompatible control table rcc_release_templates; repair before recovery
2026/09/11 05:55:32 🐳 Stopping container: f5e549fd8876
2026/09/11 05:55:34 ✅ Container stopped: f5e549fd8876
2026/09/11 05:55:34 🐳 Terminating container: f5e549fd8876
2026/09/11 05:55:34 🚫 Container terminated: f5e549fd8876
--- FAIL: TestSchemaReadinessContinuouslyChecksStateAndCompleteStructureReadOnly (12.02s)
    --- FAIL: TestSchemaReadinessContinuouslyChecksStateAndCompleteStructureReadOnly/release_template_unique_key (0.14s)
FAIL
FAIL	github.com/asherzj/relational-config-center/admin/cmd/admin	12.930s
FAIL
