=== RUN   TestSchemaReadinessContinuouslyChecksStateAndCompleteStructureReadOnly
2026/09/11 05:56:41 github.com/testcontainers/testcontainers-go - Connected to docker: 
  Server Version: 29.5.2
  API Version: 1.54
  Operating System: Ubuntu 24.04.4 LTS
  Total Memory: 3904 MB
  Testcontainers for Go Version: v0.44.0
  Resolved Docker Host: unix:///Users/asher/.colima/default/docker.sock
  Resolved Docker Socket Path: /Users/asher/.colima/default/docker.sock
  Test SessionID: 7e58d7f4da03bd2c68aca9f65c3b651dc21ef945951e0e600456ce313ad9eb59
  Test ProcessID: b003ebcc-0f9d-4545-b319-1afbf0ccabb3
2026/09/11 05:56:41 🐳 Creating container for image mysql:8.4
2026/09/11 05:56:41 ✅ Container created: 5bab9311cc23
2026/09/11 05:56:41 🐳 Starting container: 5bab9311cc23
2026/09/11 05:56:42 ✅ Container started: 5bab9311cc23
2026/09/11 05:56:42 ⏳ Waiting for container id 5bab9311cc23 image: mysql:8.4. Waiting for: all of: [log message "port: 3306  MySQL Community Server"]
2026/09/11 05:56:49 🔔 Container is ready: 5bab9311cc23
=== RUN   TestSchemaReadinessContinuouslyChecksStateAndCompleteStructureReadOnly/release_template_unique_key
2026/09/11 05:56:52 🐳 Stopping container: 5bab9311cc23
2026/09/11 05:56:53 ✅ Container stopped: 5bab9311cc23
2026/09/11 05:56:53 🐳 Terminating container: 5bab9311cc23
2026/09/11 05:56:53 🚫 Container terminated: 5bab9311cc23
--- PASS: TestSchemaReadinessContinuouslyChecksStateAndCompleteStructureReadOnly (12.06s)
    --- PASS: TestSchemaReadinessContinuouslyChecksStateAndCompleteStructureReadOnly/release_template_unique_key (0.26s)
PASS
ok  	github.com/asherzj/relational-config-center/admin/cmd/admin	12.468s
