=== RUN   TestAccountUpgradeFromLegacyMatchesFreshSchema
2026/09/11 05:59:00 github.com/testcontainers/testcontainers-go - Connected to docker: 
  Server Version: 29.5.2
  API Version: 1.54
  Operating System: Ubuntu 24.04.4 LTS
  Total Memory: 3904 MB
  Testcontainers for Go Version: v0.44.0
  Resolved Docker Host: unix:///Users/asher/.colima/default/docker.sock
  Resolved Docker Socket Path: /Users/asher/.colima/default/docker.sock
  Test SessionID: a081b59083fdc2ce2d15be166d6a9c99646872f867f2f35ba19366e062a15b8d
  Test ProcessID: 5a79f44c-f35d-44d1-adb4-2ac56263a5f0
2026/09/11 05:59:00 🐳 Creating container for image mysql:8.4
2026/09/11 05:59:00 ✅ Container created: 6228a9176b50
2026/09/11 05:59:00 🐳 Starting container: 6228a9176b50
2026/09/11 05:59:00 ✅ Container started: 6228a9176b50
2026/09/11 05:59:00 ⏳ Waiting for container id 6228a9176b50 image: mysql:8.4. Waiting for: all of: [log message "port: 3306  MySQL Community Server"]
2026/09/11 05:59:07 🔔 Container is ready: 6228a9176b50
    account_delivery_integration_test.go:498: migration [baseline]: want current, got {"state":"pending","current":5,"required":8,"pending":[8],"attempt_id":1,"attempt_version":5,"attempt_digest":"9e1cc534b08b76d1bb262c8b934f6fbc923ddfc233c9b9941bba44a29fa15de3","attempt_operation":"baseline"}
         (<nil>)
2026/09/11 05:59:11 🐳 Stopping container: 6228a9176b50
2026/09/11 05:59:12 ✅ Container stopped: 6228a9176b50
2026/09/11 05:59:12 🐳 Terminating container: 6228a9176b50
2026/09/11 05:59:12 🚫 Container terminated: 6228a9176b50
--- FAIL: TestAccountUpgradeFromLegacyMatchesFreshSchema (12.11s)
FAIL
FAIL	github.com/asherzj/relational-config-center/admin/cmd/admin	13.027s
FAIL
