=== RUN   TestAccountUpgradeFromLegacyMatchesFreshSchema
2026/09/11 06:03:07 github.com/testcontainers/testcontainers-go - Connected to docker: 
  Server Version: 29.5.2
  API Version: 1.54
  Operating System: Ubuntu 24.04.4 LTS
  Total Memory: 3904 MB
  Testcontainers for Go Version: v0.44.0
  Resolved Docker Host: unix:///Users/asher/.colima/default/docker.sock
  Resolved Docker Socket Path: /Users/asher/.colima/default/docker.sock
  Test SessionID: 0d85a6566fa3981bb0120c129f9e2aa2328eaf1df57f14cd31b1923578b10edb
  Test ProcessID: 426a6fb6-46dd-4f6f-be37-a0f97fdf74d5
2026/09/11 06:03:07 🐳 Creating container for image mysql:8.4
2026/09/11 06:03:08 ✅ Container created: 065e58b8be4b
2026/09/11 06:03:08 🐳 Starting container: 065e58b8be4b
2026/09/11 06:03:08 ✅ Container started: 065e58b8be4b
2026/09/11 06:03:08 ⏳ Waiting for container id 065e58b8be4b image: mysql:8.4. Waiting for: all of: [log message "port: 3306  MySQL Community Server"]
2026/09/11 06:03:14 🔔 Container is ready: 065e58b8be4b
2026/09/11 06:03:21 🐳 Stopping container: 065e58b8be4b
2026/09/11 06:03:22 ✅ Container stopped: 065e58b8be4b
2026/09/11 06:03:22 🐳 Terminating container: 065e58b8be4b
2026/09/11 06:03:22 🚫 Container terminated: 065e58b8be4b
--- PASS: TestAccountUpgradeFromLegacyMatchesFreshSchema (14.59s)
PASS
ok  	github.com/asherzj/relational-config-center/admin/cmd/admin	15.548s
