2026-09-12T09:05:06.933Z pw:browser <launching> /home/runner/.cache/ms-playwright/webkit-2359/pw_run.sh --inspector-pipe --headless --user-data-dir=/home/runner/work/_temp/rcc-accounts-webkit-browser/release-workflow/recovery-webkit/iteration-2/account-browser-profile-qtFICd about:blank
2026-09-12T09:05:06.938Z pw:browser <launched> pid=8115
2026-09-12T09:05:07.854Z pw:browser [pid=8115][err] 
2026-09-12T09:05:07.854Z pw:browser [pid=8115][err] ** (MiniBrowser:8124): CRITICAL **: 09:05:07.853: WebKitWebView is-controlled-by-automation set but automation is not allowed in the context, falling back to default session.
2026-09-12T09:05:12.583Z pw:browser <launching> /home/runner/.cache/ms-playwright/webkit-2359/pw_run.sh --inspector-pipe --headless --no-startup-window
2026-09-12T09:05:12.585Z pw:browser <launched> pid=8231
2026-09-12T09:05:13.055Z pw:browser [pid=8231][err] 
2026-09-12T09:05:13.055Z pw:browser [pid=8231][err] ** (MiniBrowser:8240): CRITICAL **: 09:05:13.054: WebKitWebView is-controlled-by-automation set but automation is not allowed in the context, falling back to default session.
2026-09-12T09:05:14.047Z pw:browser [pid=8115] <gracefully close start>
2026-09-12T09:05:14.141Z pw:browser [pid=8115] <process did exit: exitCode=0, signal=null>
2026-09-12T09:05:14.141Z pw:browser [pid=8115] starting temporary directories cleanup
2026-09-12T09:05:14.143Z pw:browser [pid=8115] finished temporary directories cleanup
2026-09-12T09:05:14.143Z pw:browser [pid=8115] <gracefully close end>
2026-09-12T09:05:14.145Z pw:browser <launching> /home/runner/.cache/ms-playwright/webkit-2359/pw_run.sh --inspector-pipe --headless --user-data-dir=/home/runner/work/_temp/rcc-accounts-webkit-browser/release-workflow/recovery-webkit/iteration-2/account-browser-profile-qtFICd about:blank
2026-09-12T09:05:14.147Z pw:browser <launched> pid=8297
2026-09-12T09:05:15.046Z pw:browser [pid=8297][err] 
2026-09-12T09:05:15.046Z pw:browser [pid=8297][err] ** (MiniBrowser:8306): CRITICAL **: 09:05:15.045: WebKitWebView is-controlled-by-automation set but automation is not allowed in the context, falling back to default session.
{"run_suffix":"e503f660d72c","account_id":"bbb9d792-5a99-4efe-8fa9-c1b93b94e1f8","username":"browser.user.e503f660d72c","member_username":"roles.member.e503f660d72c","template_key":"browser_system_e503f660d72c","checks":["record version conflict preserves input","explicit latest read and baseline rebuild","registration defaults VIEWER","maintenance ADMIN bootstrap","UI combination grant","390px role catalog and drawer","role history with permanent actor","original member session refresh","refresh","reopen","dirty navigation protection","same-account Change Set recovery after session loss","hidden drawer keyboard isolation","draft submit independent approval and publisher execution","unknown execute result reload and original-key recovery","final row defaults and permanent actor fields","refresh notification remains NOT_CONNECTED","no direct record write request","HTTP Cookie","storage/URL secrecy","logout rejection"]}2026-09-12T09:05:40.594Z pw:browser [pid=8231] <gracefully close start>
2026-09-12T09:05:40.684Z pw:browser [pid=8231] <process did exit: exitCode=0, signal=null>
2026-09-12T09:05:40.684Z pw:browser [pid=8231] starting temporary directories cleanup
2026-09-12T09:05:40.684Z pw:browser [pid=8231] finished temporary directories cleanup
2026-09-12T09:05:40.684Z pw:browser [pid=8231] <gracefully close end>
2026-09-12T09:05:40.686Z pw:browser [pid=8297] <gracefully close start>
2026-09-12T09:05:40.778Z pw:browser [pid=8297] <process did exit: exitCode=0, signal=null>
2026-09-12T09:05:40.778Z pw:browser [pid=8297] starting temporary directories cleanup
2026-09-12T09:05:40.779Z pw:browser [pid=8297] finished temporary directories cleanup
2026-09-12T09:05:40.779Z pw:browser [pid=8297] <gracefully close end>
