
 RUN  v4.1.11 /private/tmp/rcc-issue-96-approval-notifications/web

 ❯ src/api/release-orders.test.ts (9 tests | 1 failed | 8 skipped) 10ms
   × 写响应保留原操作结果且不携带可用于已读确认的通知进度 9ms

⎯⎯⎯⎯⎯⎯⎯ Failed Tests 1 ⎯⎯⎯⎯⎯⎯⎯

 FAIL  src/api/release-orders.test.ts > 写响应保留原操作结果且不携带可用于已读确认的通知进度
ApiError: Admin 响应与 Web 契约不一致。
 ❯ request src/api/client.ts:132:11
    130|   const result = schema.safeParse(payload);
    131|   if (!result.success) {
    132|     throw new ApiError(
       |           ^
    133|       "contract_mismatch",
    134|       "Admin 响应与 Web 契约不一致。",
 ❯ src/api/release-orders.test.ts:32:16

Caused by: ZodError: [
  {
    "expected": "object",
    "code": "invalid_type",
    "path": [
      "notification"
    ],
    "message": "Invalid input: expected object, received undefined"
  }
]
 ❯ new ZodError ../../rcc-issue-95-notification-center/web/node_modules/.pnpm/zod@4.4.3/node_modules/zod/v4/core/core.js:40:39
 ❯ Module.<anonymous> ../../rcc-issue-95-notification-center/web/node_modules/.pnpm/zod@4.4.3/node_modules/zod/v4/core/parse.js:40:20
 ❯ _.inst.safeParse ../../rcc-issue-95-notification-center/web/node_modules/.pnpm/zod@4.4.3/node_modules/zod/v4/classic/schemas.js:74:46
 ❯ request src/api/client.ts:130:25
 ❯ src/api/release-orders.test.ts:32:16

⎯⎯⎯⎯⎯⎯⎯⎯⎯⎯⎯⎯⎯⎯⎯⎯⎯⎯⎯⎯⎯⎯⎯⎯⎯⎯⎯⎯⎯⎯
Serialized Error: { _zod: { def: [ { expected: 'object', code: 'invalid_type', path: [ 'notification' ], message: 'Invalid input: expected object, received undefined' } ], constr: 'Function<ZodError>', traits: { constructor: 'Function<Set>', has: 'Function<has>', add: 'Function<add>', delete: 'Function<delete>', difference: 'Function<difference>', clear: 'Function<clear>', entries: 'Function<entries>', forEach: 'Function<forEach>', intersection: 'Function<intersection>', isSubsetOf: 'Function<isSubsetOf>', isSupersetOf: 'Function<isSupersetOf>', isDisjointFrom: 'Function<isDisjointFrom>', size: 2, symmetricDifference: 'Function<symmetricDifference>', union: 'Function<union>', values: 'Function<values>', keys: 'Function<values>' }, deferred: [] }, issues: [ { expected: 'object', code: 'invalid_type', path: [ 'notification' ], message: 'Invalid input: expected object, received undefined' } ], format: 'Function<value>', flatten: 'Function<value>', addIssue: 'Function<value>', addIssues: 'Function<value>', isEmpty: false }
⎯⎯⎯⎯⎯⎯⎯⎯⎯⎯⎯⎯⎯⎯⎯⎯⎯⎯⎯⎯⎯⎯⎯⎯[1/1]⎯


 Test Files  1 failed (1)
      Tests  1 failed | 8 skipped (9)
   Start at  06:53:47
   Duration  673ms (transform 55ms, setup 183ms, import 6ms, tests 10ms, environment 376ms)

