2026-09-12T09:10:19.465Z pw:browser <launching> /home/runner/.cache/ms-playwright/webkit-2359/pw_run.sh --inspector-pipe --headless --user-data-dir=/home/runner/work/_temp/rcc-accounts-webkit-browser/release-workflow/recovery-webkit/iteration-11/account-browser-profile-Jq4LqA about:blank
2026-09-12T09:10:19.469Z pw:browser <launched> pid=11416
2026-09-12T09:10:20.365Z pw:browser [pid=11416][err] 
2026-09-12T09:10:20.366Z pw:browser [pid=11416][err] ** (MiniBrowser:11425): CRITICAL **: 09:10:20.364: WebKitWebView is-controlled-by-automation set but automation is not allowed in the context, falling back to default session.
2026-09-12T09:10:25.197Z pw:browser <launching> /home/runner/.cache/ms-playwright/webkit-2359/pw_run.sh --inspector-pipe --headless --no-startup-window
2026-09-12T09:10:25.199Z pw:browser <launched> pid=11532
2026-09-12T09:10:25.668Z pw:browser [pid=11532][err] 
2026-09-12T09:10:25.668Z pw:browser [pid=11532][err] ** (MiniBrowser:11541): CRITICAL **: 09:10:25.667: WebKitWebView is-controlled-by-automation set but automation is not allowed in the context, falling back to default session.
2026-09-12T09:10:26.675Z pw:browser [pid=11416] <gracefully close start>
2026-09-12T09:10:26.763Z pw:browser [pid=11416] <process did exit: exitCode=0, signal=null>
2026-09-12T09:10:26.764Z pw:browser [pid=11416] starting temporary directories cleanup
2026-09-12T09:10:26.765Z pw:browser [pid=11416] finished temporary directories cleanup
2026-09-12T09:10:26.765Z pw:browser [pid=11416] <gracefully close end>
2026-09-12T09:10:26.767Z pw:browser <launching> /home/runner/.cache/ms-playwright/webkit-2359/pw_run.sh --inspector-pipe --headless --user-data-dir=/home/runner/work/_temp/rcc-accounts-webkit-browser/release-workflow/recovery-webkit/iteration-11/account-browser-profile-Jq4LqA about:blank
2026-09-12T09:10:26.769Z pw:browser <launched> pid=11602
2026-09-12T09:10:27.698Z pw:browser [pid=11602][err] 
2026-09-12T09:10:27.698Z pw:browser [pid=11602][err] ** (MiniBrowser:11611): CRITICAL **: 09:10:27.697: WebKitWebView is-controlled-by-automation set but automation is not allowed in the context, falling back to default session.
{"run_suffix":"807389bda1a7","account_id":"459584bc-e252-4fc2-8e31-5af4fa516076","username":"browser.user.807389bda1a7","member_username":"roles.member.807389bda1a7","template_key":"browser_system_807389bda1a7","checks":["record version conflict preserves input","explicit latest read and baseline rebuild","registration defaults VIEWER","maintenance ADMIN bootstrap","UI combination grant","390px role catalog and drawer","role history with permanent actor","original member session refresh","refresh","reopen","dirty navigation protection","same-account Change Set recovery after session loss","hidden drawer keyboard isolation","draft submit independent approval and publisher execution","unknown execute result reload and original-key recovery","final row defaults and permanent actor fields","refresh notification remains NOT_CONNECTED","no direct record write request","HTTP Cookie","storage/URL secrecy","logout rejection"]}2026-09-12T09:10:53.888Z pw:browser [pid=11532] <gracefully close start>
2026-09-12T09:10:53.987Z pw:browser [pid=11532] <process did exit: exitCode=0, signal=null>
2026-09-12T09:10:53.987Z pw:browser [pid=11532] starting temporary directories cleanup
2026-09-12T09:10:53.988Z pw:browser [pid=11532] finished temporary directories cleanup
2026-09-12T09:10:53.988Z pw:browser [pid=11532] <gracefully close end>
2026-09-12T09:10:53.990Z pw:browser [pid=11602] <gracefully close start>
2026-09-12T09:10:54.089Z pw:browser [pid=11602] <process did exit: exitCode=0, signal=null>
2026-09-12T09:10:54.089Z pw:browser [pid=11602] starting temporary directories cleanup
2026-09-12T09:10:54.089Z pw:browser [pid=11602] finished temporary directories cleanup
2026-09-12T09:10:54.089Z pw:browser [pid=11602] <gracefully close end>
