=== RUN   TestTableReleaseTemplateBrowserSystemPath
2026/09/11 07:24:59 github.com/testcontainers/testcontainers-go - Connected to docker: 
  Server Version: 29.5.2
  API Version: 1.54
  Operating System: Ubuntu 24.04.4 LTS
  Total Memory: 3904 MB
  Testcontainers for Go Version: v0.44.0
  Resolved Docker Host: unix:///Users/asher/.colima/default/docker.sock
  Resolved Docker Socket Path: /Users/asher/.colima/default/docker.sock
  Test SessionID: cf7d866412ead975e6a4cc1ef780574aaed90e664b51cb7b55d0b284263afe11
  Test ProcessID: 037c7982-7243-46a5-930d-09979ea23db4
2026/09/11 07:24:59 🐳 Creating container for image mysql:8.4
2026/09/11 07:24:59 ✅ Container created: 0ef64a7891ee
2026/09/11 07:24:59 🐳 Starting container: 0ef64a7891ee
2026/09/11 07:24:59 ✅ Container started: 0ef64a7891ee
2026/09/11 07:24:59 ⏳ Waiting for container id 0ef64a7891ee image: mysql:8.4. Waiting for: all of: [log message "port: 3306  MySQL Community Server"]
2026/09/11 07:25:06 🔔 Container is ready: 0ef64a7891ee
    table_release_template_browser_integration_test.go:91: release template browser path: exit status 1 AssertionError [ERR_ASSERTION]: POST /api/v1/query-policies: 403 {"error":{"code":"csrf_invalid","message":"valid same-origin CSRF credentials are required","request_id":"rcc-8060aebaf8362c77ccb493f068b5e419"}}
            at api (/private/tmp/rcc-issue-102-table-release-templates/web/e2e/table-release-templates.cjs:14:212)
            at async /private/tmp/rcc-issue-102-table-release-templates/web/e2e/table-release-templates.cjs:15:3 {
          generatedMessage: false,
          code: 'ERR_ASSERTION',
          actual: false,
          expected: true,
          operator: '==',
          diff: 'simple'
        }
2026/09/11 07:25:14 🐳 Stopping container: 0ef64a7891ee
2026/09/11 07:25:15 ✅ Container stopped: 0ef64a7891ee
2026/09/11 07:25:15 🐳 Terminating container: 0ef64a7891ee
2026/09/11 07:25:15 🚫 Container terminated: 0ef64a7891ee
--- FAIL: TestTableReleaseTemplateBrowserSystemPath (15.96s)
FAIL
FAIL	github.com/asherzj/relational-config-center/admin/cmd/admin	17.026s
FAIL
