=== RUN   TestTableReleaseTemplateBrowserSystemPath
2026/09/11 07:26:10 github.com/testcontainers/testcontainers-go - Connected to docker: 
  Server Version: 29.5.2
  API Version: 1.54
  Operating System: Ubuntu 24.04.4 LTS
  Total Memory: 3904 MB
  Testcontainers for Go Version: v0.44.0
  Resolved Docker Host: unix:///Users/asher/.colima/default/docker.sock
  Resolved Docker Socket Path: /Users/asher/.colima/default/docker.sock
  Test SessionID: d3c9f8c8999d99789479189a019551d14bcb27b6436dfc6f299974ba265ed823
  Test ProcessID: 55e1a240-0c8e-4512-bc97-5d908f495016
2026/09/11 07:26:10 🐳 Creating container for image mysql:8.4
2026/09/11 07:26:10 ✅ Container created: 7cbb26c2ee0c
2026/09/11 07:26:10 🐳 Starting container: 7cbb26c2ee0c
2026/09/11 07:26:10 ✅ Container started: 7cbb26c2ee0c
2026/09/11 07:26:10 ⏳ Waiting for container id 7cbb26c2ee0c image: mysql:8.4. Waiting for: all of: [log message "port: 3306  MySQL Community Server"]
2026/09/11 07:26:17 🔔 Container is ready: 7cbb26c2ee0c
    table_release_template_browser_integration_test.go:91: release template browser path: exit status 1 locator.selectOption: Error: strict mode violation: getByLabel('应急模板') resolved to 2 elements:
            1) <select aria-label="应急模板" data-size="default" data-slot="native-select" class="h-9 w-full min-w-0 appearance-none rounded-md border border-input bg-transparent px-3 py-2 pr-9 text-sm shadow-xs transition-[color,box-shadow] outline-none selection:bg-primary selection:text-primary-foreground placeholder:text-muted-foreground disabled:pointer-events-none disabled:cursor-not-allowed data-[size=sm]:h-8 data-[size=sm]:py-1 dark:bg-input/30 dark:hover:bg-input/50 focus-visible:border-ring focus-visible:ring-…>…</select> aka getByLabel('应急模板', { exact: true })
            2) <ol class="grid gap-2" aria-label="应急模板节点">…</ol> aka getByRole('list', { name: '应急模板节点' })
        
        Call log:
        [2m  - waiting for getByLabel('应急模板')[22m
        
            at /private/tmp/rcc-issue-102-table-release-templates/web/e2e/table-release-templates.cjs:29:33 {
          log: [ "  - waiting for getByLabel('应急模板')" ]
        }
2026/09/11 07:26:28 🐳 Stopping container: 7cbb26c2ee0c
2026/09/11 07:26:29 ✅ Container stopped: 7cbb26c2ee0c
2026/09/11 07:26:29 🐳 Terminating container: 7cbb26c2ee0c
2026/09/11 07:26:29 🚫 Container terminated: 7cbb26c2ee0c
--- FAIL: TestTableReleaseTemplateBrowserSystemPath (18.46s)
FAIL
FAIL	github.com/asherzj/relational-config-center/admin/cmd/admin	19.473s
FAIL
