=== RUN   TestTableReleaseTemplateBrowserSystemPath
2026/09/11 07:26:56 github.com/testcontainers/testcontainers-go - Connected to docker: 
  Server Version: 29.5.2
  API Version: 1.54
  Operating System: Ubuntu 24.04.4 LTS
  Total Memory: 3904 MB
  Testcontainers for Go Version: v0.44.0
  Resolved Docker Host: unix:///Users/asher/.colima/default/docker.sock
  Resolved Docker Socket Path: /Users/asher/.colima/default/docker.sock
  Test SessionID: 188b7ae5432de74eb47ea305db8085c9e6e9ff37134cc4b95741d0e1a99f9de1
  Test ProcessID: 7cbf1527-9dcd-43a6-9494-01884f3e8ca9
2026/09/11 07:26:56 🐳 Creating container for image mysql:8.4
2026/09/11 07:26:56 ✅ Container created: 99c5a31c139f
2026/09/11 07:26:56 🐳 Starting container: 99c5a31c139f
2026/09/11 07:26:56 ✅ Container started: 99c5a31c139f
2026/09/11 07:26:56 ⏳ Waiting for container id 99c5a31c139f image: mysql:8.4. Waiting for: all of: [log message "port: 3306  MySQL Community Server"]
2026/09/11 07:27:03 🔔 Container is ready: 99c5a31c139f
    table_release_template_browser_integration_test.go:91: release template browser path: exit status 1 locator.click: Error: strict mode violation: getByRole('button', { name: '关闭', exact: true }) resolved to 2 elements:
            1) <button aria-label="关闭" data-slot="button" data-size="default" data-variant="ghost" class="inline-flex items-center justify-center gap-2 rounded-md text-sm font-medium whitespace-nowrap transition-all outline-none focus-visible:border-ring focus-visible:ring-[3px] focus-visible:ring-ring/50 disabled:pointer-events-none disabled:opacity-50 aria-invalid:border-destructive aria-invalid:ring-destructive/20 dark:aria-invalid:ring-destructive/40 [&_svg]:pointer-events-none [&_svg]:shrink-0 [&_svg:not([class…>…</button> aka getByLabel('关闭', { exact: true })
            2) <button data-slot="button" data-size="default" data-variant="outline" class="inline-flex shrink-0 items-center justify-center gap-2 rounded-md text-sm font-medium whitespace-nowrap transition-all outline-none focus-visible:border-ring focus-visible:ring-[3px] focus-visible:ring-ring/50 disabled:pointer-events-none disabled:opacity-50 aria-invalid:border-destructive aria-invalid:ring-destructive/20 dark:aria-invalid:ring-destructive/40 [&_svg]:pointer-events-none [&_svg]:shrink-0 [&_svg:not([class*='si…>关闭</button> aka getByText('关闭')
        
        Call log:
        [2m  - waiting for getByRole('button', { name: '关闭', exact: true })[22m
        
            at /private/tmp/rcc-issue-102-table-release-templates/web/e2e/table-release-templates.cjs:41:57 {
          log: [
            "  - waiting for getByRole('button', { name: '关闭', exact: true })"
          ]
        }
2026/09/11 07:27:16 🐳 Stopping container: 99c5a31c139f
2026/09/11 07:27:17 ✅ Container stopped: 99c5a31c139f
2026/09/11 07:27:17 🐳 Terminating container: 99c5a31c139f
2026/09/11 07:27:17 🚫 Container terminated: 99c5a31c139f
--- FAIL: TestTableReleaseTemplateBrowserSystemPath (21.72s)
FAIL
FAIL	github.com/asherzj/relational-config-center/admin/cmd/admin	22.612s
FAIL
