=== RUN   TestTableReleaseTemplateBrowserSystemPath
2026/09/11 07:35:51 github.com/testcontainers/testcontainers-go - Connected to docker: 
  Server Version: 29.5.2
  API Version: 1.54
  Operating System: Ubuntu 24.04.4 LTS
  Total Memory: 3904 MB
  Testcontainers for Go Version: v0.44.0
  Resolved Docker Host: unix:///Users/asher/.colima/default/docker.sock
  Resolved Docker Socket Path: /Users/asher/.colima/default/docker.sock
  Test SessionID: f1c3847cb79854828929f245d2e570ea7004d32f6a9b0ff7f83bb2082eb9674b
  Test ProcessID: 9a1d7478-f050-4ebe-9358-11ee03baf3b6
2026/09/11 07:35:51 🐳 Creating container for image mysql:8.4
2026/09/11 07:35:51 ✅ Container created: ff21386c0d39
2026/09/11 07:35:51 🐳 Starting container: ff21386c0d39
2026/09/11 07:35:51 ✅ Container started: ff21386c0d39
2026/09/11 07:35:51 ⏳ Waiting for container id ff21386c0d39 image: mysql:8.4. Waiting for: all of: [log message "port: 3306  MySQL Community Server"]
2026/09/11 07:35:59 🔔 Container is ready: ff21386c0d39
    table_release_template_browser_integration_test.go:108: browser → Vite proxy → Admin → MySQL: [create table and emergency association atomically; committed response loss manually replays original create same-account reauthentication preserves unknown original association request without automatic write retry formal table settings select same-type templates and safely replay lost association response concurrent editor conflict retains selected template and observed version standard association disabled while emergency remains enabled 390px long template name, reachable controls, keyboard focus and no page/drawer overflow Escape preserves pending choice through shared unsaved confirmation entire table can still be disabled]
2026/09/11 07:36:14 🐳 Stopping container: ff21386c0d39
2026/09/11 07:36:15 ✅ Container stopped: ff21386c0d39
2026/09/11 07:36:15 🐳 Terminating container: ff21386c0d39
2026/09/11 07:36:15 🚫 Container terminated: ff21386c0d39
--- PASS: TestTableReleaseTemplateBrowserSystemPath (23.82s)
PASS
ok  	github.com/asherzj/relational-config-center/admin/cmd/admin	24.788s
