{"request_id":"rcc-28dba1200557d1edb3c939ff554ca215","method":"GET","path":"/api/v1/auth/csrf","status":200,"duration_ms":6}
{"request_id":"rcc-21d41141fb998bdb9b686768bd54cdb3","method":"POST","path":"/api/v1/auth/register","status":201,"duration_ms":30}
{"request_id":"rcc-9e9f804949648f4d2fb503dbfacafb60","method":"GET","path":"/api/v1/auth/session","status":200,"duration_ms":0}
{"request_id":"rcc-df19c13f579bc02c7bc7b75daa07d36c","method":"GET","path":"/api/v1/account-roles","status":200,"duration_ms":1}
{"request_id":"rcc-cb871a693a93fe9f17bf7d129a899443","method":"GET","path":"/api/v1/auth/session","status":200,"duration_ms":0}
{"request_id":"rcc-cdb6f96c95ae6d6b98e98fa82e23e5b5","method":"GET","path":"/api/v1/table-policies","status":200,"duration_ms":0}
{"request_id":"rcc-c3c58269e4f547d1826b8b0081e7ead1","method":"GET","path":"/api/v1/auth/session","status":200,"duration_ms":0}
{"request_id":"rcc-1e7e0644ad85efdeb744437c040fb934","method":"GET","path":"/api/v1/table-policies","status":200,"duration_ms":0}
{"request_id":"rcc-12cd6adbe570748e84472001f7836909","method":"GET","path":"/api/v1/auth/session","status":200,"duration_ms":0}
{"request_id":"rcc-2176c90d103f8a156023b082aa1cea5a","method":"GET","path":"/api/v1/release-templates","status":200,"duration_ms":1}
{"request_id":"rcc-1ba20718e0b12ea7459df7ff50b44fe7","method":"GET","path":"/api/v1/auth/session","status":200,"duration_ms":0}
{"request_id":"rcc-3597eabf95e6f18e3b873ccb54285ebd","method":"GET","path":"/api/v1/table-policies","status":200,"duration_ms":0}
{"request_id":"rcc-da4007c8cff1c4e2656d56520cec9049","method":"GET","path":"/api/v1/auth/session","status":200,"duration_ms":0}
{"request_id":"rcc-520494fe8fe94bfbcd965498227de2e6","method":"GET","path":"/api/v1/table-policies/:table_name/release-templates","status":200,"duration_ms":1}
{"request_id":"rcc-a7e924b56ed2b66ef1f49248538bad45","method":"GET","path":"/api/v1/auth/session","status":200,"duration_ms":0}
{"request_id":"rcc-1bddc49e9d54c00a587c043a148264c2","method":"PUT","path":"/api/v1/table-policies/:table_name/release-templates/:release_type","status":200,"duration_ms":5}
{"request_id":"rcc-77fbe6afaaffc235940cc8b457f22d4f","method":"GET","path":"/api/v1/auth/session","status":200,"duration_ms":0}
{"request_id":"rcc-23adfde89ddccada83fce2e210a0b7f7","method":"PUT","path":"/api/v1/table-policies/:table_name/release-templates/:release_type","status":200,"duration_ms":4}
{"request_id":"rcc-12df60d6130f47d695540d57148a7db2","method":"GET","path":"/api/v1/auth/session","status":200,"duration_ms":0}
{"request_id":"rcc-e66e63e11941c27b88ce00064fc65b7e","method":"GET","path":"/api/v1/table-policies/:table_name/release-templates","status":200,"duration_ms":1}
{"request_id":"rcc-a0ec71c521411080fb18e53174555040","method":"GET","path":"/api/v1/auth/session","status":200,"duration_ms":0}
{"request_id":"rcc-71e557ffe70f1f8f1416a5bc4e053c30","method":"PUT","path":"/api/v1/table-policies/:table_name/release-templates/:release_type","status":200,"duration_ms":4}
{"request_id":"rcc-b6c9d46c2216f693d30c36ad12521868","method":"GET","path":"/api/v1/auth/session","status":200,"duration_ms":0}
{"request_id":"rcc-391836d2b8f17f5295670f8b11b14547","method":"PUT","path":"/api/v1/table-policies/:table_name/release-templates/:release_type","status":200,"duration_ms":12}
{"request_id":"rcc-7073e252b1913ccf918a904159eab1a2","method":"GET","path":"/api/v1/auth/session","status":200,"duration_ms":0}
{"request_id":"rcc-3f48a862bdbbd624c608c855127fe668","method":"GET","path":"/api/v1/table-policies/:table_name/release-templates","status":200,"duration_ms":1}
{"request_id":"rcc-e3d991b79dd33f8c2e9b081a44f48617","method":"GET","path":"/api/v1/auth/session","status":200,"duration_ms":0}
{"request_id":"rcc-ec26e044b0c006aa3577863068b8a370","method":"PUT","path":"/api/v1/table-policies/:table_name/release-templates/:release_type","status":200,"duration_ms":5}
{"request_id":"rcc-0be2fd7021b502995fdd9a34c6752e5a","method":"GET","path":"/api/v1/auth/session","status":200,"duration_ms":0}
{"request_id":"rcc-c209c438eddf5d64ce9e6ae9e992cb62","method":"PUT","path":"/api/v1/table-policies/:table_name/release-templates/:release_type","status":200,"duration_ms":4}
{"request_id":"rcc-5c4535d919d4d4878c74ccd3f0869b83","method":"GET","path":"/api/v1/auth/session","status":200,"duration_ms":0}
{"request_id":"rcc-7e89c92c882df0e2dfffd2ac08e29b72","method":"GET","path":"/api/v1/table-policies/:table_name/release-templates","status":200,"duration_ms":1}
{"request_id":"rcc-af7b72220d57aa4924108eebec589c0e","method":"GET","path":"/api/v1/auth/session","status":200,"duration_ms":0}
{"request_id":"rcc-e0e1fef81a41cee0375669a49c0b6364","method":"PUT","path":"/api/v1/table-policies/:table_name/release-templates/:release_type","status":200,"duration_ms":4}
{"request_id":"rcc-dedee4df9be65af89fe10aa8c37a678b","method":"GET","path":"/api/v1/auth/session","status":200,"duration_ms":0}
{"request_id":"rcc-98f8ff72753768380d0e7986616657a9","method":"PUT","path":"/api/v1/table-policies/:table_name/release-templates/:release_type","status":200,"duration_ms":4}
{"request_id":"rcc-1e5be83dcaab83bd748d1b8a9584e122","method":"GET","path":"/api/v1/auth/session","status":200,"duration_ms":0}
{"request_id":"rcc-987c37dcde0d0facb7e1db80c0b4bb13","method":"GET","path":"/api/v1/table-policies/:table_name/release-templates","status":200,"duration_ms":1}
{"request_id":"rcc-3355bec40f9c938973edce9e34dcf99c","method":"GET","path":"/api/v1/auth/session","status":200,"duration_ms":0}
{"request_id":"rcc-02aee9966b50da6e9fbed294f1fbd828","method":"PUT","path":"/api/v1/table-policies/:table_name/release-templates/:release_type","status":200,"duration_ms":4}
{"request_id":"rcc-5c54c6a760cbbbcbc7f82f23f0336f09","method":"GET","path":"/api/v1/auth/session","status":200,"duration_ms":0}
{"request_id":"rcc-1e8d1d5f17349f9f0ed6966908f8a10b","method":"PUT","path":"/api/v1/table-policies/:table_name/release-templates/:release_type","status":200,"duration_ms":4}
