2026-09-12 08:43:25+00:00 [Note] [Entrypoint]: Entrypoint script for MySQL Server 8.4.11-1.el9 started.
2026-09-12 08:43:25+00:00 [Note] [Entrypoint]: Switching to dedicated user 'mysql'
2026-09-12 08:43:25+00:00 [Note] [Entrypoint]: Entrypoint script for MySQL Server 8.4.11-1.el9 started.
2026-09-12 08:43:25+00:00 [Note] [Entrypoint]: Initializing database files
2026-09-12T08:43:25.594367Z 0 [System] [MY-015017] [Server] MySQL Server Initialization - start.
2026-09-12T08:43:25.595742Z 0 [System] [MY-013169] [Server] /usr/sbin/mysqld (mysqld 8.4.11) initializing of server in progress as process 87
2026-09-12T08:43:25.600631Z 1 [System] [MY-013576] [InnoDB] InnoDB initialization has started.
2026-09-12T08:43:25.688662Z 1 [System] [MY-013577] [InnoDB] InnoDB initialization has ended.
2026-09-12T08:43:26.224901Z 6 [Warning] [MY-010453] [Server] root@localhost is created with an empty password ! Please consider switching off the --initialize-insecure option.
2026-09-12T08:43:27.518325Z 0 [System] [MY-015018] [Server] MySQL Server Initialization - end.
2026-09-12 08:43:27+00:00 [Note] [Entrypoint]: Database files initialized
2026-09-12 08:43:27+00:00 [Note] [Entrypoint]: Starting temporary server
2026-09-12T08:43:27.558448Z 0 [System] [MY-015015] [Server] MySQL Server - start.
2026-09-12T08:43:27.744591Z 0 [System] [MY-010116] [Server] /usr/sbin/mysqld (mysqld 8.4.11) starting as process 135
2026-09-12T08:43:27.754539Z 1 [System] [MY-013576] [InnoDB] InnoDB initialization has started.
2026-09-12T08:43:27.853696Z 1 [System] [MY-013577] [InnoDB] InnoDB initialization has ended.
2026-09-12T08:43:28.046645Z 0 [Warning] [MY-010068] [Server] CA certificate ca.pem is self signed.
2026-09-12T08:43:28.046681Z 0 [System] [MY-013602] [Server] Channel mysql_main configured to support TLS. Encrypted connections are now supported for this channel.
2026-09-12T08:43:28.048301Z 0 [Warning] [MY-011810] [Server] Insecure configuration for --pid-file: Location '/var/run/mysqld' in the path is accessible to all OS users. Consider choosing a different directory.
2026-09-12T08:43:28.064294Z 0 [System] [MY-011323] [Server] X Plugin ready for connections. Socket: /var/run/mysqld/mysqlx.sock
2026-09-12T08:43:28.064347Z 0 [System] [MY-010931] [Server] /usr/sbin/mysqld: ready for connections. Version: '8.4.11'  socket: '/var/run/mysqld/mysqld.sock'  port: 0  MySQL Community Server - GPL.
2026-09-12 08:43:28+00:00 [Note] [Entrypoint]: Temporary server started.
'/var/lib/mysql/mysql.sock' -> '/var/run/mysqld/mysqld.sock'
2026-09-12 08:43:29+00:00 [Note] [Entrypoint]: Creating database rcc
2026-09-12 08:43:29+00:00 [Note] [Entrypoint]: Creating user rcc_admin
2026-09-12 08:43:29+00:00 [Note] [Entrypoint]: Giving user rcc_admin access to schema rcc

2026-09-12 08:43:29+00:00 [Note] [Entrypoint]: Stopping temporary server
2026-09-12T08:43:29.454509Z 13 [System] [MY-013172] [Server] Received SHUTDOWN from user root. Shutting down mysqld (Version: 8.4.11).
2026-09-12T08:43:30.456129Z 0 [System] [MY-010910] [Server] /usr/sbin/mysqld: Shutdown complete (mysqld 8.4.11)  MySQL Community Server - GPL.
2026-09-12T08:43:30.456149Z 0 [System] [MY-015016] [Server] MySQL Server - end.
2026-09-12 08:43:30+00:00 [Note] [Entrypoint]: Temporary server stopped

2026-09-12 08:43:30+00:00 [Note] [Entrypoint]: MySQL init process done. Ready for start up.

2026-09-12T08:43:30.475717Z 0 [System] [MY-015015] [Server] MySQL Server - start.
2026-09-12T08:43:30.659946Z 0 [System] [MY-010116] [Server] /usr/sbin/mysqld (mysqld 8.4.11) starting as process 1
2026-09-12T08:43:30.665090Z 1 [System] [MY-013576] [InnoDB] InnoDB initialization has started.
2026-09-12T08:43:30.774032Z 1 [System] [MY-013577] [InnoDB] InnoDB initialization has ended.
2026-09-12T08:43:30.939975Z 0 [Warning] [MY-010068] [Server] CA certificate ca.pem is self signed.
2026-09-12T08:43:30.940004Z 0 [System] [MY-013602] [Server] Channel mysql_main configured to support TLS. Encrypted connections are now supported for this channel.
2026-09-12T08:43:30.941594Z 0 [Warning] [MY-011810] [Server] Insecure configuration for --pid-file: Location '/var/run/mysqld' in the path is accessible to all OS users. Consider choosing a different directory.
2026-09-12T08:43:30.956593Z 0 [System] [MY-011323] [Server] X Plugin ready for connections. Bind-address: '::' port: 33060, socket: /var/run/mysqld/mysqlx.sock
2026-09-12T08:43:30.956691Z 0 [System] [MY-010931] [Server] /usr/sbin/mysqld: ready for connections. Version: '8.4.11'  socket: '/var/run/mysqld/mysqld.sock'  port: 3306  MySQL Community Server - GPL.
2026-09-12T08:44:44.129945Z 0 [System] [MY-013172] [Server] Received SHUTDOWN from user <via user signal>. Shutting down mysqld (Version: 8.4.11).
2026-09-12 08:44:45+00:00 [Note] [Entrypoint]: Entrypoint script for MySQL Server 8.4.11-1.el9 started.
2026-09-12 08:44:45+00:00 [Note] [Entrypoint]: Switching to dedicated user 'mysql'
2026-09-12 08:44:45+00:00 [Note] [Entrypoint]: Entrypoint script for MySQL Server 8.4.11-1.el9 started.
'/var/lib/mysql/mysql.sock' -> '/var/run/mysqld/mysqld.sock'
2026-09-12T08:44:45.970624Z 0 [System] [MY-015015] [Server] MySQL Server - start.
2026-09-12T08:44:46.163877Z 0 [System] [MY-010116] [Server] /usr/sbin/mysqld (mysqld 8.4.11) starting as process 1
2026-09-12T08:44:46.169000Z 1 [System] [MY-013576] [InnoDB] InnoDB initialization has started.
2026-09-12T08:44:47.038824Z 1 [System] [MY-013577] [InnoDB] InnoDB initialization has ended.
2026-09-12T08:44:47.145657Z 0 [System] [MY-010229] [Server] Starting XA crash recovery...
2026-09-12T08:44:47.147245Z 0 [System] [MY-010232] [Server] XA crash recovery finished.
2026-09-12T08:44:47.212800Z 0 [Warning] [MY-010068] [Server] CA certificate ca.pem is self signed.
2026-09-12T08:44:47.212830Z 0 [System] [MY-013602] [Server] Channel mysql_main configured to support TLS. Encrypted connections are now supported for this channel.
2026-09-12T08:44:47.214396Z 0 [Warning] [MY-011810] [Server] Insecure configuration for --pid-file: Location '/var/run/mysqld' in the path is accessible to all OS users. Consider choosing a different directory.
2026-09-12T08:44:47.231179Z 0 [System] [MY-011323] [Server] X Plugin ready for connections. Bind-address: '::' port: 33060, socket: /var/run/mysqld/mysqlx.sock
2026-09-12T08:44:47.231389Z 0 [System] [MY-010931] [Server] /usr/sbin/mysqld: ready for connections. Version: '8.4.11'  socket: '/var/run/mysqld/mysqld.sock'  port: 3306  MySQL Community Server - GPL.
