=== RUN   TestTableReleaseSchemaMigratesExistingTablesAndPreservesSelections
2026/09/11 06:54:35 github.com/testcontainers/testcontainers-go - Connected to docker: 
  Server Version: 29.5.2
  API Version: 1.54
  Operating System: Ubuntu 24.04.4 LTS
  Total Memory: 3904 MB
  Testcontainers for Go Version: v0.44.0
  Resolved Docker Host: unix:///Users/asher/.colima/default/docker.sock
  Resolved Docker Socket Path: /Users/asher/.colima/default/docker.sock
  Test SessionID: fa5d2c289b8c22957d4f5abff52b0d1fd598d71b777facbb28676a7e44c3cb0c
  Test ProcessID: 59d9733c-2f86-438f-9f19-434a58478951
2026/09/11 06:54:35 🐳 Creating container for image mysql:8.4
2026/09/11 06:54:35 ✅ Container created: c67ee1efc084
2026/09/11 06:54:35 🐳 Starting container: c67ee1efc084
2026/09/11 06:54:35 ✅ Container started: c67ee1efc084
2026/09/11 06:54:35 ⏳ Waiting for container id c67ee1efc084 image: mysql:8.4. Waiting for: all of: [log message "port: 3306  MySQL Community Server"]
2026/09/11 06:54:43 🔔 Container is ready: c67ee1efc084
    table_release_schema_integration_test.go:19: both existing table rules need default associations: count=0 err=Error 1146 (42S02): Table 'rcc_test.rcc_table_release_templates' doesn't exist
2026/09/11 06:54:45 🐳 Stopping container: c67ee1efc084
2026/09/11 06:54:46 ✅ Container stopped: c67ee1efc084
2026/09/11 06:54:46 🐳 Terminating container: c67ee1efc084
2026/09/11 06:54:46 🚫 Container terminated: c67ee1efc084
--- FAIL: TestTableReleaseSchemaMigratesExistingTablesAndPreservesSelections (12.68s)
FAIL
FAIL	github.com/asherzj/relational-config-center/admin/cmd/admin	13.384s
FAIL
