=== RUN   TestGenerateAssociationManifest
2026/09/11 06:56:21 github.com/testcontainers/testcontainers-go - Connected to docker: 
  Server Version: 29.5.2
  API Version: 1.54
  Operating System: Ubuntu 24.04.4 LTS
  Total Memory: 3904 MB
  Testcontainers for Go Version: v0.44.0
  Resolved Docker Host: unix:///Users/asher/.colima/default/docker.sock
  Resolved Docker Socket Path: /Users/asher/.colima/default/docker.sock
  Test SessionID: e732fbfadd5c677252268c04f0b66f396a89e12f45057ed70186e0a1751eeacb
  Test ProcessID: 668c3fd0-d38e-497d-9e93-4199bf2c90b8
2026/09/11 06:56:21 🐳 Creating container for image mysql:8.4
2026/09/11 06:56:21 ✅ Container created: 36f266e5c9e4
2026/09/11 06:56:21 🐳 Starting container: 36f266e5c9e4
2026/09/11 06:56:21 ✅ Container started: 36f266e5c9e4
2026/09/11 06:56:21 ⏳ Waiting for container id 36f266e5c9e4 image: mysql:8.4. Waiting for: all of: [log message "port: 3306  MySQL Community Server"]
2026/09/11 06:56:28 🔔 Container is ready: 36f266e5c9e4
2026/09/11 06:56:31 🐳 Stopping container: 36f266e5c9e4
2026/09/11 06:56:32 ✅ Container stopped: 36f266e5c9e4
2026/09/11 06:56:32 🐳 Terminating container: 36f266e5c9e4
2026/09/11 06:56:32 🚫 Container terminated: 36f266e5c9e4
--- PASS: TestGenerateAssociationManifest (11.25s)
PASS
ok  	github.com/asherzj/relational-config-center/admin/cmd/admin	12.098s
