=== RUN   TestTableReleaseSchemaReadinessRejectsMissingEmergencyAssociationReadOnly
2026/09/11 06:59:30 github.com/testcontainers/testcontainers-go - Connected to docker: 
  Server Version: 29.5.2
  API Version: 1.54
  Operating System: Ubuntu 24.04.4 LTS
  Total Memory: 3904 MB
  Testcontainers for Go Version: v0.44.0
  Resolved Docker Host: unix:///Users/asher/.colima/default/docker.sock
  Resolved Docker Socket Path: /Users/asher/.colima/default/docker.sock
  Test SessionID: 14a692a7d97cc286aded3b277b40e85da1f6107de3fd9877f8169a586ca05515
  Test ProcessID: 8a181b5b-d992-4b6d-8c1d-dfd03601e466
2026/09/11 06:59:30 🐳 Creating container for image mysql:8.4
2026/09/11 06:59:30 ✅ Container created: 03df367f7b75
2026/09/11 06:59:30 🐳 Starting container: 03df367f7b75
2026/09/11 06:59:30 ✅ Container started: 03df367f7b75
2026/09/11 06:59:30 ⏳ Waiting for container id 03df367f7b75 image: mysql:8.4. Waiting for: all of: [log message "port: 3306  MySQL Community Server"]
2026/09/11 06:59:36 🔔 Container is ready: 03df367f7b75
    table_release_schema_integration_test.go:49: managed table without emergency association must not be ready: 200 {"status":"ready"}
2026/09/11 06:59:39 🐳 Stopping container: 03df367f7b75
2026/09/11 06:59:40 ✅ Container stopped: 03df367f7b75
2026/09/11 06:59:40 🐳 Terminating container: 03df367f7b75
2026/09/11 06:59:40 🚫 Container terminated: 03df367f7b75
--- FAIL: TestTableReleaseSchemaReadinessRejectsMissingEmergencyAssociationReadOnly (9.88s)
FAIL
FAIL	github.com/asherzj/relational-config-center/admin/cmd/admin	10.603s
FAIL
