=== RUN   TestAccountUpgradeFromLegacyMatchesFreshSchema
2026/09/11 07:19:45 github.com/testcontainers/testcontainers-go - Connected to docker: 
  Server Version: 29.5.2
  API Version: 1.54
  Operating System: Ubuntu 24.04.4 LTS
  Total Memory: 3904 MB
  Testcontainers for Go Version: v0.44.0
  Resolved Docker Host: unix:///Users/asher/.colima/default/docker.sock
  Resolved Docker Socket Path: /Users/asher/.colima/default/docker.sock
  Test SessionID: 2764261be1a1053362e51c86680031de84d21bdace648a57f735540f9dbbdd8b
  Test ProcessID: 075da108-539c-4bb4-90e0-cfea8157e27f
2026/09/11 07:19:45 🐳 Creating container for image mysql:8.4
2026/09/11 07:19:45 ✅ Container created: f420c29d8da5
2026/09/11 07:19:45 🐳 Starting container: f420c29d8da5
2026/09/11 07:19:45 ✅ Container started: f420c29d8da5
2026/09/11 07:19:45 ⏳ Waiting for container id f420c29d8da5 image: mysql:8.4. Waiting for: all of: [log message "port: 3306  MySQL Community Server"]
2026/09/11 07:19:52 🔔 Container is ready: f420c29d8da5
2026/09/11 07:19:59 🐳 Stopping container: f420c29d8da5
2026/09/11 07:20:00 ✅ Container stopped: f420c29d8da5
2026/09/11 07:20:00 🐳 Terminating container: f420c29d8da5
2026/09/11 07:20:00 🚫 Container terminated: f420c29d8da5
--- PASS: TestAccountUpgradeFromLegacyMatchesFreshSchema (15.31s)
=== RUN   TestSchemaBaselineAdoptsCurrentDatabaseWithoutReplayingHistory
2026/09/11 07:20:01 🐳 Creating container for image mysql:8.4
2026/09/11 07:20:01 ✅ Container created: 8d69dd221106
2026/09/11 07:20:01 🐳 Starting container: 8d69dd221106
2026/09/11 07:20:01 ✅ Container started: 8d69dd221106
2026/09/11 07:20:01 ⏳ Waiting for container id 8d69dd221106 image: mysql:8.4. Waiting for: all of: [log message "port: 3306  MySQL Community Server"]
2026/09/11 07:20:07 🔔 Container is ready: 8d69dd221106
{"request_id":"rcc-7e58e43ea4cc13979362b62086574885","method":"GET","path":"/api/v1/auth/session","status":200,"duration_ms":1}
{"request_id":"rcc-ba35ebe19ca96e0f0f61cf2786595a57","method":"GET","path":"/api/v1/release-orders/:id","status":503,"duration_ms":4}
2026/09/11 07:20:09 🐳 Stopping container: 8d69dd221106
2026/09/11 07:20:10 ✅ Container stopped: 8d69dd221106
2026/09/11 07:20:10 🐳 Terminating container: 8d69dd221106
2026/09/11 07:20:10 🚫 Container terminated: 8d69dd221106
--- PASS: TestSchemaBaselineAdoptsCurrentDatabaseWithoutReplayingHistory (9.44s)
=== RUN   TestSchemaReadinessContinuouslyChecksStateAndCompleteStructureReadOnly
2026/09/11 07:20:10 🐳 Creating container for image mysql:8.4
2026/09/11 07:20:10 ✅ Container created: e52b41038c1f
2026/09/11 07:20:10 🐳 Starting container: e52b41038c1f
2026/09/11 07:20:10 ✅ Container started: e52b41038c1f
2026/09/11 07:20:10 ⏳ Waiting for container id e52b41038c1f image: mysql:8.4. Waiting for: all of: [log message "port: 3306  MySQL Community Server"]
2026/09/11 07:20:16 🔔 Container is ready: e52b41038c1f
=== RUN   TestSchemaReadinessContinuouslyChecksStateAndCompleteStructureReadOnly/unmanaged
=== RUN   TestSchemaReadinessContinuouslyChecksStateAndCompleteStructureReadOnly/ahead
=== RUN   TestSchemaReadinessContinuouslyChecksStateAndCompleteStructureReadOnly/unknown
=== RUN   TestSchemaReadinessContinuouslyChecksStateAndCompleteStructureReadOnly/release_digest
=== RUN   TestSchemaReadinessContinuouslyChecksStateAndCompleteStructureReadOnly/missing_column
=== RUN   TestSchemaReadinessContinuouslyChecksStateAndCompleteStructureReadOnly/wrong_default
=== RUN   TestSchemaReadinessContinuouslyChecksStateAndCompleteStructureReadOnly/missing_index
=== RUN   TestSchemaReadinessContinuouslyChecksStateAndCompleteStructureReadOnly/missing_field_policy
=== RUN   TestSchemaReadinessContinuouslyChecksStateAndCompleteStructureReadOnly/missing_release_templates
=== RUN   TestSchemaReadinessContinuouslyChecksStateAndCompleteStructureReadOnly/release_template_unique_key
=== RUN   TestSchemaReadinessContinuouslyChecksStateAndCompleteStructureReadOnly/release_template_check
=== RUN   TestSchemaReadinessContinuouslyChecksStateAndCompleteStructureReadOnly/missing_default_emergency_template
=== RUN   TestSchemaReadinessContinuouslyChecksStateAndCompleteStructureReadOnly/field_policy_unique_key
=== RUN   TestSchemaReadinessContinuouslyChecksStateAndCompleteStructureReadOnly/field_policy_check
=== RUN   TestSchemaReadinessContinuouslyChecksStateAndCompleteStructureReadOnly/unenforced_check
=== RUN   TestSchemaReadinessContinuouslyChecksStateAndCompleteStructureReadOnly/wrong_engine
=== RUN   TestSchemaReadinessContinuouslyChecksStateAndCompleteStructureReadOnly/empty_roles
=== RUN   TestSchemaReadinessContinuouslyChecksStateAndCompleteStructureReadOnly/unknown_role
=== RUN   TestSchemaReadinessContinuouslyChecksStateAndCompleteStructureReadOnly/zero_role_version
=== RUN   TestSchemaReadinessContinuouslyChecksStateAndCompleteStructureReadOnly/journal_engine
=== RUN   TestSchemaReadinessContinuouslyChecksStateAndCompleteStructureReadOnly/journal_column
=== RUN   TestSchemaReadinessContinuouslyChecksStateAndCompleteStructureReadOnly/older_unconfirmed_attempt
=== RUN   TestSchemaReadinessContinuouslyChecksStateAndCompleteStructureReadOnly/missing_required_metadata
2026/09/11 07:20:25 🐳 Stopping container: e52b41038c1f
2026/09/11 07:20:27 ✅ Container stopped: e52b41038c1f
2026/09/11 07:20:27 🐳 Terminating container: e52b41038c1f
2026/09/11 07:20:27 🚫 Container terminated: e52b41038c1f
--- PASS: TestSchemaReadinessContinuouslyChecksStateAndCompleteStructureReadOnly (16.83s)
    --- PASS: TestSchemaReadinessContinuouslyChecksStateAndCompleteStructureReadOnly/unmanaged (0.15s)
    --- PASS: TestSchemaReadinessContinuouslyChecksStateAndCompleteStructureReadOnly/ahead (0.13s)
    --- PASS: TestSchemaReadinessContinuouslyChecksStateAndCompleteStructureReadOnly/unknown (0.13s)
    --- PASS: TestSchemaReadinessContinuouslyChecksStateAndCompleteStructureReadOnly/release_digest (0.14s)
    --- PASS: TestSchemaReadinessContinuouslyChecksStateAndCompleteStructureReadOnly/missing_column (0.19s)
    --- PASS: TestSchemaReadinessContinuouslyChecksStateAndCompleteStructureReadOnly/wrong_default (0.17s)
    --- PASS: TestSchemaReadinessContinuouslyChecksStateAndCompleteStructureReadOnly/missing_index (0.18s)
    --- PASS: TestSchemaReadinessContinuouslyChecksStateAndCompleteStructureReadOnly/missing_field_policy (0.22s)
    --- PASS: TestSchemaReadinessContinuouslyChecksStateAndCompleteStructureReadOnly/missing_release_templates (0.22s)
    --- PASS: TestSchemaReadinessContinuouslyChecksStateAndCompleteStructureReadOnly/release_template_unique_key (0.26s)
    --- PASS: TestSchemaReadinessContinuouslyChecksStateAndCompleteStructureReadOnly/release_template_check (0.29s)
    --- PASS: TestSchemaReadinessContinuouslyChecksStateAndCompleteStructureReadOnly/missing_default_emergency_template (0.21s)
    --- PASS: TestSchemaReadinessContinuouslyChecksStateAndCompleteStructureReadOnly/field_policy_unique_key (0.22s)
    --- PASS: TestSchemaReadinessContinuouslyChecksStateAndCompleteStructureReadOnly/field_policy_check (0.23s)
    --- PASS: TestSchemaReadinessContinuouslyChecksStateAndCompleteStructureReadOnly/unenforced_check (0.20s)
    --- PASS: TestSchemaReadinessContinuouslyChecksStateAndCompleteStructureReadOnly/wrong_engine (0.17s)
    --- PASS: TestSchemaReadinessContinuouslyChecksStateAndCompleteStructureReadOnly/empty_roles (0.22s)
    --- PASS: TestSchemaReadinessContinuouslyChecksStateAndCompleteStructureReadOnly/unknown_role (0.22s)
    --- PASS: TestSchemaReadinessContinuouslyChecksStateAndCompleteStructureReadOnly/zero_role_version (0.22s)
    --- PASS: TestSchemaReadinessContinuouslyChecksStateAndCompleteStructureReadOnly/journal_engine (0.15s)
    --- PASS: TestSchemaReadinessContinuouslyChecksStateAndCompleteStructureReadOnly/journal_column (0.13s)
    --- PASS: TestSchemaReadinessContinuouslyChecksStateAndCompleteStructureReadOnly/older_unconfirmed_attempt (0.14s)
    --- PASS: TestSchemaReadinessContinuouslyChecksStateAndCompleteStructureReadOnly/missing_required_metadata (0.22s)
PASS
ok  	github.com/asherzj/relational-config-center/admin/cmd/admin	45.053s
