=== RUN   TestTableReleaseTemplateHTTPRejectsMissingTableAndNonAdmin
2026/09/11 06:48:54 github.com/testcontainers/testcontainers-go - Connected to docker: 
  Server Version: 29.5.2
  API Version: 1.54
  Operating System: Ubuntu 24.04.4 LTS
  Total Memory: 3904 MB
  Testcontainers for Go Version: v0.44.0
  Resolved Docker Host: unix:///Users/asher/.colima/default/docker.sock
  Resolved Docker Socket Path: /Users/asher/.colima/default/docker.sock
  Test SessionID: 97b1d9d3545a2a78a20bdc5eea13e29cd353c80d4af5c7b64ca76edd301af64e
  Test ProcessID: 7804e3bf-ded5-4162-9bde-070ae2a35dad
2026/09/11 06:48:54 🐳 Creating container for image mysql:8.4
2026/09/11 06:48:54 ✅ Container created: 2e051759c977
2026/09/11 06:48:54 🐳 Starting container: 2e051759c977
2026/09/11 06:48:54 ✅ Container started: 2e051759c977
2026/09/11 06:48:54 ⏳ Waiting for container id 2e051759c977 image: mysql:8.4. Waiting for: all of: [log message "port: 3306  MySQL Community Server"]
2026/09/11 06:49:01 🔔 Container is ready: 2e051759c977
{"request_id":"rcc-192577aceed3b7a61723cc71f7b70f24","method":"GET","path":"/api/v1/auth/csrf","status":200,"duration_ms":8}
{"request_id":"rcc-5a9dd29b7b89e29cedf1a306260c3874","method":"POST","path":"/api/v1/auth/register","status":201,"duration_ms":46}
{"request_id":"rcc-67919f509a877c6edbfeb58a53b52aae","method":"GET","path":"/api/v1/auth/csrf","status":200,"duration_ms":6}
{"request_id":"rcc-f712062dbecc1d379a741d771eefc849","method":"POST","path":"/api/v1/auth/login","status":200,"duration_ms":56}
{"request_id":"rcc-a72e1a4797fb4b35cf02f2d1c1879a19","method":"GET","path":"unmatched","status":404,"duration_ms":0}
    table_release_template_integration_test.go:14: expected error code "table_policy_not_found", got "route_not_found": {"error":{"code":"route_not_found","message":"route not found","request_id":"rcc-a72e1a4797fb4b35cf02f2d1c1879a19"}}
2026/09/11 06:49:01 🐳 Stopping container: 2e051759c977
2026/09/11 06:49:03 ✅ Container stopped: 2e051759c977
2026/09/11 06:49:03 🐳 Terminating container: 2e051759c977
2026/09/11 06:49:03 🚫 Container terminated: 2e051759c977
--- FAIL: TestTableReleaseTemplateHTTPRejectsMissingTableAndNonAdmin (9.42s)
FAIL
FAIL	github.com/asherzj/relational-config-center/admin/cmd/admin	10.367s
FAIL
