=== RUN   TestGenerateIntegratedTemplateManifests
2026/09/11 15:17:10 github.com/testcontainers/testcontainers-go - Connected to docker: 
  Server Version: 29.5.2
  API Version: 1.54
  Operating System: Ubuntu 24.04.4 LTS
  Total Memory: 3904 MB
  Testcontainers for Go Version: v0.44.0
  Resolved Docker Host: unix:///Users/asher/.colima/default/docker.sock
  Resolved Docker Socket Path: /Users/asher/.colima/default/docker.sock
  Test SessionID: 30f70199ddd40debdd6fcde2d3f43a45116521b86e9029cfd6ff99ed35c1f293
  Test ProcessID: d088b121-770c-47a9-95d4-6faa3f4db1af
2026/09/11 15:17:10 🐳 Creating container for image mysql:8.4
2026/09/11 15:17:10 ✅ Container created: 5fa3b0b7f1a6
2026/09/11 15:17:10 🐳 Starting container: 5fa3b0b7f1a6
2026/09/11 15:17:10 ✅ Container started: 5fa3b0b7f1a6
2026/09/11 15:17:10 ⏳ Waiting for container id 5fa3b0b7f1a6 image: mysql:8.4. Waiting for: all of: [log message "port: 3306  MySQL Community Server"]
2026/09/11 15:17:17 🔔 Container is ready: 5fa3b0b7f1a6
    template_final_manifest_generator_integration_test.go:61: captured actual MySQL cumulative manifest 10: 28 control tables
    template_final_manifest_generator_integration_test.go:61: captured actual MySQL cumulative manifest 11: 29 control tables
2026/09/11 15:17:21 🐳 Stopping container: 5fa3b0b7f1a6
2026/09/11 15:17:22 ✅ Container stopped: 5fa3b0b7f1a6
2026/09/11 15:17:22 🐳 Terminating container: 5fa3b0b7f1a6
2026/09/11 15:17:22 🚫 Container terminated: 5fa3b0b7f1a6
--- PASS: TestGenerateIntegratedTemplateManifests (12.14s)
PASS
ok  	github.com/asherzj/relational-config-center/admin/cmd/admin	14.281s
