=== RUN   TestAccountUpgradeFromLegacyMatchesFreshSchema
2026/09/11 15:29:20 github.com/testcontainers/testcontainers-go - Connected to docker: 
  Server Version: 29.5.2
  API Version: 1.54
  Operating System: Ubuntu 24.04.4 LTS
  Total Memory: 3904 MB
  Testcontainers for Go Version: v0.44.0
  Resolved Docker Host: unix:///Users/asher/.colima/default/docker.sock
  Resolved Docker Socket Path: /Users/asher/.colima/default/docker.sock
  Test SessionID: 927fd6400a4f5a148229a33d3174e3c47a88a9eac788a51f405d890ed2c7c390
  Test ProcessID: e0b08caf-5530-4308-9799-7f9572923ece
2026/09/11 15:29:20 🐳 Creating container for image mysql:8.4
2026/09/11 15:29:20 ✅ Container created: b66f84538812
2026/09/11 15:29:20 🐳 Starting container: b66f84538812
2026/09/11 15:29:20 ✅ Container started: b66f84538812
2026/09/11 15:29:20 ⏳ Waiting for container id b66f84538812 image: mysql:8.4. Waiting for: all of: [log message "port: 3306  MySQL Community Server"]
2026/09/11 15:29:27 🔔 Container is ready: b66f84538812
2026/09/11 15:29:38 🐳 Stopping container: b66f84538812
2026/09/11 15:29:39 ✅ Container stopped: b66f84538812
2026/09/11 15:29:39 🐳 Terminating container: b66f84538812
2026/09/11 15:29:39 🚫 Container terminated: b66f84538812
--- PASS: TestAccountUpgradeFromLegacyMatchesFreshSchema (19.16s)
=== RUN   TestLegacyApproverFormalCutover
2026/09/11 15:29:41 🐳 Creating container for image mysql:8.4
2026/09/11 15:29:41 ✅ Container created: e0b7dffec671
2026/09/11 15:29:41 🐳 Starting container: e0b7dffec671
2026/09/11 15:29:41 ✅ Container started: e0b7dffec671
2026/09/11 15:29:41 ⏳ Waiting for container id e0b7dffec671 image: mysql:8.4. Waiting for: all of: [log message "port: 3306  MySQL Community Server"]
2026/09/11 15:29:47 🔔 Container is ready: e0b7dffec671
2026/09/11 15:29:55 🐳 Stopping container: e0b7dffec671
2026/09/11 15:29:56 ✅ Container stopped: e0b7dffec671
2026/09/11 15:29:56 🐳 Terminating container: e0b7dffec671
2026/09/11 15:29:56 🚫 Container terminated: e0b7dffec671
--- PASS: TestLegacyApproverFormalCutover (16.78s)
=== RUN   TestLegacyApproverCurrentInputRejectsRetiredGrants
2026/09/11 15:29:56 🐳 Creating container for image mysql:8.4
2026/09/11 15:29:56 ✅ Container created: 4a45c635990d
2026/09/11 15:29:56 🐳 Starting container: 4a45c635990d
2026/09/11 15:29:56 ✅ Container started: 4a45c635990d
2026/09/11 15:29:56 ⏳ Waiting for container id 4a45c635990d image: mysql:8.4. Waiting for: all of: [log message "port: 3306  MySQL Community Server"]
2026/09/11 15:30:04 🔔 Container is ready: 4a45c635990d
{"request_id":"rcc-29fa079043611492711e3106aa5e3be9","method":"GET","path":"/api/v1/auth/csrf","status":200,"duration_ms":8}
{"request_id":"rcc-2909526890ff4fd679f7a9e4cb700a88","method":"POST","path":"/api/v1/auth/register","status":201,"duration_ms":48}
{"request_id":"rcc-034e42ef0f99a98d2840dbd1f8803b0c","method":"GET","path":"/api/v1/auth/csrf","status":200,"duration_ms":6}
{"request_id":"rcc-444f7ea7241749a1e15ede0876242071","method":"POST","path":"/api/v1/auth/register","status":201,"duration_ms":47}
{"request_id":"rcc-d2965e21411f75fb91d84e48ade4fd4a","method":"PUT","path":"/api/v1/account-roles/:id","status":422,"duration_ms":1}
{"request_id":"rcc-5026c3976319db01b634c45bebfad2af","method":"PUT","path":"/api/v1/account-roles/:id","status":422,"duration_ms":1}
{"request_id":"rcc-c405a66580adf49eecf5fb5ebb238b23","method":"PUT","path":"/api/v1/account-roles/:id","status":422,"duration_ms":0}
2026/09/11 15:30:07 🐳 Stopping container: 4a45c635990d
2026/09/11 15:30:08 ✅ Container stopped: 4a45c635990d
2026/09/11 15:30:08 🐳 Terminating container: 4a45c635990d
2026/09/11 15:30:08 🚫 Container terminated: 4a45c635990d
--- PASS: TestLegacyApproverCurrentInputRejectsRetiredGrants (11.80s)
=== RUN   TestLegacyApproverCutoverRecovery
2026/09/11 15:30:10 🐳 Creating container for image mysql:8.4
2026/09/11 15:30:10 ✅ Container created: 34dd4647e191
2026/09/11 15:30:10 🐳 Starting container: 34dd4647e191
2026/09/11 15:30:10 ✅ Container started: 34dd4647e191
2026/09/11 15:30:10 ⏳ Waiting for container id 34dd4647e191 image: mysql:8.4. Waiting for: all of: [log message "port: 3306  MySQL Community Server"]
2026/09/11 15:30:17 🔔 Container is ready: 34dd4647e191
=== RUN   TestLegacyApproverCutoverRecovery/statement_rollback
=== RUN   TestLegacyApproverCutoverRecovery/data_committed_before_goose
=== RUN   TestLegacyApproverCutoverRecovery/goose_committed_before_confirmation
2026/09/11 15:30:30 🐳 Stopping container: 34dd4647e191
2026/09/11 15:30:32 ✅ Container stopped: 34dd4647e191
2026/09/11 15:30:32 🐳 Terminating container: 34dd4647e191
2026/09/11 15:30:32 🚫 Container terminated: 34dd4647e191
--- PASS: TestLegacyApproverCutoverRecovery (24.12s)
    --- PASS: TestLegacyApproverCutoverRecovery/statement_rollback (5.57s)
    --- PASS: TestLegacyApproverCutoverRecovery/data_committed_before_goose (3.96s)
    --- PASS: TestLegacyApproverCutoverRecovery/goose_committed_before_confirmation (4.10s)
=== RUN   TestLegacyApproverInvalidDataAndMaintenanceBoundary
2026/09/11 15:30:33 🐳 Creating container for image mysql:8.4
2026/09/11 15:30:33 ✅ Container created: 3b5e9bd8ec24
2026/09/11 15:30:33 🐳 Starting container: 3b5e9bd8ec24
2026/09/11 15:30:34 ✅ Container started: 3b5e9bd8ec24
2026/09/11 15:30:34 ⏳ Waiting for container id 3b5e9bd8ec24 image: mysql:8.4. Waiting for: all of: [log message "port: 3306  MySQL Community Server"]
2026/09/11 15:30:40 🔔 Container is ready: 3b5e9bd8ec24
2026/09/11 15:30:48 🐳 Stopping container: 3b5e9bd8ec24
2026/09/11 15:30:49 ✅ Container stopped: 3b5e9bd8ec24
2026/09/11 15:30:49 🐳 Terminating container: 3b5e9bd8ec24
2026/09/11 15:30:49 🚫 Container terminated: 3b5e9bd8ec24
--- PASS: TestLegacyApproverInvalidDataAndMaintenanceBoundary (17.31s)
=== RUN   TestLegacyApproverCutoverPreservesLiveResponsibilityAndCompletedApproval
2026/09/11 15:30:49 🐳 Creating container for image mysql:8.4
2026/09/11 15:30:49 ✅ Container created: 5126bd7c0a41
2026/09/11 15:30:49 🐳 Starting container: 5126bd7c0a41
2026/09/11 15:30:49 ✅ Container started: 5126bd7c0a41
2026/09/11 15:30:49 ⏳ Waiting for container id 5126bd7c0a41 image: mysql:8.4. Waiting for: all of: [log message "port: 3306  MySQL Community Server"]
2026/09/11 15:30:56 🔔 Container is ready: 5126bd7c0a41
{"request_id":"rcc-d95eeae02f4c9b25b9e62f7b84f66897","method":"GET","path":"/api/v1/auth/csrf","status":200,"duration_ms":6}
{"request_id":"rcc-3d64da358e753b7cfaf4401a2431b5de","method":"POST","path":"/api/v1/auth/register","status":201,"duration_ms":46}
{"request_id":"rcc-eef615dfaf7612e8a2e1a593d577f0ab","method":"GET","path":"/api/v1/auth/csrf","status":200,"duration_ms":5}
{"request_id":"rcc-86be556edd0d5360960604795266effb","method":"POST","path":"/api/v1/auth/login","status":200,"duration_ms":53}
{"request_id":"rcc-9c0766f9f8a6e18da5751ff9b9c9e226","method":"GET","path":"/api/v1/table-policies/:table_name/release-templates","status":200,"duration_ms":2}
{"request_id":"rcc-d556088fb5126f4b81473a2662f42d81","method":"PUT","path":"/api/v1/table-policies/:table_name/release-templates/:release_type","status":200,"duration_ms":8}
{"request_id":"rcc-d3cdd3beb35cad6a074135db2eddb38a","method":"GET","path":"/api/v1/auth/csrf","status":200,"duration_ms":5}
{"request_id":"rcc-bf862f848cbd12805aa33802bf36ee93","method":"POST","path":"/api/v1/auth/register","status":201,"duration_ms":45}
{"request_id":"rcc-e5706f06d83679b4afce6c638775d56a","method":"POST","path":"/api/v1/approval-roles","status":201,"duration_ms":13}
{"request_id":"rcc-23753c732e448a23d47ad9da25bc2f54","method":"GET","path":"/api/v1/table-policies/:table_name/approval-roles","status":200,"duration_ms":3}
{"request_id":"rcc-b10c70d9386c3cc7f34478f5ab30e821","method":"PUT","path":"/api/v1/table-policies/:table_name/approval-roles","status":200,"duration_ms":15}
{"request_id":"rcc-4a04421fe0c1ac85f9d66c3309ba4401","method":"POST","path":"/api/v1/release-orders","status":201,"duration_ms":30}
{"request_id":"rcc-fef684659c172897b81299548f123f6a","method":"POST","path":"/api/v1/release-orders/:id/submit","status":200,"duration_ms":65}
{"request_id":"rcc-dd3ac6dcda5a9941f174ab96dd83b2ab","method":"GET","path":"/api/v1/release-orders/:id","status":200,"duration_ms":6}
{"request_id":"rcc-1f2a9bdc405463639fc5ad634dcee8a7","method":"POST","path":"/api/v1/release-orders/:id/approve","status":200,"duration_ms":27}
{"request_id":"rcc-027234a546d33cd824540fc0e2a91cb2","method":"POST","path":"/api/v1/release-orders","status":201,"duration_ms":28}
{"request_id":"rcc-c3e4296c44bc1e95e8dc69aa838864fb","method":"POST","path":"/api/v1/release-orders/:id/submit","status":200,"duration_ms":63}
{"request_id":"rcc-c1b1e416ec2fce0a871eb2d0a7816ec6","method":"GET","path":"/api/v1/approval-notifications","status":200,"duration_ms":1}
{"request_id":"rcc-18cc22aed65110d0e119446009ef1202","method":"GET","path":"/api/v1/release-orders/:id","status":200,"duration_ms":6}
{"request_id":"rcc-83c959d6988ade748a68849e956e0ae7","method":"GET","path":"/api/v1/approval-notifications","status":200,"duration_ms":2}
{"request_id":"rcc-caea33438f913801d252ff9611753b1d","method":"GET","path":"/api/v1/release-orders/:id","status":200,"duration_ms":9}
{"request_id":"rcc-ee2715b668887f36889c48e478bb3ff6","method":"GET","path":"/api/v1/release-orders/:id","status":200,"duration_ms":9}
{"request_id":"rcc-5b569bd0640fb9131eb2b2fbef7feada","method":"GET","path":"/api/v1/release-orders/:id","status":200,"duration_ms":9}
{"request_id":"rcc-ac575b89db9f8032412a9bbf84a37ffb","method":"GET","path":"/api/v1/release-orders/:id","status":200,"duration_ms":9}
{"request_id":"rcc-37e9d3fa32662ee99e96c9d8e4667c62","method":"POST","path":"/api/v1/release-orders/:id/approve","status":200,"duration_ms":28}
{"request_id":"rcc-fe2215a7fdc3a1cf58df909e8ec4a026","method":"GET","path":"/api/v1/approval-notifications","status":200,"duration_ms":1}
2026/09/11 15:31:04 🐳 Stopping container: 5126bd7c0a41
2026/09/11 15:31:05 ✅ Container stopped: 5126bd7c0a41
2026/09/11 15:31:05 🐳 Terminating container: 5126bd7c0a41
2026/09/11 15:31:05 🚫 Container terminated: 5126bd7c0a41
--- PASS: TestLegacyApproverCutoverPreservesLiveResponsibilityAndCompletedApproval (15.79s)
=== RUN   TestSchemaBaselineAdoptsCurrentDatabaseWithoutReplayingHistory
2026/09/11 15:31:05 🐳 Creating container for image mysql:8.4
2026/09/11 15:31:06 ✅ Container created: d0420bb02448
2026/09/11 15:31:06 🐳 Starting container: d0420bb02448
2026/09/11 15:31:06 ✅ Container started: d0420bb02448
2026/09/11 15:31:06 ⏳ Waiting for container id d0420bb02448 image: mysql:8.4. Waiting for: all of: [log message "port: 3306  MySQL Community Server"]
2026/09/11 15:31:13 🔔 Container is ready: d0420bb02448
{"request_id":"rcc-1546ebe7c42991c5b3a4dc6b9d0dc3fa","method":"GET","path":"/api/v1/auth/session","status":200,"duration_ms":1}
{"request_id":"rcc-b3f2c1b63477a5e92a71b49ab6059e3d","method":"GET","path":"/api/v1/release-orders/:id","status":503,"duration_ms":4}
2026/09/11 15:31:20 🐳 Stopping container: d0420bb02448
2026/09/11 15:31:21 ✅ Container stopped: d0420bb02448
2026/09/11 15:31:21 🐳 Terminating container: d0420bb02448
2026/09/11 15:31:21 🚫 Container terminated: d0420bb02448
--- PASS: TestSchemaBaselineAdoptsCurrentDatabaseWithoutReplayingHistory (16.04s)
=== RUN   TestSchemaReadinessContinuouslyChecksStateAndCompleteStructureReadOnly
2026/09/11 15:31:21 🐳 Creating container for image mysql:8.4
2026/09/11 15:31:21 ✅ Container created: cbb9e96114c0
2026/09/11 15:31:21 🐳 Starting container: cbb9e96114c0
2026/09/11 15:31:21 ✅ Container started: cbb9e96114c0
2026/09/11 15:31:21 ⏳ Waiting for container id cbb9e96114c0 image: mysql:8.4. Waiting for: all of: [log message "port: 3306  MySQL Community Server"]
2026/09/11 15:31:27 🔔 Container is ready: cbb9e96114c0
=== RUN   TestSchemaReadinessContinuouslyChecksStateAndCompleteStructureReadOnly/unmanaged
=== RUN   TestSchemaReadinessContinuouslyChecksStateAndCompleteStructureReadOnly/ahead
=== RUN   TestSchemaReadinessContinuouslyChecksStateAndCompleteStructureReadOnly/unknown
=== RUN   TestSchemaReadinessContinuouslyChecksStateAndCompleteStructureReadOnly/release_digest
=== RUN   TestSchemaReadinessContinuouslyChecksStateAndCompleteStructureReadOnly/missing_column
=== RUN   TestSchemaReadinessContinuouslyChecksStateAndCompleteStructureReadOnly/wrong_default
=== RUN   TestSchemaReadinessContinuouslyChecksStateAndCompleteStructureReadOnly/missing_index
=== RUN   TestSchemaReadinessContinuouslyChecksStateAndCompleteStructureReadOnly/missing_field_policy
=== RUN   TestSchemaReadinessContinuouslyChecksStateAndCompleteStructureReadOnly/missing_approval_notifications
=== RUN   TestSchemaReadinessContinuouslyChecksStateAndCompleteStructureReadOnly/missing_release_templates
=== RUN   TestSchemaReadinessContinuouslyChecksStateAndCompleteStructureReadOnly/release_template_unique_key
=== RUN   TestSchemaReadinessContinuouslyChecksStateAndCompleteStructureReadOnly/release_template_check
=== RUN   TestSchemaReadinessContinuouslyChecksStateAndCompleteStructureReadOnly/missing_default_emergency_template
=== RUN   TestSchemaReadinessContinuouslyChecksStateAndCompleteStructureReadOnly/field_policy_unique_key
=== RUN   TestSchemaReadinessContinuouslyChecksStateAndCompleteStructureReadOnly/field_policy_check
=== RUN   TestSchemaReadinessContinuouslyChecksStateAndCompleteStructureReadOnly/unenforced_check
=== RUN   TestSchemaReadinessContinuouslyChecksStateAndCompleteStructureReadOnly/wrong_engine
=== RUN   TestSchemaReadinessContinuouslyChecksStateAndCompleteStructureReadOnly/empty_roles
=== RUN   TestSchemaReadinessContinuouslyChecksStateAndCompleteStructureReadOnly/unknown_role
=== RUN   TestSchemaReadinessContinuouslyChecksStateAndCompleteStructureReadOnly/retired_role_4
=== RUN   TestSchemaReadinessContinuouslyChecksStateAndCompleteStructureReadOnly/retired_role_12
=== RUN   TestSchemaReadinessContinuouslyChecksStateAndCompleteStructureReadOnly/retired_role_20
=== RUN   TestSchemaReadinessContinuouslyChecksStateAndCompleteStructureReadOnly/retired_role_31
=== RUN   TestSchemaReadinessContinuouslyChecksStateAndCompleteStructureReadOnly/zero_role_version
=== RUN   TestSchemaReadinessContinuouslyChecksStateAndCompleteStructureReadOnly/journal_engine
=== RUN   TestSchemaReadinessContinuouslyChecksStateAndCompleteStructureReadOnly/journal_column
=== RUN   TestSchemaReadinessContinuouslyChecksStateAndCompleteStructureReadOnly/older_unconfirmed_attempt
=== RUN   TestSchemaReadinessContinuouslyChecksStateAndCompleteStructureReadOnly/missing_required_metadata
2026/09/11 15:31:39 🐳 Stopping container: cbb9e96114c0
2026/09/11 15:31:41 ✅ Container stopped: cbb9e96114c0
2026/09/11 15:31:41 🐳 Terminating container: cbb9e96114c0
2026/09/11 15:31:41 🚫 Container terminated: cbb9e96114c0
--- PASS: TestSchemaReadinessContinuouslyChecksStateAndCompleteStructureReadOnly (19.66s)
    --- PASS: TestSchemaReadinessContinuouslyChecksStateAndCompleteStructureReadOnly/unmanaged (0.16s)
    --- PASS: TestSchemaReadinessContinuouslyChecksStateAndCompleteStructureReadOnly/ahead (0.15s)
    --- PASS: TestSchemaReadinessContinuouslyChecksStateAndCompleteStructureReadOnly/unknown (0.16s)
    --- PASS: TestSchemaReadinessContinuouslyChecksStateAndCompleteStructureReadOnly/release_digest (0.18s)
    --- PASS: TestSchemaReadinessContinuouslyChecksStateAndCompleteStructureReadOnly/missing_column (0.23s)
    --- PASS: TestSchemaReadinessContinuouslyChecksStateAndCompleteStructureReadOnly/wrong_default (0.18s)
    --- PASS: TestSchemaReadinessContinuouslyChecksStateAndCompleteStructureReadOnly/missing_index (0.21s)
    --- PASS: TestSchemaReadinessContinuouslyChecksStateAndCompleteStructureReadOnly/missing_field_policy (0.25s)
    --- PASS: TestSchemaReadinessContinuouslyChecksStateAndCompleteStructureReadOnly/missing_approval_notifications (0.18s)
    --- PASS: TestSchemaReadinessContinuouslyChecksStateAndCompleteStructureReadOnly/missing_release_templates (0.26s)
    --- PASS: TestSchemaReadinessContinuouslyChecksStateAndCompleteStructureReadOnly/release_template_unique_key (0.28s)
    --- PASS: TestSchemaReadinessContinuouslyChecksStateAndCompleteStructureReadOnly/release_template_check (0.28s)
    --- PASS: TestSchemaReadinessContinuouslyChecksStateAndCompleteStructureReadOnly/missing_default_emergency_template (0.25s)
    --- PASS: TestSchemaReadinessContinuouslyChecksStateAndCompleteStructureReadOnly/field_policy_unique_key (0.25s)
    --- PASS: TestSchemaReadinessContinuouslyChecksStateAndCompleteStructureReadOnly/field_policy_check (0.27s)
    --- PASS: TestSchemaReadinessContinuouslyChecksStateAndCompleteStructureReadOnly/unenforced_check (0.23s)
    --- PASS: TestSchemaReadinessContinuouslyChecksStateAndCompleteStructureReadOnly/wrong_engine (0.20s)
    --- PASS: TestSchemaReadinessContinuouslyChecksStateAndCompleteStructureReadOnly/empty_roles (0.26s)
    --- PASS: TestSchemaReadinessContinuouslyChecksStateAndCompleteStructureReadOnly/unknown_role (0.26s)
    --- PASS: TestSchemaReadinessContinuouslyChecksStateAndCompleteStructureReadOnly/retired_role_4 (0.25s)
    --- PASS: TestSchemaReadinessContinuouslyChecksStateAndCompleteStructureReadOnly/retired_role_12 (0.25s)
    --- PASS: TestSchemaReadinessContinuouslyChecksStateAndCompleteStructureReadOnly/retired_role_20 (0.25s)
    --- PASS: TestSchemaReadinessContinuouslyChecksStateAndCompleteStructureReadOnly/retired_role_31 (0.25s)
    --- PASS: TestSchemaReadinessContinuouslyChecksStateAndCompleteStructureReadOnly/zero_role_version (0.26s)
    --- PASS: TestSchemaReadinessContinuouslyChecksStateAndCompleteStructureReadOnly/journal_engine (0.17s)
    --- PASS: TestSchemaReadinessContinuouslyChecksStateAndCompleteStructureReadOnly/journal_column (0.17s)
    --- PASS: TestSchemaReadinessContinuouslyChecksStateAndCompleteStructureReadOnly/older_unconfirmed_attempt (0.16s)
    --- PASS: TestSchemaReadinessContinuouslyChecksStateAndCompleteStructureReadOnly/missing_required_metadata (0.26s)
=== RUN   TestSchemaReadinessRejectsKnownOldRelease
2026/09/11 15:31:41 🐳 Creating container for image mysql:8.4
2026/09/11 15:31:41 ✅ Container created: 66ac7bf7a593
2026/09/11 15:31:41 🐳 Starting container: 66ac7bf7a593
2026/09/11 15:31:41 ✅ Container started: 66ac7bf7a593
2026/09/11 15:31:41 ⏳ Waiting for container id 66ac7bf7a593 image: mysql:8.4. Waiting for: all of: [log message "port: 3306  MySQL Community Server"]
2026/09/11 15:31:47 🔔 Container is ready: 66ac7bf7a593
    schema_readiness_integration_test.go:189: reinstalling empty Testcontainers database rcc_test through formal v1 schema-migrate
2026/09/11 15:31:58 🐳 Stopping container: 66ac7bf7a593
2026/09/11 15:31:59 ✅ Container stopped: 66ac7bf7a593
2026/09/11 15:31:59 🐳 Terminating container: 66ac7bf7a593
2026/09/11 15:31:59 🚫 Container terminated: 66ac7bf7a593
--- PASS: TestSchemaReadinessRejectsKnownOldRelease (18.57s)
=== RUN   TestTableApprovalSchemaRecoversUpgradeWithoutChangingExistingFacts
2026/09/11 15:32:01 🐳 Creating container for image mysql:8.4
2026/09/11 15:32:01 ✅ Container created: e02e8d1af75a
2026/09/11 15:32:01 🐳 Starting container: e02e8d1af75a
2026/09/11 15:32:01 ✅ Container started: e02e8d1af75a
2026/09/11 15:32:01 ⏳ Waiting for container id e02e8d1af75a image: mysql:8.4. Waiting for: all of: [log message "port: 3306  MySQL Community Server"]
2026/09/11 15:32:07 🔔 Container is ready: e02e8d1af75a
{"request_id":"rcc-24696a259f1fff6e2030000ee17a8f34","method":"GET","path":"/api/v1/auth/csrf","status":200,"duration_ms":6}
{"request_id":"rcc-6368a86485829f2f3d7d166fc002a5d1","method":"POST","path":"/api/v1/auth/register","status":201,"duration_ms":45}
{"request_id":"rcc-589cf8d9f2aeffd3d60d4dceffb08d5f","method":"GET","path":"/api/v1/auth/csrf","status":200,"duration_ms":6}
{"request_id":"rcc-fa3d19251aa096bef36c5beb6c09c496","method":"POST","path":"/api/v1/auth/login","status":200,"duration_ms":53}
{"request_id":"rcc-383fa5350652e04d97a87e71c8f27a56","method":"GET","path":"/api/v1/database-tables","status":200,"duration_ms":4}
{"request_id":"rcc-209d66acf972dd25171d558d87981a58","method":"GET","path":"/api/v1/database-tables/:table_name","status":404,"duration_ms":3}
{"request_id":"rcc-849cc32ea9cf4a2246b9203dc6198e7f","method":"POST","path":"/api/v1/tables/:table_name/query","status":403,"duration_ms":0}
{"request_id":"rcc-dd1e0abeb5e09dc856211dbab0c24315","method":"POST","path":"/api/v1/release-orders","status":403,"duration_ms":5}
{"request_id":"rcc-7e14b5b85d07fc5d03b7b5988d1fe563","method":"GET","path":"/api/v1/database-tables/:table_name","status":404,"duration_ms":3}
{"request_id":"rcc-5f18f4df29c3e56e0d88f33377a42152","method":"POST","path":"/api/v1/tables/:table_name/query","status":403,"duration_ms":0}
{"request_id":"rcc-b1c60a4dd3c386b48db5a8cf19af8ce9","method":"POST","path":"/api/v1/release-orders","status":403,"duration_ms":5}
2026/09/11 15:32:19 🐳 Stopping container: e02e8d1af75a
2026/09/11 15:32:20 ✅ Container stopped: e02e8d1af75a
2026/09/11 15:32:20 🐳 Terminating container: e02e8d1af75a
2026/09/11 15:32:20 🚫 Container terminated: e02e8d1af75a
--- PASS: TestTableApprovalSchemaRecoversUpgradeWithoutChangingExistingFacts (20.76s)
=== RUN   TestTemplateApprovalSchemaPreservesPublishedRolesAndChecksCompleteReadiness
2026/09/11 15:32:20 🐳 Creating container for image mysql:8.4
2026/09/11 15:32:20 ✅ Container created: bbb6f22feabd
2026/09/11 15:32:20 🐳 Starting container: bbb6f22feabd
2026/09/11 15:32:20 ✅ Container started: bbb6f22feabd
2026/09/11 15:32:20 ⏳ Waiting for container id bbb6f22feabd image: mysql:8.4. Waiting for: all of: [log message "port: 3306  MySQL Community Server"]
2026/09/11 15:32:26 🔔 Container is ready: bbb6f22feabd
=== RUN   TestTemplateApprovalSchemaPreservesPublishedRolesAndChecksCompleteReadiness/rcc_approval_roles
=== RUN   TestTemplateApprovalSchemaPreservesPublishedRolesAndChecksCompleteReadiness/rcc_approval_role_members
=== RUN   TestTemplateApprovalSchemaPreservesPublishedRolesAndChecksCompleteReadiness/rcc_approval_role_requests
=== RUN   TestTemplateApprovalSchemaPreservesPublishedRolesAndChecksCompleteReadiness/rcc_approval_role_references
=== RUN   TestTemplateApprovalSchemaPreservesPublishedRolesAndChecksCompleteReadiness/rcc_table_approval_assignments
=== RUN   TestTemplateApprovalSchemaPreservesPublishedRolesAndChecksCompleteReadiness/rcc_table_approval_requests
2026/09/11 15:32:38 🐳 Stopping container: bbb6f22feabd
2026/09/11 15:32:39 ✅ Container stopped: bbb6f22feabd
2026/09/11 15:32:39 🐳 Terminating container: bbb6f22feabd
2026/09/11 15:32:39 🚫 Container terminated: bbb6f22feabd
--- PASS: TestTemplateApprovalSchemaPreservesPublishedRolesAndChecksCompleteReadiness (18.69s)
    --- PASS: TestTemplateApprovalSchemaPreservesPublishedRolesAndChecksCompleteReadiness/rcc_approval_roles (0.10s)
    --- PASS: TestTemplateApprovalSchemaPreservesPublishedRolesAndChecksCompleteReadiness/rcc_approval_role_members (0.10s)
    --- PASS: TestTemplateApprovalSchemaPreservesPublishedRolesAndChecksCompleteReadiness/rcc_approval_role_requests (0.10s)
    --- PASS: TestTemplateApprovalSchemaPreservesPublishedRolesAndChecksCompleteReadiness/rcc_approval_role_references (0.09s)
    --- PASS: TestTemplateApprovalSchemaPreservesPublishedRolesAndChecksCompleteReadiness/rcc_table_approval_assignments (0.15s)
    --- PASS: TestTemplateApprovalSchemaPreservesPublishedRolesAndChecksCompleteReadiness/rcc_table_approval_requests (0.16s)
=== RUN   TestTemplateApprovalSchemaRecoversCatalogSeedFromFormalNine
2026/09/11 15:32:40 🐳 Creating container for image mysql:8.4
2026/09/11 15:32:40 ✅ Container created: f88b29306c01
2026/09/11 15:32:40 🐳 Starting container: f88b29306c01
2026/09/11 15:32:40 ✅ Container started: f88b29306c01
2026/09/11 15:32:40 ⏳ Waiting for container id f88b29306c01 image: mysql:8.4. Waiting for: all of: [log message "port: 3306  MySQL Community Server"]
2026/09/11 15:32:46 🔔 Container is ready: f88b29306c01
2026/09/11 15:32:52 🐳 Stopping container: f88b29306c01
2026/09/11 15:32:53 ✅ Container stopped: f88b29306c01
2026/09/11 15:32:53 🐳 Terminating container: f88b29306c01
2026/09/11 15:32:53 🚫 Container terminated: f88b29306c01
--- PASS: TestTemplateApprovalSchemaRecoversCatalogSeedFromFormalNine (14.24s)
PASS
ok  	github.com/asherzj/relational-config-center/admin/cmd/admin	215.386s
