2026/09/11 05:08:00 github.com/testcontainers/testcontainers-go - Connected to docker: 
  Server Version: 29.5.2
  API Version: 1.54
  Operating System: Ubuntu 24.04.4 LTS
  Total Memory: 3904 MB
  Testcontainers for Go Version: v0.44.0
  Resolved Docker Host: unix:///Users/asher/.colima/default/docker.sock
  Resolved Docker Socket Path: /Users/asher/.colima/default/docker.sock
  Test SessionID: 746820721bbd5e4e225d7fa3c714310744dedfc354bc3b2173c8d13629fe594a
  Test ProcessID: 5f8a7d0c-8102-4527-aeec-4f5bb773e08f
2026/09/11 05:08:00 🐳 Creating container for image mysql:8.4
2026/09/11 05:08:00 ✅ Container created: 7349ef7df165
2026/09/11 05:08:01 🐳 Starting container: 7349ef7df165
2026/09/11 05:08:01 ✅ Container started: 7349ef7df165
2026/09/11 05:08:01 ⏳ Waiting for container id 7349ef7df165 image: mysql:8.4. Waiting for: all of: [log message "port: 3306  MySQL Community Server"]
2026/09/11 05:08:07 🔔 Container is ready: 7349ef7df165
{"request_id":"rcc-60da29f69b71f4835ef590df50690b0a","method":"GET","path":"/api/v1/auth/csrf","status":200,"duration_ms":7}
{"request_id":"rcc-0a48e6d313a228f6142e881c2d8ac4bf","method":"POST","path":"/api/v1/auth/register","status":201,"duration_ms":45}
{"request_id":"rcc-314b7399ab25ddddcedc399379cfd1b8","method":"GET","path":"/api/v1/auth/csrf","status":200,"duration_ms":5}
{"request_id":"rcc-dd5fc569469f9a62f71ddcaccadb147f","method":"POST","path":"/api/v1/auth/login","status":200,"duration_ms":53}
{"request_id":"rcc-c35c16571baa25bea1a0bb01bc575278","method":"POST","path":"/api/v1/release-templates","status":201,"duration_ms":6}
{"request_id":"rcc-0326fa560f4e9c122f2bb41b56c14ebe","method":"PUT","path":"/api/v1/release-templates/:code","status":200,"duration_ms":4}
{"request_id":"rcc-0a309940922083cbc83e20e94c03a087","method":"PUT","path":"/api/v1/release-templates/:code","status":409,"duration_ms":4}
2026/09/11 05:08:08 🐳 Stopping container: 7349ef7df165
2026/09/11 05:08:09 ✅ Container stopped: 7349ef7df165
2026/09/11 05:08:09 🐳 Terminating container: 7349ef7df165
2026/09/11 05:08:09 🚫 Container terminated: 7349ef7df165
--- FAIL: TestReleaseTemplateHTTPReplaysCommittedReplacementAfterLaterChanges (9.03s)
    release_template_integration_test.go:118: committed replacement must replay its original response: first=200 {"code":"ordinary_release_v1","created_at":"2026-09-10T21:08:08.217Z","creator":"a566748a-d246-4073-9cf9-db67653f83b5","description":"按表审批后发布并完结","enabled":true,"modifier":"a566748a-d246-4073-9cf9-db67653f83b5","monitor_list":[],"name":"首次保存","node_list":[{"code":"approval","name":"按表审批","required_role":"TABLE_APPROVER","type":"APPROVAL"},{"code":"publication","name":"发布","required_role":"PUBLISHER","type":"PUBLICATION"},{"code":"completion","name":"完结","required_role":"PUBLISHER","type":"COMPLETION"}],"type":"STANDARD","updated_at":"2026-09-10T21:08:08.222Z","version":"2"} replay=409 {"error":{"code":"release_template_conflict","message":"release template has changed; review the latest version","request_id":"rcc-0a309940922083cbc83e20e94c03a087"}}
FAIL
FAIL	github.com/asherzj/relational-config-center/admin/cmd/admin	9.794s
FAIL
