=== RUN   TestReleaseTemplateHTTPProtectsEmergencyAndRejectsInvalidNodes
2026/09/11 05:24:54 github.com/testcontainers/testcontainers-go - Connected to docker: 
  Server Version: 29.5.2
  API Version: 1.54
  Operating System: Ubuntu 24.04.4 LTS
  Total Memory: 3904 MB
  Testcontainers for Go Version: v0.44.0
  Resolved Docker Host: unix:///Users/asher/.colima/default/docker.sock
  Resolved Docker Socket Path: /Users/asher/.colima/default/docker.sock
  Test SessionID: 2f349929d9de4f7f1b15618f25546b45d0a7a3dfec4a8ded6e336b20b43b81e6
  Test ProcessID: ba155f17-2960-4b0b-8824-33bdf9e8b324
2026/09/11 05:24:54 🐳 Creating container for image mysql:8.4
2026/09/11 05:24:54 ✅ Container created: e3f48f3d7afd
2026/09/11 05:24:54 🐳 Starting container: e3f48f3d7afd
2026/09/11 05:24:54 ✅ Container started: e3f48f3d7afd
2026/09/11 05:24:54 ⏳ Waiting for container id e3f48f3d7afd image: mysql:8.4. Waiting for: all of: [log message "port: 3306  MySQL Community Server"]
2026/09/11 05:25:00 🔔 Container is ready: e3f48f3d7afd
{"request_id":"rcc-f9d9106fc10452654a6aeca73162d5d4","method":"GET","path":"/api/v1/auth/csrf","status":200,"duration_ms":7}
{"request_id":"rcc-3fde90ca64d757224782d25dd1a23f3f","method":"POST","path":"/api/v1/auth/register","status":201,"duration_ms":45}
{"request_id":"rcc-f6022461cbf7281019ba974ec152b099","method":"GET","path":"/api/v1/auth/csrf","status":200,"duration_ms":5}
{"request_id":"rcc-938234443176f9d2eb391b3801178728","method":"POST","path":"/api/v1/auth/login","status":200,"duration_ms":53}
{"request_id":"rcc-aa9800809fd04d96008612074efe5185","method":"POST","path":"/api/v1/release-templates","status":422,"duration_ms":0}
{"request_id":"rcc-c5ea339928acd8a3637abbda6a6ebc45","method":"POST","path":"/api/v1/release-templates/:code/disable","status":409,"duration_ms":4}
{"request_id":"rcc-c4e0ea7ecd44af316b2e40b9e98e33fe","method":"DELETE","path":"/api/v1/release-templates/:code","status":409,"duration_ms":3}
{"request_id":"rcc-7262fd0f9c447c643d20baa7a11cac3f","method":"PUT","path":"/api/v1/release-templates/:code","status":422,"duration_ms":0}
{"request_id":"rcc-e00577cebb9880fe37961516963786e1","method":"PUT","path":"/api/v1/release-templates/:code","status":422,"duration_ms":4}
{"request_id":"rcc-a621719c37fdd3a3738204f18e9d056b","method":"PUT","path":"/api/v1/release-templates/:code","status":422,"duration_ms":0}
{"request_id":"rcc-e6dffcbf83695cb242c14a017b9d52bd","method":"GET","path":"/api/v1/release-templates/:code","status":200,"duration_ms":1}
2026/09/11 05:25:01 🐳 Stopping container: e3f48f3d7afd
2026/09/11 05:25:03 ✅ Container stopped: e3f48f3d7afd
2026/09/11 05:25:03 🐳 Terminating container: e3f48f3d7afd
2026/09/11 05:25:03 🚫 Container terminated: e3f48f3d7afd
--- PASS: TestReleaseTemplateHTTPProtectsEmergencyAndRejectsInvalidNodes (8.93s)
PASS
ok  	github.com/asherzj/relational-config-center/admin/cmd/admin	9.676s
