2026/09/11 05:14:10 github.com/testcontainers/testcontainers-go - Connected to docker: 
  Server Version: 29.5.2
  API Version: 1.54
  Operating System: Ubuntu 24.04.4 LTS
  Total Memory: 3904 MB
  Testcontainers for Go Version: v0.44.0
  Resolved Docker Host: unix:///Users/asher/.colima/default/docker.sock
  Resolved Docker Socket Path: /Users/asher/.colima/default/docker.sock
  Test SessionID: b91daf2e9a2e2b571e6fa2329da3fc0424e73321cbdbfe910015ba2909e7dd82
  Test ProcessID: 2860ab7e-a358-4f90-8181-79932a6042c0
2026/09/11 05:14:10 🐳 Creating container for image mysql:8.4
2026/09/11 05:14:10 ✅ Container created: a66498d24344
2026/09/11 05:14:10 🐳 Starting container: a66498d24344
2026/09/11 05:14:10 ✅ Container started: a66498d24344
2026/09/11 05:14:10 ⏳ Waiting for container id a66498d24344 image: mysql:8.4. Waiting for: all of: [log message "port: 3306  MySQL Community Server"]
2026/09/11 05:14:16 🔔 Container is ready: a66498d24344
{"request_id":"rcc-073547eb447ae701a0a4f079f1099cbd","method":"GET","path":"/api/v1/auth/csrf","status":200,"duration_ms":6}
{"request_id":"rcc-e7e918031f851dcaf1417a4fb43391f4","method":"POST","path":"/api/v1/auth/register","status":201,"duration_ms":46}
{"request_id":"rcc-cb64208040bb9c49c415b8f48cbfd31f","method":"GET","path":"/api/v1/auth/csrf","status":200,"duration_ms":5}
{"request_id":"rcc-f28c34c256899d7759c57e6a6fe5fd82","method":"POST","path":"/api/v1/auth/login","status":200,"duration_ms":53}
{"request_id":"rcc-a3baaacb98cbcde854314f5aa793f923","method":"DELETE","path":"/api/v1/release-templates/:code","status":204,"duration_ms":7}
2026/09/11 05:14:17 🐳 Stopping container: a66498d24344
2026/09/11 05:14:19 ✅ Container stopped: a66498d24344
2026/09/11 05:14:19 🐳 Terminating container: a66498d24344
2026/09/11 05:14:19 🚫 Container terminated: a66498d24344
--- FAIL: TestReleaseTemplateHTTPStandardDeletionKeepsReadOnlyReadiness (8.86s)
    release_template_integration_test.go:223: GET /health/ready: expected 200 {"status":"ready"}, got 503 {"status":"not_ready"}
FAIL
FAIL	github.com/asherzj/relational-config-center/admin/cmd/admin	9.790s
FAIL
