2026/09/11 05:10:42 github.com/testcontainers/testcontainers-go - Connected to docker: 
  Server Version: 29.5.2
  API Version: 1.54
  Operating System: Ubuntu 24.04.4 LTS
  Total Memory: 3904 MB
  Testcontainers for Go Version: v0.44.0
  Resolved Docker Host: unix:///Users/asher/.colima/default/docker.sock
  Resolved Docker Socket Path: /Users/asher/.colima/default/docker.sock
  Test SessionID: 15bc8b98ccc93cf8d41ca66e09f2720b94488db4c23525918462b900e549befb
  Test ProcessID: a6cce573-63eb-44a5-9f2b-d3e088fd0e76
2026/09/11 05:10:42 🐳 Creating container for image mysql:8.4
2026/09/11 05:10:42 ✅ Container created: d6efe93ddf24
2026/09/11 05:10:42 🐳 Starting container: d6efe93ddf24
2026/09/11 05:10:42 ✅ Container started: d6efe93ddf24
2026/09/11 05:10:42 ⏳ Waiting for container id d6efe93ddf24 image: mysql:8.4. Waiting for: all of: [log message "port: 3306  MySQL Community Server"]
2026/09/11 05:10:48 🔔 Container is ready: d6efe93ddf24
{"request_id":"rcc-bdd8885da13f9bf467c2a71d788d2661","method":"GET","path":"/api/v1/auth/csrf","status":200,"duration_ms":6}
{"request_id":"rcc-a0f1df115d5eca5360443bd0c0d7b9f7","method":"POST","path":"/api/v1/auth/register","status":201,"duration_ms":53}
{"request_id":"rcc-699abc0cfccd80b4ec18b36b99bcfba3","method":"GET","path":"/api/v1/auth/csrf","status":200,"duration_ms":4}
{"request_id":"rcc-b8dfd51d75d855334c15347e7ec47acc","method":"POST","path":"/api/v1/auth/login","status":200,"duration_ms":52}
{"request_id":"rcc-411f1d660303654de79aec732653573c","method":"POST","path":"/api/v1/release-templates","status":201,"duration_ms":6}
{"request_id":"rcc-2cf68cffd8abb4a9a7a76d2fc98daacf","method":"POST","path":"/api/v1/release-templates/:code/disable","status":200,"duration_ms":4}
{"request_id":"rcc-6500c9e7ee0cba9349ec2c6bca7a5804","method":"POST","path":"/api/v1/release-templates/:code/disable","status":409,"duration_ms":3}
2026/09/11 05:10:49 🐳 Stopping container: d6efe93ddf24
2026/09/11 05:10:50 ✅ Container stopped: d6efe93ddf24
2026/09/11 05:10:50 🐳 Terminating container: d6efe93ddf24
2026/09/11 05:10:50 🚫 Container terminated: d6efe93ddf24
--- FAIL: TestReleaseTemplateHTTPReplaysEnableAndDisableWithoutChangingLaterState (7.83s)
    release_template_integration_test.go:150: disable replay changed original result: 409 {"error":{"code":"release_template_conflict","message":"release template has changed; review the latest version","request_id":"rcc-6500c9e7ee0cba9349ec2c6bca7a5804"}}
FAIL
FAIL	github.com/asherzj/relational-config-center/admin/cmd/admin	8.738s
FAIL
