Installing pinned Web dependencies and required Playwright browsers...
Lockfile is up to date, resolution step is skipped
Already up to date

Done in 430ms using pnpm v10.28.2
Building the Web preview artifact...

> @relational-config-center/web@0.0.0 build /private/tmp/rcc-issue-106-release-template-final/web
> tsc --noEmit && vite build

vite v8.2.2 building client environment for production...
transforming...
✓ 2158 modules transformed.
rendering chunks...
computing gzip size...
dist/index.html                             0.74 kB │ gzip:   0.40 kB
dist/assets/index-D9Rwu6Cy.css             86.46 kB │ gzip:  16.70 kB
dist/assets/rolldown-runtime-CbXtAM7H.js    0.58 kB │ gzip:   0.36 kB
dist/assets/react-DXf84zf0.js             189.60 kB │ gzip:  59.62 kB
dist/assets/vendor-B5DI7EYn.js            359.58 kB │ gzip: 112.44 kB
dist/assets/index-BODSflcK.js             364.92 kB │ gzip:  99.95 kB

✓ built in 253ms
Verifying timeout cleanup against a TERM-resistant descendant...
✔ kills the process group when its leader exits on TERM (1245.498084ms)
ℹ tests 1
ℹ suites 0
ℹ pass 1
ℹ fail 0
ℹ cancelled 0
ℹ skipped 0
ℹ todo 0
ℹ duration_ms 1300.537083
Starting disposable MySQL 8.4 container rcc-browser-1789121045-76851-mysql...
Building and applying the current Goose control schema...
{"state":"current","current":11,"required":11,"pending":[],"attempt_id":11,"attempt_version":11,"attempt_digest":"2e51f69bd9fc53e0de693a6e28fa26e547fb640740c9210b830b6f820c182963","attempt_operation":"up"}
Loading deploy/mysql/local-fixture/002-notification-templates.sql...
Granting the disposable Admin account publication metadata access...
Building and starting Admin on a dynamic loopback port...
Starting Web preview on a different dynamic loopback port...
{"files":["docs/verification/fixtures/stage1_acceptance.sql","web/e2e/fixtures/stage1-policies.sql","admin/cmd/admin/testdata/014-batch-browser.sql","admin/cmd/admin/testdata/015-draft-targets-browser.sql","admin/cmd/admin/testdata/016-multitable-browser.sql","web/e2e/fixtures/release-rollbacks.sql","web/e2e/fixtures/field-display.sql"],"added":["field_display_browser_items","stage1_acceptance_items","stage1_rollback_chromium_items","stage1_rollback_firefox_items","stage1_rollback_webkit_items"],"associations":[{"created_at":"2026-09-11T10:04:28.791Z","creator":"f1a45295-29e3-4bb2-82b8-066ec5f03261","enabled":true,"modifier":"f1a45295-29e3-4bb2-82b8-066ec5f03261","table_name":"field_display_browser_items","template_code":"default_standard_v1","template_enabled":true,"template_name":"默认常规发布","type":"STANDARD","updated_at":"2026-09-11T10:04:28.791Z","version":"1"},{"created_at":"2026-09-11T10:04:28.804Z","creator":"f1a45295-29e3-4bb2-82b8-066ec5f03261","enabled":true,"modifier":"f1a45295-29e3-4bb2-82b8-066ec5f03261","table_name":"field_display_browser_items","template_code":"default_emergency_v1","template_enabled":true,"template_name":"默认应急发布","type":"EMERGENCY","updated_at":"2026-09-11T10:04:28.804Z","version":"1"},{"created_at":"2026-09-11T10:04:28.821Z","creator":"f1a45295-29e3-4bb2-82b8-066ec5f03261","enabled":true,"modifier":"f1a45295-29e3-4bb2-82b8-066ec5f03261","table_name":"stage1_acceptance_items","template_code":"default_standard_v1","template_enabled":true,"template_name":"默认常规发布","type":"STANDARD","updated_at":"2026-09-11T10:04:28.821Z","version":"1"},{"created_at":"2026-09-11T10:04:28.833Z","creator":"f1a45295-29e3-4bb2-82b8-066ec5f03261","enabled":true,"modifier":"f1a45295-29e3-4bb2-82b8-066ec5f03261","table_name":"stage1_acceptance_items","template_code":"default_emergency_v1","template_enabled":true,"template_name":"默认应急发布","type":"EMERGENCY","updated_at":"2026-09-11T10:04:28.833Z","version":"1"},{"created_at":"2026-09-11T10:04:28.859Z","creator":"f1a45295-29e3-4bb2-82b8-066ec5f03261","enabled":true,"modifier":"f1a45295-29e3-4bb2-82b8-066ec5f03261","table_name":"stage1_rollback_chromium_items","template_code":"default_standard_v1","template_enabled":true,"template_name":"默认常规发布","type":"STANDARD","updated_at":"2026-09-11T10:04:28.859Z","version":"1"},{"created_at":"2026-09-11T10:04:28.87Z","creator":"f1a45295-29e3-4bb2-82b8-066ec5f03261","enabled":true,"modifier":"f1a45295-29e3-4bb2-82b8-066ec5f03261","table_name":"stage1_rollback_chromium_items","template_code":"default_emergency_v1","template_enabled":true,"template_name":"默认应急发布","type":"EMERGENCY","updated_at":"2026-09-11T10:04:28.87Z","version":"1"},{"created_at":"2026-09-11T10:04:28.887Z","creator":"f1a45295-29e3-4bb2-82b8-066ec5f03261","enabled":true,"modifier":"f1a45295-29e3-4bb2-82b8-066ec5f03261","table_name":"stage1_rollback_firefox_items","template_code":"default_standard_v1","template_enabled":true,"template_name":"默认常规发布","type":"STANDARD","updated_at":"2026-09-11T10:04:28.887Z","version":"1"},{"created_at":"2026-09-11T10:04:28.898Z","creator":"f1a45295-29e3-4bb2-82b8-066ec5f03261","enabled":true,"modifier":"f1a45295-29e3-4bb2-82b8-066ec5f03261","table_name":"stage1_rollback_firefox_items","template_code":"default_emergency_v1","template_enabled":true,"template_name":"默认应急发布","type":"EMERGENCY","updated_at":"2026-09-11T10:04:28.898Z","version":"1"},{"created_at":"2026-09-11T10:04:28.915Z","creator":"f1a45295-29e3-4bb2-82b8-066ec5f03261","enabled":true,"modifier":"f1a45295-29e3-4bb2-82b8-066ec5f03261","table_name":"stage1_rollback_webkit_items","template_code":"default_standard_v1","template_enabled":true,"template_name":"默认常规发布","type":"STANDARD","updated_at":"2026-09-11T10:04:28.915Z","version":"1"},{"created_at":"2026-09-11T10:04:28.927Z","creator":"f1a45295-29e3-4bb2-82b8-066ec5f03261","enabled":true,"modifier":"f1a45295-29e3-4bb2-82b8-066ec5f03261","table_name":"stage1_rollback_webkit_items","template_code":"default_emergency_v1","template_enabled":true,"template_name":"默认应急发布","type":"EMERGENCY","updated_at":"2026-09-11T10:04:28.927Z","version":"1"}]}
Running draft targets (chromium)...
PASS 管理员按真实字段配置组合及单字段键；自增、生成和自动字段不可选
PASS 编辑者创建空草稿，增量添加25项后使用同一整单版本
PASS 第2页只提交指定明细；数据库等价冲突显示表、单号、申请人并保留输入
PASS 两个真实窗口冲突重建保留本次输入及他人未触及明细；390px可键盘排序
PASS 未结束明细阻止配置变更；管理员取消他人的遗留草稿后释放引用
{"checks":["管理员按真实字段配置组合及单字段键；自增、生成和自动字段不可选","编辑者创建空草稿，增量添加25项后使用同一整单版本","第2页只提交指定明细；数据库等价冲突显示表、单号、申请人并保留输入","两个真实窗口冲突重建保留本次输入及他人未触及明细；390px可键盘排序","未结束明细阻止配置变更；管理员取消他人的遗留草稿后释放引用"]}
Running multi-table original order (chromium)...
PASS 管理员在设置页为同一后续多表发布链路配置管控键
PASS 无起始表空单从明细加入两表同ID，25项分页编辑和390px键盘全局排序
PASS 同名字段按实际所属表展示当前标签，列表隐藏规则不隐藏实际 before/final
PASS 独立审批后25项整单发布，原单倒序恢复并切换申请/原发布/恢复三类结果
PASS 同一原单贯通管理员管控键、真实分页多表草稿、独立审批发布、原单恢复和实际执行人原因补填
PASS 两表目标在草稿取消、拒绝、已批准管理员取消后可重新占用，整单完结关闭回滚
PASS 复制核对两表当前基线，晚表冲突显示表/占用单/申请人并保留确认内容，成功后双向关联
PASS 重新准备从确认页原子生成实际操作者草稿，新旧双向关联且新草稿重新独立审批
PASS 真实应用9MiB正文保存丢响应，刷新/撤权/账号切换后原key与全文恢复同一草稿
PASS 持久化失败前零业务发送且保留输入，日志读取失败不阻断账号或无关只读页面
{"checks":["管理员在设置页为同一后续多表发布链路配置管控键","无起始表空单从明细加入两表同ID，25项分页编辑和390px键盘全局排序","同名字段按实际所属表展示当前标签，列表隐藏规则不隐藏实际 before/final","独立审批后25项整单发布，原单倒序恢复并切换申请/原发布/恢复三类结果","同一原单贯通管理员管控键、真实分页多表草稿、独立审批发布、原单恢复和实际执行人原因补填","两表目标在草稿取消、拒绝、已批准管理员取消后可重新占用，整单完结关闭回滚","复制核对两表当前基线，晚表冲突显示表/占用单/申请人并保留确认内容，成功后双向关联","重新准备从确认页原子生成实际操作者草稿，新旧双向关联且新草稿重新独立审批","真实应用9MiB正文保存丢响应，刷新/撤权/账号切换后原key与全文恢复同一草稿","持久化失败前零业务发送且保留输入，日志读取失败不阻断账号或无关只读页面"],"original_order_journey":{"order_id":"e1dc69b0a0d136aa5d6af8d0f72a69ee","publication_execution":"e1dc69b0a0d136aa5d6af8d0f72a69ee:PUBLICATION","rollback_execution":"e1dc69b0a0d136aa5d6af8d0f72a69ee:ROLLBACK","reason_actor":"b9f7e717-1e55-4814-bdd9-bdc776cc3b57","configured_keys":{"multitable_browser_a":["label"],"multitable_browser_b":["label"]},"review_pages":[{"path":"/api/v1/release-orders/e1dc69b0a0d136aa5d6af8d0f72a69ee/details","version":"1","offset":"0","limit":"20"},{"path":"/api/v1/release-orders/e1dc69b0a0d136aa5d6af8d0f72a69ee/details","version":"1","offset":"0","limit":"20"},{"path":"/api/v1/release-orders/e1dc69b0a0d136aa5d6af8d0f72a69ee/details","version":"2","offset":"0","limit":"20"},{"path":"/api/v1/release-orders/e1dc69b0a0d136aa5d6af8d0f72a69ee/details","version":"2","offset":"0","limit":"20"},{"path":"/api/v1/release-orders/e1dc69b0a0d136aa5d6af8d0f72a69ee/details","version":"3","offset":"0","limit":"20"},{"path":"/api/v1/release-orders/e1dc69b0a0d136aa5d6af8d0f72a69ee/details","version":"4","offset":"0","limit":"20"},{"path":"/api/v1/release-orders/e1dc69b0a0d136aa5d6af8d0f72a69ee/details","version":"4","offset":"0","limit":"100"},{"path":"/api/v1/release-orders/e1dc69b0a0d136aa5d6af8d0f72a69ee/details","version":"5","offset":"0","limit":"20"},{"path":"/api/v1/release-orders/e1dc69b0a0d136aa5d6af8d0f72a69ee/details","version":"5","offset":"0","limit":"20"},{"path":"/api/v1/release-orders/e1dc69b0a0d136aa5d6af8d0f72a69ee/details","version":"5","offset":"0","limit":"20"},{"path":"/api/v1/release-orders/e1dc69b0a0d136aa5d6af8d0f72a69ee/details","version":"6","offset":"0","limit":"20"},{"path":"/api/v1/release-orders/e1dc69b0a0d136aa5d6af8d0f72a69ee/details","version":"6","offset":"0","limit":"20"},{"path":"/api/v1/release-orders/e1dc69b0a0d136aa5d6af8d0f72a69ee/details","version":"6","offset":"0","limit":"20"},{"path":"/api/v1/release-orders/e1dc69b0a0d136aa5d6af8d0f72a69ee/details","version":"6","offset":"20","limit":"20"},{"path":"/api/v1/release-orders/e1dc69b0a0d136aa5d6af8d0f72a69ee/details","version":"7","offset":"0","limit":"20"},{"path":"/api/v1/release-orders/e1dc69b0a0d136aa5d6af8d0f72a69ee/details","version":"7","offset":"0","limit":"20"},{"path":"/api/v1/release-orders/e1dc69b0a0d136aa5d6af8d0f72a69ee/details","version":"7","offset":"0","limit":"20"},{"path":"/api/v1/release-orders/e1dc69b0a0d136aa5d6af8d0f72a69ee/details","version":"8","offset":"0","limit":"20"},{"path":"/api/v1/release-orders/e1dc69b0a0d136aa5d6af8d0f72a69ee/details","version":"8","offset":"20","limit":"20"},{"path":"/api/v1/release-orders/e1dc69b0a0d136aa5d6af8d0f72a69ee/details","version":"9","offset":"20","limit":"20"},{"path":"/api/v1/release-orders/e1dc69b0a0d136aa5d6af8d0f72a69ee/details","version":"10","offset":"20","limit":"20"},{"path":"/api/v1/release-orders/e1dc69b0a0d136aa5d6af8d0f72a69ee/details","version":"10","offset":"0","limit":"20"},{"path":"/api/v1/release-orders/c88877471e7dc68048734b503f862622/details","version":"3","offset":"0","limit":"20"},{"path":"/api/v1/release-orders/c88877471e7dc68048734b503f862622/details","version":"3","offset":"0","limit":"100"},{"path":"/api/v1/release-orders/c88877471e7dc68048734b503f862622/details","version":"3","offset":"0","limit":"100"},{"path":"/api/v1/release-orders/3e123d69b6c252cdec8ec33c2a19ae1c/details","version":"1","offset":"0","limit":"20"},{"path":"/api/v1/release-orders/c88877471e7dc68048734b503f862622/details","version":"4","offset":"0","limit":"20"},{"path":"/api/v1/release-orders/3e123d69b6c252cdec8ec33c2a19ae1c/details","version":"1","offset":"0","limit":"20"},{"path":"/api/v1/release-orders/05e2e8a069a79edb2c6cf7db8402b5ad/details","version":"3","offset":"0","limit":"20"},{"path":"/api/v1/release-orders/05e2e8a069a79edb2c6cf7db8402b5ad/details","version":"3","offset":"0","limit":"100"},{"path":"/api/v1/release-orders/082ee1aefa050d1630fde11b6778cdd4/details","version":"1","offset":"0","limit":"20"},{"path":"/api/v1/release-orders/05e2e8a069a79edb2c6cf7db8402b5ad/details","version":"4","offset":"0","limit":"20"},{"path":"/api/v1/release-orders/082ee1aefa050d1630fde11b6778cdd4/details","version":"1","offset":"0","limit":"20"},{"path":"/api/v1/release-orders/082ee1aefa050d1630fde11b6778cdd4/details","version":"1","offset":"0","limit":"20"},{"path":"/api/v1/release-orders/082ee1aefa050d1630fde11b6778cdd4/details","version":"2","offset":"0","limit":"20"},{"path":"/api/v1/release-orders/082ee1aefa050d1630fde11b6778cdd4/details","version":"2","offset":"0","limit":"20"},{"path":"/api/v1/release-orders/082ee1aefa050d1630fde11b6778cdd4/details","version":"2","offset":"0","limit":"20"},{"path":"/api/v1/release-orders/082ee1aefa050d1630fde11b6778cdd4/details","version":"3","offset":"0","limit":"20"}]},"session_checks":[{"account_id":"b9f7e717-1e55-4814-bdd9-bdc776cc3b57","roles":["EDITOR","PUBLISHER"],"username":"e2e.a80fac5f4bfbbf36160c","workspace_ready":true},{"account_id":"b9f7e717-1e55-4814-bdd9-bdc776cc3b57","roles":["VIEWER"],"username":"e2e.a80fac5f4bfbbf36160c","workspace_ready":true},{"account_id":"36d22197-7fb1-48a7-ba13-7851f7a40bb2","roles":["VIEWER"],"username":"e2e.926e26bc9c588354806d","workspace_ready":true},{"account_id":"b9f7e717-1e55-4814-bdd9-bdc776cc3b57","roles":["EDITOR","PUBLISHER"],"username":"e2e.a80fac5f4bfbbf36160c","workspace_ready":true}],"large_request":{"bytes":9437321,"sha256":"6098606ac814f10f3d22bd183bb731c053f66e16b29418200766bbc76e798606","same_key":true,"same_order":true,"account_isolation":true},"storage_unavailable":{"calls":1,"injected":true}}
Running rollback reason history (chromium)...
PASS applicant, forward publisher and unrelated viewer have no rollback reason edit entry
PASS recorded rollback executor keeps the optional editor as VIEWER and saves through the keyboard at 390px
PASS administrator correction preserves input after a lost response and manually replays the same key and body with two actor-bound revisions
{"checks":["applicant, forward publisher and unrelated viewer have no rollback reason edit entry","recorded rollback executor keeps the optional editor as VIEWER and saves through the keyboard at 390px","administrator correction preserves input after a lost response and manually replays the same key and body with two actor-bound revisions"]}
Running draft targets (firefox)...
PASS 管理员按真实字段配置组合及单字段键；自增、生成和自动字段不可选
PASS 编辑者创建空草稿，增量添加25项后使用同一整单版本
PASS 第2页只提交指定明细；数据库等价冲突显示表、单号、申请人并保留输入
PASS 两个真实窗口冲突重建保留本次输入及他人未触及明细；390px可键盘排序
PASS 未结束明细阻止配置变更；管理员取消他人的遗留草稿后释放引用
{"checks":["管理员按真实字段配置组合及单字段键；自增、生成和自动字段不可选","编辑者创建空草稿，增量添加25项后使用同一整单版本","第2页只提交指定明细；数据库等价冲突显示表、单号、申请人并保留输入","两个真实窗口冲突重建保留本次输入及他人未触及明细；390px可键盘排序","未结束明细阻止配置变更；管理员取消他人的遗留草稿后释放引用"]}
Running multi-table original order (firefox)...
PASS 管理员在设置页为同一后续多表发布链路配置管控键
PASS 无起始表空单从明细加入两表同ID，25项分页编辑和390px键盘全局排序
PASS 同名字段按实际所属表展示当前标签，列表隐藏规则不隐藏实际 before/final
PASS 独立审批后25项整单发布，原单倒序恢复并切换申请/原发布/恢复三类结果
PASS 同一原单贯通管理员管控键、真实分页多表草稿、独立审批发布、原单恢复和实际执行人原因补填
PASS 两表目标在草稿取消、拒绝、已批准管理员取消后可重新占用，整单完结关闭回滚
PASS 复制核对两表当前基线，晚表冲突显示表/占用单/申请人并保留确认内容，成功后双向关联
PASS 重新准备从确认页原子生成实际操作者草稿，新旧双向关联且新草稿重新独立审批
PASS 真实应用9MiB正文保存丢响应，刷新/撤权/账号切换后原key与全文恢复同一草稿
PASS 持久化失败前零业务发送且保留输入，日志读取失败不阻断账号或无关只读页面
{"checks":["管理员在设置页为同一后续多表发布链路配置管控键","无起始表空单从明细加入两表同ID，25项分页编辑和390px键盘全局排序","同名字段按实际所属表展示当前标签，列表隐藏规则不隐藏实际 before/final","独立审批后25项整单发布，原单倒序恢复并切换申请/原发布/恢复三类结果","同一原单贯通管理员管控键、真实分页多表草稿、独立审批发布、原单恢复和实际执行人原因补填","两表目标在草稿取消、拒绝、已批准管理员取消后可重新占用，整单完结关闭回滚","复制核对两表当前基线，晚表冲突显示表/占用单/申请人并保留确认内容，成功后双向关联","重新准备从确认页原子生成实际操作者草稿，新旧双向关联且新草稿重新独立审批","真实应用9MiB正文保存丢响应，刷新/撤权/账号切换后原key与全文恢复同一草稿","持久化失败前零业务发送且保留输入，日志读取失败不阻断账号或无关只读页面"],"original_order_journey":{"order_id":"6e4708c821751f17db5f90f8a3fcc4ab","publication_execution":"6e4708c821751f17db5f90f8a3fcc4ab:PUBLICATION","rollback_execution":"6e4708c821751f17db5f90f8a3fcc4ab:ROLLBACK","reason_actor":"9f7e924c-8751-4a74-9ac2-9974d6101f70","configured_keys":{"multitable_browser_a_firefox":["label"],"multitable_browser_b_firefox":["label"]},"review_pages":[{"path":"/api/v1/release-orders/6e4708c821751f17db5f90f8a3fcc4ab/details","version":"1","offset":"0","limit":"20"},{"path":"/api/v1/release-orders/6e4708c821751f17db5f90f8a3fcc4ab/details","version":"1","offset":"0","limit":"20"},{"path":"/api/v1/release-orders/6e4708c821751f17db5f90f8a3fcc4ab/details","version":"2","offset":"0","limit":"20"},{"path":"/api/v1/release-orders/6e4708c821751f17db5f90f8a3fcc4ab/details","version":"2","offset":"0","limit":"20"},{"path":"/api/v1/release-orders/6e4708c821751f17db5f90f8a3fcc4ab/details","version":"3","offset":"0","limit":"20"},{"path":"/api/v1/release-orders/6e4708c821751f17db5f90f8a3fcc4ab/details","version":"4","offset":"0","limit":"20"},{"path":"/api/v1/release-orders/6e4708c821751f17db5f90f8a3fcc4ab/details","version":"4","offset":"0","limit":"100"},{"path":"/api/v1/release-orders/6e4708c821751f17db5f90f8a3fcc4ab/details","version":"5","offset":"0","limit":"20"},{"path":"/api/v1/release-orders/6e4708c821751f17db5f90f8a3fcc4ab/details","version":"5","offset":"0","limit":"20"},{"path":"/api/v1/release-orders/6e4708c821751f17db5f90f8a3fcc4ab/details","version":"5","offset":"0","limit":"20"},{"path":"/api/v1/release-orders/6e4708c821751f17db5f90f8a3fcc4ab/details","version":"6","offset":"0","limit":"20"},{"path":"/api/v1/release-orders/6e4708c821751f17db5f90f8a3fcc4ab/details","version":"6","offset":"0","limit":"20"},{"path":"/api/v1/release-orders/6e4708c821751f17db5f90f8a3fcc4ab/details","version":"6","offset":"0","limit":"20"},{"path":"/api/v1/release-orders/6e4708c821751f17db5f90f8a3fcc4ab/details","version":"6","offset":"20","limit":"20"},{"path":"/api/v1/release-orders/6e4708c821751f17db5f90f8a3fcc4ab/details","version":"7","offset":"0","limit":"20"},{"path":"/api/v1/release-orders/6e4708c821751f17db5f90f8a3fcc4ab/details","version":"7","offset":"0","limit":"20"},{"path":"/api/v1/release-orders/6e4708c821751f17db5f90f8a3fcc4ab/details","version":"7","offset":"0","limit":"20"},{"path":"/api/v1/release-orders/6e4708c821751f17db5f90f8a3fcc4ab/details","version":"8","offset":"0","limit":"20"},{"path":"/api/v1/release-orders/6e4708c821751f17db5f90f8a3fcc4ab/details","version":"8","offset":"20","limit":"20"},{"path":"/api/v1/release-orders/6e4708c821751f17db5f90f8a3fcc4ab/details","version":"9","offset":"20","limit":"20"},{"path":"/api/v1/release-orders/6e4708c821751f17db5f90f8a3fcc4ab/details","version":"10","offset":"20","limit":"20"},{"path":"/api/v1/release-orders/6e4708c821751f17db5f90f8a3fcc4ab/details","version":"10","offset":"0","limit":"20"},{"path":"/api/v1/release-orders/0a14346a0713ded7b2dd5b4af1035520/details","version":"3","offset":"0","limit":"20"},{"path":"/api/v1/release-orders/0a14346a0713ded7b2dd5b4af1035520/details","version":"3","offset":"0","limit":"100"},{"path":"/api/v1/release-orders/0a14346a0713ded7b2dd5b4af1035520/details","version":"3","offset":"0","limit":"100"},{"path":"/api/v1/release-orders/75a80fb11717dc57d3894d325bcb6ecb/details","version":"1","offset":"0","limit":"20"},{"path":"/api/v1/release-orders/0a14346a0713ded7b2dd5b4af1035520/details","version":"4","offset":"0","limit":"20"},{"path":"/api/v1/release-orders/75a80fb11717dc57d3894d325bcb6ecb/details","version":"1","offset":"0","limit":"20"},{"path":"/api/v1/release-orders/e68a337b371676114cfd51e735379656/details","version":"3","offset":"0","limit":"20"},{"path":"/api/v1/release-orders/e68a337b371676114cfd51e735379656/details","version":"3","offset":"0","limit":"100"},{"path":"/api/v1/release-orders/6d7a76c75cbd42564665d93a6000643c/details","version":"1","offset":"0","limit":"20"},{"path":"/api/v1/release-orders/e68a337b371676114cfd51e735379656/details","version":"4","offset":"0","limit":"20"},{"path":"/api/v1/release-orders/6d7a76c75cbd42564665d93a6000643c/details","version":"1","offset":"0","limit":"20"},{"path":"/api/v1/release-orders/6d7a76c75cbd42564665d93a6000643c/details","version":"1","offset":"0","limit":"20"},{"path":"/api/v1/release-orders/6d7a76c75cbd42564665d93a6000643c/details","version":"2","offset":"0","limit":"20"},{"path":"/api/v1/release-orders/6d7a76c75cbd42564665d93a6000643c/details","version":"2","offset":"0","limit":"20"},{"path":"/api/v1/release-orders/6d7a76c75cbd42564665d93a6000643c/details","version":"2","offset":"0","limit":"20"},{"path":"/api/v1/release-orders/6d7a76c75cbd42564665d93a6000643c/details","version":"3","offset":"0","limit":"20"}]},"session_checks":[{"account_id":"9f7e924c-8751-4a74-9ac2-9974d6101f70","roles":["EDITOR","PUBLISHER"],"username":"e2e.dc3fd23fec0fcccac8fc","workspace_ready":true},{"account_id":"9f7e924c-8751-4a74-9ac2-9974d6101f70","roles":["VIEWER"],"username":"e2e.dc3fd23fec0fcccac8fc","workspace_ready":true},{"account_id":"b478859a-2631-4925-8254-336d9c233995","roles":["VIEWER"],"username":"e2e.68599f4efe4e0bb02c90","workspace_ready":true},{"account_id":"9f7e924c-8751-4a74-9ac2-9974d6101f70","roles":["EDITOR","PUBLISHER"],"username":"e2e.dc3fd23fec0fcccac8fc","workspace_ready":true}],"large_request":{"bytes":9437329,"sha256":"39e9b92c6cf6938b9468b7b9f0a42be972213d58db4b9b084c5b07df23144e9c","same_key":true,"same_order":true,"account_isolation":true},"storage_unavailable":{"calls":1,"injected":true}}
Running rollback reason history (firefox)...
PASS applicant, forward publisher and unrelated viewer have no rollback reason edit entry
PASS recorded rollback executor keeps the optional editor as VIEWER and saves through the keyboard at 390px
PASS administrator correction preserves input after a lost response and manually replays the same key and body with two actor-bound revisions
{"checks":["applicant, forward publisher and unrelated viewer have no rollback reason edit entry","recorded rollback executor keeps the optional editor as VIEWER and saves through the keyboard at 390px","administrator correction preserves input after a lost response and manually replays the same key and body with two actor-bound revisions"]}
Running draft targets (webkit)...
PASS 管理员按真实字段配置组合及单字段键；自增、生成和自动字段不可选
PASS 编辑者创建空草稿，增量添加25项后使用同一整单版本
PASS 第2页只提交指定明细；数据库等价冲突显示表、单号、申请人并保留输入
PASS 两个真实窗口冲突重建保留本次输入及他人未触及明细；390px可键盘排序
PASS 未结束明细阻止配置变更；管理员取消他人的遗留草稿后释放引用
{"checks":["管理员按真实字段配置组合及单字段键；自增、生成和自动字段不可选","编辑者创建空草稿，增量添加25项后使用同一整单版本","第2页只提交指定明细；数据库等价冲突显示表、单号、申请人并保留输入","两个真实窗口冲突重建保留本次输入及他人未触及明细；390px可键盘排序","未结束明细阻止配置变更；管理员取消他人的遗留草稿后释放引用"]}
Running multi-table original order (webkit)...
PASS 管理员在设置页为同一后续多表发布链路配置管控键
PASS 无起始表空单从明细加入两表同ID，25项分页编辑和390px键盘全局排序
PASS 同名字段按实际所属表展示当前标签，列表隐藏规则不隐藏实际 before/final
PASS 独立审批后25项整单发布，原单倒序恢复并切换申请/原发布/恢复三类结果
PASS 同一原单贯通管理员管控键、真实分页多表草稿、独立审批发布、原单恢复和实际执行人原因补填
PASS 两表目标在草稿取消、拒绝、已批准管理员取消后可重新占用，整单完结关闭回滚
PASS 复制核对两表当前基线，晚表冲突显示表/占用单/申请人并保留确认内容，成功后双向关联
PASS 重新准备从确认页原子生成实际操作者草稿，新旧双向关联且新草稿重新独立审批
PASS 真实应用9MiB正文保存丢响应，刷新/撤权/账号切换后原key与全文恢复同一草稿
PASS 持久化失败前零业务发送且保留输入，日志读取失败不阻断账号或无关只读页面
{"checks":["管理员在设置页为同一后续多表发布链路配置管控键","无起始表空单从明细加入两表同ID，25项分页编辑和390px键盘全局排序","同名字段按实际所属表展示当前标签，列表隐藏规则不隐藏实际 before/final","独立审批后25项整单发布，原单倒序恢复并切换申请/原发布/恢复三类结果","同一原单贯通管理员管控键、真实分页多表草稿、独立审批发布、原单恢复和实际执行人原因补填","两表目标在草稿取消、拒绝、已批准管理员取消后可重新占用，整单完结关闭回滚","复制核对两表当前基线，晚表冲突显示表/占用单/申请人并保留确认内容，成功后双向关联","重新准备从确认页原子生成实际操作者草稿，新旧双向关联且新草稿重新独立审批","真实应用9MiB正文保存丢响应，刷新/撤权/账号切换后原key与全文恢复同一草稿","持久化失败前零业务发送且保留输入，日志读取失败不阻断账号或无关只读页面"],"original_order_journey":{"order_id":"6d7ddfdf3ff61b6a1da9c4ab78ee2125","publication_execution":"6d7ddfdf3ff61b6a1da9c4ab78ee2125:PUBLICATION","rollback_execution":"6d7ddfdf3ff61b6a1da9c4ab78ee2125:ROLLBACK","reason_actor":"80563425-8590-4428-b2c4-f81f13374cb8","configured_keys":{"multitable_browser_a_webkit":["label"],"multitable_browser_b_webkit":["label"]},"review_pages":[{"path":"/api/v1/release-orders/6d7ddfdf3ff61b6a1da9c4ab78ee2125/details","version":"1","offset":"0","limit":"20"},{"path":"/api/v1/release-orders/6d7ddfdf3ff61b6a1da9c4ab78ee2125/details","version":"1","offset":"0","limit":"20"},{"path":"/api/v1/release-orders/6d7ddfdf3ff61b6a1da9c4ab78ee2125/details","version":"2","offset":"0","limit":"20"},{"path":"/api/v1/release-orders/6d7ddfdf3ff61b6a1da9c4ab78ee2125/details","version":"2","offset":"0","limit":"20"},{"path":"/api/v1/release-orders/6d7ddfdf3ff61b6a1da9c4ab78ee2125/details","version":"3","offset":"0","limit":"20"},{"path":"/api/v1/release-orders/6d7ddfdf3ff61b6a1da9c4ab78ee2125/details","version":"4","offset":"0","limit":"20"},{"path":"/api/v1/release-orders/6d7ddfdf3ff61b6a1da9c4ab78ee2125/details","version":"4","offset":"0","limit":"100"},{"path":"/api/v1/release-orders/6d7ddfdf3ff61b6a1da9c4ab78ee2125/details","version":"5","offset":"0","limit":"20"},{"path":"/api/v1/release-orders/6d7ddfdf3ff61b6a1da9c4ab78ee2125/details","version":"5","offset":"0","limit":"20"},{"path":"/api/v1/release-orders/6d7ddfdf3ff61b6a1da9c4ab78ee2125/details","version":"5","offset":"0","limit":"20"},{"path":"/api/v1/release-orders/6d7ddfdf3ff61b6a1da9c4ab78ee2125/details","version":"6","offset":"0","limit":"20"},{"path":"/api/v1/release-orders/6d7ddfdf3ff61b6a1da9c4ab78ee2125/details","version":"6","offset":"0","limit":"20"},{"path":"/api/v1/release-orders/6d7ddfdf3ff61b6a1da9c4ab78ee2125/details","version":"6","offset":"0","limit":"20"},{"path":"/api/v1/release-orders/6d7ddfdf3ff61b6a1da9c4ab78ee2125/details","version":"6","offset":"20","limit":"20"},{"path":"/api/v1/release-orders/6d7ddfdf3ff61b6a1da9c4ab78ee2125/details","version":"7","offset":"0","limit":"20"},{"path":"/api/v1/release-orders/6d7ddfdf3ff61b6a1da9c4ab78ee2125/details","version":"7","offset":"0","limit":"20"},{"path":"/api/v1/release-orders/6d7ddfdf3ff61b6a1da9c4ab78ee2125/details","version":"7","offset":"0","limit":"20"},{"path":"/api/v1/release-orders/6d7ddfdf3ff61b6a1da9c4ab78ee2125/details","version":"8","offset":"0","limit":"20"},{"path":"/api/v1/release-orders/6d7ddfdf3ff61b6a1da9c4ab78ee2125/details","version":"8","offset":"20","limit":"20"},{"path":"/api/v1/release-orders/6d7ddfdf3ff61b6a1da9c4ab78ee2125/details","version":"9","offset":"20","limit":"20"},{"path":"/api/v1/release-orders/6d7ddfdf3ff61b6a1da9c4ab78ee2125/details","version":"10","offset":"20","limit":"20"},{"path":"/api/v1/release-orders/6d7ddfdf3ff61b6a1da9c4ab78ee2125/details","version":"10","offset":"0","limit":"20"},{"path":"/api/v1/release-orders/a5789ece3d1dbebb6cf08fabfceed6ed/details","version":"3","offset":"0","limit":"20"},{"path":"/api/v1/release-orders/a5789ece3d1dbebb6cf08fabfceed6ed/details","version":"3","offset":"0","limit":"100"},{"path":"/api/v1/release-orders/a5789ece3d1dbebb6cf08fabfceed6ed/details","version":"3","offset":"0","limit":"100"},{"path":"/api/v1/release-orders/7b4b66a7dfd6531f1cdd9b14a8ce10f1/details","version":"1","offset":"0","limit":"20"},{"path":"/api/v1/release-orders/a5789ece3d1dbebb6cf08fabfceed6ed/details","version":"4","offset":"0","limit":"20"},{"path":"/api/v1/release-orders/7b4b66a7dfd6531f1cdd9b14a8ce10f1/details","version":"1","offset":"0","limit":"20"},{"path":"/api/v1/release-orders/cc099dcd07eeeefedd047e24f46c5a4d/details","version":"3","offset":"0","limit":"20"},{"path":"/api/v1/release-orders/cc099dcd07eeeefedd047e24f46c5a4d/details","version":"3","offset":"0","limit":"100"},{"path":"/api/v1/release-orders/2820b353b0864a42b94e35c422e942a7/details","version":"1","offset":"0","limit":"20"},{"path":"/api/v1/release-orders/cc099dcd07eeeefedd047e24f46c5a4d/details","version":"4","offset":"0","limit":"20"},{"path":"/api/v1/release-orders/2820b353b0864a42b94e35c422e942a7/details","version":"1","offset":"0","limit":"20"},{"path":"/api/v1/release-orders/2820b353b0864a42b94e35c422e942a7/details","version":"1","offset":"0","limit":"20"},{"path":"/api/v1/release-orders/2820b353b0864a42b94e35c422e942a7/details","version":"2","offset":"0","limit":"20"},{"path":"/api/v1/release-orders/2820b353b0864a42b94e35c422e942a7/details","version":"2","offset":"0","limit":"20"},{"path":"/api/v1/release-orders/2820b353b0864a42b94e35c422e942a7/details","version":"2","offset":"0","limit":"20"},{"path":"/api/v1/release-orders/2820b353b0864a42b94e35c422e942a7/details","version":"3","offset":"0","limit":"20"}]},"session_checks":[{"account_id":"80563425-8590-4428-b2c4-f81f13374cb8","roles":["EDITOR","PUBLISHER"],"username":"e2e.307df038ddb5cee5c3ba","workspace_ready":true},{"account_id":"80563425-8590-4428-b2c4-f81f13374cb8","roles":["VIEWER"],"username":"e2e.307df038ddb5cee5c3ba","workspace_ready":true},{"account_id":"d6646622-76fc-4cf2-ab87-bc88a137bd96","roles":["VIEWER"],"username":"e2e.d773df1a029f6d6ce66f","workspace_ready":true},{"account_id":"80563425-8590-4428-b2c4-f81f13374cb8","roles":["EDITOR","PUBLISHER"],"username":"e2e.307df038ddb5cee5c3ba","workspace_ready":true}],"large_request":{"bytes":9437328,"sha256":"e91ba8a934c8a0e775ca2ee557ac00615c7ad9e2a80b3c2a60d3f5f9cfa90a11","same_key":true,"same_order":true,"account_isolation":true},"storage_unavailable":{"calls":1,"injected":true}}
Running rollback reason history (webkit)...
PASS applicant, forward publisher and unrelated viewer have no rollback reason edit entry
PASS recorded rollback executor keeps the optional editor as VIEWER and saves through the keyboard at 390px
PASS administrator correction preserves input after a lost response and manually replays the same key and body with two actor-bound revisions
{"checks":["applicant, forward publisher and unrelated viewer have no rollback reason edit entry","recorded rollback executor keeps the optional editor as VIEWER and saves through the keyboard at 390px","administrator correction preserves input after a lost response and manually replays the same key and body with two actor-bound revisions"]}
Running field-policies...
{"checks":["field switching and unsaved close preserve all input","real HTTP save and reopen preserve display, controls, options and default","number min/max/step use editable string controls and save with the full table","390px layout and disable preserve complete configuration","invalid configuration and dropped successful response preserve input; read-only recovery gates retry","keyboard Tab reaches option values and closing restores the entry focus"],"errors":[]}
Running field-inputs...
{"checks":["ADD uses configured controls, required errors, precise prefill, explicit NULL and omission; custom choice saved to real draft; unsaved close and opening-time configuration preserved","390px MODIFY retains legacy custom value when another field changes, shows read-only original and saves real draft without readonly field","reopening reads newest configuration; pristine prefill has no unsaved prompt"],"errors":[]}
Running combined-query...
{"checks":["1440px: current configured fields render directly; hidden query field absent; two entered fields AND-match Gamma; collapse and post-query input preserved; keyboard focus reachable","390px: select labels submit actual codes and custom IN value; three real matches; local scroll and query action reachable without document overflow; querying never changes options"],"errors":[]}
Running field-recovery...
{"checks":["metadata 503 has explicit query/editor errors and independent retries; no silent defaults; query input survives editor retry","real missing-cookie session reauthentication keeps same configured input DOM, custom value and query draft despite administrator configuration replacement","actual draft POST succeeds then response is lost; mobile error allows Escape/leave without another write, then the original save action replays identical key/body to the same version-1 draft and configured custom value","reopening query/editor reads latest rules; switching to a second real account discards prior account drafts"],"errors":[]}
Running field-display...
AssertionError [ERR_ASSERTION]: PUT /api/v1/table-policies/field_display_browser_items/release-templates/STANDARD: {"error":{"code":"table_release_template_conflict","message":"association has changed; review the latest version","request_id":"rcc-dd0eebb2cca19f9187ad0c55ec9ed361"}}

409 !== 200

    at api (/private/tmp/rcc-issue-106-release-template-final/web/e2e/field-display.cjs:30:12)
    at async /private/tmp/rcc-issue-106-release-template-final/web/e2e/field-display.cjs:54:5 {
  generatedMessage: false,
  code: 'ERR_ASSERTION',
  actual: 409,
  expected: 200,
  operator: 'strictEqual',
  diff: 'simple'
}
artifact directory: /private/tmp/rcc-issue-106-release-template-final/docs/verification/2026-09-11-release-template-final/browser-remaining-06
make: *** [test-browser-acceptance] Error 1
