Installing pinned Web dependencies and required Playwright browsers...
Lockfile is up to date, resolution step is skipped
Already up to date

Done in 456ms using pnpm v10.28.2
Building the Web preview artifact...

> @relational-config-center/web@0.0.0 build /private/tmp/rcc-issue-106-release-template-final/web
> tsc --noEmit && vite build

vite v8.2.2 building client environment for production...
transforming...
✓ 2158 modules transformed.
rendering chunks...
computing gzip size...
dist/index.html                             0.74 kB │ gzip:   0.40 kB
dist/assets/index-D9Rwu6Cy.css             86.46 kB │ gzip:  16.70 kB
dist/assets/rolldown-runtime-CbXtAM7H.js    0.58 kB │ gzip:   0.36 kB
dist/assets/react-DXf84zf0.js             189.60 kB │ gzip:  59.62 kB
dist/assets/vendor-B5DI7EYn.js            359.58 kB │ gzip: 112.44 kB
dist/assets/index-BODSflcK.js             364.92 kB │ gzip:  99.95 kB

✓ built in 276ms
Verifying timeout cleanup against a TERM-resistant descendant...
✔ kills the process group when its leader exits on TERM (1242.580708ms)
ℹ tests 1
ℹ suites 0
ℹ pass 1
ℹ fail 0
ℹ cancelled 0
ℹ skipped 0
ℹ todo 0
ℹ duration_ms 1298.108125
Starting disposable MySQL 8.4 container rcc-browser-1789119982-72237-mysql...
Building and applying the current Goose control schema...
{"state":"current","current":11,"required":11,"pending":[],"attempt_id":11,"attempt_version":11,"attempt_digest":"2e51f69bd9fc53e0de693a6e28fa26e547fb640740c9210b830b6f820c182963","attempt_operation":"up"}
Loading deploy/mysql/local-fixture/002-notification-templates.sql...
Granting the disposable Admin account publication metadata access...
Building and starting Admin on a dynamic loopback port...
Starting Web preview on a different dynamic loopback port...
{"files":["docs/verification/fixtures/stage1_acceptance.sql","web/e2e/fixtures/stage1-policies.sql","admin/cmd/admin/testdata/014-batch-browser.sql","admin/cmd/admin/testdata/015-draft-targets-browser.sql","admin/cmd/admin/testdata/016-multitable-browser.sql","web/e2e/fixtures/release-rollbacks.sql","web/e2e/fixtures/field-display.sql"],"added":["field_display_browser_items","stage1_acceptance_items","stage1_rollback_chromium_items","stage1_rollback_firefox_items","stage1_rollback_webkit_items"],"associations":[{"created_at":"2026-09-11T09:46:43.194Z","creator":"81b9639f-f970-41ec-aa22-aa92b4ca820a","enabled":true,"modifier":"81b9639f-f970-41ec-aa22-aa92b4ca820a","table_name":"field_display_browser_items","template_code":"default_standard_v1","template_enabled":true,"template_name":"默认常规发布","type":"STANDARD","updated_at":"2026-09-11T09:46:43.194Z","version":"1"},{"created_at":"2026-09-11T09:46:43.21Z","creator":"81b9639f-f970-41ec-aa22-aa92b4ca820a","enabled":true,"modifier":"81b9639f-f970-41ec-aa22-aa92b4ca820a","table_name":"field_display_browser_items","template_code":"default_emergency_v1","template_enabled":true,"template_name":"默认应急发布","type":"EMERGENCY","updated_at":"2026-09-11T09:46:43.21Z","version":"1"},{"created_at":"2026-09-11T09:46:43.234Z","creator":"81b9639f-f970-41ec-aa22-aa92b4ca820a","enabled":true,"modifier":"81b9639f-f970-41ec-aa22-aa92b4ca820a","table_name":"stage1_acceptance_items","template_code":"default_standard_v1","template_enabled":true,"template_name":"默认常规发布","type":"STANDARD","updated_at":"2026-09-11T09:46:43.234Z","version":"1"},{"created_at":"2026-09-11T09:46:43.249Z","creator":"81b9639f-f970-41ec-aa22-aa92b4ca820a","enabled":true,"modifier":"81b9639f-f970-41ec-aa22-aa92b4ca820a","table_name":"stage1_acceptance_items","template_code":"default_emergency_v1","template_enabled":true,"template_name":"默认应急发布","type":"EMERGENCY","updated_at":"2026-09-11T09:46:43.249Z","version":"1"},{"created_at":"2026-09-11T09:46:43.284Z","creator":"81b9639f-f970-41ec-aa22-aa92b4ca820a","enabled":true,"modifier":"81b9639f-f970-41ec-aa22-aa92b4ca820a","table_name":"stage1_rollback_chromium_items","template_code":"default_standard_v1","template_enabled":true,"template_name":"默认常规发布","type":"STANDARD","updated_at":"2026-09-11T09:46:43.284Z","version":"1"},{"created_at":"2026-09-11T09:46:43.301Z","creator":"81b9639f-f970-41ec-aa22-aa92b4ca820a","enabled":true,"modifier":"81b9639f-f970-41ec-aa22-aa92b4ca820a","table_name":"stage1_rollback_chromium_items","template_code":"default_emergency_v1","template_enabled":true,"template_name":"默认应急发布","type":"EMERGENCY","updated_at":"2026-09-11T09:46:43.301Z","version":"1"},{"created_at":"2026-09-11T09:46:43.326Z","creator":"81b9639f-f970-41ec-aa22-aa92b4ca820a","enabled":true,"modifier":"81b9639f-f970-41ec-aa22-aa92b4ca820a","table_name":"stage1_rollback_firefox_items","template_code":"default_standard_v1","template_enabled":true,"template_name":"默认常规发布","type":"STANDARD","updated_at":"2026-09-11T09:46:43.326Z","version":"1"},{"created_at":"2026-09-11T09:46:43.343Z","creator":"81b9639f-f970-41ec-aa22-aa92b4ca820a","enabled":true,"modifier":"81b9639f-f970-41ec-aa22-aa92b4ca820a","table_name":"stage1_rollback_firefox_items","template_code":"default_emergency_v1","template_enabled":true,"template_name":"默认应急发布","type":"EMERGENCY","updated_at":"2026-09-11T09:46:43.343Z","version":"1"},{"created_at":"2026-09-11T09:46:43.367Z","creator":"81b9639f-f970-41ec-aa22-aa92b4ca820a","enabled":true,"modifier":"81b9639f-f970-41ec-aa22-aa92b4ca820a","table_name":"stage1_rollback_webkit_items","template_code":"default_standard_v1","template_enabled":true,"template_name":"默认常规发布","type":"STANDARD","updated_at":"2026-09-11T09:46:43.367Z","version":"1"},{"created_at":"2026-09-11T09:46:43.385Z","creator":"81b9639f-f970-41ec-aa22-aa92b4ca820a","enabled":true,"modifier":"81b9639f-f970-41ec-aa22-aa92b4ca820a","table_name":"stage1_rollback_webkit_items","template_code":"default_emergency_v1","template_enabled":true,"template_name":"默认应急发布","type":"EMERGENCY","updated_at":"2026-09-11T09:46:43.385Z","version":"1"}]}
Running write-recovery...
PASS ADD abort: one publication, immutable intent, original-key recovery {"attempts":[{"path":"/api/v1/release-orders/acd94b78af1f03ea679e2018109bbd81/execute","method":"POST","body":"{\"expected_version\":\"3\"}","key":"6c97b2c8-abfc-4257-a48a-d66fd4de5e18"},{"path":"/api/v1/release-orders/acd94b78af1f03ea679e2018109bbd81/execute","method":"POST","body":"{\"expected_version\":\"3\"}","key":"6c97b2c8-abfc-4257-a48a-d66fd4de5e18"}],"commands":1,"faults":[{"path":"/api/v1/release-orders/acd94b78af1f03ea679e2018109bbd81/execute","method":"POST","actualStatus":200,"requestId":"rcc-7f3769efb784029666030deed8451ded"}]}
PASS ADD json: one publication, immutable intent, original-key recovery {"attempts":[{"path":"/api/v1/release-orders/d7a3fafe115afe76474a9f646c262887/execute","method":"POST","body":"{\"expected_version\":\"3\"}","key":"a3a7f58a-d672-4c63-b8ec-d60b355819e9"},{"path":"/api/v1/release-orders/d7a3fafe115afe76474a9f646c262887/execute","method":"POST","body":"{\"expected_version\":\"3\"}","key":"a3a7f58a-d672-4c63-b8ec-d60b355819e9"}],"commands":1,"faults":[{"path":"/api/v1/release-orders/d7a3fafe115afe76474a9f646c262887/execute","method":"POST","actualStatus":200,"requestId":"rcc-8fbb1d2ce24d6da179b58d91128af67e"}]}
PASS ADD contract: one publication, immutable intent, original-key recovery {"attempts":[{"path":"/api/v1/release-orders/b0ab8e14c07d35e351ed95c7e207ae75/execute","method":"POST","body":"{\"expected_version\":\"3\"}","key":"3c258ba6-ea03-47cc-9859-4de85fd024a9"},{"path":"/api/v1/release-orders/b0ab8e14c07d35e351ed95c7e207ae75/execute","method":"POST","body":"{\"expected_version\":\"3\"}","key":"3c258ba6-ea03-47cc-9859-4de85fd024a9"}],"commands":1,"faults":[{"path":"/api/v1/release-orders/b0ab8e14c07d35e351ed95c7e207ae75/execute","method":"POST","actualStatus":200,"requestId":"rcc-42e5cce6292043d9c88a8af034286429"}]}
PASS ADD 503: one publication, immutable intent, original-key recovery {"attempts":[{"path":"/api/v1/release-orders/3a38473fa1ccef57f7ac4f3bb2ef9d06/execute","method":"POST","body":"{\"expected_version\":\"3\"}","key":"03795300-eb49-4093-b095-a53cf1e25c7e"},{"path":"/api/v1/release-orders/3a38473fa1ccef57f7ac4f3bb2ef9d06/execute","method":"POST","body":"{\"expected_version\":\"3\"}","key":"03795300-eb49-4093-b095-a53cf1e25c7e"}],"commands":1,"faults":[{"path":"/api/v1/release-orders/3a38473fa1ccef57f7ac4f3bb2ef9d06/execute","method":"POST","actualStatus":200,"requestId":"rcc-ebb1ac094c9d376da1a45376fe8cfa2f"}]}
PASS MODIFY lost response: exact identity and original-key replay {"attempts":[{"path":"/api/v1/release-orders/b010ee8f09e7e99615f235b4ffc03fbb/execute","method":"POST","body":"{\"expected_version\":\"3\"}","key":"6b66ccee-1d5d-4a59-b4cf-86addfe7a929"},{"path":"/api/v1/release-orders/b010ee8f09e7e99615f235b4ffc03fbb/execute","method":"POST","body":"{\"expected_version\":\"3\"}","key":"6b66ccee-1d5d-4a59-b4cf-86addfe7a929"}],"id":"10","commands":1,"faults":[{"path":"/api/v1/release-orders/b010ee8f09e7e99615f235b4ffc03fbb/execute","method":"POST","actualStatus":200,"requestId":"rcc-a1ec77cb985b215979c628108b21b2d4"}]}
PASS DELETE lost response: exact identity and original-key replay {"attempts":[{"path":"/api/v1/release-orders/b676fbebab312eafdb8edea2542188b3/execute","method":"POST","body":"{\"expected_version\":\"3\"}","key":"b5ab5a87-029e-4dda-a1fb-2e6ec809ed38"},{"path":"/api/v1/release-orders/b676fbebab312eafdb8edea2542188b3/execute","method":"POST","body":"{\"expected_version\":\"3\"}","key":"b5ab5a87-029e-4dda-a1fb-2e6ec809ed38"}],"id":"11","commands":1,"faults":[{"path":"/api/v1/release-orders/b676fbebab312eafdb8edea2542188b3/execute","method":"POST","actualStatus":200,"requestId":"rcc-a83d8214c9205a5a4abae90e663cdaf7"}]}
PASS separate unknown publications retain separate original request keys {"recoveredKeys":["7d779e1c-c862-4e9e-a1ea-f5faf2c82d38","bd6bc835-655a-468c-9218-082a76f21652"]}
PASS known publication followed by detail read failure recovers with GET only {"attempts":[{"path":"/api/v1/release-orders/df1807265b3f97091f15a63cae6ae570/execute","method":"POST","body":"{\"expected_version\":\"3\"}","key":"b51f640a-e58b-410a-8e34-b6c0bf7add02"}],"commands":1}
PASS double-click, Enter and pending back/close execute once {"attempts":[{"path":"/api/v1/release-orders/0c2afa579760bd3804da935dd8ce932c/execute","method":"POST","body":"{\"expected_version\":\"3\"}","key":"b4622709-3c22-426d-a512-6b0e462eca7f"}],"commands":1}
PASS real ENUM failure preserves frozen intent; copied correction needs new approval and publishes once {"rejectedOrderID":"6aa4610b7f3ee1374d52034c959d4aec","correctedOrderID":"2d721767735f92f3e059121b970d0c50","commands":1}
PASS real database stop/start retains endpoint and original request, publishes once after recovery {"attempts":[{"path":"/api/v1/release-orders/a87603ec6853ca74edc100f52633aee5/execute","method":"POST","body":"{\"expected_version\":\"3\"}","key":"c37924f2-ea3b-4851-b0ca-37dfe735127c"},{"path":"/api/v1/release-orders/a87603ec6853ca74edc100f52633aee5/execute","method":"POST","body":"{\"expected_version\":\"3\"}","key":"c37924f2-ea3b-4851-b0ca-37dfe735127c"}],"commands":1,"accountRecoveryStatuses":[503,503,200],"replayStatuses":[200]}
PASS query create: saved state retained after response failure {"requests":[{"path":"/api/v1/query-policies","method":"POST"}],"actualWrites":1,"faults":[{"path":"/api/v1/query-policies","method":"POST","actualStatus":201,"requestId":"rcc-7ce42e4ed0db07746ba0d1f3d6483dc0"}],"readonlyRequests":[{"path":"/api/v1/query-policies/stage2_query_create_v1","method":"GET"}]}
PASS query replace: saved state retained after response failure {"requests":[{"path":"/api/v1/query-policies/stage2_query_replace_v1","method":"PUT"}],"actualWrites":1,"faults":[{"path":"/api/v1/query-policies/stage2_query_replace_v1","method":"PUT","actualStatus":200,"requestId":"rcc-4133d824083945bcf2d85679f4ea8561"}],"readonlyRequests":[{"path":"/api/v1/query-policies/stage2_query_replace_v1","method":"GET"}]}
PASS query metadata: saved state retained after response failure {"requests":[{"path":"/api/v1/query-policies/stage2_query_metadata_v1/metadata","method":"PATCH"}],"actualWrites":1,"faults":[{"path":"/api/v1/query-policies/stage2_query_metadata_v1/metadata","method":"PATCH","actualStatus":200,"requestId":"rcc-84ac3b4bb891446255d9eb0a032da0a7"}],"readonlyRequests":[{"path":"/api/v1/query-policies/stage2_query_metadata_v1","method":"GET"}]}
PASS query activate: lifecycle response loss is recoverable by reads {"requests":[{"path":"/api/v1/query-policies/stage2_query_activate_v1/activate","method":"POST"}],"actualWrites":1,"faults":[{"path":"/api/v1/query-policies/stage2_query_activate_v1/activate","method":"POST","actualStatus":200,"requestId":"rcc-1afea1c85b406ca1344ce8fac4bebbdc"}],"readonlyRequests":[{"path":"/api/v1/query-policies/stage2_query_activate_v1","method":"GET"}]}
PASS query deprecate: lifecycle response loss is recoverable by reads {"requests":[{"path":"/api/v1/query-policies/stage2_query_deprecate_v1/deprecate","method":"POST"}],"actualWrites":1,"faults":[{"path":"/api/v1/query-policies/stage2_query_deprecate_v1/deprecate","method":"POST","actualStatus":200,"requestId":"rcc-85759e3cca89899a808ded1981e0db45"}],"readonlyRequests":[{"path":"/api/v1/query-policies/stage2_query_deprecate_v1","method":"GET"}]}
PASS query delete: lost response, missing-resource check never repeats deletion {"writes":[{"path":"/api/v1/query-policies/stage2_query_delete_v1","method":"DELETE"}],"actualWrites":1,"faults":[{"path":"/api/v1/query-policies/stage2_query_delete_v1","method":"DELETE","actualStatus":204,"requestId":"rcc-dedb62c90b942f71058e2b809a5d819f"}]}
PASS mutation create: saved state retained after response failure {"requests":[{"path":"/api/v1/mutation-policies","method":"POST"}],"actualWrites":1,"faults":[{"path":"/api/v1/mutation-policies","method":"POST","actualStatus":201,"requestId":"rcc-37b099fc950401b29101d235fa0f8ed9"}],"readonlyRequests":[{"path":"/api/v1/mutation-policies/stage2_mutation_create_v1","method":"GET"}]}
PASS mutation replace: saved state retained after response failure {"requests":[{"path":"/api/v1/mutation-policies/stage2_mutation_replace_v1","method":"PUT"}],"actualWrites":1,"faults":[{"path":"/api/v1/mutation-policies/stage2_mutation_replace_v1","method":"PUT","actualStatus":200,"requestId":"rcc-c0d96c43738f84f08cd6639cca6cc560"}],"readonlyRequests":[{"path":"/api/v1/mutation-policies/stage2_mutation_replace_v1","method":"GET"}]}
PASS mutation metadata: saved state retained after response failure {"requests":[{"path":"/api/v1/mutation-policies/stage2_mutation_metadata_v1/metadata","method":"PATCH"}],"actualWrites":1,"faults":[{"path":"/api/v1/mutation-policies/stage2_mutation_metadata_v1/metadata","method":"PATCH","actualStatus":200,"requestId":"rcc-61732512db9b16bcf0aae668deda4afb"}],"readonlyRequests":[{"path":"/api/v1/mutation-policies/stage2_mutation_metadata_v1","method":"GET"}]}
PASS mutation activate: lifecycle response loss is recoverable by reads {"requests":[{"path":"/api/v1/mutation-policies/stage2_mutation_activate_v1/activate","method":"POST"}],"actualWrites":1,"faults":[{"path":"/api/v1/mutation-policies/stage2_mutation_activate_v1/activate","method":"POST","actualStatus":200,"requestId":"rcc-0cd7d6a86bbe5b039a0175fc7b366a7b"}],"readonlyRequests":[{"path":"/api/v1/mutation-policies/stage2_mutation_activate_v1","method":"GET"}]}
PASS mutation deprecate: lifecycle response loss is recoverable by reads {"requests":[{"path":"/api/v1/mutation-policies/stage2_mutation_deprecate_v1/deprecate","method":"POST"}],"actualWrites":1,"faults":[{"path":"/api/v1/mutation-policies/stage2_mutation_deprecate_v1/deprecate","method":"POST","actualStatus":200,"requestId":"rcc-74eb289c1b65e52bc58f0cbfb2683ba7"}],"readonlyRequests":[{"path":"/api/v1/mutation-policies/stage2_mutation_deprecate_v1","method":"GET"}]}
PASS mutation delete: lost response, missing-resource check never repeats deletion {"writes":[{"path":"/api/v1/mutation-policies/stage2_mutation_delete_v1","method":"DELETE"}],"actualWrites":1,"faults":[{"path":"/api/v1/mutation-policies/stage2_mutation_delete_v1","method":"DELETE","actualStatus":204,"requestId":"rcc-38bfa17b48947f6392cbb896715e32ec"}]}
PASS rapid lifecycle confirmation and pending back navigation update once {"writes":[{"path":"/api/v1/query-policies/stage2_rapid_lifecycle_v1/activate","method":"POST"}],"actualWrites":1}
PASS table assignment create: original request manually replayed without duplicate database change {"writes":[{"path":"/api/v1/table-policies","method":"POST","body":"{\"table_name\":\"stage2_assignment_items\",\"query_policy_code\":\"stage1_query_v1\",\"mutation_policy_code\":\"stage2_assignment_mutation_v1\",\"concurrency_key\":[]}","key":"table-policy-47126791-47d4-4fea-b76a-af1be84585e6"},{"path":"/api/v1/table-policies","method":"POST","body":"{\"table_name\":\"stage2_assignment_items\",\"query_policy_code\":\"stage1_query_v1\",\"mutation_policy_code\":\"stage2_assignment_mutation_v1\",\"concurrency_key\":[]}","key":"table-policy-47126791-47d4-4fea-b76a-af1be84585e6"}],"originalWrite":{"path":"/api/v1/table-policies","method":"POST","body":"{\"table_name\":\"stage2_assignment_items\",\"query_policy_code\":\"stage1_query_v1\",\"mutation_policy_code\":\"stage2_assignment_mutation_v1\",\"concurrency_key\":[]}","key":"table-policy-47126791-47d4-4fea-b76a-af1be84585e6"}}
PASS table assignment replace: original request manually replayed without duplicate database change {"writes":[{"path":"/api/v1/table-policies/stage2_assignment_items","method":"PUT","body":"{\"table_name\":\"stage2_assignment_items\",\"query_policy_code\":\"stage1_query_v1\",\"mutation_policy_code\":\"stage2_assignment_mutation_v1\",\"concurrency_key\":[],\"expected_version\":\"1\"}","key":"table-policy-c3a65912-0cb6-4e04-b9db-9f0956d2f1d9"},{"path":"/api/v1/table-policies/stage2_assignment_items","method":"PUT","body":"{\"table_name\":\"stage2_assignment_items\",\"query_policy_code\":\"stage1_query_v1\",\"mutation_policy_code\":\"stage2_assignment_mutation_v1\",\"concurrency_key\":[],\"expected_version\":\"1\"}","key":"table-policy-c3a65912-0cb6-4e04-b9db-9f0956d2f1d9"}],"originalWrite":{"path":"/api/v1/table-policies/stage2_assignment_items","method":"PUT","body":"{\"table_name\":\"stage2_assignment_items\",\"query_policy_code\":\"stage1_query_v1\",\"mutation_policy_code\":\"stage2_assignment_mutation_v1\",\"concurrency_key\":[],\"expected_version\":\"1\"}","key":"table-policy-c3a65912-0cb6-4e04-b9db-9f0956d2f1d9"}}
PASS table assignment enable: original request manually replayed without duplicate database change {"writes":[{"path":"/api/v1/table-policies/stage2_assignment_items/enable","method":"POST","body":"{\"expected_version\":\"2\"}","key":"table-policy-ba3d587f-d2d2-4f03-bf01-600a960945fb"},{"path":"/api/v1/table-policies/stage2_assignment_items/enable","method":"POST","body":"{\"expected_version\":\"2\"}","key":"table-policy-ba3d587f-d2d2-4f03-bf01-600a960945fb"}],"originalWrite":{"path":"/api/v1/table-policies/stage2_assignment_items/enable","method":"POST","body":"{\"expected_version\":\"2\"}","key":"table-policy-ba3d587f-d2d2-4f03-bf01-600a960945fb"}}
PASS table assignment disable: original request manually replayed without duplicate database change {"writes":[{"path":"/api/v1/table-policies/stage2_assignment_items/disable","method":"POST","body":"{\"expected_version\":\"3\"}","key":"table-policy-01b176f5-7250-4581-af03-e4293dbed85c"},{"path":"/api/v1/table-policies/stage2_assignment_items/disable","method":"POST","body":"{\"expected_version\":\"3\"}","key":"table-policy-01b176f5-7250-4581-af03-e4293dbed85c"}],"originalWrite":{"path":"/api/v1/table-policies/stage2_assignment_items/disable","method":"POST","body":"{\"expected_version\":\"3\"}","key":"table-policy-01b176f5-7250-4581-af03-e4293dbed85c"}}
Running operation-coverage...
Error: Command failed: /var/folders/ll/6l3vq9q97v5c58_9s5nzqyv00000gn/T//rcc-browser-runtime.jKXd8W/account-maintain grant-admin --id 67dbfb4c-52fe-46ce-9f14-1bcfeb1f7eae
schema_not_ready: complete schema-migrate up/recover before grant-admin

    at genericNodeError (node:internal/errors:985:15)
    at wrappedFn (node:internal/errors:539:14)
    at checkExecSyncError (node:child_process:942:11)
    at execFileSync (node:child_process:978:15)
    at registerFixtureAccount (/private/tmp/rcc-issue-106-release-template-final/web/e2e/local-account.cjs:72:3)
    at async /private/tmp/rcc-issue-106-release-template-final/web/e2e/operation-coverage.cjs:134:15 {
  status: 1,
  signal: null,
  output: [
    null,
    <Buffer >,
    <Buffer 73 63 68 65 6d 61 5f 6e 6f 74 5f 72 65 61 64 79 3a 20 63 6f 6d 70 6c 65 74 65 20 73 63 68 65 6d 61 2d 6d 69 67 72 61 74 65 20 75 70 2f 72 65 63 6f 76 ... 22 more bytes>
  ],
  pid: 72995,
  stdout: <Buffer >,
  stderr: <Buffer 73 63 68 65 6d 61 5f 6e 6f 74 5f 72 65 61 64 79 3a 20 63 6f 6d 70 6c 65 74 65 20 73 63 68 65 6d 61 2d 6d 69 67 72 61 74 65 20 75 70 2f 72 65 63 6f 76 ... 22 more bytes>
}
artifact directory: /private/tmp/rcc-issue-106-release-template-final/docs/verification/2026-09-11-release-template-final/browser-remaining-02
make: *** [test-browser-acceptance] Error 1
