Installing pinned Web dependencies and required Playwright browsers...
Lockfile is up to date, resolution step is skipped
Already up to date

Done in 452ms using pnpm v10.28.2
Building the Web preview artifact...

> @relational-config-center/web@0.0.0 build /private/tmp/rcc-issue-106-release-template-final/web
> tsc --noEmit && vite build

vite v8.2.2 building client environment for production...
transforming...
✓ 2158 modules transformed.
rendering chunks...
computing gzip size...
dist/index.html                             0.74 kB │ gzip:   0.40 kB
dist/assets/index-D9Rwu6Cy.css             86.46 kB │ gzip:  16.70 kB
dist/assets/rolldown-runtime-CbXtAM7H.js    0.58 kB │ gzip:   0.36 kB
dist/assets/react-DXf84zf0.js             189.60 kB │ gzip:  59.62 kB
dist/assets/vendor-B5DI7EYn.js            359.58 kB │ gzip: 112.44 kB
dist/assets/index-BODSflcK.js             364.92 kB │ gzip:  99.95 kB

✓ built in 265ms
Verifying timeout cleanup against a TERM-resistant descendant...
✔ kills the process group when its leader exits on TERM (1258.691083ms)
ℹ tests 1
ℹ suites 0
ℹ pass 1
ℹ fail 0
ℹ cancelled 0
ℹ skipped 0
ℹ todo 0
ℹ duration_ms 1321.614583
Starting disposable MySQL 8.4 container rcc-browser-1789120809-75793-mysql...
Building and applying the current Goose control schema...
{"state":"current","current":11,"required":11,"pending":[],"attempt_id":11,"attempt_version":11,"attempt_digest":"2e51f69bd9fc53e0de693a6e28fa26e547fb640740c9210b830b6f820c182963","attempt_operation":"up"}
Loading deploy/mysql/local-fixture/002-notification-templates.sql...
Granting the disposable Admin account publication metadata access...
Building and starting Admin on a dynamic loopback port...
Starting Web preview on a different dynamic loopback port...
{"files":["docs/verification/fixtures/stage1_acceptance.sql","web/e2e/fixtures/stage1-policies.sql","admin/cmd/admin/testdata/014-batch-browser.sql","admin/cmd/admin/testdata/015-draft-targets-browser.sql","admin/cmd/admin/testdata/016-multitable-browser.sql","web/e2e/fixtures/release-rollbacks.sql","web/e2e/fixtures/field-display.sql"],"added":["field_display_browser_items","stage1_acceptance_items","stage1_rollback_chromium_items","stage1_rollback_firefox_items","stage1_rollback_webkit_items"],"associations":[{"created_at":"2026-09-11T10:00:31.555Z","creator":"f16e8d1c-0b63-42b2-bc92-5ac296bab5cf","enabled":true,"modifier":"f16e8d1c-0b63-42b2-bc92-5ac296bab5cf","table_name":"field_display_browser_items","template_code":"default_standard_v1","template_enabled":true,"template_name":"默认常规发布","type":"STANDARD","updated_at":"2026-09-11T10:00:31.555Z","version":"1"},{"created_at":"2026-09-11T10:00:31.571Z","creator":"f16e8d1c-0b63-42b2-bc92-5ac296bab5cf","enabled":true,"modifier":"f16e8d1c-0b63-42b2-bc92-5ac296bab5cf","table_name":"field_display_browser_items","template_code":"default_emergency_v1","template_enabled":true,"template_name":"默认应急发布","type":"EMERGENCY","updated_at":"2026-09-11T10:00:31.571Z","version":"1"},{"created_at":"2026-09-11T10:00:31.59Z","creator":"f16e8d1c-0b63-42b2-bc92-5ac296bab5cf","enabled":true,"modifier":"f16e8d1c-0b63-42b2-bc92-5ac296bab5cf","table_name":"stage1_acceptance_items","template_code":"default_standard_v1","template_enabled":true,"template_name":"默认常规发布","type":"STANDARD","updated_at":"2026-09-11T10:00:31.59Z","version":"1"},{"created_at":"2026-09-11T10:00:31.602Z","creator":"f16e8d1c-0b63-42b2-bc92-5ac296bab5cf","enabled":true,"modifier":"f16e8d1c-0b63-42b2-bc92-5ac296bab5cf","table_name":"stage1_acceptance_items","template_code":"default_emergency_v1","template_enabled":true,"template_name":"默认应急发布","type":"EMERGENCY","updated_at":"2026-09-11T10:00:31.602Z","version":"1"},{"created_at":"2026-09-11T10:00:31.63Z","creator":"f16e8d1c-0b63-42b2-bc92-5ac296bab5cf","enabled":true,"modifier":"f16e8d1c-0b63-42b2-bc92-5ac296bab5cf","table_name":"stage1_rollback_chromium_items","template_code":"default_standard_v1","template_enabled":true,"template_name":"默认常规发布","type":"STANDARD","updated_at":"2026-09-11T10:00:31.63Z","version":"1"},{"created_at":"2026-09-11T10:00:31.647Z","creator":"f16e8d1c-0b63-42b2-bc92-5ac296bab5cf","enabled":true,"modifier":"f16e8d1c-0b63-42b2-bc92-5ac296bab5cf","table_name":"stage1_rollback_chromium_items","template_code":"default_emergency_v1","template_enabled":true,"template_name":"默认应急发布","type":"EMERGENCY","updated_at":"2026-09-11T10:00:31.647Z","version":"1"},{"created_at":"2026-09-11T10:00:31.675Z","creator":"f16e8d1c-0b63-42b2-bc92-5ac296bab5cf","enabled":true,"modifier":"f16e8d1c-0b63-42b2-bc92-5ac296bab5cf","table_name":"stage1_rollback_firefox_items","template_code":"default_standard_v1","template_enabled":true,"template_name":"默认常规发布","type":"STANDARD","updated_at":"2026-09-11T10:00:31.675Z","version":"1"},{"created_at":"2026-09-11T10:00:31.69Z","creator":"f16e8d1c-0b63-42b2-bc92-5ac296bab5cf","enabled":true,"modifier":"f16e8d1c-0b63-42b2-bc92-5ac296bab5cf","table_name":"stage1_rollback_firefox_items","template_code":"default_emergency_v1","template_enabled":true,"template_name":"默认应急发布","type":"EMERGENCY","updated_at":"2026-09-11T10:00:31.69Z","version":"1"},{"created_at":"2026-09-11T10:00:31.711Z","creator":"f16e8d1c-0b63-42b2-bc92-5ac296bab5cf","enabled":true,"modifier":"f16e8d1c-0b63-42b2-bc92-5ac296bab5cf","table_name":"stage1_rollback_webkit_items","template_code":"default_standard_v1","template_enabled":true,"template_name":"默认常规发布","type":"STANDARD","updated_at":"2026-09-11T10:00:31.711Z","version":"1"},{"created_at":"2026-09-11T10:00:31.725Z","creator":"f16e8d1c-0b63-42b2-bc92-5ac296bab5cf","enabled":true,"modifier":"f16e8d1c-0b63-42b2-bc92-5ac296bab5cf","table_name":"stage1_rollback_webkit_items","template_code":"default_emergency_v1","template_enabled":true,"template_name":"默认应急发布","type":"EMERGENCY","updated_at":"2026-09-11T10:00:31.725Z","version":"1"}]}
Running session, conflict and unknown recovery (webkit)...
node:internal/modules/run_main:107
    triggerUncaughtException(
    ^

AssertionError [ERR_ASSERTION]: Expected values to be strictly equal:

1 !== 2

    at file:///private/tmp/rcc-issue-106-release-template-final/web/e2e/accounts.mjs:286:10 {
  generatedMessage: true,
  code: 'ERR_ASSERTION',
  actual: 1,
  expected: 2,
  operator: 'strictEqual',
  diff: 'simple'
}

Node.js v24.19.0
artifact directory: /private/tmp/rcc-issue-106-release-template-final/docs/verification/2026-09-11-release-template-final/browser-account-webkit-recheck-04
make: *** [test-browser-acceptance] Error 1
