Lockfile is up to date, resolution step is skipped
Progress: resolved 1, reused 0, downloaded 0, added 0
Packages: +224
++++++++++++++++++++++++++++++++++++++++++++++++++++++++++++++++++++++++++++++++
Progress: resolved 224, reused 224, downloaded 0, added 223
Progress: resolved 224, reused 224, downloaded 0, added 224, done

dependencies:
+ @tanstack/react-query 5.102.3
+ class-variance-authority 0.7.1
+ cn 0.2.6
+ lucide-react 1.34.0
+ radix-ui 1.6.7
+ react 19.2.8
+ react-dom 19.2.8
+ react-router-dom 7.18.2
+ sonner 2.0.8
+ zod 4.4.3

devDependencies:
+ @tailwindcss/vite 4.3.3
+ @testing-library/jest-dom 7.0.1
+ @testing-library/react 16.3.2
+ @testing-library/user-event 14.6.6
+ @types/node 26.3.0
+ @types/react 19.2.18
+ @types/react-dom 19.2.5
+ @vitejs/plugin-react 6.1.0
+ fake-indexeddb 6.2.5
+ jsdom 30.0.1
+ playwright 1.62.1
+ tailwindcss 4.3.3
+ tw-animate-css 1.4.0
+ typescript 7.0.2
+ vite 8.2.2
+ vitest 4.1.11

Done in 1.7s using pnpm v10.28.2
