2026-09-11T10:16:22.992354+00:00 START TestRollbackFlowBrowserSystemPath
2026-09-11T10:17:01.220592+00:00 PASSED TestRollbackFlowBrowserSystemPath
2026-09-11T10:17:01.221111+00:00 START TestReleaseEmergencyBrowserSystemPath
2026-09-11T10:17:37.004159+00:00 PASSED TestReleaseEmergencyBrowserSystemPath
2026-09-11T10:17:37.004545+00:00 START TestReleaseTemplateBrowserSystemPath
2026-09-11T10:18:02.899169+00:00 PASSED TestReleaseTemplateBrowserSystemPath
2026-09-11T10:18:02.899500+00:00 START TestTableReleaseTemplateBrowserSystemPath
2026-09-11T10:18:27.940344+00:00 PASSED TestTableReleaseTemplateBrowserSystemPath
2026-09-11T10:18:27.940925+00:00 START TestApprovalRoleBrowserSystemPath
2026-09-11T10:19:15.321236+00:00 PASSED TestApprovalRoleBrowserSystemPath
2026-09-11T10:19:15.321768+00:00 START TestTableApprovalBrowserSystemPath
2026-09-11T10:19:53.618377+00:00 PASSED TestTableApprovalBrowserSystemPath
2026-09-11T10:19:53.618855+00:00 START TestNotificationCenterBrowserSystemPath
2026-09-11T10:20:23.682220+00:00 PASSED TestNotificationCenterBrowserSystemPath
2026-09-11T10:20:23.682812+00:00 START TestApprovalNotificationsBrowserSystemPath
2026-09-11T10:20:47.202114+00:00 PASSED TestApprovalNotificationsBrowserSystemPath
2026-09-11T10:20:47.202837+00:00 START TestReleaseNotificationsBrowserSystemPath
2026-09-11T10:21:27.606929+00:00 PASSED TestReleaseNotificationsBrowserSystemPath
2026-09-11T10:21:27.607466+00:00 START TestApprovalFinalBrowserSystemPath
2026-09-11T10:21:54.754388+00:00 FAILED TestApprovalFinalBrowserSystemPath
2026-09-11T10:21:54.755750+00:00 START TestAccountBrowserSystemPath
2026-09-11T10:22:09.169027+00:00 FAILED TestAccountBrowserSystemPath
