=== RUN   TestReleaseMixedBatchPublication
2026/09/11 18:29:55 github.com/testcontainers/testcontainers-go - Connected to docker: 
  Server Version: 29.5.2
  API Version: 1.54
  Operating System: Ubuntu 24.04.4 LTS
  Total Memory: 3904 MB
  Testcontainers for Go Version: v0.44.0
  Resolved Docker Host: unix:///Users/asher/.colima/default/docker.sock
  Resolved Docker Socket Path: /Users/asher/.colima/default/docker.sock
  Test SessionID: 0b56c2f6fcc1cfe7d542859906802f3719dbc593fe74c05da16a26b9bf88f4ce
  Test ProcessID: c8d43106-add8-4aa1-b7a6-de920e594a5a
2026/09/11 18:29:55 🐳 Creating container for image mysql:8.4
2026/09/11 18:29:55 ✅ Container created: 9108dba0a163
2026/09/11 18:29:55 🐳 Starting container: 9108dba0a163
2026/09/11 18:29:55 ✅ Container started: 9108dba0a163
2026/09/11 18:29:55 ⏳ Waiting for container id 9108dba0a163 image: mysql:8.4. Waiting for: all of: [log message "port: 3306  MySQL Community Server"]
2026/09/11 18:30:02 🔔 Container is ready: 9108dba0a163
{"request_id":"rcc-3f31fa7abbc545233e254b19bac511f3","method":"GET","path":"/api/v1/auth/csrf","status":200,"duration_ms":5}
{"request_id":"rcc-22a4d572c7b69ae802f9fac0c71b4920","method":"POST","path":"/api/v1/auth/register","status":201,"duration_ms":42}
{"request_id":"rcc-aabcd6ce9db7551cd4d31804eb2823ba","method":"GET","path":"/api/v1/auth/csrf","status":200,"duration_ms":9}
{"request_id":"rcc-b7d607c538bdf4a71c9cac280c4fc3b1","method":"POST","path":"/api/v1/auth/login","status":200,"duration_ms":47}
{"request_id":"rcc-b09a1320ee457945573c913c22561bc9","method":"GET","path":"/api/v1/table-policies/:table_name/release-templates","status":200,"duration_ms":2}
{"request_id":"rcc-80b6316eacb5af11ea5b451a44819a21","method":"PUT","path":"/api/v1/table-policies/:table_name/release-templates/:release_type","status":200,"duration_ms":7}
{"request_id":"rcc-9a4bab7ee673d9d4c269228ab4c84401","method":"GET","path":"/api/v1/auth/csrf","status":200,"duration_ms":4}
{"request_id":"rcc-0a3fe39da5b67078a80440c8ee7f33a9","method":"POST","path":"/api/v1/auth/register","status":201,"duration_ms":40}
{"request_id":"rcc-1a0ee3f15f8744fb2ffed669f6c53489","method":"POST","path":"/api/v1/release-orders","status":201,"duration_ms":30}
{"request_id":"rcc-fd8ea4c45219ec5d5e1960f2d0481ee9","method":"POST","path":"/api/v1/approval-roles","status":201,"duration_ms":12}
{"request_id":"rcc-6a1e199b8926eb8bb0899229de5f9626","method":"GET","path":"/api/v1/table-policies/:table_name/approval-roles","status":200,"duration_ms":3}
{"request_id":"rcc-ed32773384d95b3d54b7d23112309145","method":"PUT","path":"/api/v1/table-policies/:table_name/approval-roles","status":200,"duration_ms":15}
{"request_id":"rcc-7aff1b1c3b07c0611029abdbe194cc38","method":"POST","path":"/api/v1/release-orders/:id/submit","status":200,"duration_ms":69}
{"request_id":"rcc-2ab2e8bc4e87615ecec4ad760c0aaf9f","method":"GET","path":"/api/v1/release-orders/:id","status":200,"duration_ms":6}
{"request_id":"rcc-5de0b393688fc673c3da567bb9deca2a","method":"POST","path":"/api/v1/release-orders/:id/approve","status":200,"duration_ms":38}
{"request_id":"rcc-d61068f0e10b182f2b1d38b98778cc2f","method":"POST","path":"/api/v1/release-orders/:id/execute","status":200,"duration_ms":82}
{"request_id":"rcc-3ea6f7b0cd77316cf61cf6be081f2749","method":"POST","path":"/api/v1/tables/:table_name/query","status":200,"duration_ms":10}
{"request_id":"rcc-48ca4015e3cc800091ddbd5a949a024a","method":"POST","path":"/api/v1/release-orders/:id/execute","status":200,"duration_ms":18}
{"request_id":"rcc-b6c4386186da3f090eb827a0e6138d1f","method":"GET","path":"/api/v1/release-orders","status":200,"duration_ms":8}
2026/09/11 18:30:04 🐳 Stopping container: 9108dba0a163
2026/09/11 18:30:05 ✅ Container stopped: 9108dba0a163
2026/09/11 18:30:05 🐳 Terminating container: 9108dba0a163
2026/09/11 18:30:05 🚫 Container terminated: 9108dba0a163
--- PASS: TestReleaseMixedBatchPublication (10.50s)
PASS
ok  	github.com/asherzj/relational-config-center/admin/cmd/admin	11.917s
