
 RUN  v4.1.11 /private/tmp/rcc-issue-106-release-template-final/web

 ❯ src/features/release-orders/ReleaseOrdersPage.test.tsx (97 tests | 1 failed | 88 skipped) 604ms
   × 原单回滚按真实实例保留批准和发布，终止未发生的完结且恢复不产生审批 69ms

⎯⎯⎯⎯⎯⎯⎯ Failed Tests 1 ⎯⎯⎯⎯⎯⎯⎯

 FAIL  src/features/release-orders/ReleaseOrdersPage.test.tsx > 原单回滚按真实实例保留批准和发布，终止未发生的完结且恢复不产生审批
TestingLibraryElementError: Unable to find an element with the text: original-approver. This could be because the text is broken up by multiple elements. In this case, you can provide a function for your text matcher to make your matcher more flexible.

Ignored nodes: comments, script, style
[36m<section[39m
  [33maria-label[39m=[32m"逐表发布流程"[39m
  [33mclass[39m=[32m"release-panel min-w-0"[39m
[36m>[39m
  [36m<h2[39m
    [33mclass[39m=[32m"text-lg font-semibold"[39m
  [36m>[39m
    [0m逐表发布流程[0m
  [36m</h2>[39m
  [36m<p[39m
    [33mclass[39m=[32m"mt-2 text-muted-foreground"[39m
  [36m>[39m
    [0m各表使用保存时的流程。全部表审批通过后，整单统一发布。[0m
  [36m</p>[39m
  [36m<div[39m
    [33mclass[39m=[32m"divide-y"[39m
  [36m>[39m
    [36m<section[39m
      [33maria-label[39m=[32m"items 发布流程"[39m
      [33mclass[39m=[32m"min-w-0 py-5 last:pb-0"[39m
    [36m>[39m
      [36m<div[39m
        [33mclass[39m=[32m"flex flex-wrap items-baseline justify-between gap-x-4 gap-y-2"[39m
      [36m>[39m
        [36m<h3[39m
          [33mclass[39m=[32m"font-semibold font-mono break-all"[39m
        [36m>[39m
          [0mitems[0m
        [36m</h3>[39m
        [36m<p[39m
          [33mclass[39m=[32m"break-all"[39m
        [36m>[39m
          [0m已审阅正向流程[0m
        [36m</p>[39m
      [36m</div>[39m
      [36m<ol[39m
        [33maria-label[39m=[32m"items 流程节点"[39m
        [33mclass[39m=[32m"mt-4 grid gap-5 min-[760px]:grid-cols-3"[39m
      [36m>[39m
        [36m<li[39m
          [33mclass[39m=[32m"flex min-w-0 items-start gap-3"[39m
        [36m>[39m
          [36m<span[39m
            [33maria-hidden[39m=[32m"true"[39m
            [33mclass[39m=[32m"release-step-icon bg-success-soft text-success"[39m
          [36m>[39m
            [0m1[0m
          [36m</span>[39m
          [36m<div[39m
            [33mclass[39m=[32m"min-w-0 break-all"[39m
          [36m>[39m
            [36m<h4[39m
              [33mclass[39m=[32m"font-medium"[39m
            [36m>[39m
              [0m原表审批[0m
            [36m</h4>[39m
            [36m<p[39m
              [33mclass[39m=[32m"mt-1 text-xs text-muted-foreground"[39m
            [36m>[39m
              [0m审批[0m
              [0m · [0m
              [0m按表审批资格[0m
            [36m</p>[39m
            [36m<p[39m
              [33mclass[39m=[32m"mt-2 text-success"[39m
            [36m>[39m
              [0m已完成[0m
            [36m</p>[39m
            [36m<div[39m
              [33mclass[39m=[32m"mt-2 text-xs"[39m
            [36m>[39m
              [36m<span[39m
                [33mclass[39m=[32m"inline-flex w-max min-w-0 max-w-full flex-col items-start align-middle"[39m
              [36m>[39m
                [36m<button[39m
                  [33maria-controls[39m=[32m"_r_13_"[39m
                  [33maria-expanded[39m=[32m"false"[39m
                  [33maria-label[39m=[32m"查看账号 original的账号信息"[39m
                  [33mclass[39m=[32m"inline-flex shrink-0 items-center rounded-md text-sm transition-all outline-none focus-visible:border-ring focus-visible:ring-[3px] focus-visible:ring-ring/50 disabled:pointer-events-none disabled:opacity-50 aria-invalid:border-destructive aria-invalid:ring-destructive/20 dark:aria-invalid:ring-destructive/40 [&_svg]:pointer-events-none [&_svg]:shrink-0 [&_svg:not([class*='size-'])]:size-4 hover:bg-accent hover:text-accent-foreground dark:hover:bg-accent/50 has-[>svg]:px-3 button h-auto max-w-full justify-start gap-1.5 whitespace-normal px-1 py-0.5 text-left font-normal"[39m
                  [33mdata-size[39m=[32m"default"[39m
                  [33mdata-slot[39m=[32m"button"[39m
                  [33mdata-variant[39m=[32m"ghost"[39m
                [36m>[39m
                  [36m<span[39m
                    [33maria-hidden[39m=[32m"true"[39m
                    [33mclass[39m=[32m"flex size-5 shrink-0 items-center justify-center rounded-full bg-muted text-xs font-semibold text-muted-foreground"[39m
                  [36m>[39m
                    [0m?[0m
                  [36m</span>[39m
                  [36m<strong[39m
                    [33mclass[39m=[32m"min-w-0 break-all font-medium text-foreground"[39m
                  [36m>[39m
                    [0m账号 original[0m
                  [36m</strong>[39m
                  [36m<svg[39m
                    [33maria-hidden[39m=[32m"true"[39m
                    [33mclass[39m=[32m"lucide lucide-chevron-down shrink-0 text-muted-foreground"[39m
                    [33mfill[39m=[32m"none"[39m
                    [33mheight[39m=[32m"12"[39m
                    [33mstroke[39m=[32m"currentColor"[39m
                    [33mstroke-linecap[39m=[32m"round"[39m
                    [33mstroke-linejoin[39m=[32m"round"[39m
                    [33mstroke-width[39m=[32m"2"[39m
                    [33mviewBox[39m=[32m"0 0 24 24"[39m
                    [33mwidth[39m=[32m"12"[39m
                    [33mxmlns[39m=[32m"http://www.w3.org/2000/svg"[39m
                  [36m>[39m
                    [36m<path[39m
                      [33md[39m=[32m"m6 9 6 6 6-6"[39m
                    [36m/>[39m
                  [36m</svg>[39m
                [36m</button>[39m
              [36m</span>[39m
            [36m</div>[39m
            [36m<div[39m
              [33mclass[39m=[32m"mt-1 text-xs"[39m
            [36m>[39m
              [36m<time[39m
                [33mclass[39m=[32m"break-words"[39m
                [33mdatetime[39m=[32m"2026-09-11T03:00:00Z"[39m
                [33mtitle[39m=[32m"2026-09-11T03:00:00Z"[39m
              [36m>[39m
                [0m2026/09/11 11:00:00[0m
              [36m</time>[39m
            [36m</div>[39m
          [36m</div>[39m
        [36m</li>[39m
        [36m<li[39m
          [33mclass[39m=[32m"flex min-w-0 items-start gap-3"[39m
        [36m>[39m
          [36m<span[39m
            [33maria-hidden[39m=[32m"true"[39m
            [33mclass[39m=[32m"release-step-icon bg-success-soft text-success"[39m
          [36m>[39m
            [0m2[0m
          [36m</span>[39m
          [36m<div[39m
            [33mclass[39m=[32m"min-w-0 break-all"[39m
          [36m>[39m
            [36m<h4[39m
              [33mclass[39m=[32m"font-medium"[39m
            [36m>[39m
              [0m原整单发布[0m
            [36m</h4>[39m
            [36m<p[39m
              [33mclass[39m=[32m"mt-1 text-xs text-muted-foreground"[39m
            [36m>[39m
              [0m发布[0m
              [0m · [0m
              [0m发布权限[0m
            [36m</p>[39m
            [36m<p[39m
              [33mclass[39m=[32m"mt-2 text-success"[39m
            [36m>[39m
              [0m已完成[0m
            [36m</p>[39m
            [36m<div[39m
              [33mclass[39m=[32m"mt-2 text-xs"[39m
            [36m>[39m
              [36m<span[39m
                [33mclass[39m=[32m"inline-flex w-max min-w-0 max-w-full flex-col items-start align-middle"[39m
              [36m>[39m
                [36m<button[39m
                  [33maria-controls[39m=[32m"_r_14_"[39m
                  [33maria-expanded[39m=[32m"false"[39m
                  [33maria-label[39m=[32m"查看账号 original的账号信息"[39m
                  [33mclass[39m=[32m"inline-flex shrink-0 items-center rounded-md text-sm transition-all outline-none focus-visible:border-ring focus-visible:ring-[3px] focus-visible:ring-ring/50 disabled:pointer-events-none disabled:opacity-50 aria-invalid:border-destructive aria-invalid:ring-destructive/20 dark:aria-invalid:ring-destructive/40 [&_svg]:pointer-events-none [&_svg]:shrink-0 [&_svg:not([class*='size-'])]:size-4 hover:bg-accent hover:text-accent-foreground dark:hover:bg-accent/50 has-[>svg]:px-3 button h-auto max-w-full justify-start gap-1.5 whitespace-normal px-1 py-0.5 text-left font-normal"[39m
                  [33mdata-size[39m=[32m"default"[39m
                  [33mdata-slot[39m=[32m"button"[39m
                  [33mdata-variant[39m=[32m"ghost"[39m
                [36m>[39m
                  [36m<span[39m
                    [33maria-hidden[39m=[32m"true"[39m
                    [33mclass[39m=[32m"flex size-5 shrink-0 items-center justify-center rounded-full bg-muted text-xs font-semibold text-muted-foreground"[39m
                  [36m>[39m
                    [0m?[0m
                  [36m</span>[39m
                  [36m<strong[39m
                    [33mclass[39m=[32m"min-w-0 break-all font-medium text-foreground"[39m
                  [36m>[39m
                    [0m账号 original[0m
                  [36m</strong>[39m
                  [36m<svg[39m
                    [33maria-hidden[39m=[32m"true"[39m
                    [33mclass[39m=[32m"lucide lucide-chevron-down shrink-0 text-muted-foreground"[39m
                    [33mfill[39m=[32m"none"[39m
                    [33mheight[39m=[32m"12"[39m
                    [33mstroke[39m=[32m"currentColor"[39m
                    [33mstroke-linecap[39m=[32m"round"[39m
                    [33mstroke-linejoin[39m=[32m"round"[39m
                    [33mstroke-width[39m=[32m"2"[39m
                    [33mviewBox[39m=[32m"0 0 24 24"[39m
                    [33mwidth[39m=[32m"12"[39m
                    [33mxmlns[39m=[32m"http://www.w3.org/2000/svg"[39m
                  [36m>[39m
                    [36m<path[39m
                      [33md[39m=[32m"m6 9 6 6 6-6"[39m
                    [36m/>[39m
                  [36m</svg>[39m
                [36m</button>[39m
              [36m</span>[39m
            [36m</div>[39m
            [36m<div[39m
              [33mclass[39m=[32m"mt-1 text-xs"[39m
            [36m>[39m
              [36m<time[39m
                [33mclass[39m=[32m"break-words"[39m
                [33mdatetime[39m=[32m"2026-09-11T03:00:00Z"[39m
                [33mtitle[39m=[32m"2026-09-11T03:00:00Z"[39m
              [36m>[39m
                [0m2026/09/11 11:00:00[0m
              [36m</time>[39m
            [36m</div>[39m
          [36m</div>[39m
        [36m</li>[39m
        [36m<li[39m
          [33mclass[39m=[32m"flex min-w-0 items-start gap-3"[39m
        [36m>[39m
          [36m<span[39m
            [33maria-hidden[39m=[32m"true"[39m
            [33mclass[39m=[32m"release-step-icon "[39m
          [36m>[39m
            [0m3[0m
          [36m</span>[39m
          [36m<div[39m
            [33mclass[39m=[32m"min-w-0 break-all"[39m
          [36m>[39m
            [36m<h4[39m
              [33mclass[39m=[32m"font-medium"[39m
            [36m>[39m
              [0m正向人工完结[0m
            [36m</h4>[39m
            [36m<p[39m
              [33mclass[39m=[32m"mt-1 text-xs text-muted-foreground"[39m
            [36m>[39m
              [0m完结[0m
              [0m · [0m
              [0m发布权限[0m
            [36m</p>[39m
            [36m<p[39m
              [33mclass[39m=[32m"mt-2 text-muted-foreground"[39m
            [36m>[39m
              [0m已终止[0m
            [36m</p>[39m
          [36m</div>[39m
        [36m</li>[39m
      [36m</ol>[39m
      [36m<details[39m
        [33mclass[39m=[32m"mt-4 min-w-0 text-xs text-muted-foreground"[39m
      [36m>[39m
        [36m<summary[39m
          [33mclass[39m=[32m"w-fit cursor-pointer rounded-sm focus-visible:outline-2 focus-visible:outline-offset-4 focus-visible:outline-ring"[39m
        [36m>[39m
          [0m查看实例来源与版本[0m
        [36m</summary>[39m
        [36m<dl[39m
          [33mclass[39m=[32m"mt-3 grid gap-2 break-all"[39m
        [36m>[39m
          [36m<div>[39m
            [36m<dt>[39m
              [0m流程实例[0m
            [36m</dt>[39m
            [36m<dd[39m
              [33mclass[39m=[32m"font-mono"[39m
            [36m>[39m
              [0msaved-forward[0m
            [36m</dd>[39m
          [36m</div>[39m
          [36m<div>[39m
            [36m<dt>[39m
              [0m来源模板[0m
            [36m</dt>[39m
            [36m<dd[39m
              [33mclass[39m=[32m"font-mono"[39m
            [36m>[39m
              [0msaved_standard[0m
              [0m · 版本 [0m
              [0m1[0m
            [36m</dd>[39m
          [36m</div>[39m
          [36m<div>[39m
            [36m<dt>[39m
              [0m表关联版本[0m
            [36m</dt>[39m
            [36m<dd>[39m
              [0m1[0m
            [36m</dd>[39m
          [36m</div>[39m
          [36m<div>[39m
            [36m<dt>[39m
              [0m实例保存时间[0m
            [36m</dt>[39m
            [36m<dd>[39m
              [36m<time[39m
                [33mclass[39m=[32m"break-words"[39m
                [33mdatetime[39m=[32m"2026-09-07T08:00:00Z"[39m
                [33mtitle[39m=[32m"2026-09-07T08:00:00Z"[39m
              [36m>[39m
                [0m2026/09/07 16:00:00[0m
              [36m</time>[39m
            [36m</dd>[39m
          [36m</div>[39m
        [36m</dl>[39m
      [36m</details>[39m
    [36m</section>[39m
  [36m</div>[39m
[36m</section>[39m
 ❯ Object.getElementError node_modules/.pnpm/@testing-library+dom@10.4.1/node_modules/@testing-library/dom/dist/config.js:37:19
 ❯ node_modules/.pnpm/@testing-library+dom@10.4.1/node_modules/@testing-library/dom/dist/query-helpers.js:76:38
 ❯ node_modules/.pnpm/@testing-library+dom@10.4.1/node_modules/@testing-library/dom/dist/query-helpers.js:52:17
 ❯ node_modules/.pnpm/@testing-library+dom@10.4.1/node_modules/@testing-library/dom/dist/query-helpers.js:95:19
 ❯ src/features/release-orders/ReleaseOrdersPage.test.tsx:1385:85


⎯⎯⎯⎯⎯⎯⎯⎯⎯⎯⎯⎯⎯⎯⎯⎯⎯⎯⎯⎯⎯⎯⎯⎯[1/1]⎯


 Test Files  1 failed (1)
      Tests  1 failed | 8 passed | 88 skipped (97)
   Start at  17:29:51
   Duration  2.05s (transform 549ms, setup 173ms, import 840ms, tests 604ms, environment 344ms)

