=== RUN   TestReleaseEmergencyBrowserSystemPath
2026/09/11 14:52:05 github.com/testcontainers/testcontainers-go - Connected to docker: 
  Server Version: 29.5.2
  API Version: 1.54
  Operating System: Ubuntu 24.04.4 LTS
  Total Memory: 3904 MB
  Testcontainers for Go Version: v0.44.0
  Resolved Docker Host: unix:///Users/asher/.colima/default/docker.sock
  Resolved Docker Socket Path: /Users/asher/.colima/default/docker.sock
  Test SessionID: cc07ca025d7c92348a5578dd62df488dc132a01cab4d9321e685fcf4e58e086b
  Test ProcessID: e3c92533-8459-4740-8dd7-bd16c4df6880
2026/09/11 14:52:05 🐳 Creating container for image mysql:8.4
2026/09/11 14:52:05 ✅ Container created: 31386c0f1612
2026/09/11 14:52:05 🐳 Starting container: 31386c0f1612
2026/09/11 14:52:05 ✅ Container started: 31386c0f1612
2026/09/11 14:52:05 ⏳ Waiting for container id 31386c0f1612 image: mysql:8.4. Waiting for: all of: [log message "port: 3306  MySQL Community Server"]
2026/09/11 14:52:12 🔔 Container is ready: 31386c0f1612
    release_flow_browser_integration_test.go:23: isolated browser target: MySQL localhost:47819/rcc_test, Admin http://127.0.0.1:53625 pid=30567, Vite http://127.0.0.1:53617 pid=30587; evidence /private/tmp/rcc-issue-104-emergency-release/docs/verification/2026-09-11-emergency-release/browser/01
    release_flow_browser_integration_test.go:23: release flow browser path: exit status 1 AssertionError [ERR_ASSERTION]: Expected values to be strictly equal:
        
        1 !== 2
        
            at /private/tmp/rcc-issue-104-emergency-release/web/e2e/release-emergency.cjs:150:10 {
          generatedMessage: true,
          code: 'ERR_ASSERTION',
          actual: 1,
          expected: 2,
          operator: 'strictEqual',
          diff: 'simple'
        }
2026/09/11 14:52:35 🐳 Stopping container: 31386c0f1612
2026/09/11 14:52:36 ✅ Container stopped: 31386c0f1612
2026/09/11 14:52:36 🐳 Terminating container: 31386c0f1612
2026/09/11 14:52:36 🚫 Container terminated: 31386c0f1612
--- FAIL: TestReleaseEmergencyBrowserSystemPath (31.25s)
FAIL
FAIL	github.com/asherzj/relational-config-center/admin/cmd/admin	32.316s
FAIL
