=== RUN   TestReleaseEmergencyBrowserSystemPath
2026/09/11 15:01:41 github.com/testcontainers/testcontainers-go - Connected to docker: 
  Server Version: 29.5.2
  API Version: 1.54
  Operating System: Ubuntu 24.04.4 LTS
  Total Memory: 3904 MB
  Testcontainers for Go Version: v0.44.0
  Resolved Docker Host: unix:///Users/asher/.colima/default/docker.sock
  Resolved Docker Socket Path: /Users/asher/.colima/default/docker.sock
  Test SessionID: 496b0053dd9d1e31e175b3c3fcae222658a496b02a4f74daaa4127c573aa664b
  Test ProcessID: fb3bf4d2-13bc-4c20-ba15-0ea1d353879f
2026/09/11 15:01:41 🐳 Creating container for image mysql:8.4
2026/09/11 15:01:41 ✅ Container created: 9d09a072c31d
2026/09/11 15:01:41 🐳 Starting container: 9d09a072c31d
2026/09/11 15:01:42 ✅ Container started: 9d09a072c31d
2026/09/11 15:01:42 ⏳ Waiting for container id 9d09a072c31d image: mysql:8.4. Waiting for: all of: [log message "port: 3306  MySQL Community Server"]
2026/09/11 15:01:49 🔔 Container is ready: 9d09a072c31d
    release_flow_browser_integration_test.go:23: isolated browser target: MySQL localhost:47861/rcc_test, Admin http://127.0.0.1:55948 pid=32556, Vite http://127.0.0.1:55945 pid=32610; evidence /private/tmp/rcc-issue-104-emergency-release/docs/verification/2026-09-11-emergency-release/browser/02
    release_flow_browser_integration_test.go:23: browser → Vite proxy → Admin → MySQL: [AC-012/023: explicit whole-order type switches rebuild persisted instances; failed response retains the selected STANDARD request and exact key/body for manual replay AC-015/016: UI rejects blank and 2,001-codepoint reasons; committed submit persists the exact reason, enters PENDING_PUBLICATION, records no approval, and changes no business row AC-023: same-account session recovery restores the unresolved reason; 390px has no overflow, no approval UI, visible long flow names, and keyboard-reachable PUBLISHER action AC-016/017/023: the current applicant/PUBLISHER executes both tables in another same-account profile, remains pending manual completion, and manual replay of the original submit never replaces the current SUCCEEDED detail AC-018: manual completion closes the order and releases both persisted targets for a later draft without changing the published values]
2026/09/11 15:02:07 🐳 Stopping container: 9d09a072c31d
2026/09/11 15:02:08 ✅ Container stopped: 9d09a072c31d
2026/09/11 15:02:08 🐳 Terminating container: 9d09a072c31d
2026/09/11 15:02:08 🚫 Container terminated: 9d09a072c31d
--- PASS: TestReleaseEmergencyBrowserSystemPath (26.95s)
PASS
ok  	github.com/asherzj/relational-config-center/admin/cmd/admin	28.170s
