2026-09-12T09:07:57.770Z pw:browser <launching> /home/runner/.cache/ms-playwright/webkit-2359/pw_run.sh --inspector-pipe --headless --user-data-dir=/home/runner/work/_temp/rcc-accounts-webkit-browser/release-workflow/recovery-webkit/iteration-7/account-browser-profile-3llWVr about:blank
2026-09-12T09:07:57.775Z pw:browser <launched> pid=9931
2026-09-12T09:07:58.662Z pw:browser [pid=9931][err] 
2026-09-12T09:07:58.663Z pw:browser [pid=9931][err] ** (MiniBrowser:9940): CRITICAL **: 09:07:58.661: WebKitWebView is-controlled-by-automation set but automation is not allowed in the context, falling back to default session.
2026-09-12T09:08:03.473Z pw:browser <launching> /home/runner/.cache/ms-playwright/webkit-2359/pw_run.sh --inspector-pipe --headless --no-startup-window
2026-09-12T09:08:03.476Z pw:browser <launched> pid=10046
2026-09-12T09:08:03.979Z pw:browser [pid=10046][err] 
2026-09-12T09:08:03.979Z pw:browser [pid=10046][err] ** (MiniBrowser:10055): CRITICAL **: 09:08:03.979: WebKitWebView is-controlled-by-automation set but automation is not allowed in the context, falling back to default session.
2026-09-12T09:08:04.718Z pw:browser [pid=9931][err] RENDERER: Fetch API cannot load http://127.0.0.1:34289/api/v1/auth/session due to access control checks.
2026-09-12T09:08:04.959Z pw:browser [pid=9931] <gracefully close start>
2026-09-12T09:08:05.060Z pw:browser [pid=9931] <process did exit: exitCode=0, signal=null>
2026-09-12T09:08:05.060Z pw:browser [pid=9931] starting temporary directories cleanup
2026-09-12T09:08:05.062Z pw:browser [pid=9931] finished temporary directories cleanup
2026-09-12T09:08:05.062Z pw:browser [pid=9931] <gracefully close end>
2026-09-12T09:08:05.063Z pw:browser <launching> /home/runner/.cache/ms-playwright/webkit-2359/pw_run.sh --inspector-pipe --headless --user-data-dir=/home/runner/work/_temp/rcc-accounts-webkit-browser/release-workflow/recovery-webkit/iteration-7/account-browser-profile-3llWVr about:blank
2026-09-12T09:08:05.066Z pw:browser <launched> pid=10116
2026-09-12T09:08:05.992Z pw:browser [pid=10116][err] 
2026-09-12T09:08:05.993Z pw:browser [pid=10116][err] ** (MiniBrowser:10125): CRITICAL **: 09:08:05.991: WebKitWebView is-controlled-by-automation set but automation is not allowed in the context, falling back to default session.
{"run_suffix":"60d0409284be","account_id":"fcc9b29f-5727-449a-a1ee-8f7a94f15582","username":"browser.user.60d0409284be","member_username":"roles.member.60d0409284be","template_key":"browser_system_60d0409284be","checks":["record version conflict preserves input","explicit latest read and baseline rebuild","registration defaults VIEWER","maintenance ADMIN bootstrap","UI combination grant","390px role catalog and drawer","role history with permanent actor","original member session refresh","refresh","reopen","dirty navigation protection","same-account Change Set recovery after session loss","hidden drawer keyboard isolation","draft submit independent approval and publisher execution","unknown execute result reload and original-key recovery","final row defaults and permanent actor fields","refresh notification remains NOT_CONNECTED","no direct record write request","HTTP Cookie","storage/URL secrecy","logout rejection"]}2026-09-12T09:08:32.258Z pw:browser [pid=10046] <gracefully close start>
2026-09-12T09:08:32.356Z pw:browser [pid=10046] <process did exit: exitCode=0, signal=null>
2026-09-12T09:08:32.356Z pw:browser [pid=10046] starting temporary directories cleanup
2026-09-12T09:08:32.357Z pw:browser [pid=10046] finished temporary directories cleanup
2026-09-12T09:08:32.357Z pw:browser [pid=10046] <gracefully close end>
2026-09-12T09:08:32.359Z pw:browser [pid=10116] <gracefully close start>
2026-09-12T09:08:32.453Z pw:browser [pid=10116] <process did exit: exitCode=0, signal=null>
2026-09-12T09:08:32.453Z pw:browser [pid=10116] starting temporary directories cleanup
2026-09-12T09:08:32.454Z pw:browser [pid=10116] finished temporary directories cleanup
2026-09-12T09:08:32.454Z pw:browser [pid=10116] <gracefully close end>
