Installing pinned Web dependencies and required Playwright browsers...
Lockfile is up to date, resolution step is skipped
Already up to date

Done in 452ms using pnpm v10.28.2
Building the Web preview artifact...

> @relational-config-center/web@0.0.0 build /private/tmp/rcc-issue-88-final-release-cleanup/web
> tsc --noEmit && vite build

vite v8.2.2 building client environment for production...
transforming...
✓ 2140 modules transformed.
rendering chunks...
computing gzip size...
dist/index.html                             0.74 kB │ gzip:   0.40 kB
dist/assets/index-DNHz9TwE.css             81.93 kB │ gzip:  15.97 kB
dist/assets/rolldown-runtime-CbXtAM7H.js    0.58 kB │ gzip:   0.36 kB
dist/assets/react-DXf84zf0.js             189.60 kB │ gzip:  59.62 kB
dist/assets/index-aD5mE5_0.js             283.21 kB │ gzip:  78.68 kB
dist/assets/vendor-C3sin2RQ.js            358.57 kB │ gzip: 112.01 kB

✓ built in 360ms
Verifying timeout cleanup against a TERM-resistant descendant...
✔ kills the process group when its leader exits on TERM (1253.43475ms)
ℹ tests 1
ℹ suites 0
ℹ pass 1
ℹ fail 0
ℹ cancelled 0
ℹ skipped 0
ℹ todo 0
ℹ duration_ms 1315.881208
Starting disposable MySQL 8.4 container rcc-browser-1789063920-87376-mysql...
Building and applying the current Goose control schema...
{"state":"current","current":5,"required":5,"pending":[],"attempt_id":5,"attempt_version":5,"attempt_digest":"9e1cc534b08b76d1bb262c8b934f6fbc923ddfc233c9b9941bba44a29fa15de3","attempt_operation":"up"}
Loading deploy/mysql/local-fixture/002-notification-templates.sql...
Loading docs/verification/fixtures/stage1_acceptance.sql...
Loading web/e2e/fixtures/stage1-policies.sql...
Loading admin/cmd/admin/testdata/014-batch-browser.sql...
Loading admin/cmd/admin/testdata/015-draft-targets-browser.sql...
Loading admin/cmd/admin/testdata/016-multitable-browser.sql...
Loading web/e2e/fixtures/release-rollbacks.sql...
Loading web/e2e/fixtures/field-display.sql...
Granting the disposable Admin account publication metadata access...
Building and starting Admin on a dynamic loopback port...
Starting Web preview on a different dynamic loopback port...
Running browser-accessibility (chromium)...
PASS drawer background is inert and actual Shift+Tab/Tab loops inside the drawer {"inert":true,"focusStayedInTopModal":true,"bodyClasses":["modal-open"],"rootLocked":true,"focusProbe":"programmatic HTMLElement.focus used only for native inert","keyboardPath":["Shift+Tab skips appended hidden/disabled fixtures -> 取消","Tab -> 关闭","focus-loss fixture then real Tab -> 关闭"]}
PASS native back cancel/confirm and forward preserve the intended history entry {"unloadProbe":{"defaultPrevented":true,"dispatchReturned":false,"fixture":"cancelable browser event; no user-agent prompt"},"lowerDrawerInertWhilePromptOpen":true,"focusRestoredToDrawer":true}
PASS 320px long drawer scroll keeps the action footer reachable {"viewport":"320x568 CSS pixels","documentOverflow":0,"optionalIdIncluded":false,"actualMouseWheel":{"before":668,"after":1028},"surfaces":[{"selector":".drawer","metrics":{"left":0,"right":320,"width":320,"clientWidth":320,"scrollWidth":320,"innerWidth":320}},{"selector":".drawer-header","metrics":{"left":0,"right":320,"width":320,"clientWidth":320,"scrollWidth":320,"innerWidth":320}},{"selector":".drawer-body","metrics":{"left":0,"right":320,"width":320,"clientWidth":320,"scrollWidth":320,"innerWidth":320}},{"selector":".drawer-footer","metrics":{"left":0,"right":320,"width":320,"clientWidth":320,"scrollWidth":320,"innerWidth":320}}],"noteRect":{"left":20,"right":300,"top":12.375,"bottom":102.375,"width":280,"height":90,"innerWidth":320,"innerHeight":568},"footerActions":[{"action":"取消","rect":{"left":20,"right":156,"top":512.5,"bottom":548.5,"width":136,"height":36,"innerWidth":320,"innerHeight":568}},{"action":"查看 Change Set","rect":{"left":164,"right":300,"top":512.5,"bottom":548.5,"width":136,"height":36,"innerWidth":320,"innerHeight":568}}]}
PASS 320px Change Set owns horizontal/vertical overflow and keeps actions reachable {"keyboardPath":["Shift+Tab -> 确认并保存草稿","Tab -> 变更字段对比，可横向滚动","Tab -> 发布单标题","Tab -> 选择已有草稿"],"documentOverflow":0,"scrolling":{"horizontal":{"client":288,"total":600,"offset":312},"vertical":{"client":132,"total":700,"offset":568}},"footerActions":[{"action":"放弃本次编辑","rect":{"left":32,"right":155.5,"top":455,"bottom":491,"width":123.5,"height":36,"innerWidth":320,"innerHeight":568}},{"action":"返回修改","rect":{"left":164.5,"right":288,"top":455,"bottom":491,"width":123.5,"height":36,"innerWidth":320,"innerHeight":568}},{"action":"确认并保存草稿","rect":{"left":32,"right":288,"top":500,"bottom":536,"width":256,"height":36,"innerWidth":320,"innerHeight":568}}]}
PASS only the top nested leave dialog handles Tab/Escape and focus returns to Change Set {"lowerChangeSetInert":true,"bodyRemainedLocked":true}
PASS real MySQL rejection freezes raw CR; a copied draft requires explicit LF conversion before editing {"status":422,"rejectedOrder":"b9b520fa792dc5293acd5ff83f340ba8","rawHex":"7072656669782d6368726f6d69756d0d0a7365636f6e640d7461696c","submittedHex":"7072656669782d6368726f6d69756d0d0a7365636f6e640d7461696c","clipboardBoundary":"synthetic paste Event with injected DataTransfer; no OS clipboard access"}
PASS 390px unknown release-draft recovery replays one intent and then publishes it {"faultEvidence":{"actualStatus":201,"requestId":"rcc-80e8fd21fc7b3b2e6e2d5b8759514c0f","injectedStatus":503},"releaseDraftRequests":2,"replayedOriginalBodyAndKey":true,"releaseOrder":"34e88f848430270ea830228775b259d4","sqlRows":1,"faultBoundary":"Playwright API response fault injection after route.fetch durably created the release draft","documentOverflow":0}
Running browser-accessibility (firefox)...
PASS drawer background is inert and actual Shift+Tab/Tab loops inside the drawer {"inert":true,"focusStayedInTopModal":true,"bodyClasses":["modal-open"],"rootLocked":true,"focusProbe":"programmatic HTMLElement.focus used only for native inert","keyboardPath":["Shift+Tab skips appended hidden/disabled fixtures -> 取消","Tab -> 关闭","focus-loss fixture then real Tab -> 关闭"]}
PASS native back cancel/confirm and forward preserve the intended history entry {"unloadProbe":{"defaultPrevented":true,"dispatchReturned":false,"fixture":"cancelable browser event; no user-agent prompt"},"lowerDrawerInertWhilePromptOpen":true,"focusRestoredToDrawer":true}
PASS 320px long drawer scroll keeps the action footer reachable {"viewport":"320x568 CSS pixels","documentOverflow":0,"optionalIdIncluded":false,"actualMouseWheel":{"before":668,"after":993},"surfaces":[{"selector":".drawer","metrics":{"left":0,"right":320,"width":320,"clientWidth":320,"scrollWidth":320,"innerWidth":320}},{"selector":".drawer-header","metrics":{"left":0,"right":320,"width":320,"clientWidth":320,"scrollWidth":320,"innerWidth":320}},{"selector":".drawer-body","metrics":{"left":0,"right":320,"width":320,"clientWidth":320,"scrollWidth":320,"innerWidth":320}},{"selector":".drawer-footer","metrics":{"left":0,"right":320,"width":320,"clientWidth":320,"scrollWidth":320,"innerWidth":320}}],"noteRect":{"left":20,"right":300,"top":47.399993896484375,"bottom":137.39999389648438,"width":280,"height":90,"innerWidth":320,"innerHeight":568},"footerActions":[{"action":"取消","rect":{"left":20,"right":156,"top":512.5,"bottom":548.5,"width":136,"height":36,"innerWidth":320,"innerHeight":568}},{"action":"查看 Change Set","rect":{"left":164,"right":300,"top":512.5,"bottom":548.5,"width":136,"height":36,"innerWidth":320,"innerHeight":568}}]}
PASS 320px Change Set owns horizontal/vertical overflow and keeps actions reachable {"keyboardPath":["Shift+Tab -> 确认并保存草稿","Tab -> 变更字段对比，可横向滚动","Tab -> 发布单标题","Tab -> 选择已有草稿"],"documentOverflow":0,"scrolling":{"horizontal":{"client":288,"total":600,"offset":312},"vertical":{"client":133,"total":700,"offset":567}},"footerActions":[{"action":"放弃本次编辑","rect":{"left":32,"right":155.5,"top":455,"bottom":491,"width":123.5,"height":36,"innerWidth":320,"innerHeight":568}},{"action":"返回修改","rect":{"left":164.5,"right":288,"top":455,"bottom":491,"width":123.5,"height":36,"innerWidth":320,"innerHeight":568}},{"action":"确认并保存草稿","rect":{"left":32,"right":288,"top":500,"bottom":536,"width":256,"height":36,"innerWidth":320,"innerHeight":568}}]}
PASS only the top nested leave dialog handles Tab/Escape and focus returns to Change Set {"lowerChangeSetInert":true,"bodyRemainedLocked":true}
PASS real MySQL rejection freezes raw CR; a copied draft requires explicit LF conversion before editing {"status":422,"rejectedOrder":"34a6d2fe61e7c3e88607b22c51bfceab","rawHex":"7072656669782d66697265666f780d0a7365636f6e640d7461696c","submittedHex":"7072656669782d66697265666f780d0a7365636f6e640d7461696c","clipboardBoundary":"synthetic paste Event with injected DataTransfer; no OS clipboard access"}
PASS 390px unknown release-draft recovery replays one intent and then publishes it {"faultEvidence":{"actualStatus":201,"requestId":"rcc-f7a6eadb1bdcdad281f535f2ee8505ca","injectedStatus":503},"releaseDraftRequests":2,"replayedOriginalBodyAndKey":true,"releaseOrder":"fe0155f02bf164ba424a3910dbd49e26","sqlRows":1,"faultBoundary":"Playwright API response fault injection after route.fetch durably created the release draft","documentOverflow":0}
Running browser-accessibility (webkit)...
PASS drawer background is inert and actual Shift+Tab/Tab loops inside the drawer {"inert":true,"focusStayedInTopModal":true,"bodyClasses":["modal-open"],"rootLocked":true,"focusProbe":"programmatic HTMLElement.focus used only for native inert","keyboardPath":["Shift+Tab skips appended hidden/disabled fixtures -> 取消","Tab -> 关闭","focus-loss fixture then real Tab -> 关闭"]}
PASS native back cancel/confirm and forward preserve the intended history entry {"unloadProbe":{"defaultPrevented":true,"dispatchReturned":false,"fixture":"cancelable browser event; no user-agent prompt"},"lowerDrawerInertWhilePromptOpen":true,"focusRestoredToDrawer":true}
PASS 320px long drawer scroll keeps the action footer reachable {"viewport":"320x568 CSS pixels","documentOverflow":0,"optionalIdIncluded":false,"actualMouseWheel":{"before":668,"after":1028},"surfaces":[{"selector":".drawer","metrics":{"left":0,"right":320,"width":320,"clientWidth":320,"scrollWidth":320,"innerWidth":320}},{"selector":".drawer-header","metrics":{"left":0,"right":320,"width":320,"clientWidth":320,"scrollWidth":320,"innerWidth":320}},{"selector":".drawer-body","metrics":{"left":0,"right":320,"width":320,"clientWidth":320,"scrollWidth":320,"innerWidth":320}},{"selector":".drawer-footer","metrics":{"left":0,"right":320,"width":320,"clientWidth":320,"scrollWidth":320,"innerWidth":320}}],"noteRect":{"left":20,"right":300,"top":12.3125,"bottom":102.3125,"width":280,"height":90,"innerWidth":320,"innerHeight":568},"footerActions":[{"action":"取消","rect":{"left":20,"right":156,"top":512.5,"bottom":548.5,"width":136,"height":36,"innerWidth":320,"innerHeight":568}},{"action":"查看 Change Set","rect":{"left":164,"right":300,"top":512.5,"bottom":548.5,"width":136,"height":36,"innerWidth":320,"innerHeight":568}}]}
PASS 320px Change Set owns horizontal/vertical overflow and keeps actions reachable {"keyboardPath":["Shift+Tab -> 确认并保存草稿","Tab -> 变更字段对比，可横向滚动","Tab -> 发布单标题","Tab -> 选择已有草稿"],"documentOverflow":0,"scrolling":{"horizontal":{"client":288,"total":600,"offset":312},"vertical":{"client":133,"total":700,"offset":567}},"footerActions":[{"action":"放弃本次编辑","rect":{"left":32,"right":155.5,"top":455,"bottom":491,"width":123.5,"height":36,"innerWidth":320,"innerHeight":568}},{"action":"返回修改","rect":{"left":164.5,"right":288,"top":455,"bottom":491,"width":123.5,"height":36,"innerWidth":320,"innerHeight":568}},{"action":"确认并保存草稿","rect":{"left":32,"right":288,"top":500,"bottom":536,"width":256,"height":36,"innerWidth":320,"innerHeight":568}}]}
PASS only the top nested leave dialog handles Tab/Escape and focus returns to Change Set {"lowerChangeSetInert":true,"bodyRemainedLocked":true}
PASS real MySQL rejection freezes raw CR; a copied draft requires explicit LF conversion before editing {"status":422,"rejectedOrder":"726bc07939219af023bbba7d882e9503","rawHex":"7072656669782d7765626b69740d0a7365636f6e640d7461696c","submittedHex":"7072656669782d7765626b69740d0a7365636f6e640d7461696c","clipboardBoundary":"synthetic paste Event with injected DataTransfer; no OS clipboard access"}
PASS 390px unknown release-draft recovery replays one intent and then publishes it {"faultEvidence":{"actualStatus":201,"requestId":"rcc-92d31816aa270e0a48dc569fba2e6e67","injectedStatus":503},"releaseDraftRequests":2,"replayedOriginalBodyAndKey":true,"releaseOrder":"5a3b835bf3e6493f9809574f3eee05d0","sqlRows":1,"faultBoundary":"Playwright API response fault injection after route.fetch durably created the release draft","documentOverflow":0}
Browser acceptance passed; database post-check: 5|1|5|0|notification_page_query_v1|stage1_mutation_v1|1|DEPRECATED
artifact directory: /private/tmp/rcc-mr99-web-ci-followup/browser-accessibility-green
