
> @relational-config-center/web@0.0.0 test:run /private/tmp/rcc-issue-88-final-release-cleanup/web
> vitest run


 RUN  v4.1.11 /private/tmp/rcc-issue-88-final-release-cleanup/web

 ❯ src/api/client-stream.test.ts (1 test | 1 failed) 10008ms
   × retains received HTTP status and Request ID after a real TCP response body interruption 10007ms

⎯⎯⎯⎯⎯⎯⎯ Failed Tests 1 ⎯⎯⎯⎯⎯⎯⎯

 FAIL  src/api/client-stream.test.ts > retains received HTTP status and Request ID after a real TCP response body interruption
Error: Test timed out in 10000ms.
If this is a long-running test, pass a timeout value as the last argument or configure it globally with "testTimeout".
 ❯ src/api/client-stream.test.ts:6:1
      4| import { request } from "./client";
      5|
      6| it("retains received HTTP status and Request ID after a real TCP respo…
       | ^
      7|   let writes = 0;
      8|   const server = createServer((req, res) => {

⎯⎯⎯⎯⎯⎯⎯⎯⎯⎯⎯⎯⎯⎯⎯⎯⎯⎯⎯⎯⎯⎯⎯⎯[1/1]⎯

⎯⎯⎯⎯⎯⎯ Unhandled Errors ⎯⎯⎯⎯⎯⎯

Vitest caught 1 unhandled error during the test run.
This might cause false positive tests. Resolve unhandled errors to make sure your tests are not affected.

⎯⎯⎯⎯⎯ Uncaught Exception ⎯⎯⎯⎯⎯
Error: listen EPERM: operation not permitted 127.0.0.1
 ❯ Server.setupListenHandle [as _listen2] node:net:2145:21
 ❯ listenInCluster node:net:2224:12
 ❯ node:net:2448:7
 ❯ processTicksAndRejections node:internal/process/task_queues:90:21

⎯⎯⎯⎯⎯⎯⎯⎯⎯⎯⎯⎯⎯⎯⎯⎯⎯⎯⎯⎯⎯⎯⎯⎯⎯⎯⎯⎯⎯⎯
Serialized Error: { code: 'EPERM', errno: -1, syscall: 'listen', address: '127.0.0.1' }
This error originated in "src/api/client-stream.test.ts" test file. It doesn't mean the error was thrown inside the file itself, but while it was running.
The latest test that might've caused the error is "retains received HTTP status and Request ID after a real TCP response body interruption". It might mean one of the following:
- The error was thrown, while Vitest was running this test.
- If the error occurred after the test had been completed, this was the last documented test before it was thrown.
⎯⎯⎯⎯⎯⎯⎯⎯⎯⎯⎯⎯⎯⎯⎯⎯⎯⎯⎯⎯⎯⎯⎯⎯⎯⎯⎯⎯⎯⎯


 Test Files  1 failed | 36 passed (37)
      Tests  1 failed | 397 passed (398)
     Errors  1 error
   Start at  01:55:32
   Duration  27.91s (transform 4.25s, setup 8.55s, import 12.53s, tests 115.08s, environment 18.98s)

 ELIFECYCLE  Command failed with exit code 1.
