=== RUN   TestReleaseFlowAC009PersistsIndependentTablesBeforeFirstRead
2026/09/11 08:50:04 github.com/testcontainers/testcontainers-go - Connected to docker: 
  Server Version: 29.5.2
  API Version: 1.54
  Operating System: Ubuntu 24.04.4 LTS
  Total Memory: 3904 MB
  Testcontainers for Go Version: v0.44.0
  Resolved Docker Host: unix:///Users/asher/.colima/default/docker.sock
  Resolved Docker Socket Path: /Users/asher/.colima/default/docker.sock
  Test SessionID: 217a06b6cfcad206e5ab89d65b39710f9a18368d704c8e45220e31d327c09b07
  Test ProcessID: 58699adc-5bc0-4414-b5e2-497afea11d85
2026/09/11 08:50:04 🐳 Creating container for image mysql:8.4
2026/09/11 08:50:04 ✅ Container created: 1060d85f8b96
2026/09/11 08:50:04 🐳 Starting container: 1060d85f8b96
2026/09/11 08:50:04 ✅ Container started: 1060d85f8b96
2026/09/11 08:50:04 ⏳ Waiting for container id 1060d85f8b96 image: mysql:8.4. Waiting for: all of: [log message "port: 3306  MySQL Community Server"]
2026/09/11 08:50:11 🔔 Container is ready: 1060d85f8b96
{"request_id":"rcc-f742c7091fcb9fd3c4bd08cb8bc0a4b0","method":"GET","path":"/api/v1/auth/csrf","status":200,"duration_ms":8}
{"request_id":"rcc-73b433944c2b1401f83f95d568d82b00","method":"POST","path":"/api/v1/auth/register","status":201,"duration_ms":45}
{"request_id":"rcc-4e5fa43b7b183413eebcfd442ef1a306","method":"GET","path":"/api/v1/auth/csrf","status":200,"duration_ms":4}
{"request_id":"rcc-923e89f0602bf65ed1829e8e454de632","method":"POST","path":"/api/v1/auth/login","status":200,"duration_ms":54}
{"request_id":"rcc-57de80f324c49100d4dc9f34859e9546","method":"POST","path":"/api/v1/query-policies","status":201,"duration_ms":4}
{"request_id":"rcc-41d26909effb119601d6951f4bc4d3c0","method":"POST","path":"/api/v1/query-policies/:code/activate","status":200,"duration_ms":4}
{"request_id":"rcc-5a1247af980a4bb2b038eb6a5eb0f064","method":"POST","path":"/api/v1/mutation-policies","status":201,"duration_ms":2}
{"request_id":"rcc-0ba849f7ec01651e6523585957c1fe09","method":"POST","path":"/api/v1/mutation-policies/:code/activate","status":200,"duration_ms":4}
{"request_id":"rcc-a550ae9ea0dd6b699b398a02ab7a6d15","method":"POST","path":"/api/v1/table-policies","status":201,"duration_ms":15}
{"request_id":"rcc-095f1057584b05904f748b639a243c01","method":"POST","path":"/api/v1/table-policies/:table_name/enable","status":200,"duration_ms":13}
{"request_id":"rcc-c001d4dc796529894dd5c8d98f7fc9a5","method":"POST","path":"/api/v1/table-policies","status":201,"duration_ms":13}
{"request_id":"rcc-4fb5dae405ed69cb00d193f1c4228348","method":"POST","path":"/api/v1/table-policies/:table_name/enable","status":200,"duration_ms":13}
{"request_id":"rcc-bd83d8a46d925b1ffcb81490822ac9ce","method":"POST","path":"/api/v1/release-templates","status":201,"duration_ms":6}
{"request_id":"rcc-7d19f913355a5b2eb74db820277a00a4","method":"GET","path":"/api/v1/table-policies/:table_name/release-templates","status":200,"duration_ms":2}
{"request_id":"rcc-40baba3f0b2cee9109670f775fc38d3c","method":"PUT","path":"/api/v1/table-policies/:table_name/release-templates/:release_type","status":200,"duration_ms":8}
{"request_id":"rcc-df6417bab8def7538a23616dacc7d14a","method":"GET","path":"/api/v1/table-policies/:table_name/release-templates","status":200,"duration_ms":2}
{"request_id":"rcc-17c5904cb8868b64eb293429f659ff6a","method":"PUT","path":"/api/v1/table-policies/:table_name/release-templates/:release_type","status":200,"duration_ms":7}
{"request_id":"rcc-fad03d19e5c13f9a21cd46a9f0d58078","method":"POST","path":"/api/v1/release-orders","status":201,"duration_ms":39}
    release_flow_integration_test.go:88: first response lacks saved per-table STANDARD flows: {ID:5437f2764f92a100fd6709b9c4667f6d Title:各表保存流程 State:DRAFT Version:1 ReleaseType: TableFlows:[] MissingFlowTables:[] AllowedActions:[edit submit cancel]}
2026/09/11 08:50:12 🐳 Stopping container: 1060d85f8b96
2026/09/11 08:50:13 ✅ Container stopped: 1060d85f8b96
2026/09/11 08:50:13 🐳 Terminating container: 1060d85f8b96
2026/09/11 08:50:13 🚫 Container terminated: 1060d85f8b96
--- FAIL: TestReleaseFlowAC009PersistsIndependentTablesBeforeFirstRead (9.16s)
FAIL
FAIL	github.com/asherzj/relational-config-center/admin/cmd/admin	10.280s
FAIL
