=== RUN   TestReleaseFlowAC013DerivedDraftUsesCurrentConfiguration
2026/09/11 08:54:41 github.com/testcontainers/testcontainers-go - Connected to docker: 
  Server Version: 29.5.2
  API Version: 1.54
  Operating System: Ubuntu 24.04.4 LTS
  Total Memory: 3904 MB
  Testcontainers for Go Version: v0.44.0
  Resolved Docker Host: unix:///Users/asher/.colima/default/docker.sock
  Resolved Docker Socket Path: /Users/asher/.colima/default/docker.sock
  Test SessionID: 029d4a3a60e10b666c57f6fcbbba44218492e74c411a9d67a196af80cfabea25
  Test ProcessID: 2912c058-c030-41e3-a4bf-3aada2a8db19
2026/09/11 08:54:41 🐳 Creating container for image mysql:8.4
2026/09/11 08:54:41 ✅ Container created: e62af30377d7
2026/09/11 08:54:41 🐳 Starting container: e62af30377d7
2026/09/11 08:54:41 ✅ Container started: e62af30377d7
2026/09/11 08:54:41 ⏳ Waiting for container id e62af30377d7 image: mysql:8.4. Waiting for: all of: [log message "port: 3306  MySQL Community Server"]
2026/09/11 08:54:47 🔔 Container is ready: e62af30377d7
{"request_id":"rcc-fbf8124509e9174ba6d3b26cf17cfb06","method":"GET","path":"/api/v1/auth/csrf","status":200,"duration_ms":8}
{"request_id":"rcc-128de6869f633b13daedcabc9811733b","method":"POST","path":"/api/v1/auth/register","status":201,"duration_ms":46}
{"request_id":"rcc-31b032007695b739ba0bbfabfdab63d6","method":"GET","path":"/api/v1/auth/csrf","status":200,"duration_ms":6}
{"request_id":"rcc-e9a9ed3ce4337797af5f8f551a913fc4","method":"POST","path":"/api/v1/auth/login","status":200,"duration_ms":52}
{"request_id":"rcc-4d31836b15be4d198fb021ffd7d0ff06","method":"POST","path":"/api/v1/query-policies","status":201,"duration_ms":4}
{"request_id":"rcc-3dd849aa93c392931986c6a7b553094f","method":"POST","path":"/api/v1/query-policies/:code/activate","status":200,"duration_ms":4}
{"request_id":"rcc-4d8f95f3d68e9b5cacce53c061a6e138","method":"POST","path":"/api/v1/mutation-policies","status":201,"duration_ms":3}
{"request_id":"rcc-634fdae9f205f9b21b8cd23d53fbba98","method":"POST","path":"/api/v1/mutation-policies/:code/activate","status":200,"duration_ms":4}
{"request_id":"rcc-f558e169fdb1ace9d94cdafdafc6bb67","method":"POST","path":"/api/v1/table-policies","status":201,"duration_ms":15}
{"request_id":"rcc-137a81e50da9d5d81847fe531f65bc38","method":"POST","path":"/api/v1/table-policies/:table_name/enable","status":200,"duration_ms":12}
{"request_id":"rcc-d5ca102649cdee34a8004d47b312ef0c","method":"POST","path":"/api/v1/table-policies","status":201,"duration_ms":14}
{"request_id":"rcc-a16bea790e7bbc85c36f21f5443b0892","method":"POST","path":"/api/v1/table-policies/:table_name/enable","status":200,"duration_ms":13}
{"request_id":"rcc-499fc8dd33b14937c02cc79d12844b3e","method":"POST","path":"/api/v1/release-templates","status":201,"duration_ms":5}
{"request_id":"rcc-627969b203041e36a508e7a5619d82d5","method":"GET","path":"/api/v1/table-policies/:table_name/release-templates","status":200,"duration_ms":2}
{"request_id":"rcc-00d8789d6b7bdbdff0ce3bc3bddae2ac","method":"PUT","path":"/api/v1/table-policies/:table_name/release-templates/:release_type","status":200,"duration_ms":8}
{"request_id":"rcc-3ae989f554de3994e8f872b02cb1f4f3","method":"GET","path":"/api/v1/table-policies/:table_name/release-templates","status":200,"duration_ms":2}
{"request_id":"rcc-7606f9ab0917638bed33d1098eddb47e","method":"PUT","path":"/api/v1/table-policies/:table_name/release-templates/:release_type","status":200,"duration_ms":7}
{"request_id":"rcc-08c0203a0c28adcc83b05171ca8c8450","method":"GET","path":"/api/v1/auth/csrf","status":200,"duration_ms":5}
{"request_id":"rcc-b441e2b5870b1420d00be43be766a528","method":"POST","path":"/api/v1/auth/register","status":201,"duration_ms":43}
{"request_id":"rcc-bcfbfcc6541a94d3a1187e9ebf987483","method":"POST","path":"/api/v1/approval-roles","status":201,"duration_ms":12}
{"request_id":"rcc-7492e37c4709660fc8b247ab67d37278","method":"GET","path":"/api/v1/table-policies/:table_name/approval-roles","status":200,"duration_ms":3}
{"request_id":"rcc-bea17696709217096540025030a76e76","method":"PUT","path":"/api/v1/table-policies/:table_name/approval-roles","status":200,"duration_ms":15}
{"request_id":"rcc-10e5bde793337c4ca14fce08df3baa63","method":"GET","path":"/api/v1/table-policies/:table_name/approval-roles","status":200,"duration_ms":2}
{"request_id":"rcc-f244c4996525021778300a99d6c9ff7b","method":"PUT","path":"/api/v1/table-policies/:table_name/approval-roles","status":200,"duration_ms":13}
{"request_id":"rcc-21749d81474fac03175caa97ec28e3a5","method":"POST","path":"/api/v1/release-orders","status":201,"duration_ms":41}
{"request_id":"rcc-a3583d368cbfd193edfadf71549fe5c0","method":"GET","path":"/api/v1/release-orders/:id","status":200,"duration_ms":14}
{"request_id":"rcc-4087c38786a4e6cd986a99282e87c986","method":"POST","path":"/api/v1/release-orders/:id/cancel","status":200,"duration_ms":20}
{"request_id":"rcc-a2be0fffb9d527287bb8458009bb7a4d","method":"GET","path":"/api/v1/table-policies/:table_name/release-templates","status":200,"duration_ms":2}
{"request_id":"rcc-28f5169c9c36e1ef5a655d1386512aa1","method":"PUT","path":"/api/v1/table-policies/:table_name/release-templates/:release_type","status":200,"duration_ms":7}
{"request_id":"rcc-4a1e8fa86398523d2f434b2ed6c6670d","method":"GET","path":"/api/v1/table-policies/:table_name/release-templates","status":200,"duration_ms":2}
{"request_id":"rcc-a6a888f8c091c60c313bc3f86ed6603a","method":"PUT","path":"/api/v1/table-policies/:table_name/release-templates/:release_type","status":200,"duration_ms":7}
{"request_id":"rcc-e247233fde4b0071bfd56c212dd871bc","method":"POST","path":"/api/v1/release-orders/:id/copy","status":201,"duration_ms":41}
    release_flow_integration_test.go:166: copy did not create current independent flow instances: {ID:ec53fb78b89116dfeb2f1b0a63b1102e Title:各表保存流程 State:DRAFT Version:1 ReleaseType: TableFlows:[] MissingFlowTables:[] AllowedActions:[edit cancel]}
2026/09/11 08:54:49 🐳 Stopping container: e62af30377d7
2026/09/11 08:54:50 ✅ Container stopped: e62af30377d7
2026/09/11 08:54:50 🐳 Terminating container: e62af30377d7
2026/09/11 08:54:50 🚫 Container terminated: e62af30377d7
--- FAIL: TestReleaseFlowAC013DerivedDraftUsesCurrentConfiguration (8.88s)
FAIL
FAIL	github.com/asherzj/relational-config-center/admin/cmd/admin	10.088s
FAIL
