=== RUN   TestReleaseFlowCurrentAuthorizationAfterWaitingForMaintenance
2026/09/11 09:06:13 github.com/testcontainers/testcontainers-go - Connected to docker: 
  Server Version: 29.5.2
  API Version: 1.54
  Operating System: Ubuntu 24.04.4 LTS
  Total Memory: 3904 MB
  Testcontainers for Go Version: v0.44.0
  Resolved Docker Host: unix:///Users/asher/.colima/default/docker.sock
  Resolved Docker Socket Path: /Users/asher/.colima/default/docker.sock
  Test SessionID: 688a41b97a69aa2cadeff20e3621d5792f4cc13bb495e15818a33139afb09ed8
  Test ProcessID: 64d7bdad-23b5-404f-868b-18b644275e3c
2026/09/11 09:06:13 🐳 Creating container for image mysql:8.4
2026/09/11 09:06:13 ✅ Container created: 12edf08be0e3
2026/09/11 09:06:13 🐳 Starting container: 12edf08be0e3
2026/09/11 09:06:13 ✅ Container started: 12edf08be0e3
2026/09/11 09:06:13 ⏳ Waiting for container id 12edf08be0e3 image: mysql:8.4. Waiting for: all of: [log message "port: 3306  MySQL Community Server"]
2026/09/11 09:06:19 🔔 Container is ready: 12edf08be0e3
{"request_id":"rcc-1be1fbdd9d53d0286740f6cd00eabc52","method":"GET","path":"/api/v1/auth/csrf","status":200,"duration_ms":6}
{"request_id":"rcc-1c8afa7b31f541ba8f0fd13eca78f9bc","method":"POST","path":"/api/v1/auth/register","status":201,"duration_ms":45}
{"request_id":"rcc-2d561a61d45bac0577d162d22c4db554","method":"GET","path":"/api/v1/auth/csrf","status":200,"duration_ms":5}
{"request_id":"rcc-d99d210a6f9debfaee2d0c42f9b1e7af","method":"POST","path":"/api/v1/auth/login","status":200,"duration_ms":54}
{"request_id":"rcc-8ce4a0ade4d776435ee9335a7e3587cd","method":"POST","path":"/api/v1/query-policies","status":201,"duration_ms":4}
{"request_id":"rcc-2148d2fc5eb56aad72bf04d3f446bfee","method":"POST","path":"/api/v1/query-policies/:code/activate","status":200,"duration_ms":4}
{"request_id":"rcc-55638e71cd2048b35d6c6e7e94a68dcf","method":"POST","path":"/api/v1/mutation-policies","status":201,"duration_ms":2}
{"request_id":"rcc-4ad2aba7295570c83ba316eb73a5f986","method":"POST","path":"/api/v1/mutation-policies/:code/activate","status":200,"duration_ms":5}
{"request_id":"rcc-9131e8baac38d5889cab1c1938b4b0e7","method":"POST","path":"/api/v1/table-policies","status":201,"duration_ms":14}
{"request_id":"rcc-1a98321b67fd8180bf2ff0deaeb6bd0e","method":"POST","path":"/api/v1/table-policies/:table_name/enable","status":200,"duration_ms":13}
{"request_id":"rcc-2023bb705e012a3cd0d0a279173c9e40","method":"POST","path":"/api/v1/table-policies","status":201,"duration_ms":14}
{"request_id":"rcc-a04d300b4abae80bd1029a45316f37b0","method":"POST","path":"/api/v1/table-policies/:table_name/enable","status":200,"duration_ms":12}
{"request_id":"rcc-a55d830b6d211fbc0e55a954d51f7c12","method":"POST","path":"/api/v1/release-templates","status":201,"duration_ms":6}
{"request_id":"rcc-ff937a39f624ccecbaa07bf035a37868","method":"GET","path":"/api/v1/table-policies/:table_name/release-templates","status":200,"duration_ms":2}
{"request_id":"rcc-16cf6f97c4e37e2dafb174123d00d3b6","method":"PUT","path":"/api/v1/table-policies/:table_name/release-templates/:release_type","status":200,"duration_ms":7}
{"request_id":"rcc-2e358a2ae49bc557aa884b58f9844bb3","method":"GET","path":"/api/v1/table-policies/:table_name/release-templates","status":200,"duration_ms":2}
{"request_id":"rcc-812b2ebba136a0afcd0083661555225f","method":"PUT","path":"/api/v1/table-policies/:table_name/release-templates/:release_type","status":200,"duration_ms":7}
{"request_id":"rcc-a3341e9e0ab20614efa9039da097edc3","method":"POST","path":"/api/v1/release-orders","status":201,"duration_ms":36}
{"request_id":"rcc-6dcf0e25941dcc48ddd4a9fe9732409d","method":"POST","path":"/api/v1/release-orders/:id/cancel","status":200,"duration_ms":17}
=== RUN   TestReleaseFlowCurrentAuthorizationAfterWaitingForMaintenance/create
{"request_id":"rcc-693bea4beb95fe002819e019d5b82076","method":"GET","path":"/api/v1/auth/csrf","status":200,"duration_ms":5}
{"request_id":"rcc-0640c93d56c27ed7c499d1c58e85a3a7","method":"POST","path":"/api/v1/auth/register","status":201,"duration_ms":44}
{"request_id":"rcc-809f009d3455613c7b5d1863ee668d2d","method":"PUT","path":"/api/v1/account-roles/:id","status":200,"duration_ms":8}
{"request_id":"rcc-abebea186fb47a59e07f444bd7284f9d","method":"POST","path":"/api/v1/release-orders","status":201,"duration_ms":59}
    release_flow_authorization_integration_test.go:74: expected HTTP 403, got 201: {"release_type":"STANDARD","table_flows":[{"instance_id":"072cc7b2261ff39dcf3546e9c49b4fe4","table_name":"policy_alpha","release_type":"STANDARD","template_code":"ordinary_release_v1","template_name":"常规发布","template_version":"1","association_version":"1","instantiated_at":"2026-09-11T01:06:22.999593Z","node_list":[{"code":"approval","type":"APPROVAL","name":"按表审批","required_role":"TABLE_APPROVER","state":"PENDING"},{"code":"publication","type":"PUBLICATION","name":"发布","required_role":"PUBLISHER","state":"PENDING"},{"code":"completion","type":"COMPLETION","name":"完结","required_role":"PUBLISHER","state":"PENDING"}]},{"instance_id":"b2353b4e52b4615ba1e33cf6e3e4d848","table_name":"policy_beta","release_type":"STANDARD","template_code":"default_standard_v1","template_name":"默认常规发布","template_version":"1","association_version":"1","instantiated_at":"2026-09-11T01:06:22.999593Z","node_list":[{"code":"approval","type":"APPROVAL","name":"按表审批","required_role":"TABLE_APPROVER","state":"PENDING"},{"code":"publication","type":"PUBLICATION","name":"发布","required_role":"PUBLISHER","state":"PENDING"},{"code":"completion","type":"COMPLETION","name":"完结","required_role":"PUBLISHER","state":"PENDING"}]}],"missing_flow_tables":[],"approvals":[{"table_name":"policy_alpha","roles":[],"state":"PENDING"},{"table_name":"policy_beta","roles":[],"state":"PENDING"}],"approval_context":{"revision":"ee6ae7fb1bc9fafd9413b12c74431c128a2f1a72f3143d2cf19fed907053872a","tables":[{"table_name":"policy_alpha","mode":"ADMIN","reason":"提交时角色没有合格独立成员，由非申请人 ADMIN 默认审批","can_approve":false},{"table_name":"policy_beta","mode":"ADMIN","reason":"提交时角色没有合格独立成员，由非申请人 ADMIN 默认审批","can_approve":false}],"approvable_tables":[]},"table_names":["policy_alpha","policy_beta"],"title":"各表保存流程","executions":[],"id":"636f3f40a322ff03c5966a78d5f84998","applicant_id":"5389ecd0-478c-4c0f-b224-a058bc12c237","state":"DRAFT","version":"1","items":[{"table_name":"policy_alpha","detail_id":"55acd16ec2689fe10cfed51b85b68b7b","operation":"ADD","id":null,"expected_record_version":"","content":{"value":"alpha"},"before":null,"fields":[{"nullable":false,"editable":true,"name":"id","type":"uint64","before_state":"absent","before":null,"proposed_state":"omitted","proposed":null},{"nullable":false,"editable":true,"name":"value","type":"string","before_state":"absent","before":null,"proposed_state":"value","proposed":"alpha"}]},{"table_name":"policy_beta","detail_id":"6ecb9bc92245924300d739f3d1b97554","operation":"ADD","id":null,"expected_record_version":"","content":{"value":"beta"},"before":null,"fields":[{"nullable":false,"editable":true,"name":"id","type":"uint64","before_state":"absent","before":null,"proposed_state":"omitted","proposed":null},{"nullable":true,"editable":true,"name":"value","type":"string","before_state":"absent","before":null,"proposed_state":"value","proposed":"beta"}]}],"history":[{"action":"CREATE","actor_id":"5389ecd0-478c-4c0f-b224-a058bc12c237","at":"2026-09-11T01:06:22.999593Z","version":"1","reason":""}],"created_at":"2026-09-11T01:06:22.999593Z","updated_at":"2026-09-11T01:06:22.999593Z","item_count":2,"operation_counts":{"ADD":2},"allowed_actions":["edit","submit","cancel"]}
=== RUN   TestReleaseFlowCurrentAuthorizationAfterWaitingForMaintenance/copy
{"request_id":"rcc-f5a1bd80eb3984c6772859314f8c3f80","method":"GET","path":"/api/v1/auth/csrf","status":200,"duration_ms":5}
{"request_id":"rcc-d424ce516b93d352bc8bbaab66c879e3","method":"POST","path":"/api/v1/auth/register","status":201,"duration_ms":46}
{"request_id":"rcc-fd443f5b70a35aa8672b08adb7b45f4f","method":"PUT","path":"/api/v1/account-roles/:id","status":200,"duration_ms":8}
{"request_id":"rcc-630b04a69c1c0adb88cb1de6464b6c67","method":"POST","path":"/api/v1/release-orders/:id/copy","status":201,"duration_ms":54}
    release_flow_authorization_integration_test.go:74: expected HTTP 403, got 201: {"release_type":"STANDARD","table_flows":[{"instance_id":"e30503cd04a9e73d78b586b550ffbb91","table_name":"policy_alpha","release_type":"STANDARD","template_code":"ordinary_release_v1","template_name":"常规发布","template_version":"1","association_version":"1","instantiated_at":"2026-09-11T01:06:23.142061Z","node_list":[{"code":"approval","type":"APPROVAL","name":"按表审批","required_role":"TABLE_APPROVER","state":"PENDING"},{"code":"publication","type":"PUBLICATION","name":"发布","required_role":"PUBLISHER","state":"PENDING"},{"code":"completion","type":"COMPLETION","name":"完结","required_role":"PUBLISHER","state":"PENDING"}]},{"instance_id":"831531dd6eb404819b9641fb9c955a35","table_name":"policy_beta","release_type":"STANDARD","template_code":"default_standard_v1","template_name":"默认常规发布","template_version":"1","association_version":"1","instantiated_at":"2026-09-11T01:06:23.142061Z","node_list":[{"code":"approval","type":"APPROVAL","name":"按表审批","required_role":"TABLE_APPROVER","state":"PENDING"},{"code":"publication","type":"PUBLICATION","name":"发布","required_role":"PUBLISHER","state":"PENDING"},{"code":"completion","type":"COMPLETION","name":"完结","required_role":"PUBLISHER","state":"PENDING"}]}],"missing_flow_tables":[],"approvals":[{"table_name":"policy_alpha","roles":[],"state":"PENDING"},{"table_name":"policy_beta","roles":[],"state":"PENDING"}],"approval_context":{"revision":"5137ef77291e182558b624a6dd5dc1800a9c0b7e65204b6e70b68e3a7a78cfc9","tables":[{"table_name":"policy_alpha","mode":"ADMIN","reason":"提交时角色没有合格独立成员，由非申请人 ADMIN 默认审批","can_approve":false},{"table_name":"policy_beta","mode":"ADMIN","reason":"提交时角色没有合格独立成员，由非申请人 ADMIN 默认审批","can_approve":false}],"approvable_tables":[]},"table_names":["policy_alpha","policy_beta"],"title":"各表保存流程","executions":[],"copied_from_id":"7ca474d3cb95f2f14a5388bd3fcaa024","id":"c7f2c93eb6639a1a3da46393b5ab6c35","applicant_id":"ae16a729-1e45-4adf-b0b0-ea9c94f81fc7","state":"DRAFT","version":"1","items":[{"table_name":"policy_alpha","detail_id":"c5d08682861c51a0a1b144ecffcd19ac","operation":"ADD","id":null,"expected_record_version":"","content":{"value":"alpha"},"before":null,"fields":[{"nullable":false,"editable":true,"name":"id","type":"uint64","before_state":"absent","before":null,"proposed_state":"omitted","proposed":null},{"nullable":false,"editable":true,"name":"value","type":"string","before_state":"absent","before":null,"proposed_state":"value","proposed":"alpha"}]},{"table_name":"policy_beta","detail_id":"7d4a0ec11622be1e4443671e92b92c5f","operation":"ADD","id":null,"expected_record_version":"","content":{"value":"beta"},"before":null,"fields":[{"nullable":false,"editable":true,"name":"id","type":"uint64","before_state":"absent","before":null,"proposed_state":"omitted","proposed":null},{"nullable":true,"editable":true,"name":"value","type":"string","before_state":"absent","before":null,"proposed_state":"value","proposed":"beta"}]}],"history":[{"related_order_id":"7ca474d3cb95f2f14a5388bd3fcaa024","action":"COPY","actor_id":"ae16a729-1e45-4adf-b0b0-ea9c94f81fc7","at":"2026-09-11T01:06:23.142061Z","version":"1","reason":""}],"created_at":"2026-09-11T01:06:23.142061Z","updated_at":"2026-09-11T01:06:23.142061Z","item_count":2,"operation_counts":{"ADD":2},"allowed_actions":["edit","submit","cancel"]}
=== RUN   TestReleaseFlowCurrentAuthorizationAfterWaitingForMaintenance/replay
{"request_id":"rcc-6b13f2cb3dc4b6126ea4684203c01db2","method":"GET","path":"/api/v1/auth/csrf","status":200,"duration_ms":5}
{"request_id":"rcc-00e871d1894e812790e9fa36747f49e6","method":"POST","path":"/api/v1/auth/register","status":201,"duration_ms":44}
{"request_id":"rcc-a5549186e5b9d163ea53415461d9c6ff","method":"PUT","path":"/api/v1/account-roles/:id","status":200,"duration_ms":9}
{"request_id":"rcc-78215d9dd4c12829b3cdb032824e1e10","method":"POST","path":"/api/v1/release-orders","status":201,"duration_ms":31}
{"request_id":"rcc-7275bd598740b2dcb05d5d6590ad4fec","method":"POST","path":"/api/v1/release-orders","status":201,"duration_ms":24}
    release_flow_authorization_integration_test.go:74: expected HTTP 403, got 201: {"release_type":"STANDARD","table_flows":[{"instance_id":"360a9032ef51f0d30a1842a4bc7899bd","table_name":"policy_alpha","release_type":"STANDARD","template_code":"ordinary_release_v1","template_name":"常规发布","template_version":"1","association_version":"1","instantiated_at":"2026-09-11T01:06:23.24087Z","node_list":[{"code":"approval","type":"APPROVAL","name":"按表审批","required_role":"TABLE_APPROVER","state":"PENDING"},{"code":"publication","type":"PUBLICATION","name":"发布","required_role":"PUBLISHER","state":"PENDING"},{"code":"completion","type":"COMPLETION","name":"完结","required_role":"PUBLISHER","state":"PENDING"}]},{"instance_id":"451b4ed3e8e3c31aea4cc3ce7d7f565d","table_name":"policy_beta","release_type":"STANDARD","template_code":"default_standard_v1","template_name":"默认常规发布","template_version":"1","association_version":"1","instantiated_at":"2026-09-11T01:06:23.24087Z","node_list":[{"code":"approval","type":"APPROVAL","name":"按表审批","required_role":"TABLE_APPROVER","state":"PENDING"},{"code":"publication","type":"PUBLICATION","name":"发布","required_role":"PUBLISHER","state":"PENDING"},{"code":"completion","type":"COMPLETION","name":"完结","required_role":"PUBLISHER","state":"PENDING"}]}],"missing_flow_tables":[],"approvals":[{"table_name":"policy_alpha","roles":[],"state":"PENDING"},{"table_name":"policy_beta","roles":[],"state":"PENDING"}],"approval_context":{"revision":"3e0476791f68659acdc75379a1c45166bc1fe4b3ffc53d1fef53f39c2aef8a50","tables":[{"table_name":"policy_alpha","mode":"ADMIN","reason":"提交时角色没有合格独立成员，由非申请人 ADMIN 默认审批","can_approve":false},{"table_name":"policy_beta","mode":"ADMIN","reason":"提交时角色没有合格独立成员，由非申请人 ADMIN 默认审批","can_approve":false}],"approvable_tables":[]},"table_names":["policy_alpha","policy_beta"],"title":"各表保存流程","executions":[],"id":"6d474d4dfe9d0e36cafa2dc8bdee5064","applicant_id":"2cde6079-3929-4eab-9cd6-aaec8acbf8a0","state":"DRAFT","version":"1","items":[{"table_name":"policy_alpha","detail_id":"ab13816c9d9b96396f19d2e65cd4015a","operation":"ADD","id":null,"expected_record_version":"","content":{"value":"alpha"},"before":null,"fields":[{"nullable":false,"editable":true,"name":"id","type":"uint64","before_state":"absent","before":null,"proposed_state":"omitted","proposed":null},{"nullable":false,"editable":true,"name":"value","type":"string","before_state":"absent","before":null,"proposed_state":"value","proposed":"alpha"}]},{"table_name":"policy_beta","detail_id":"92dbc5a3c6e29f8062c673c4cf184ffc","operation":"ADD","id":null,"expected_record_version":"","content":{"value":"beta"},"before":null,"fields":[{"nullable":false,"editable":true,"name":"id","type":"uint64","before_state":"absent","before":null,"proposed_state":"omitted","proposed":null},{"nullable":true,"editable":true,"name":"value","type":"string","before_state":"absent","before":null,"proposed_state":"value","proposed":"beta"}]}],"history":[{"action":"CREATE","actor_id":"2cde6079-3929-4eab-9cd6-aaec8acbf8a0","at":"2026-09-11T01:06:23.24087Z","version":"1","reason":""}],"created_at":"2026-09-11T01:06:23.24087Z","updated_at":"2026-09-11T01:06:23.24087Z","item_count":2,"operation_counts":{"ADD":2},"allowed_actions":["edit","submit","cancel"]}
2026/09/11 09:06:22 🐳 Stopping container: 12edf08be0e3
2026/09/11 09:06:24 ✅ Container stopped: 12edf08be0e3
2026/09/11 09:06:24 🐳 Terminating container: 12edf08be0e3
2026/09/11 09:06:24 🚫 Container terminated: 12edf08be0e3
--- FAIL: TestReleaseFlowCurrentAuthorizationAfterWaitingForMaintenance (10.91s)
    --- FAIL: TestReleaseFlowCurrentAuthorizationAfterWaitingForMaintenance/create (0.89s)
    --- FAIL: TestReleaseFlowCurrentAuthorizationAfterWaitingForMaintenance/copy (0.14s)
    --- FAIL: TestReleaseFlowCurrentAuthorizationAfterWaitingForMaintenance/replay (0.15s)
FAIL
FAIL	github.com/asherzj/relational-config-center/admin/cmd/admin	12.066s
FAIL
