=== RUN   TestReleaseFlowCurrentAuthorizationAfterWaitingForMaintenance
2026/09/11 09:07:42 github.com/testcontainers/testcontainers-go - Connected to docker: 
  Server Version: 29.5.2
  API Version: 1.54
  Operating System: Ubuntu 24.04.4 LTS
  Total Memory: 3904 MB
  Testcontainers for Go Version: v0.44.0
  Resolved Docker Host: unix:///Users/asher/.colima/default/docker.sock
  Resolved Docker Socket Path: /Users/asher/.colima/default/docker.sock
  Test SessionID: 2e3b7cff68af203e84c9d40b1153af775f940f8741d181eab656aaed9c5a83de
  Test ProcessID: 944f2b34-7dd0-43a4-9f22-ae579196377b
2026/09/11 09:07:42 🐳 Creating container for image mysql:8.4
2026/09/11 09:07:42 ✅ Container created: 74bcd1627cd1
2026/09/11 09:07:42 🐳 Starting container: 74bcd1627cd1
2026/09/11 09:07:42 ✅ Container started: 74bcd1627cd1
2026/09/11 09:07:42 ⏳ Waiting for container id 74bcd1627cd1 image: mysql:8.4. Waiting for: all of: [log message "port: 3306  MySQL Community Server"]
2026/09/11 09:07:49 🔔 Container is ready: 74bcd1627cd1
{"request_id":"rcc-dc9552d379b32251f5b2089744ff4750","method":"GET","path":"/api/v1/auth/csrf","status":200,"duration_ms":7}
{"request_id":"rcc-b0a0d34c37456004e3b32d6e98700951","method":"POST","path":"/api/v1/auth/register","status":201,"duration_ms":44}
{"request_id":"rcc-7dfc7a400e65cd3a514bd620fd316f9d","method":"GET","path":"/api/v1/auth/csrf","status":200,"duration_ms":4}
{"request_id":"rcc-305def4ee8d398f87a255cc3287da294","method":"POST","path":"/api/v1/auth/login","status":200,"duration_ms":54}
{"request_id":"rcc-5f1997a531edbc3436fad73242d8a861","method":"POST","path":"/api/v1/query-policies","status":201,"duration_ms":4}
{"request_id":"rcc-69f6ec04826958222c5476951a0fb340","method":"POST","path":"/api/v1/query-policies/:code/activate","status":200,"duration_ms":4}
{"request_id":"rcc-c6e290e012e04473fa9baffd39cb83dc","method":"POST","path":"/api/v1/mutation-policies","status":201,"duration_ms":2}
{"request_id":"rcc-6f8de2152647594f19b0a561f4ca0328","method":"POST","path":"/api/v1/mutation-policies/:code/activate","status":200,"duration_ms":5}
{"request_id":"rcc-1d072a2eb6c9eb27942b455f0d28ea97","method":"POST","path":"/api/v1/table-policies","status":201,"duration_ms":15}
{"request_id":"rcc-9130b42573072ee777051959eb6a2038","method":"POST","path":"/api/v1/table-policies/:table_name/enable","status":200,"duration_ms":13}
{"request_id":"rcc-85d53fe2e24e2d13f46aa010ba2cf2d7","method":"POST","path":"/api/v1/table-policies","status":201,"duration_ms":14}
{"request_id":"rcc-5787b88385dc58bc564e37706f3c93cb","method":"POST","path":"/api/v1/table-policies/:table_name/enable","status":200,"duration_ms":14}
{"request_id":"rcc-0153c9be7834d66b4f2d24b35c1c6acb","method":"POST","path":"/api/v1/release-templates","status":201,"duration_ms":5}
{"request_id":"rcc-a5554ee7eeab65a49b09a643b638530d","method":"GET","path":"/api/v1/table-policies/:table_name/release-templates","status":200,"duration_ms":2}
{"request_id":"rcc-42d6402e18a39e58dbe3b34c78ba0aa8","method":"PUT","path":"/api/v1/table-policies/:table_name/release-templates/:release_type","status":200,"duration_ms":8}
{"request_id":"rcc-cd75ac705f57ad8d9de27e0f10c31586","method":"GET","path":"/api/v1/table-policies/:table_name/release-templates","status":200,"duration_ms":2}
{"request_id":"rcc-f6bd67cf4add51e1cd7f643d5dac2403","method":"PUT","path":"/api/v1/table-policies/:table_name/release-templates/:release_type","status":200,"duration_ms":8}
{"request_id":"rcc-0275617a73c440080516f20083f6ace4","method":"POST","path":"/api/v1/release-orders","status":201,"duration_ms":34}
{"request_id":"rcc-eeab4bed31b843fcdeafdfae2e77edbd","method":"POST","path":"/api/v1/release-orders/:id/cancel","status":200,"duration_ms":17}
=== RUN   TestReleaseFlowCurrentAuthorizationAfterWaitingForMaintenance/create
{"request_id":"rcc-b5e31a2f2110e718ddecdea43676bbbc","method":"GET","path":"/api/v1/auth/csrf","status":200,"duration_ms":5}
{"request_id":"rcc-8b2ec54a3a31c61bf5b604f682827f02","method":"POST","path":"/api/v1/auth/register","status":201,"duration_ms":44}
{"request_id":"rcc-2efee6cd550cf17c170280b421cb3bdc","method":"PUT","path":"/api/v1/account-roles/:id","status":200,"duration_ms":9}
{"request_id":"rcc-994057ee99fb2e975e093af44e4ab120","method":"POST","path":"/api/v1/release-orders","status":403,"duration_ms":21}
{"request_id":"rcc-758879bffb406feebbfae783216a78b9","method":"POST","path":"/api/v1/release-orders","status":401,"duration_ms":1}
{"request_id":"rcc-79586cb9fd1cd23cf55e8691810cae74","method":"GET","path":"/api/v1/release-orders","status":200,"duration_ms":1}
=== RUN   TestReleaseFlowCurrentAuthorizationAfterWaitingForMaintenance/copy
{"request_id":"rcc-d394ff21a7177055413fdbc1f1eb41b1","method":"GET","path":"/api/v1/auth/csrf","status":200,"duration_ms":6}
{"request_id":"rcc-f43fa9cd9fe5c85f5b378e74ddb98148","method":"POST","path":"/api/v1/auth/register","status":201,"duration_ms":44}
{"request_id":"rcc-4a74e1285b58741bcb7fa3f3dec2eda5","method":"PUT","path":"/api/v1/account-roles/:id","status":200,"duration_ms":8}
{"request_id":"rcc-1ab7d4f3ab4ca29d95c21608f041c338","method":"POST","path":"/api/v1/release-orders/:id/copy","status":403,"duration_ms":18}
{"request_id":"rcc-5072582433d63a7160c3cf38668fddae","method":"POST","path":"/api/v1/release-orders/:id/copy","status":401,"duration_ms":0}
{"request_id":"rcc-f2537524a7da307ac7380df6355d61fe","method":"GET","path":"/api/v1/release-orders","status":200,"duration_ms":1}
=== RUN   TestReleaseFlowCurrentAuthorizationAfterWaitingForMaintenance/replay
{"request_id":"rcc-6378326f861f5bad70980857c2805327","method":"GET","path":"/api/v1/auth/csrf","status":200,"duration_ms":5}
{"request_id":"rcc-c15b0d5a53d8d5046590465f1384be2f","method":"POST","path":"/api/v1/auth/register","status":201,"duration_ms":44}
{"request_id":"rcc-96718615f1a3720c4f8d3e8ea6047823","method":"PUT","path":"/api/v1/account-roles/:id","status":200,"duration_ms":9}
{"request_id":"rcc-85211154ce3f67e6dc71be03df0b1562","method":"POST","path":"/api/v1/release-orders","status":201,"duration_ms":33}
{"request_id":"rcc-45afe5947e397b988440c9125eb49cc4","method":"POST","path":"/api/v1/release-orders","status":403,"duration_ms":17}
{"request_id":"rcc-ce8c5e6bfad50d1492a37ab1d16c0e08","method":"POST","path":"/api/v1/release-orders","status":401,"duration_ms":0}
{"request_id":"rcc-75a5a254343f651f1fe7fe2b7a7bda7c","method":"GET","path":"/api/v1/release-orders","status":200,"duration_ms":4}
2026/09/11 09:07:52 🐳 Stopping container: 74bcd1627cd1
2026/09/11 09:07:54 ✅ Container stopped: 74bcd1627cd1
2026/09/11 09:07:54 🐳 Terminating container: 74bcd1627cd1
2026/09/11 09:07:54 🚫 Container terminated: 74bcd1627cd1
--- PASS: TestReleaseFlowCurrentAuthorizationAfterWaitingForMaintenance (11.68s)
    --- PASS: TestReleaseFlowCurrentAuthorizationAfterWaitingForMaintenance/create (0.82s)
    --- PASS: TestReleaseFlowCurrentAuthorizationAfterWaitingForMaintenance/copy (0.11s)
    --- PASS: TestReleaseFlowCurrentAuthorizationAfterWaitingForMaintenance/replay (0.16s)
PASS
ok  	github.com/asherzj/relational-config-center/admin/cmd/admin	12.809s
