COMMAND ["go", "test", "-tags", "integration", "-run", "^(TestReleaseHistorySurvivesExecutableRestartAndExternalChanges)$", "-count=1", "-parallel=1", "-p=1", "-timeout=5m", "-json", "./cmd/admin"]
ENV {"TESTCONTAINERS_RYUK_DISABLED": "true", "DOCKER_HOST": "unix:///Users/asher/.colima/default/docker.sock", "GOCACHE": "/private/tmp/rcc-go-cache"}
=== RUN   TestReleaseHistorySurvivesExecutableRestartAndExternalChanges
2026/09/11 08:29:54 github.com/testcontainers/testcontainers-go - Connected to docker: 
  Server Version: 29.5.2
  API Version: 1.54
  Operating System: Ubuntu 24.04.4 LTS
  Total Memory: 3904 MB
  Testcontainers for Go Version: v0.44.0
  Resolved Docker Host: unix:///Users/asher/.colima/default/docker.sock
  Resolved Docker Socket Path: /Users/asher/.colima/default/docker.sock
  Test SessionID: 87d9e319cb1965fe9524fa180a2d7ccacdc024e44e5e3a77cc16c9872b2656be
  Test ProcessID: 774dffd0-b0b4-455c-b905-8e62d78a310e
2026/09/11 08:29:54 🐳 Creating container for image mysql:8.4
2026/09/11 08:29:54 ✅ Container created: d77a753fe026
2026/09/11 08:29:54 🐳 Starting container: d77a753fe026
2026/09/11 08:29:54 ✅ Container started: d77a753fe026
2026/09/11 08:29:54 ⏳ Waiting for container id d77a753fe026 image: mysql:8.4. Waiting for: all of: [log message "port: 3306  MySQL Community Server"]
2026/09/11 08:30:00 🔔 Container is ready: d77a753fe026
2026/09/11 08:30:06 🐳 Stopping container: d77a753fe026
2026/09/11 08:30:08 ✅ Container stopped: d77a753fe026
2026/09/11 08:30:08 🐳 Terminating container: d77a753fe026
2026/09/11 08:30:08 🚫 Container terminated: d77a753fe026
--- PASS: TestReleaseHistorySurvivesExecutableRestartAndExternalChanges (13.71s)
PASS
ok  	github.com/asherzj/relational-config-center/admin/cmd/admin	14.934s

exit_code=0
