{"request_id":"rcc-11fd09820e7ae9828cdd16ef91495ce1","method":"GET","path":"/api/v1/auth/csrf","status":200,"duration_ms":7}
{"request_id":"rcc-862d02300ef38750fa70e10dbe2f7a13","method":"POST","path":"/api/v1/auth/register","status":201,"duration_ms":49}
{"request_id":"rcc-3eb3e1fc11d8ed614db3e282a369871b","method":"GET","path":"/api/v1/auth/session","status":200,"duration_ms":1}
{"request_id":"rcc-33d6b8a143a2510210a1de4bfdbe10fb","method":"GET","path":"/api/v1/account-roles","status":200,"duration_ms":1}
{"request_id":"rcc-8c941ded87599319d15835083b480824","method":"GET","path":"/api/v1/auth/session","status":200,"duration_ms":0}
{"request_id":"rcc-22b1eb452983445dc6eeb5da9f926387","method":"GET","path":"/api/v1/table-policies","status":200,"duration_ms":1}
{"request_id":"rcc-9a10c5265938e774ab9c2d2433430533","method":"GET","path":"/api/v1/auth/session","status":200,"duration_ms":1}
{"request_id":"rcc-04074ffe3822a5cd041efe51b0e18611","method":"GET","path":"/api/v1/release-templates","status":200,"duration_ms":1}
{"request_id":"rcc-ee86db4824ab47955ae8eeea272925b8","method":"GET","path":"/api/v1/auth/session","status":200,"duration_ms":1}
{"request_id":"rcc-80d1ba1a5606b3f810ae5b774c99c256","method":"GET","path":"/api/v1/table-policies","status":200,"duration_ms":1}
{"request_id":"rcc-4b62ce9d330ac9743d6da5ca433dc451","method":"GET","path":"/api/v1/auth/session","status":200,"duration_ms":1}
{"request_id":"rcc-9cfb9eaa47ccf5a29648bc155dec506d","method":"GET","path":"/api/v1/table-policies/:table_name/release-templates","status":200,"duration_ms":3}
{"request_id":"rcc-d985d38b9dedaaef12b59cc120b1b4af","method":"GET","path":"/api/v1/auth/session","status":200,"duration_ms":1}
{"request_id":"rcc-6f55e10c3397d954c60a5634def29989","method":"PUT","path":"/api/v1/table-policies/:table_name/release-templates/:release_type","status":200,"duration_ms":9}
{"request_id":"rcc-970c44b6e2204a2c89a355fe7cb94ee5","method":"GET","path":"/api/v1/auth/session","status":200,"duration_ms":1}
{"request_id":"rcc-ca3ca72554cd7974732a26a75a5fb48d","method":"PUT","path":"/api/v1/table-policies/:table_name/release-templates/:release_type","status":200,"duration_ms":8}
{"request_id":"rcc-9bef2d37ba6d9e7b6e54e1c994ec25a7","method":"GET","path":"/api/v1/auth/session","status":200,"duration_ms":0}
{"request_id":"rcc-c068a947821ee065ce1a9f500cd6ee55","method":"GET","path":"/api/v1/table-policies/:table_name/release-templates","status":200,"duration_ms":2}
{"request_id":"rcc-ba4840ac64a5d01c88ac3e0d3cc833bf","method":"GET","path":"/api/v1/auth/session","status":200,"duration_ms":0}
{"request_id":"rcc-f9e9401065827741dfd9c9885298207b","method":"PUT","path":"/api/v1/table-policies/:table_name/release-templates/:release_type","status":200,"duration_ms":13}
{"request_id":"rcc-a7aa65f2a8cec31879eee29a90028956","method":"GET","path":"/api/v1/auth/session","status":200,"duration_ms":1}
{"request_id":"rcc-4599ef12dc8a17925f0bfbb5043aa887","method":"PUT","path":"/api/v1/table-policies/:table_name/release-templates/:release_type","status":200,"duration_ms":7}
{"request_id":"rcc-a4268e5c77f3b69eeae393fb3c43bb27","method":"GET","path":"/api/v1/auth/session","status":200,"duration_ms":0}
{"request_id":"rcc-6b9726a00f4c35234fa76d2ac646b452","method":"GET","path":"/api/v1/table-policies/:table_name/release-templates","status":200,"duration_ms":2}
{"request_id":"rcc-1d6a02b0a36c40bd21f384c9ffe49a5f","method":"GET","path":"/api/v1/auth/session","status":200,"duration_ms":2}
{"request_id":"rcc-202cee3dd69ca4505672024898920fa9","method":"PUT","path":"/api/v1/table-policies/:table_name/release-templates/:release_type","status":200,"duration_ms":9}
{"request_id":"rcc-8f4476c92f951237cb84eadb99c0c705","method":"GET","path":"/api/v1/auth/session","status":200,"duration_ms":1}
{"request_id":"rcc-a06ffb974029457ba590c11afdad0ae6","method":"PUT","path":"/api/v1/table-policies/:table_name/release-templates/:release_type","status":200,"duration_ms":12}
{"request_id":"rcc-4ad770738414c2701148b40ff025fa66","method":"GET","path":"/api/v1/auth/session","status":200,"duration_ms":0}
{"request_id":"rcc-70d4ea912284f26cff8aece835eff9d2","method":"GET","path":"/api/v1/table-policies/:table_name/release-templates","status":200,"duration_ms":2}
{"request_id":"rcc-9e94a7c1efab0919fd3f1561b6c0c4d4","method":"GET","path":"/api/v1/auth/session","status":200,"duration_ms":0}
{"request_id":"rcc-844777facc91f6a09ebc6ce71eb4cd40","method":"PUT","path":"/api/v1/table-policies/:table_name/release-templates/:release_type","status":200,"duration_ms":7}
{"request_id":"rcc-fcb2685e94dad8c41f9336f87fdf5dd0","method":"GET","path":"/api/v1/auth/session","status":200,"duration_ms":0}
{"request_id":"rcc-690447f1c2810d5a2f24f13725a6e8e8","method":"PUT","path":"/api/v1/table-policies/:table_name/release-templates/:release_type","status":200,"duration_ms":7}
{"request_id":"rcc-182056ea52680ac4ac402b76500883f9","method":"GET","path":"/api/v1/auth/session","status":200,"duration_ms":0}
{"request_id":"rcc-6b58c90615923a4b2e8c05f7fe76cff3","method":"GET","path":"/api/v1/table-policies/:table_name/release-templates","status":200,"duration_ms":2}
{"request_id":"rcc-7169af8fc862627e7d5d2cf677fb5386","method":"GET","path":"/api/v1/auth/session","status":200,"duration_ms":0}
{"request_id":"rcc-ad1239d8ffa68114adb05a62a7b7e854","method":"PUT","path":"/api/v1/table-policies/:table_name/release-templates/:release_type","status":200,"duration_ms":7}
{"request_id":"rcc-04732a1871ccb2ebf5b3919907e071b1","method":"GET","path":"/api/v1/auth/session","status":200,"duration_ms":0}
{"request_id":"rcc-4d4dbab5ca6c1fa55a477b98bb646655","method":"PUT","path":"/api/v1/table-policies/:table_name/release-templates/:release_type","status":200,"duration_ms":14}
