2026-09-12T09:10:54.496Z pw:browser <launching> /home/runner/.cache/ms-playwright/webkit-2359/pw_run.sh --inspector-pipe --headless --user-data-dir=/home/runner/work/_temp/rcc-accounts-webkit-browser/release-workflow/recovery-webkit/iteration-12/account-browser-profile-L10Kmi about:blank
2026-09-12T09:10:54.501Z pw:browser <launched> pid=11767
2026-09-12T09:10:55.421Z pw:browser [pid=11767][err] 
2026-09-12T09:10:55.421Z pw:browser [pid=11767][err] ** (MiniBrowser:11776): CRITICAL **: 09:10:55.420: WebKitWebView is-controlled-by-automation set but automation is not allowed in the context, falling back to default session.
2026-09-12T09:11:00.230Z pw:browser <launching> /home/runner/.cache/ms-playwright/webkit-2359/pw_run.sh --inspector-pipe --headless --no-startup-window
2026-09-12T09:11:00.232Z pw:browser <launched> pid=11882
2026-09-12T09:11:00.712Z pw:browser [pid=11882][err] 
2026-09-12T09:11:00.712Z pw:browser [pid=11882][err] ** (MiniBrowser:11891): CRITICAL **: 09:11:00.711: WebKitWebView is-controlled-by-automation set but automation is not allowed in the context, falling back to default session.
2026-09-12T09:11:01.671Z pw:browser [pid=11767] <gracefully close start>
2026-09-12T09:11:01.778Z pw:browser [pid=11767] <process did exit: exitCode=0, signal=null>
2026-09-12T09:11:01.778Z pw:browser [pid=11767] starting temporary directories cleanup
2026-09-12T09:11:01.780Z pw:browser [pid=11767] finished temporary directories cleanup
2026-09-12T09:11:01.780Z pw:browser [pid=11767] <gracefully close end>
2026-09-12T09:11:01.781Z pw:browser <launching> /home/runner/.cache/ms-playwright/webkit-2359/pw_run.sh --inspector-pipe --headless --user-data-dir=/home/runner/work/_temp/rcc-accounts-webkit-browser/release-workflow/recovery-webkit/iteration-12/account-browser-profile-L10Kmi about:blank
2026-09-12T09:11:01.783Z pw:browser <launched> pid=11952
2026-09-12T09:11:02.663Z pw:browser [pid=11952][err] 
2026-09-12T09:11:02.664Z pw:browser [pid=11952][err] ** (MiniBrowser:11961): CRITICAL **: 09:11:02.663: WebKitWebView is-controlled-by-automation set but automation is not allowed in the context, falling back to default session.
{"run_suffix":"a1770021a87c","account_id":"8dbdddd6-bc5a-45b3-8679-ee888ee9602b","username":"browser.user.a1770021a87c","member_username":"roles.member.a1770021a87c","template_key":"browser_system_a1770021a87c","checks":["record version conflict preserves input","explicit latest read and baseline rebuild","registration defaults VIEWER","maintenance ADMIN bootstrap","UI combination grant","390px role catalog and drawer","role history with permanent actor","original member session refresh","refresh","reopen","dirty navigation protection","same-account Change Set recovery after session loss","hidden drawer keyboard isolation","draft submit independent approval and publisher execution","unknown execute result reload and original-key recovery","final row defaults and permanent actor fields","refresh notification remains NOT_CONNECTED","no direct record write request","HTTP Cookie","storage/URL secrecy","logout rejection"]}2026-09-12T09:11:30.010Z pw:browser [pid=11882] <gracefully close start>
2026-09-12T09:11:30.109Z pw:browser [pid=11882] <process did exit: exitCode=0, signal=null>
2026-09-12T09:11:30.109Z pw:browser [pid=11882] starting temporary directories cleanup
2026-09-12T09:11:30.110Z pw:browser [pid=11882] finished temporary directories cleanup
2026-09-12T09:11:30.110Z pw:browser [pid=11882] <gracefully close end>
2026-09-12T09:11:30.112Z pw:browser [pid=11952] <gracefully close start>
2026-09-12T09:11:30.210Z pw:browser [pid=11952] <process did exit: exitCode=0, signal=null>
2026-09-12T09:11:30.210Z pw:browser [pid=11952] starting temporary directories cleanup
2026-09-12T09:11:30.210Z pw:browser [pid=11952] finished temporary directories cleanup
2026-09-12T09:11:30.211Z pw:browser [pid=11952] <gracefully close end>
