{"request_id":"rcc-8b922c0c57e35a11b1cb28e874620c33","method":"GET","path":"/api/v1/auth/csrf","status":200,"duration_ms":9}
{"request_id":"rcc-1954073b6e5ad19be4bdd07eec0d1cfc","method":"POST","path":"/api/v1/auth/register","status":201,"duration_ms":44}
{"request_id":"rcc-079af8fa8a8a1eeca72670915f5ee708","method":"GET","path":"/api/v1/auth/session","status":200,"duration_ms":1}
{"request_id":"rcc-05aa7390be123865a684a4e4cfe4247e","method":"GET","path":"/api/v1/account-roles","status":200,"duration_ms":1}
{"request_id":"rcc-2095b81b77047a76b0a39eadfab49497","method":"GET","path":"/api/v1/auth/session","status":200,"duration_ms":1}
{"request_id":"rcc-e69302425cdb1f8b1da0488211093966","method":"GET","path":"/api/v1/table-policies","status":200,"duration_ms":2}
{"request_id":"rcc-1c397ba0303b15c4413f84c5895e5ed0","method":"GET","path":"/api/v1/auth/session","status":200,"duration_ms":1}
{"request_id":"rcc-9fb0e33013c6dc82552e23d37bb3772e","method":"GET","path":"/api/v1/table-policies","status":200,"duration_ms":1}
{"request_id":"rcc-a86d3df281bad356b5fa27a6fabf46da","method":"GET","path":"/api/v1/auth/session","status":200,"duration_ms":1}
{"request_id":"rcc-c4198675a8aad3e05261724233356ed6","method":"GET","path":"/api/v1/release-templates","status":200,"duration_ms":2}
{"request_id":"rcc-35174edde55e8217cc39c344529be757","method":"GET","path":"/api/v1/auth/session","status":200,"duration_ms":1}
{"request_id":"rcc-3b8cf3e102801dff63bec562e36ce75c","method":"GET","path":"/api/v1/table-policies","status":200,"duration_ms":1}
{"request_id":"rcc-801e15fef58b2e3d06c098ea19bd0514","method":"GET","path":"/api/v1/auth/session","status":200,"duration_ms":1}
{"request_id":"rcc-6fb8f74cce78ccbbd038f36cc7752651","method":"GET","path":"/api/v1/table-policies/:table_name/release-templates","status":200,"duration_ms":3}
{"request_id":"rcc-c1fb2e877ca9a3375eaa86bac95fef95","method":"GET","path":"/api/v1/auth/session","status":200,"duration_ms":1}
{"request_id":"rcc-fcf4c12fdaef96a9a923d2b40acc773d","method":"PUT","path":"/api/v1/table-policies/:table_name/release-templates/:release_type","status":200,"duration_ms":10}
{"request_id":"rcc-36e1b90513cd42722a5abb5b926e2ac2","method":"GET","path":"/api/v1/auth/session","status":200,"duration_ms":0}
{"request_id":"rcc-659ee33b3a6ecda8b89230a2ebb5b49e","method":"PUT","path":"/api/v1/table-policies/:table_name/release-templates/:release_type","status":200,"duration_ms":8}
{"request_id":"rcc-f1ec50aabccb3e500ba7f03e7751aabd","method":"GET","path":"/api/v1/auth/session","status":200,"duration_ms":0}
{"request_id":"rcc-c2271a62d64be8f1d624c9bf340b2200","method":"GET","path":"/api/v1/table-policies/:table_name/release-templates","status":200,"duration_ms":2}
{"request_id":"rcc-4b678f5fdcbe7d22efd2f54148ec688b","method":"GET","path":"/api/v1/auth/session","status":200,"duration_ms":0}
{"request_id":"rcc-3cc1776efc0d1b14697395937e783d0a","method":"PUT","path":"/api/v1/table-policies/:table_name/release-templates/:release_type","status":200,"duration_ms":7}
{"request_id":"rcc-3990f5b852d5145d1f0858df333e261a","method":"GET","path":"/api/v1/auth/session","status":200,"duration_ms":0}
{"request_id":"rcc-24dafea7da2d4d654956b31b852c2662","method":"PUT","path":"/api/v1/table-policies/:table_name/release-templates/:release_type","status":200,"duration_ms":7}
{"request_id":"rcc-352c5606f375cfbd8b901e80adc9d119","method":"GET","path":"/api/v1/auth/session","status":200,"duration_ms":1}
{"request_id":"rcc-c11f27915ef3720dc11361629ff41f21","method":"GET","path":"/api/v1/table-policies/:table_name/release-templates","status":200,"duration_ms":4}
{"request_id":"rcc-007d8cdaa3947b41587500c5b8854b4e","method":"GET","path":"/api/v1/auth/session","status":200,"duration_ms":1}
{"request_id":"rcc-e3a160454895a24cd8225ee3e816958a","method":"PUT","path":"/api/v1/table-policies/:table_name/release-templates/:release_type","status":200,"duration_ms":10}
{"request_id":"rcc-067ded0eb0fb6eefe6591f1dc9b777d8","method":"GET","path":"/api/v1/auth/session","status":200,"duration_ms":1}
{"request_id":"rcc-20b387a988f8da456a5d6a800e7e9d3f","method":"PUT","path":"/api/v1/table-policies/:table_name/release-templates/:release_type","status":200,"duration_ms":7}
{"request_id":"rcc-ec00687d9aba5712d18dd63f6149b6a2","method":"GET","path":"/api/v1/auth/session","status":200,"duration_ms":0}
{"request_id":"rcc-1679d3134df4f7d09e46a9a3eb6145fc","method":"GET","path":"/api/v1/table-policies/:table_name/release-templates","status":200,"duration_ms":2}
{"request_id":"rcc-9b43a9fd695a4878e6b90810c125ef3a","method":"GET","path":"/api/v1/auth/session","status":200,"duration_ms":0}
{"request_id":"rcc-3b47fe8460000eb8860f23590066b038","method":"PUT","path":"/api/v1/table-policies/:table_name/release-templates/:release_type","status":200,"duration_ms":7}
{"request_id":"rcc-7b9b2ff58ad6ede139951c761a191785","method":"GET","path":"/api/v1/auth/session","status":200,"duration_ms":0}
{"request_id":"rcc-2df150a09c0dd876e6cc2b49d370fcf0","method":"PUT","path":"/api/v1/table-policies/:table_name/release-templates/:release_type","status":200,"duration_ms":8}
{"request_id":"rcc-cd6d96b226ec09b70044f4776962e168","method":"GET","path":"/api/v1/auth/session","status":200,"duration_ms":0}
{"request_id":"rcc-f6e987203e2e55808e54a00950e4480f","method":"GET","path":"/api/v1/table-policies/:table_name/release-templates","status":200,"duration_ms":2}
{"request_id":"rcc-106e1fa06eb34a583a5a547bc49486bd","method":"GET","path":"/api/v1/auth/session","status":200,"duration_ms":0}
{"request_id":"rcc-0826e7589b86ea28206051ed18dce290","method":"PUT","path":"/api/v1/table-policies/:table_name/release-templates/:release_type","status":200,"duration_ms":7}
{"request_id":"rcc-6ec642a20bad4b38ef3bceface82864d","method":"GET","path":"/api/v1/auth/session","status":200,"duration_ms":1}
{"request_id":"rcc-d3b494b3e44186846b51cd3097aca74d","method":"PUT","path":"/api/v1/table-policies/:table_name/release-templates/:release_type","status":200,"duration_ms":8}
