{"request_id":"rcc-ac5f154fc493036619db70dd50b195a8","method":"GET","path":"/api/v1/query-policies","status":401,"duration_ms":0}
{"request_id":"rcc-77854bc307fdff8de6520f7aa7fa8901","method":"GET","path":"/api/v1/query-policies","status":401,"duration_ms":0}
{"request_id":"rcc-f17c225407cdc4bb43f8d2df2e910187","method":"GET","path":"/api/v1/query-policies","status":401,"duration_ms":0}
{"request_id":"rcc-ac725019c81c38a1872f668f3d79a49f","method":"GET","path":"/api/v1/auth/csrf","status":200,"duration_ms":9}
{"request_id":"rcc-55a5eeb6246a07c4feb003f28ea24a2c","method":"POST","path":"/api/v1/auth/register","status":201,"duration_ms":44}
{"request_id":"rcc-2c6f0b420eb504d56193967c934f12d8","method":"GET","path":"/api/v1/auth/session","status":200,"duration_ms":1}
{"request_id":"rcc-bf471a1c0c8967df7a4b8fbbe672c9cf","method":"GET","path":"/api/v1/account-roles","status":200,"duration_ms":1}
{"request_id":"rcc-88206dfc0af66881df1090fe93a75f56","method":"GET","path":"/api/v1/query-policies","status":200,"duration_ms":1}
{"request_id":"rcc-e9dc5931042357de530b981debf2fc0f","method":"POST","path":"/api/v1/tables/:table_name/query","status":403,"duration_ms":0}
{"request_id":"rcc-03981871f344f261edf17dcd4dc189af","method":"GET","path":"/api/v1/auth/session","status":200,"duration_ms":1}
{"request_id":"rcc-4b5452f28c8ccd1c0d2e0c35b92b7fa2","method":"POST","path":"/api/v1/tables/:table_name/query","status":200,"duration_ms":31}
{"request_id":"rcc-716d3039c49f1b970bfb2669b4d84e4e","method":"GET","path":"/api/v1/auth/session","status":200,"duration_ms":1}
{"request_id":"rcc-cd941ce8d96a58bcf350b5265b4a707e","method":"POST","path":"/api/v1/auth/logout","status":204,"duration_ms":3}
{"request_id":"rcc-f4d2ee65276fd83edf79a728dda47910","method":"GET","path":"/api/v1/query-policies","status":401,"duration_ms":0}
{"request_id":"rcc-c9aca8121c2e6f0b0e7d9ccfd2ee291d","method":"GET","path":"/api/v1/auth/csrf","status":200,"duration_ms":8}
{"request_id":"rcc-6883d0cd2c33dcca73e2bb7ede61b814","method":"POST","path":"/api/v1/auth/register","status":201,"duration_ms":49}
{"request_id":"rcc-688e657a166c7addc0dfdcdb10f7231e","method":"GET","path":"/api/v1/auth/session","status":200,"duration_ms":1}
{"request_id":"rcc-e9469f673f0deee4e74da6d72b9b490f","method":"GET","path":"/api/v1/account-roles","status":200,"duration_ms":1}
{"request_id":"rcc-ee79600cfa37eeb5117cbc647d1e5c89","method":"GET","path":"/api/v1/auth/session","status":200,"duration_ms":1}
{"request_id":"rcc-66af56ea8d27a36914ae10f5aa418022","method":"PUT","path":"/api/v1/account-roles/:id","status":200,"duration_ms":15}
{"request_id":"rcc-d7b53065823cb47b40b50f5b31d76606","method":"GET","path":"/api/v1/auth/csrf","status":200,"duration_ms":7}
{"request_id":"rcc-c7b3c264ba2ff5f2e08ef87f4a822cd1","method":"POST","path":"/api/v1/auth/register","status":201,"duration_ms":42}
{"request_id":"rcc-fa81eee78a2984a3bb9977192364756c","method":"GET","path":"/api/v1/auth/session","status":200,"duration_ms":1}
{"request_id":"rcc-8ed0d9a5cb24cc31cec16e0d18dd146d","method":"GET","path":"/api/v1/account-roles","status":200,"duration_ms":2}
{"request_id":"rcc-5df1d8f83501b46bcde230aab21ff9d4","method":"GET","path":"/api/v1/auth/session","status":200,"duration_ms":1}
{"request_id":"rcc-30637b525027497386479149fb665012","method":"PUT","path":"/api/v1/account-roles/:id","status":200,"duration_ms":12}
{"request_id":"rcc-0fc61f8dd2d69b093fb3b987d406287b","method":"GET","path":"/api/v1/auth/csrf","status":200,"duration_ms":8}
{"request_id":"rcc-fa38981ed31882528965aacaf5c44fbb","method":"POST","path":"/api/v1/auth/register","status":201,"duration_ms":41}
{"request_id":"rcc-84591d67b4a05615aa963560f386eff0","method":"GET","path":"/api/v1/auth/session","status":200,"duration_ms":1}
{"request_id":"rcc-ab9bd7a1e9e6cb7f096dc3e4a6b4d494","method":"GET","path":"/api/v1/account-roles","status":200,"duration_ms":2}
{"request_id":"rcc-7caebd3fcf1a806270d7eadd2d6408e6","method":"GET","path":"/api/v1/auth/session","status":200,"duration_ms":1}
{"request_id":"rcc-a881e00d8f65a746b6e907ff7b501f11","method":"GET","path":"/api/v1/table-policies/:table_name/release-templates","status":200,"duration_ms":7}
{"request_id":"rcc-ce13d6abf86b553e6ad6fd8ac3da566a","method":"GET","path":"/api/v1/auth/session","status":200,"duration_ms":1}
{"request_id":"rcc-77637b841006d9f1668e13b8eade6c83","method":"PUT","path":"/api/v1/table-policies/:table_name/release-templates/:release_type","status":200,"duration_ms":10}
{"request_id":"rcc-05b74bc0b07199b4c06ae581605b142d","method":"GET","path":"/api/v1/auth/session","status":200,"duration_ms":1}
{"request_id":"rcc-69333fdd3ca15b640cf3e771d178db2d","method":"GET","path":"/api/v1/auth/session","status":200,"duration_ms":1}
{"request_id":"rcc-b7f22356e30b741319b4645684d822db","method":"POST","path":"/api/v1/approval-roles","status":201,"duration_ms":15}
{"request_id":"rcc-0d981aa5e1c5f28162a57f3542b30b6f","method":"GET","path":"/api/v1/auth/session","status":200,"duration_ms":0}
{"request_id":"rcc-4586ea47bda278edc492a44085f19d96","method":"GET","path":"/api/v1/table-policies/:table_name/approval-roles","status":200,"duration_ms":3}
{"request_id":"rcc-450a6b78e4600887ea08a4d94ff43f0f","method":"GET","path":"/api/v1/auth/session","status":200,"duration_ms":1}
{"request_id":"rcc-4699aab0ad118c3377b3b258ec304fb2","method":"PUT","path":"/api/v1/table-policies/:table_name/approval-roles","status":200,"duration_ms":19}
{"request_id":"rcc-11bdafe5ca5e96ba5dca836769e84564","method":"GET","path":"/api/v1/auth/csrf","status":200,"duration_ms":6}
{"request_id":"rcc-4096381a3ed57373e22125183e3be3e2","method":"POST","path":"/api/v1/auth/register","status":201,"duration_ms":41}
{"request_id":"rcc-ddaabeffe9ebaa873ee8467de9649618","method":"GET","path":"/api/v1/auth/session","status":200,"duration_ms":1}
{"request_id":"rcc-a97063c482188d6aae90fa1316c0930c","method":"GET","path":"/api/v1/account-roles","status":200,"duration_ms":1}
{"request_id":"rcc-319d2a673557c51618d6ff15555d648f","method":"GET","path":"/api/v1/auth/session","status":200,"duration_ms":1}
{"request_id":"rcc-ed6e240af69288d9810ccbd4ae1ba30c","method":"PUT","path":"/api/v1/account-roles/:id","status":200,"duration_ms":12}
{"request_id":"rcc-f7fa052dd09286983902111d856ee92c","method":"GET","path":"/api/v1/auth/session","status":200,"duration_ms":1}
{"request_id":"rcc-6f5b8d4af880158719f452206686feba","method":"POST","path":"/api/v1/tables/:table_name/query","status":200,"duration_ms":18}
{"request_id":"rcc-1001f03f5e71f7c7c58a7d36bd58baca","method":"GET","path":"/api/v1/auth/session","status":200,"duration_ms":1}
{"request_id":"rcc-23a087c564e130f9172b020fea18416a","method":"POST","path":"/api/v1/release-orders","status":201,"duration_ms":44}
{"request_id":"rcc-6dcdbeb536dcbfdbfb1415d216a33c0d","method":"GET","path":"/api/v1/auth/session","status":200,"duration_ms":1}
{"request_id":"rcc-31b596d1002baf6d6d383348a5ce05e5","method":"GET","path":"/api/v1/approval-notifications","status":200,"duration_ms":4}
{"request_id":"rcc-8786e27b25cf8698b868026c2dbe224f","method":"GET","path":"/api/v1/release-orders/:id","status":200,"duration_ms":14}
{"request_id":"rcc-ef13fbc5162b519b025d16e4ee9a3764","method":"GET","path":"/api/v1/release-orders/:id/details","status":200,"duration_ms":6}
{"request_id":"rcc-175d32ed730dafd04404e8aa209aacd8","method":"GET","path":"/api/v1/table-field-policies/:table_name","status":200,"duration_ms":5}
{"request_id":"rcc-a8ded6ec984791a409616434c193393c","method":"GET","path":"/api/v1/release-orders/:id/people","status":200,"duration_ms":14}
{"request_id":"rcc-da4823c9430c57f099db7855c1424579","method":"GET","path":"/api/v1/release-orders/:id/details","status":200,"duration_ms":6}
{"request_id":"rcc-ea8ae0f0456b88c494196f6973e40979","method":"POST","path":"/api/v1/auth/activity","status":200,"duration_ms":10}
{"request_id":"rcc-0855fa7b20c8334014f71760e3240755","method":"POST","path":"/api/v1/release-orders/:id/submit","status":200,"duration_ms":87}
{"request_id":"rcc-25b08cd771011d05c1a573edb2fb2917","method":"GET","path":"/api/v1/approval-notifications","status":200,"duration_ms":1}
{"request_id":"rcc-13889b9dcd55895d9f50f697d9708a55","method":"GET","path":"/api/v1/release-orders/:id","status":200,"duration_ms":8}
{"request_id":"rcc-c5fb9e8687ee02e136b13e42e76fc44f","method":"GET","path":"/api/v1/release-orders/:id/people","status":200,"duration_ms":9}
{"request_id":"rcc-e28a364ade5892540e0e7d79c2748a62","method":"GET","path":"/api/v1/release-orders/:id/details","status":200,"duration_ms":7}
{"request_id":"rcc-d10b3e4b807ac1522624304f4f34e518","method":"GET","path":"/api/v1/auth/session","status":200,"duration_ms":1}
{"request_id":"rcc-af9364a7b56cfbc69fc8c160a3fb7993","method":"GET","path":"/api/v1/approval-notifications","status":200,"duration_ms":3}
{"request_id":"rcc-b8e748258380d42f3b9cd51293041c7a","method":"GET","path":"/api/v1/release-orders/:id","status":200,"duration_ms":7}
{"request_id":"rcc-ac40c2aa7a73a5653777f522593c6c2b","method":"GET","path":"/api/v1/release-orders/:id/details","status":200,"duration_ms":6}
{"request_id":"rcc-9d150a9afe9c1788fc6563a38575c768","method":"POST","path":"/api/v1/release-orders/:id/notification-read","status":200,"duration_ms":12}
{"request_id":"rcc-7735c3374fc5e87e4344dc561bdcfa20","method":"GET","path":"/api/v1/table-field-policies/:table_name","status":200,"duration_ms":5}
{"request_id":"rcc-37ee6af3729b4cf39a581b498d20b9de","method":"GET","path":"/api/v1/release-orders/:id/people","status":200,"duration_ms":9}
{"request_id":"rcc-bf5774c437d55901a7216153d6920507","method":"GET","path":"/api/v1/approval-notifications","status":200,"duration_ms":3}
{"request_id":"rcc-ae6b4312bf35a07cf61fdfdf4c22b50f","method":"GET","path":"/api/v1/release-orders/:id/details","status":200,"duration_ms":6}
{"request_id":"rcc-6a385bf2418ba7fc089977fabc06315c","method":"POST","path":"/api/v1/auth/activity","status":200,"duration_ms":9}
{"request_id":"rcc-d2a31e88f7da98db52cea84a18b14891","method":"POST","path":"/api/v1/release-orders/:id/approve","status":200,"duration_ms":35}
{"request_id":"rcc-48369bebf0c01405c10dfd70678b91e3","method":"GET","path":"/api/v1/approval-notifications","status":200,"duration_ms":2}
{"request_id":"rcc-69e8f27ef04f25e3ac2cb254417bf8e0","method":"GET","path":"/api/v1/release-orders/:id","status":200,"duration_ms":8}
{"request_id":"rcc-4b18dad45cc19f5627184a12e78f787a","method":"GET","path":"/api/v1/release-orders/:id/people","status":200,"duration_ms":8}
{"request_id":"rcc-18b9a5747343ef666e678c10a97d71cf","method":"GET","path":"/api/v1/release-orders/:id/details","status":200,"duration_ms":5}
{"request_id":"rcc-23ba3a8891736029ee13dc35da8a80f0","method":"GET","path":"/api/v1/auth/session","status":200,"duration_ms":1}
{"request_id":"rcc-3634fa5e77373a809d7a6d72bed0d800","method":"GET","path":"/api/v1/approval-notifications","status":200,"duration_ms":3}
{"request_id":"rcc-444e1146ec15385cd508458f765fed10","method":"GET","path":"/api/v1/release-orders/:id","status":200,"duration_ms":8}
{"request_id":"rcc-70f5d53e3a9937a652b6808f60580756","method":"GET","path":"/api/v1/release-orders/:id/details","status":200,"duration_ms":7}
{"request_id":"rcc-a94336924cfe06d4cf34b8fa56087161","method":"GET","path":"/api/v1/table-field-policies/:table_name","status":200,"duration_ms":5}
{"request_id":"rcc-a93e2470fa9b264a4d4d67a03e2b4cfa","method":"GET","path":"/api/v1/release-orders/:id/people","status":200,"duration_ms":10}
{"request_id":"rcc-fabe1ecc9847f091fdc739ae00ac84e5","method":"GET","path":"/api/v1/release-orders/:id/details","status":200,"duration_ms":5}
{"request_id":"rcc-310e5f5baeb76d3ad505ad696e4b3431","method":"POST","path":"/api/v1/auth/activity","status":200,"duration_ms":6}
{"request_id":"rcc-20759db51e202f1aec5ad2a20d44b9c9","method":"POST","path":"/api/v1/release-orders/:id/execute","status":200,"duration_ms":101}
{"request_id":"rcc-42919df9c2660860c35372339168ba22","method":"GET","path":"/api/v1/approval-notifications","status":200,"duration_ms":2}
{"request_id":"rcc-c0c180c11d89b2881867d783f0d2b360","method":"GET","path":"/api/v1/release-orders/:id","status":200,"duration_ms":12}
{"request_id":"rcc-859bd53b96b6506a3c186cb8e0638e6c","method":"GET","path":"/api/v1/release-orders/:id/people","status":200,"duration_ms":11}
{"request_id":"rcc-2a358a3d314733ab464a721417644899","method":"GET","path":"/api/v1/release-orders/:id/details","status":200,"duration_ms":6}
{"request_id":"rcc-5aa46eef09987011b537e327bb3fa143","method":"GET","path":"/api/v1/auth/session","status":200,"duration_ms":1}
{"request_id":"rcc-601d15edfc5135f528a3fe16deb9c6e0","method":"POST","path":"/api/v1/tables/:table_name/query","status":200,"duration_ms":12}
{"request_id":"rcc-e8566259e543cd1ba8487c9107330220","method":"GET","path":"/api/v1/release-orders/:id/details","status":200,"duration_ms":6}
{"request_id":"rcc-8970f4be600d6b63973d76be78791331","method":"GET","path":"/api/v1/auth/session","status":200,"duration_ms":1}
{"request_id":"rcc-1f077f67c0a8b7e311f164cd4cdfe3f5","method":"GET","path":"/api/v1/release-orders/:id","status":200,"duration_ms":8}
{"request_id":"rcc-0b399cbdb6d1fa1809f6c95146163144","method":"GET","path":"/api/v1/auth/session","status":200,"duration_ms":1}
{"request_id":"rcc-978497656ba034073323b6e990bd6973","method":"GET","path":"/api/v1/release-orders/:id/details","status":200,"duration_ms":5}
{"request_id":"rcc-611e717750401bf15027f30d8b2bc942","method":"GET","path":"/api/v1/release-orders/:id/details","status":200,"duration_ms":7}
{"request_id":"rcc-46961e84e2f3af64052c4f5a882ea01d","method":"POST","path":"/api/v1/release-orders/:id/complete","status":200,"duration_ms":37}
{"request_id":"rcc-b177e0d3a02cd28b6ff4aaaaa4e88c03","method":"GET","path":"/api/v1/approval-notifications","status":200,"duration_ms":3}
{"request_id":"rcc-8411e3e2491b432b1bc117735a845894","method":"GET","path":"/api/v1/release-orders/:id","status":200,"duration_ms":11}
{"request_id":"rcc-40873d0fdf14f0dbc172fcbb0299daed","method":"GET","path":"/api/v1/release-orders/:id/details","status":200,"duration_ms":6}
{"request_id":"rcc-281b115aabd988289959b4cf7601522c","method":"GET","path":"/api/v1/auth/session","status":200,"duration_ms":1}
{"request_id":"rcc-da5c0b42f301ebd0d3bd7a950d95ebe9","method":"GET","path":"/api/v1/approval-notifications","status":200,"duration_ms":2}
{"request_id":"rcc-113f9ccb39e696d831c2f234d13f9496","method":"GET","path":"/api/v1/release-orders/:id","status":200,"duration_ms":9}
{"request_id":"rcc-a935ffab0f7a6eee0e5cb75c2459d3ee","method":"GET","path":"/api/v1/release-orders/:id/details","status":200,"duration_ms":7}
{"request_id":"rcc-138afb1946b28a233d0f559c80a35298","method":"GET","path":"/api/v1/table-field-policies/:table_name","status":200,"duration_ms":4}
{"request_id":"rcc-093ba70605f04a45c99daebc26dad694","method":"GET","path":"/api/v1/release-orders/:id/people","status":200,"duration_ms":10}
{"request_id":"rcc-6b097c0e0c39f2cacaa4a086281e4926","method":"GET","path":"/api/v1/release-orders/:id/details","status":200,"duration_ms":7}
{"request_id":"rcc-abe1fdf0673d988ccad23eee92f31eb9","method":"POST","path":"/api/v1/release-orders/:id/complete","status":200,"duration_ms":32}
{"request_id":"rcc-1cad1eb88f514b4d1ab94cb5d67e44ed","method":"GET","path":"/api/v1/approval-notifications","status":200,"duration_ms":2}
{"request_id":"rcc-2b34e067fd313f3b74964d609694ab46","method":"GET","path":"/api/v1/release-orders/:id","status":200,"duration_ms":10}
{"request_id":"rcc-cb28b3400779cfabc787e24c6c0c6eb1","method":"GET","path":"/api/v1/release-orders/:id/people","status":200,"duration_ms":9}
{"request_id":"rcc-d7daa70d3227ac46e6531c7d84b2f5d7","method":"GET","path":"/api/v1/auth/session","status":200,"duration_ms":1}
{"request_id":"rcc-d92125383834921f890bd2ec49ba0930","method":"POST","path":"/api/v1/tables/:table_name/query","status":200,"duration_ms":18}
{"request_id":"rcc-6c16b15234f50fadc296f5dc972826a9","method":"GET","path":"/api/v1/auth/session","status":200,"duration_ms":1}
{"request_id":"rcc-2e3de022c12452abdecad35b4f18f674","method":"GET","path":"/api/v1/release-orders/:id","status":200,"duration_ms":11}
{"request_id":"rcc-bf72de765b81cfcc22ac2121bef58eb2","method":"GET","path":"/api/v1/auth/session","status":200,"duration_ms":1}
{"request_id":"rcc-76af292d3b57ecbeeca33a3df58d030a","method":"GET","path":"/api/v1/release-orders/:id/details","status":200,"duration_ms":5}
{"request_id":"rcc-ef445b1d2a61b4c23692f506bd072483","method":"GET","path":"/api/v1/auth/session","status":200,"duration_ms":1}
{"request_id":"rcc-c16cdc10a2bae24565056c094af1cc2a","method":"GET","path":"/api/v1/approval-notifications","status":200,"duration_ms":3}
{"request_id":"rcc-c0eccb2b410647fe0a91b63ccf43b9db","method":"GET","path":"/api/v1/release-orders/:id","status":200,"duration_ms":12}
{"request_id":"rcc-f9d970bf23d691a6253cd9cde3bea543","method":"GET","path":"/api/v1/auth/session","status":200,"duration_ms":1}
{"request_id":"rcc-069eb5166a2c59f15a0613515eb9ace6","method":"POST","path":"/api/v1/release-orders/:id/notification-read","status":200,"duration_ms":13}
{"request_id":"rcc-c0560aa0471a63da4b89956177d9ee64","method":"GET","path":"/api/v1/release-orders/:id/details","status":200,"duration_ms":9}
{"request_id":"rcc-8246090c9085a518e0de397b6161e7d6","method":"GET","path":"/api/v1/table-field-policies/:table_name","status":200,"duration_ms":12}
{"request_id":"rcc-80ce263c130d3dc24336766145c571d5","method":"GET","path":"/api/v1/release-orders/:id/people","status":200,"duration_ms":11}
{"request_id":"rcc-964b59e6ebba714098835058392ffa88","method":"GET","path":"/api/v1/approval-notifications","status":200,"duration_ms":3}
{"request_id":"rcc-aa6de429e95e9d09f5ad1312e84be6dd","method":"POST","path":"/api/v1/release-orders","status":201,"duration_ms":56}
{"request_id":"rcc-da15cc69b191e151db375e24ed0280b9","method":"GET","path":"/api/v1/auth/session","status":200,"duration_ms":1}
{"request_id":"rcc-9e7d8a17ed74b694bfbb045d43c21801","method":"GET","path":"/api/v1/approval-notifications","status":200,"duration_ms":2}
{"request_id":"rcc-200599270d030d8a66f58e3f295d9664","method":"GET","path":"/api/v1/release-orders/:id","status":200,"duration_ms":12}
{"request_id":"rcc-8bd9a8d86e19d6a45d1cfce53c07a04e","method":"GET","path":"/api/v1/release-orders/:id/details","status":200,"duration_ms":5}
{"request_id":"rcc-b657c25b528256c9af0e77716c893a73","method":"GET","path":"/api/v1/table-field-policies/:table_name","status":200,"duration_ms":4}
{"request_id":"rcc-ae74809f3537a7488ac56ab7f1e29574","method":"GET","path":"/api/v1/release-orders/:id/people","status":200,"duration_ms":14}
{"request_id":"rcc-0f47fa7e5f4ecb755082f5d2e30f01f4","method":"GET","path":"/api/v1/release-orders/:id/details","status":200,"duration_ms":6}
{"request_id":"rcc-d83e3ec3d445b069d73cadecf715fd0e","method":"POST","path":"/api/v1/release-orders/:id/submit","status":200,"duration_ms":89}
{"request_id":"rcc-201adcc8951e58abba7c54aebad5649f","method":"GET","path":"/api/v1/approval-notifications","status":200,"duration_ms":2}
{"request_id":"rcc-7be16fc2eceab6f13edeac8a81d5a3ec","method":"GET","path":"/api/v1/release-orders/:id","status":200,"duration_ms":13}
{"request_id":"rcc-74f0c4caf71f6fe66d3ede36115f4f4f","method":"GET","path":"/api/v1/release-orders/:id/people","status":200,"duration_ms":12}
{"request_id":"rcc-5b48fadb687f77901644b095d785e038","method":"GET","path":"/api/v1/release-orders/:id/details","status":200,"duration_ms":6}
{"request_id":"rcc-a1c3f0777c8907c23f125973ad8c0369","method":"GET","path":"/api/v1/auth/session","status":200,"duration_ms":1}
{"request_id":"rcc-bb1bd4149fe5109aa1f7a1af3f451500","method":"GET","path":"/api/v1/approval-notifications","status":200,"duration_ms":2}
{"request_id":"rcc-71ce0f2dfbaf101f50ffe4bd06998232","method":"GET","path":"/api/v1/release-orders/:id","status":200,"duration_ms":8}
{"request_id":"rcc-36a3c40f80024b79aa16db258235458b","method":"GET","path":"/api/v1/release-orders/:id/details","status":200,"duration_ms":7}
{"request_id":"rcc-f00dcc4ed45c20700f9651ebee99bb95","method":"POST","path":"/api/v1/release-orders/:id/notification-read","status":200,"duration_ms":13}
{"request_id":"rcc-7c1ef5dfc9171a8b989404fa6d47d93e","method":"GET","path":"/api/v1/table-field-policies/:table_name","status":200,"duration_ms":6}
{"request_id":"rcc-f8b280d92633f3ed40afc591e6efe58b","method":"GET","path":"/api/v1/release-orders/:id/people","status":200,"duration_ms":12}
{"request_id":"rcc-fd1538e7bc8de2d13a2ef699247d915e","method":"GET","path":"/api/v1/approval-notifications","status":200,"duration_ms":3}
{"request_id":"rcc-b766a68e0bd9ad8405f2dfa44bde3b68","method":"GET","path":"/api/v1/release-orders/:id/details","status":200,"duration_ms":7}
{"request_id":"rcc-d3d1a1fb9568ce65e124ccc25e8948d3","method":"POST","path":"/api/v1/release-orders/:id/approve","status":200,"duration_ms":42}
{"request_id":"rcc-bc80e65b6d2e4f5ddc8a4cc49346806d","method":"GET","path":"/api/v1/approval-notifications","status":200,"duration_ms":2}
{"request_id":"rcc-cb986e906f90e8af0c6e2cd34b406eb9","method":"GET","path":"/api/v1/release-orders/:id","status":200,"duration_ms":11}
{"request_id":"rcc-ea41fbcb5a0c0052ddfa96bf5e772c9e","method":"GET","path":"/api/v1/release-orders/:id/people","status":200,"duration_ms":13}
{"request_id":"rcc-16c34c534a8dc970bd5a9724109967dc","method":"GET","path":"/api/v1/release-orders/:id/details","status":200,"duration_ms":6}
{"request_id":"rcc-a46280278a53f8c37ba7721df26aeebb","method":"GET","path":"/api/v1/auth/session","status":200,"duration_ms":2}
{"request_id":"rcc-1cbb8630e794ee614cc2ce25b2fcbf9d","method":"GET","path":"/api/v1/approval-notifications","status":200,"duration_ms":2}
{"request_id":"rcc-9927c840c32e843f5479259e3470bd30","method":"GET","path":"/api/v1/release-orders/:id","status":200,"duration_ms":12}
{"request_id":"rcc-d6d3233ae935b6edb7e0694a5e6835bb","method":"GET","path":"/api/v1/release-orders/:id/details","status":200,"duration_ms":7}
{"request_id":"rcc-c8ffc585bbfba8339c02ca967af420a6","method":"GET","path":"/api/v1/table-field-policies/:table_name","status":200,"duration_ms":5}
{"request_id":"rcc-7e8d4a4ec82ebc82fa3497295ae1b6fb","method":"GET","path":"/api/v1/release-orders/:id/people","status":200,"duration_ms":11}
{"request_id":"rcc-5f63ab44b807ca370e384cc5643a0e6a","method":"GET","path":"/api/v1/release-orders/:id/details","status":200,"duration_ms":10}
{"request_id":"rcc-5b896028fb65504c4ae7a65b3870ff2b","method":"POST","path":"/api/v1/release-orders/:id/execute","status":200,"duration_ms":121}
{"request_id":"rcc-b34fa75cf7c62767e4cdd6e9a8bf3230","method":"GET","path":"/api/v1/approval-notifications","status":200,"duration_ms":2}
{"request_id":"rcc-b7d25e94a78564d7a5d30f8f3771b99d","method":"GET","path":"/api/v1/release-orders/:id","status":200,"duration_ms":13}
{"request_id":"rcc-b8f4393583263c38099135017367d919","method":"GET","path":"/api/v1/release-orders/:id/people","status":200,"duration_ms":11}
{"request_id":"rcc-ad1f644ef85a91907946967ccc302db3","method":"GET","path":"/api/v1/release-orders/:id/details","status":200,"duration_ms":6}
{"request_id":"rcc-77eda564152a33d96857a789b4dfbf20","method":"GET","path":"/api/v1/auth/session","status":200,"duration_ms":1}
{"request_id":"rcc-081d9f44c393d6c4d7222cd4d9da329e","method":"GET","path":"/api/v1/approval-notifications","status":200,"duration_ms":2}
{"request_id":"rcc-55463a9f618ca5adf707f0e9f84da2c7","method":"GET","path":"/api/v1/release-orders/:id","status":200,"duration_ms":10}
{"request_id":"rcc-8c3f8ec8db75cee9d7f37c57636ef40a","method":"GET","path":"/api/v1/auth/session","status":200,"duration_ms":7}
{"request_id":"rcc-eb4d807f0b2fecfedc04fd1bfdd6e1e4","method":"GET","path":"/api/v1/release-orders/:id/details","status":200,"duration_ms":6}
{"request_id":"rcc-871e832e9ed691d86d0984d6cee6e75f","method":"POST","path":"/api/v1/release-orders/:id/notification-read","status":200,"duration_ms":12}
{"request_id":"rcc-1c4004c327ba31cd806d48112476c8ed","method":"GET","path":"/api/v1/table-field-policies/:table_name","status":200,"duration_ms":7}
{"request_id":"rcc-b20ccb952daded1bbeaf3710c4637ddc","method":"POST","path":"/api/v1/tables/:table_name/query","status":200,"duration_ms":19}
{"request_id":"rcc-ef7d8d17b557e1caec74e0403b284a67","method":"GET","path":"/api/v1/release-orders/:id/people","status":200,"duration_ms":12}
{"request_id":"rcc-f96fe98a8c7e09a2466b1e15c175cccc","method":"GET","path":"/api/v1/approval-notifications","status":200,"duration_ms":2}
{"request_id":"rcc-a022f22aed85706eae181e4ad09dd985","method":"GET","path":"/api/v1/release-orders/:id","status":200,"duration_ms":11}
{"request_id":"rcc-27ca53a3f716a804f7da744f3c4f3d26","method":"POST","path":"/api/v1/release-orders/:id/quick-rollback/preview","status":200,"duration_ms":128}
{"request_id":"rcc-eae3c40d9ba08ca1e5b10b55516a3d8f","method":"GET","path":"/api/v1/approval-notifications","status":200,"duration_ms":1}
{"request_id":"rcc-d8205a1b4a992368cd670bec3154486f","method":"GET","path":"/api/v1/release-orders/:id","status":200,"duration_ms":10}
{"request_id":"rcc-d0548f94762de8306fc1dc1170b60c66","method":"GET","path":"/api/v1/release-orders/:id/people","status":200,"duration_ms":12}
{"request_id":"rcc-0daef306cd30f359b3bf2b7bef927967","method":"GET","path":"/api/v1/release-orders/:id/details","status":200,"duration_ms":5}
{"request_id":"rcc-4c84129736451ae6b49a492e7ca8df8b","method":"GET","path":"/api/v1/release-orders/:id","status":200,"duration_ms":12}
{"request_id":"rcc-3a944ce76bca325f573e79251be1b485","method":"GET","path":"/api/v1/auth/session","status":200,"duration_ms":1}
{"request_id":"rcc-39fa1118433e94bb08a38909c62cd611","method":"GET","path":"/api/v1/release-orders/:id","status":200,"duration_ms":9}
{"request_id":"rcc-b9dcbff69583534dd8dbeaa0bd10a4f7","method":"GET","path":"/api/v1/auth/session","status":200,"duration_ms":1}
{"request_id":"rcc-5bcf4964b6839ad05e1ba7aba4b58950","method":"GET","path":"/api/v1/release-orders/:id/details","status":200,"duration_ms":6}
{"request_id":"rcc-97548901ccbd1d385e3ae04142620287","method":"GET","path":"/api/v1/auth/session","status":200,"duration_ms":1}
{"request_id":"rcc-2dee7979bf9ae3316c16c117cc6381f1","method":"POST","path":"/api/v1/tables/:table_name/query","status":200,"duration_ms":13}
{"request_id":"rcc-fc45ea73756a52ad3ee8b30cf21374d3","method":"GET","path":"/api/v1/release-orders/:id","status":200,"duration_ms":12}
{"request_id":"rcc-5f4482d5b37acb9932511b02ed127893","method":"POST","path":"/api/v1/release-orders/:id/quick-rollback/preview","status":200,"duration_ms":136}
{"request_id":"rcc-c777bd63e0988fa658fb2028e552722f","method":"GET","path":"/api/v1/approval-notifications","status":200,"duration_ms":2}
{"request_id":"rcc-add5ead0cee6b1b76d6e1ab8671f27ad","method":"GET","path":"/api/v1/release-orders/:id","status":200,"duration_ms":10}
{"request_id":"rcc-d9b9251639ba8cc246b7e3d0263f4cee","method":"GET","path":"/api/v1/release-orders/:id/people","status":200,"duration_ms":10}
{"request_id":"rcc-5576bcf8a3dbafb23245bda6926a368e","method":"GET","path":"/api/v1/release-orders/:id","status":200,"duration_ms":11}
{"request_id":"rcc-2370598650e3672bdfed51c3cdb9a047","method":"POST","path":"/api/v1/release-orders/:id/quick-rollback","status":200,"duration_ms":123}
{"request_id":"rcc-d0981e460c16eb99fcbea3a25b73fcae","method":"GET","path":"/api/v1/approval-notifications","status":200,"duration_ms":2}
{"request_id":"rcc-9841d53d7412f3065725f0bafa686f76","method":"GET","path":"/api/v1/release-orders/:id","status":200,"duration_ms":18}
{"request_id":"rcc-3135377f892fd97771bdfb3fe10eaf31","method":"GET","path":"/api/v1/release-orders/:id/details","status":200,"duration_ms":7}
{"request_id":"rcc-6851356940fc86f84b072308bccd2aae","method":"GET","path":"/api/v1/auth/session","status":200,"duration_ms":2}
{"request_id":"rcc-67b879c9e8b999f9f206275d1af02576","method":"GET","path":"/api/v1/approval-notifications","status":200,"duration_ms":3}
{"request_id":"rcc-72dc1fbe4cffebcc6c000a3ae012355e","method":"GET","path":"/api/v1/release-orders/:id","status":200,"duration_ms":14}
{"request_id":"rcc-fda1e9feb2a14aeeee755f2ac4b69fad","method":"GET","path":"/api/v1/table-field-policies/:table_name","status":200,"duration_ms":5}
{"request_id":"rcc-f945331e0bb6db723f8d18be2c099285","method":"GET","path":"/api/v1/release-orders/:id/details","status":200,"duration_ms":7}
{"request_id":"rcc-c74579d2188757c1b9662c25dbec00d9","method":"GET","path":"/api/v1/release-orders/:id/people","status":200,"duration_ms":11}
{"request_id":"rcc-af812362589b6daf2304a92e02a01a59","method":"GET","path":"/api/v1/release-orders/:id","status":200,"duration_ms":11}
{"request_id":"rcc-b0bf5e5727e148b0175c2b0b273a0789","method":"POST","path":"/api/v1/release-orders/:id/quick-rollback","status":200,"duration_ms":23}
{"request_id":"rcc-f23b01385adbe433cac6735f4d432de7","method":"GET","path":"/api/v1/release-orders/:id","status":200,"duration_ms":8}
{"request_id":"rcc-f94060f48cd7ef83276ab274fe9a070b","method":"GET","path":"/api/v1/release-orders/:id/people","status":200,"duration_ms":10}
{"request_id":"rcc-c51a941d40196ef8ca1bd98ec763e5c8","method":"GET","path":"/api/v1/auth/session","status":200,"duration_ms":1}
{"request_id":"rcc-df461f4400ce9fe90bdee61b534ea285","method":"GET","path":"/api/v1/release-orders/:id","status":200,"duration_ms":10}
{"request_id":"rcc-0d38bf7ed126ecc358bd11d6ee91e67e","method":"GET","path":"/api/v1/auth/session","status":200,"duration_ms":1}
{"request_id":"rcc-5dc3e6599f3cdbcad56adf55772fd28e","method":"GET","path":"/api/v1/release-orders/:id/details","status":200,"duration_ms":5}
{"request_id":"rcc-d07569821e98937d74af2f5c958b4952","method":"GET","path":"/api/v1/auth/session","status":200,"duration_ms":1}
{"request_id":"rcc-afe52b3b0567b72617523bbfd623a8b5","method":"POST","path":"/api/v1/tables/:table_name/query","status":200,"duration_ms":13}
{"request_id":"rcc-3f727d5c79db0a1031fcaa4c53e63c08","method":"GET","path":"/api/v1/auth/session","status":200,"duration_ms":1}
{"request_id":"rcc-5969b5bf4a466f5a96e3d7e6e3f75f62","method":"GET","path":"/api/v1/auth/session","status":200,"duration_ms":1}
{"request_id":"rcc-5237d51548f4b106b10911741a9cf2ae","method":"GET","path":"/api/v1/auth/session","status":200,"duration_ms":1}
{"request_id":"rcc-c7ffdecc731c05ea984518c9a4f2f89f","method":"GET","path":"/api/v1/release-orders/:id","status":200,"duration_ms":8}
{"request_id":"rcc-f78810c22eeadf7914af8d2fdd1bed70","method":"GET","path":"/api/v1/auth/session","status":200,"duration_ms":1}
{"request_id":"rcc-4f5a537455fff1214492c7360c639a78","method":"GET","path":"/api/v1/release-orders/:id/details","status":200,"duration_ms":5}
{"request_id":"rcc-210cdcecb3134fc5bb29c6947ab1f7cf","method":"GET","path":"/api/v1/auth/csrf","status":200,"duration_ms":8}
{"request_id":"rcc-b8374c94ba4ba2bb7dabe6ca844a5a3b","method":"POST","path":"/api/v1/auth/register","status":201,"duration_ms":42}
{"request_id":"rcc-4795f591f6c5edfb39ced7c73d3dc149","method":"GET","path":"/api/v1/auth/session","status":200,"duration_ms":1}
{"request_id":"rcc-a91b2d06bbfd289d8ca562820aa3fd4f","method":"GET","path":"/api/v1/account-roles","status":200,"duration_ms":1}
{"request_id":"rcc-5e07e56263d875547ce12829aae97d55","method":"GET","path":"/api/v1/auth/session","status":200,"duration_ms":1}
{"request_id":"rcc-122a9dda9d4ec567e73d10a9db82148f","method":"PUT","path":"/api/v1/account-roles/:id","status":200,"duration_ms":12}
{"request_id":"rcc-de631684dcc1aa34f247305e5cbde1fa","method":"GET","path":"/api/v1/auth/session","status":200,"duration_ms":1}
{"request_id":"rcc-663e37869ec6e8ec939bbdab11b05965","method":"POST","path":"/api/v1/release-orders","status":201,"duration_ms":35}
{"request_id":"rcc-eeb61c3f35ce7b663a1e0b3e28651ede","method":"GET","path":"/api/v1/auth/session","status":200,"duration_ms":1}
{"request_id":"rcc-5329ac2e23a196d3c9ee51eedc2576f1","method":"POST","path":"/api/v1/release-orders/:id/submit","status":200,"duration_ms":69}
{"request_id":"rcc-988094f5f4bf89878547f0f3c374b379","method":"GET","path":"/api/v1/auth/session","status":200,"duration_ms":0}
{"request_id":"rcc-b0cabddb88aed257348f32382b4134dc","method":"GET","path":"/api/v1/release-orders/:id","status":200,"duration_ms":9}
{"request_id":"rcc-f31614d6a9588e920f882f4371afc2b4","method":"GET","path":"/api/v1/auth/session","status":200,"duration_ms":1}
{"request_id":"rcc-180a5d9671dbce1be90a9b74061c63c4","method":"POST","path":"/api/v1/release-orders/:id/approve","status":200,"duration_ms":29}
{"request_id":"rcc-71407c6cebc16cf21a071e0025d9b1a7","method":"GET","path":"/api/v1/auth/session","status":200,"duration_ms":0}
{"request_id":"rcc-40adb8341f7f27d8191142d859e5ed70","method":"POST","path":"/api/v1/release-orders/:id/execute","status":200,"duration_ms":81}
{"request_id":"rcc-56741c067f63c233a4613cfab92d3d2f","method":"GET","path":"/api/v1/auth/session","status":200,"duration_ms":1}
{"request_id":"rcc-346d0dd435ecce53ad0242c26f0350ab","method":"GET","path":"/api/v1/approval-notifications","status":200,"duration_ms":2}
{"request_id":"rcc-7392a78e61da284262dba64caa8ae828","method":"GET","path":"/api/v1/release-orders/:id","status":200,"duration_ms":11}
{"request_id":"rcc-b98190f0bf7fc4e0e84bd23fb6509a79","method":"GET","path":"/api/v1/release-orders/:id/details","status":200,"duration_ms":6}
{"request_id":"rcc-6a1a9f3d1b5e4b881632a0aca61d0431","method":"GET","path":"/api/v1/table-field-policies/:table_name","status":200,"duration_ms":6}
{"request_id":"rcc-80b25388a48bfbb078ee14ac2903f4bc","method":"GET","path":"/api/v1/release-orders/:id/people","status":200,"duration_ms":12}
