{"event":"browser-launch","slot":"persistent","profile":"account-browser-profile-cMPX8z","at":1789194131130}
{"event":"browser-exit","slot":"persistent","code":0,"signal":null,"at":1789194162162}
{"event":"browser-launch","slot":"persistent","profile":"rcc110-preflight","at":1789194211627}
{"event":"browser-exit","slot":"persistent","code":0,"signal":null,"at":1789194211696}
{"event":"browser-launch","slot":"persistent","profile":"rcc110-preflight","at":1789194269058}
{"event":"browser-exit","slot":"persistent","code":0,"signal":null,"at":1789194269125}
{"event":"browser-launch","slot":"persistent","profile":"rcc110-preflight","at":1789194269276}
{"event":"browser-exit","slot":"persistent","code":0,"signal":null,"at":1789194269312}
{"event":"browser-launch","slot":"persistent","profile":"account-browser-profile-jRfsnW","at":1789194310101}
{"event":"browser-exit","slot":"persistent","code":0,"signal":null,"at":1789194310365}
{"event":"browser-launch","slot":"persistent","profile":"rcc110-preflight","at":1789194452753}
{"event":"browser-exit","slot":"persistent","code":0,"signal":null,"at":1789194465051}
{"event":"browser-launch","slot":"persistent","profile":"rcc110-preflight","at":1789194506846}
{"event":"browser-exit","slot":"persistent","code":0,"signal":null,"at":1789194507044}
{"event":"browser-launch","slot":"persistent","profile":"rcc110-preflight","at":1789194507207}
{"event":"browser-exit","slot":"persistent","code":0,"signal":null,"at":1789194507224}
{"event":"browser-launch","slot":"persistent","profile":"account-browser-profile-qvg4v1","at":1789194548687}
{"event":"browser-launch","slot":"reviewer","at":1789194553883}
{"event":"browser-exit","slot":"persistent","code":0,"signal":null,"at":1789194554244}
{"event":"browser-launch","slot":"persistent","profile":"account-browser-profile-qvg4v1","at":1789194554436}
{"event":"browser-exit","slot":"persistent","code":0,"signal":null,"at":1789194573765}
{"event":"browser-launch","slot":"persistent","profile":"account-browser-profile-Ow6I1M","at":1789194723797}
{"event":"browser-exit","slot":"reviewer","code":0,"signal":null,"at":1789194726690}
{"event":"browser-launch","slot":"reviewer","at":1789194726747}
{"event":"browser-exit","slot":"persistent","code":0,"signal":null,"at":1789194727085}
{"event":"browser-launch","slot":"persistent","profile":"account-browser-profile-Ow6I1M","at":1789194727257}
{"event":"browser-exit","slot":"persistent","code":0,"signal":null,"at":1789194741415}
{"event":"browser-launch","slot":"persistent","profile":"account-browser-profile-Ur78RC","at":1789194821055}
{"event":"browser-exit","slot":"reviewer","code":0,"signal":null,"at":1789194824368}
{"event":"browser-launch","slot":"reviewer","at":1789194824431}
{"event":"browser-exit","slot":"persistent","code":0,"signal":null,"at":1789194824777}
{"event":"browser-launch","slot":"persistent","profile":"account-browser-profile-Ur78RC","at":1789194824968}
{"event":"browser-exit","slot":"persistent","code":0,"signal":null,"at":1789194886209}
{"event":"browser-launch","slot":"persistent","profile":"account-browser-profile-nmjlzr","at":1789194957245}
{"event":"browser-exit","slot":"reviewer","code":0,"signal":null,"at":1789194960651}
{"event":"browser-launch","slot":"reviewer","at":1789194960709}
{"event":"browser-exit","slot":"persistent","code":0,"signal":null,"at":1789194961036}
{"event":"browser-launch","slot":"persistent","profile":"account-browser-profile-nmjlzr","at":1789194961225}
{"event":"browser-exit","slot":"persistent","code":0,"signal":null,"at":1789194967896}
{"event":"browser-launch","slot":"persistent","profile":"account-browser-profile-18QYHN","at":1789195085221}
{"event":"browser-exit","slot":"reviewer","code":0,"signal":null,"at":1789195088786}
{"event":"browser-launch","slot":"reviewer","at":1789195088878}
{"event":"browser-exit","slot":"persistent","code":0,"signal":null,"at":1789195089224}
{"event":"browser-launch","slot":"persistent","profile":"account-browser-profile-18QYHN","at":1789195089405}
{"event":"browser-exit","slot":"persistent","code":0,"signal":null,"at":1789195107977}
