node:internal/modules/run_main:107
    triggerUncaughtException(
    ^

locator.click: Target page, context or browser has been closed
Call log:
  - waiting for getByRole('button', { name: '确认发布到数据库', exact: true })
    - locator resolved to <button data-slot="button" data-size="default" data-variant="default" class="inline-flex shrink-0 items-center justify-center gap-2 rounded-md text-sm font-medium whitespace-nowrap transition-all outline-none focus-visible:border-ring focus-visible:ring-[3px] focus-visible:ring-ring/50 disabled:pointer-events-none disabled:opacity-50 aria-invalid:border-destructive aria-invalid:ring-destructive/20 dark:aria-invalid:ring-destructive/40 [&_svg]:pointer-events-none [&_svg]:shrink-0 [&_svg:not([class*='si…>确认发布到数据库</button>
  - attempting click action
    2 × waiting for element to be visible, enabled and stable
      - element is not stable
    - retrying click action
    - waiting 20ms
    2 × waiting for element to be visible, enabled and stable
      - element is not stable
    - retrying click action
      - waiting 100ms
    - waiting for element to be visible, enabled and stable
    - element is not stable
  - retrying click action
    - waiting 500ms

    at clickWithDiagnostics (/home/runner/work/relational-config-center/relational-config-center/web/e2e/click-diagnostics.cjs:60:19)
    at async file:///home/runner/work/relational-config-center/relational-config-center/web/e2e/accounts.mjs:322:5 {
  log: [
    "  - waiting for getByRole('button', { name: '确认发布到数据库', exact: true })",
    `    - locator resolved to <button data-slot="button" data-size="default" data-variant="default" class="inline-flex shrink-0 items-center justify-center gap-2 rounded-md text-sm font-medium whitespace-nowrap transition-all outline-none focus-visible:border-ring focus-visible:ring-[3px] focus-visible:ring-ring/50 disabled:pointer-events-none disabled:opacity-50 aria-invalid:border-destructive aria-invalid:ring-destructive/20 dark:aria-invalid:ring-destructive/40 [&_svg]:pointer-events-none [&_svg]:shrink-0 [&_svg:not([class*='si…>确认发布到数据库</button>`,
    '  - attempting click action',
    '    2 × waiting for element to be visible, enabled and stable',
    '      - element is not stable',
    '    - retrying click action',
    '    - waiting 20ms',
    '    2 × waiting for element to be visible, enabled and stable',
    '      - element is not stable',
    '    - retrying click action',
    '      - waiting 100ms',
    '    - waiting for element to be visible, enabled and stable',
    '    - element is not stable',
    '  - retrying click action',
    '    - waiting 500ms'
  ]
}

Node.js v24.19.0
