{"request_id":"rcc-22a2653c4ac91bec6baab66560448839","method":"GET","path":"/api/v1/query-policies","status":401,"duration_ms":0}
{"request_id":"rcc-cfa8fd413627b72671ac895f7f609e33","method":"GET","path":"/api/v1/query-policies","status":401,"duration_ms":0}
{"request_id":"rcc-329abbad0f2c71d5807f619e83b387d7","method":"GET","path":"/api/v1/query-policies","status":401,"duration_ms":0}
{"request_id":"rcc-5545496b3689d75a063b7ca2210dcc4c","method":"GET","path":"/api/v1/auth/csrf","status":200,"duration_ms":6}
{"request_id":"rcc-6cb3d4e286ce059712d328e7022ce515","method":"POST","path":"/api/v1/auth/register","status":201,"duration_ms":43}
{"request_id":"rcc-2a29a3f6ec155d5c6a88f130c02a5853","method":"GET","path":"/api/v1/auth/session","status":200,"duration_ms":1}
{"request_id":"rcc-4514a19b76570608d0326f8c452a00d0","method":"GET","path":"/api/v1/account-roles","status":200,"duration_ms":1}
{"request_id":"rcc-5435c34e35772c6ffd35b96bae3b597b","method":"GET","path":"/api/v1/query-policies","status":200,"duration_ms":1}
{"request_id":"rcc-052c43505073e752f544222e0cd5672a","method":"POST","path":"/api/v1/tables/:table_name/query","status":403,"duration_ms":0}
{"request_id":"rcc-e86631717969c5d4cfd67e53374e4024","method":"GET","path":"/api/v1/auth/session","status":200,"duration_ms":0}
{"request_id":"rcc-42a6a5802cc2b568830aee55866ae676","method":"POST","path":"/api/v1/tables/:table_name/query","status":200,"duration_ms":29}
{"request_id":"rcc-bcaa822fdd1bc78ff5f14c7961c6d9ab","method":"GET","path":"/api/v1/auth/session","status":200,"duration_ms":1}
{"request_id":"rcc-cda2c7dabec37ac03b6e700cb0a79bdd","method":"POST","path":"/api/v1/auth/logout","status":204,"duration_ms":6}
{"request_id":"rcc-a09b4d418e14241ca51acb9b94e708b9","method":"GET","path":"/api/v1/query-policies","status":401,"duration_ms":0}
{"request_id":"rcc-6ddd88887b1f7e2eefbc9fd425e1708c","method":"GET","path":"/api/v1/auth/session","status":401,"duration_ms":0}
{"request_id":"rcc-0f43ad01716875922dfb9d24944edc4b","method":"GET","path":"/api/v1/auth/session","status":401,"duration_ms":0}
{"request_id":"rcc-1f3aec73d06c7040e07c616a542546f8","method":"GET","path":"/api/v1/auth/session","status":401,"duration_ms":0}
{"request_id":"rcc-7eb4ee4cff7621e0b8ba793d30e4a76e","method":"GET","path":"/api/v1/auth/csrf","status":200,"duration_ms":7}
{"request_id":"rcc-882bd11d88de03a050a05f555bf0e6ab","method":"POST","path":"/api/v1/auth/register","status":201,"duration_ms":46}
{"request_id":"rcc-46d165e986c56a3b68e53f754a43ec9d","method":"GET","path":"/api/v1/auth/session","status":200,"duration_ms":1}
{"request_id":"rcc-9468ee8c7f6dd2a79fe2da874f81821a","method":"GET","path":"/api/v1/auth/session","status":200,"duration_ms":1}
{"request_id":"rcc-e5110c6a1dd1eb1cda1569d73fafef3f","method":"GET","path":"/api/v1/approval-notifications","status":200,"duration_ms":3}
{"request_id":"rcc-5cd86efbd6ed2971f4e494e3c271c2cc","method":"GET","path":"/api/v1/table-policies","status":200,"duration_ms":5}
{"request_id":"rcc-e2fad1f952fe43d270ad71bb79c36d4d","method":"GET","path":"/api/v1/mutation-policies/:code","status":200,"duration_ms":4}
{"request_id":"rcc-ebfe4a6130629a11c145731df1d4cbc9","method":"GET","path":"/api/v1/mutation-policy-types","status":200,"duration_ms":7}
{"request_id":"rcc-68184aef8a8453787da3742eba5a5eec","method":"GET","path":"/api/v1/query-policy-types","status":200,"duration_ms":7}
{"request_id":"rcc-5b6c43c7599fa676e52b4d99b27d13c9","method":"GET","path":"/api/v1/query-policies/:code","status":200,"duration_ms":9}
{"request_id":"rcc-e3a5a9b3c6bd777ac0823530f7cca8bc","method":"POST","path":"/api/v1/tables/:table_name/query","status":200,"duration_ms":23}
{"request_id":"rcc-a94c9c18aa5a83c3319cee70f95f709c","method":"GET","path":"/api/v1/table-field-policies/:table_name","status":200,"duration_ms":5}
{"request_id":"rcc-6cb09a354f14a19f1c4b05fb4ae80163","method":"GET","path":"/api/v1/auth/csrf","status":200,"duration_ms":8}
{"request_id":"rcc-ccec7d0cb1f5ffcd1ed97298a65bd7ac","method":"POST","path":"/api/v1/auth/register","status":201,"duration_ms":43}
{"request_id":"rcc-4e06a52b10abfcc11db8b91537f78cda","method":"GET","path":"/api/v1/auth/session","status":200,"duration_ms":1}
{"request_id":"rcc-6b3ab910067a7242778c9d1c6dcf2784","method":"GET","path":"/api/v1/account-roles","status":200,"duration_ms":2}
{"request_id":"rcc-c1f00343fcbf2ec250f00cab82aa78ae","method":"GET","path":"/api/v1/account-roles","status":200,"duration_ms":2}
{"request_id":"rcc-79da2027ffc46fbed64fa4b7667fad49","method":"GET","path":"/api/v1/approval-notifications","status":200,"duration_ms":2}
{"request_id":"rcc-7a44048893115395564e609c1728f2f3","method":"GET","path":"/api/v1/account-roles","status":200,"duration_ms":3}
{"request_id":"rcc-1fdb193096619536ba17d02bc710ae3f","method":"POST","path":"/api/v1/auth/activity","status":200,"duration_ms":10}
{"request_id":"rcc-e2f7f5a7f49965170565aa96eadc0df5","method":"GET","path":"/api/v1/account-roles/:id/history","status":200,"duration_ms":2}
{"request_id":"rcc-62f195f226fb34fd3fc5ec26d09a243c","method":"PUT","path":"/api/v1/account-roles/:id","status":200,"duration_ms":15}
{"request_id":"rcc-f9bf3ba0c08bd8c2d3aacc1c90c36a26","method":"GET","path":"/api/v1/auth/session","status":200,"duration_ms":1}
{"request_id":"rcc-e5fd5bf7c5de5456b431e9cf907bb158","method":"GET","path":"/api/v1/account-roles","status":200,"duration_ms":2}
{"request_id":"rcc-bb3c59b255c9d004184f1ca8b3c7f053","method":"GET","path":"/api/v1/auth/session","status":200,"duration_ms":1}
{"request_id":"rcc-ac39db146f1d0900ef1007531b86a741","method":"GET","path":"/api/v1/account-roles/:id/history","status":200,"duration_ms":3}
{"request_id":"rcc-0419a7571e551044d7fbb67dd39e7b78","method":"GET","path":"/api/v1/auth/csrf","status":200,"duration_ms":13}
{"request_id":"rcc-5cf3c4711a37589f7fb7793bbe5507f8","method":"POST","path":"/api/v1/auth/login","status":200,"duration_ms":56}
{"request_id":"rcc-809b1873ade2f22a26ac824e48031b3a","method":"GET","path":"/api/v1/auth/session","status":200,"duration_ms":1}
{"request_id":"rcc-6e6e1c66ed0ca09d1afaf023efdf1ea0","method":"POST","path":"/api/v1/approval-roles","status":201,"duration_ms":14}
{"request_id":"rcc-63d1ab89df1722ec984b408e8597c120","method":"GET","path":"/api/v1/auth/session","status":200,"duration_ms":1}
{"request_id":"rcc-6c5a9e6291169359518074b6f57329f4","method":"GET","path":"/api/v1/table-policies/:table_name/approval-roles","status":200,"duration_ms":3}
{"request_id":"rcc-1eb6a548a30d58ea9c72a7ebe902a0ef","method":"GET","path":"/api/v1/auth/session","status":200,"duration_ms":0}
{"request_id":"rcc-4098834f84e2598cbb06b017717899dc","method":"PUT","path":"/api/v1/table-policies/:table_name/approval-roles","status":200,"duration_ms":21}
{"request_id":"rcc-d4126961e0a1254671a10cc3e67f1eea","method":"GET","path":"/api/v1/auth/session","status":503,"duration_ms":1}
{"request_id":"rcc-ce5d08eece31868e763dbffd088e19d1","method":"GET","path":"/api/v1/auth/session","status":200,"duration_ms":1}
{"request_id":"rcc-e41b49a727c9fdf8493ad609f0b1b266","method":"GET","path":"/api/v1/table-policies","status":200,"duration_ms":2}
{"request_id":"rcc-3b06bbec8d51f9d68c62a4f3ddb0e1d3","method":"GET","path":"/api/v1/approval-notifications","status":200,"duration_ms":3}
{"request_id":"rcc-f9543691effd3f36b9d669f274ae5039","method":"GET","path":"/api/v1/auth/session","status":200,"duration_ms":1}
{"request_id":"rcc-245d1435ede010e5be5446362b4bafbe","method":"GET","path":"/api/v1/table-policies","status":200,"duration_ms":2}
{"request_id":"rcc-3e98e11598b2e397e92f7073d86c7805","method":"GET","path":"/api/v1/approval-notifications","status":200,"duration_ms":3}
{"request_id":"rcc-2402bf71a49d77013b3c6158be7e5de5","method":"GET","path":"/api/v1/query-policy-types","status":200,"duration_ms":1}
{"request_id":"rcc-0eeef1e31b42d502af8897ae92682739","method":"GET","path":"/api/v1/query-policies/:code","status":200,"duration_ms":4}
{"request_id":"rcc-6601b0f35a427b51d86e8bf719f780a9","method":"GET","path":"/api/v1/mutation-policies/:code","status":200,"duration_ms":3}
{"request_id":"rcc-88decabf28a2c3bdefa76f0642dae89b","method":"GET","path":"/api/v1/mutation-policy-types","status":200,"duration_ms":5}
{"request_id":"rcc-0aabe2e955bde81743dccfd5aa13f0b4","method":"GET","path":"/api/v1/mutation-policies/:code","status":200,"duration_ms":5}
{"request_id":"rcc-b5394cd4fa9d6784c259b8a4b7b19d0b","method":"POST","path":"/api/v1/tables/:table_name/query","status":200,"duration_ms":26}
{"request_id":"rcc-caf6b02e1fba11ba22f441834bff57c7","method":"POST","path":"/api/v1/tables/:table_name/query","status":200,"duration_ms":29}
{"request_id":"rcc-c0497779321eafc616ecb3e9aad95f56","method":"GET","path":"/api/v1/table-field-policies/:table_name","status":200,"duration_ms":6}
{"request_id":"rcc-dec149455a4a55c8f632a52ca49befd7","method":"GET","path":"/api/v1/table-field-policies/:table_name","status":200,"duration_ms":6}
{"request_id":"rcc-929a44d687190375818b2c6018a66bf3","method":"GET","path":"/api/v1/auth/session","status":401,"duration_ms":0}
{"request_id":"rcc-857b0a21f14382f0efcdbee520761355","method":"GET","path":"/api/v1/auth/session","status":401,"duration_ms":0}
{"request_id":"rcc-ef54d01066885bd6f4be5cb23f195154","method":"GET","path":"/api/v1/auth/csrf","status":200,"duration_ms":17}
{"request_id":"rcc-d0ffacd901552b2e75648418a9c34296","method":"POST","path":"/api/v1/auth/login","status":200,"duration_ms":65}
{"request_id":"rcc-b85489001fd703241b00024fcd8ef511","method":"GET","path":"/api/v1/query-policy-types","status":200,"duration_ms":3}
{"request_id":"rcc-68a4d5f9873786d4dfb57f1290af8495","method":"GET","path":"/api/v1/table-policies","status":200,"duration_ms":5}
{"request_id":"rcc-6f2e0c2ffc4a564caec6279a1f075879","method":"GET","path":"/api/v1/mutation-policy-types","status":200,"duration_ms":2}
{"request_id":"rcc-444cf194554cde5d740d92dd7c79a682","method":"GET","path":"/api/v1/query-policies/:code","status":200,"duration_ms":6}
{"request_id":"rcc-cfa365a0a8d73a21d455a3a1d7d2ff2c","method":"GET","path":"/api/v1/table-field-policies/:table_name","status":200,"duration_ms":15}
{"request_id":"rcc-4caaab7f8a62115204872e51fdf57117","method":"GET","path":"/api/v1/mutation-policies/:code","status":200,"duration_ms":15}
{"request_id":"rcc-07f51c90c0dc6c7e79a855b368c20203","method":"POST","path":"/api/v1/tables/:table_name/query","status":200,"duration_ms":36}
{"request_id":"rcc-7f691ea09508053ae42e8eb7e98f316e","method":"GET","path":"/api/v1/approval-notifications","status":200,"duration_ms":2}
{"request_id":"rcc-fead8d9167b88992b31f5c44cd1892c9","method":"GET","path":"/api/v1/approval-notifications","status":200,"duration_ms":3}
{"request_id":"rcc-bddaaa6752130cccfa3cf46e97ffd027","method":"POST","path":"/api/v1/auth/activity","status":200,"duration_ms":12}
{"request_id":"rcc-211bc3547e216d5308083b8005330bb1","method":"POST","path":"/api/v1/release-orders","status":201,"duration_ms":41}
{"request_id":"rcc-1bc4c83b9faa7415c5e2731239be777a","method":"GET","path":"/api/v1/approval-notifications","status":200,"duration_ms":3}
{"request_id":"rcc-9d4621a45df452acc27d40aca0094096","method":"GET","path":"/api/v1/approval-notifications","status":200,"duration_ms":3}
{"request_id":"rcc-2c533e54683c799b7604cb4b74fa8447","method":"GET","path":"/api/v1/release-orders/:id","status":200,"duration_ms":17}
{"request_id":"rcc-82fd4990d8c16a183c36a81936202151","method":"GET","path":"/api/v1/release-orders/:id/details","status":200,"duration_ms":10}
{"request_id":"rcc-a2c00b174692c5ecdcd1fed632dab350","method":"GET","path":"/api/v1/table-field-policies/:table_name","status":200,"duration_ms":11}
{"request_id":"rcc-cd52ae74576e91ab079972408d644af6","method":"GET","path":"/api/v1/release-orders/:id/people","status":200,"duration_ms":23}
{"request_id":"rcc-7443f946a75c4fd91368abe7d8a7ac2a","method":"GET","path":"/api/v1/release-orders/:id/details","status":200,"duration_ms":9}
{"request_id":"rcc-8d061894c330a3bde9668979aeaf571f","method":"POST","path":"/api/v1/release-orders/:id/submit","status":200,"duration_ms":91}
{"request_id":"rcc-c4aaf882184e0d42c22bcf8fe848e4a2","method":"GET","path":"/api/v1/approval-notifications","status":200,"duration_ms":3}
{"request_id":"rcc-c95fbc1e888c0bda88952b79bbac3d3b","method":"GET","path":"/api/v1/release-orders/:id","status":200,"duration_ms":14}
{"request_id":"rcc-1e85945bdfad5d548a77779bd0776880","method":"GET","path":"/api/v1/release-orders/:id/people","status":200,"duration_ms":16}
{"request_id":"rcc-c2bdad55f235d7991d99df2f93673950","method":"GET","path":"/api/v1/release-orders/:id/details","status":200,"duration_ms":7}
{"request_id":"rcc-326004c363efb46166489dc655595664","method":"GET","path":"/api/v1/auth/session","status":200,"duration_ms":2}
{"request_id":"rcc-5792fb3255154f6a2ed4f6e78f55c89b","method":"GET","path":"/api/v1/approval-notifications","status":200,"duration_ms":3}
{"request_id":"rcc-e6cf6bbadaf2f7bb8d6dc83c74b45b4b","method":"GET","path":"/api/v1/release-orders/:id","status":200,"duration_ms":10}
{"request_id":"rcc-fe6cabf214e587044072a281ea804692","method":"GET","path":"/api/v1/table-field-policies/:table_name","status":200,"duration_ms":6}
{"request_id":"rcc-82d615e3bd5be734b7119f5ccf7e0278","method":"GET","path":"/api/v1/release-orders/:id/details","status":200,"duration_ms":8}
{"request_id":"rcc-ca2d8e12619d018207820ea094e153a0","method":"POST","path":"/api/v1/release-orders/:id/notification-read","status":200,"duration_ms":14}
{"request_id":"rcc-0ed46fb0c1fb1c933437fe5cfe9a5c18","method":"GET","path":"/api/v1/release-orders/:id/people","status":200,"duration_ms":15}
{"request_id":"rcc-25f434fdf811a9a0df405c870960185a","method":"GET","path":"/api/v1/approval-notifications","status":200,"duration_ms":4}
{"request_id":"rcc-74bf6ad58083279eaff5c7381d9b9542","method":"GET","path":"/api/v1/release-orders/:id/details","status":200,"duration_ms":6}
{"request_id":"rcc-c8215f9825de967649d171a6d948902f","method":"POST","path":"/api/v1/auth/activity","status":200,"duration_ms":13}
{"request_id":"rcc-ffd829e375df15d29a7a366591a15202","method":"POST","path":"/api/v1/release-orders/:id/approve","status":200,"duration_ms":41}
{"request_id":"rcc-ad36fd804d586bc5b16640d22e34c4ac","method":"GET","path":"/api/v1/approval-notifications","status":200,"duration_ms":3}
{"request_id":"rcc-cd40a5f38b2b7e758c88286fe60b67bd","method":"GET","path":"/api/v1/release-orders/:id","status":200,"duration_ms":12}
{"request_id":"rcc-d0edaa49f356786cf29883da8737efd7","method":"GET","path":"/api/v1/release-orders/:id/people","status":200,"duration_ms":17}
{"request_id":"rcc-0fcbb51b25217f5f1c9d2ef025890334","method":"GET","path":"/api/v1/release-orders/:id/details","status":200,"duration_ms":9}
{"request_id":"rcc-cedeb9691cee09b5cc7d49d57dbc2cc4","method":"GET","path":"/api/v1/auth/session","status":200,"duration_ms":1}
{"request_id":"rcc-08608325c5417375a9baeeaa9282fe09","method":"GET","path":"/api/v1/approval-notifications","status":200,"duration_ms":4}
{"request_id":"rcc-2f00fd2545c80b4a24a0f6cc22535bd4","method":"GET","path":"/api/v1/release-orders/:id","status":200,"duration_ms":14}
{"request_id":"rcc-5378c5221c001d43c15119428ba242ac","method":"GET","path":"/api/v1/table-field-policies/:table_name","status":200,"duration_ms":8}
{"request_id":"rcc-dc61c37fcf56a5557c0987d96223222a","method":"GET","path":"/api/v1/release-orders/:id/details","status":200,"duration_ms":9}
{"request_id":"rcc-d67a3aff8da2407657a88be805f44c05","method":"POST","path":"/api/v1/release-orders/:id/notification-read","status":200,"duration_ms":17}
{"request_id":"rcc-ec7302cdb379b1093718b170afc0de20","method":"GET","path":"/api/v1/release-orders/:id/people","status":200,"duration_ms":17}
{"request_id":"rcc-ca21b8d192f00200321cd0d2b4810557","method":"GET","path":"/api/v1/approval-notifications","status":200,"duration_ms":3}
{"request_id":"rcc-7e03a779ec8fc41ccabdbcb6a908d3f7","method":"GET","path":"/api/v1/release-orders/:id/details","status":200,"duration_ms":8}
{"request_id":"rcc-3216ad9bb7672474b1f67ac5814225d4","method":"POST","path":"/api/v1/release-orders/:id/execute","status":200,"duration_ms":103}
{"request_id":"rcc-556b6fbf3d626d18b79436cdb51aea64","method":"GET","path":"/api/v1/approval-notifications","status":200,"duration_ms":2}
{"request_id":"rcc-4bf34f59b3cfa1ecccb0522a5b66f72d","method":"GET","path":"/api/v1/release-orders/:id","status":200,"duration_ms":12}
{"request_id":"rcc-22a9eee7d5c5e9d14b1b20df62e90e9f","method":"GET","path":"/api/v1/release-orders/:id/details","status":200,"duration_ms":6}
{"request_id":"rcc-a91f2eb2622df13ce14c6cc8e96857e3","method":"GET","path":"/api/v1/auth/session","status":200,"duration_ms":1}
{"request_id":"rcc-6204b6c51461b07b06a5faecb1db2957","method":"GET","path":"/api/v1/approval-notifications","status":200,"duration_ms":2}
{"request_id":"rcc-dcc78bb0b1f3224dac6cfc8db5db16d1","method":"GET","path":"/api/v1/release-orders/:id","status":200,"duration_ms":13}
{"request_id":"rcc-4482989f12417ad7a35785ee60ab85bf","method":"GET","path":"/api/v1/table-field-policies/:table_name","status":200,"duration_ms":6}
{"request_id":"rcc-960d7462a005b63bb9cea270fd8d20db","method":"GET","path":"/api/v1/release-orders/:id/details","status":200,"duration_ms":9}
{"request_id":"rcc-de1f83ff3a82372132a6ba9de26ac126","method":"GET","path":"/api/v1/release-orders/:id/people","status":200,"duration_ms":13}
{"request_id":"rcc-badb93141bf0ec096c480bbe31f14ea6","method":"GET","path":"/api/v1/release-orders/:id/details","status":200,"duration_ms":7}
{"request_id":"rcc-c53a3fdfbb17879997e9722f5b7fd818","method":"POST","path":"/api/v1/release-orders/:id/execute","status":200,"duration_ms":24}
{"request_id":"rcc-707559a6f3ac5d1b438be5d979eb5455","method":"GET","path":"/api/v1/approval-notifications","status":200,"duration_ms":3}
{"request_id":"rcc-4c784102c53e6b65a655535dabb66db8","method":"GET","path":"/api/v1/release-orders/:id","status":200,"duration_ms":18}
{"request_id":"rcc-fa65985582a6cb0182210bb5b32288bc","method":"GET","path":"/api/v1/release-orders/:id/people","status":200,"duration_ms":20}
