=== RUN   TestTemplateApprovalSchemaPreservesPublishedRolesAndChecksCompleteReadiness
2026/09/11 08:00:39 github.com/testcontainers/testcontainers-go - Connected to docker: 
  Server Version: 29.5.2
  API Version: 1.54
  Operating System: Ubuntu 24.04.4 LTS
  Total Memory: 3904 MB
  Testcontainers for Go Version: v0.44.0
  Resolved Docker Host: unix:///Users/asher/.colima/default/docker.sock
  Resolved Docker Socket Path: /Users/asher/.colima/default/docker.sock
  Test SessionID: e7b4997fee93b14e38582c59e005b9abaf500876919213dea9a4d1ce4b8cdcb3
  Test ProcessID: 14ace419-9c7f-496f-8eb0-90eb9ad78fec
2026/09/11 08:00:39 🐳 Creating container for image mysql:8.4
2026/09/11 08:00:39 ✅ Container created: 5709bfea25bf
2026/09/11 08:00:39 🐳 Starting container: 5709bfea25bf
2026/09/11 08:00:39 ✅ Container started: 5709bfea25bf
2026/09/11 08:00:39 ⏳ Waiting for container id 5709bfea25bf image: mysql:8.4. Waiting for: all of: [log message "port: 3306  MySQL Community Server"]
2026/09/11 08:00:46 🔔 Container is ready: 5709bfea25bf
=== RUN   TestTemplateApprovalSchemaPreservesPublishedRolesAndChecksCompleteReadiness/rcc_approval_roles
    template_approval_schema_integration_test.go:50: current cumulative manifest omitted published rcc_approval_roles: 200 {"status":"ready"}
=== RUN   TestTemplateApprovalSchemaPreservesPublishedRolesAndChecksCompleteReadiness/rcc_approval_role_members
    template_approval_schema_integration_test.go:50: current cumulative manifest omitted published rcc_approval_role_members: 200 {"status":"ready"}
=== RUN   TestTemplateApprovalSchemaPreservesPublishedRolesAndChecksCompleteReadiness/rcc_approval_role_requests
    template_approval_schema_integration_test.go:50: current cumulative manifest omitted published rcc_approval_role_requests: 200 {"status":"ready"}
=== RUN   TestTemplateApprovalSchemaPreservesPublishedRolesAndChecksCompleteReadiness/rcc_approval_role_references
    template_approval_schema_integration_test.go:50: current cumulative manifest omitted published rcc_approval_role_references: 200 {"status":"ready"}
=== RUN   TestTemplateApprovalSchemaPreservesPublishedRolesAndChecksCompleteReadiness/rcc_table_approval_assignments
    template_approval_schema_integration_test.go:50: current cumulative manifest omitted published rcc_table_approval_assignments: 200 {"status":"ready"}
=== RUN   TestTemplateApprovalSchemaPreservesPublishedRolesAndChecksCompleteReadiness/rcc_table_approval_requests
    template_approval_schema_integration_test.go:50: current cumulative manifest omitted published rcc_table_approval_requests: 200 {"status":"ready"}
2026/09/11 08:00:54 🐳 Stopping container: 5709bfea25bf
2026/09/11 08:00:55 ✅ Container stopped: 5709bfea25bf
2026/09/11 08:00:55 🐳 Terminating container: 5709bfea25bf
2026/09/11 08:00:55 🚫 Container terminated: 5709bfea25bf
--- FAIL: TestTemplateApprovalSchemaPreservesPublishedRolesAndChecksCompleteReadiness (15.87s)
    --- FAIL: TestTemplateApprovalSchemaPreservesPublishedRolesAndChecksCompleteReadiness/rcc_approval_roles (0.09s)
    --- FAIL: TestTemplateApprovalSchemaPreservesPublishedRolesAndChecksCompleteReadiness/rcc_approval_role_members (0.08s)
    --- FAIL: TestTemplateApprovalSchemaPreservesPublishedRolesAndChecksCompleteReadiness/rcc_approval_role_requests (0.08s)
    --- FAIL: TestTemplateApprovalSchemaPreservesPublishedRolesAndChecksCompleteReadiness/rcc_approval_role_references (0.08s)
    --- FAIL: TestTemplateApprovalSchemaPreservesPublishedRolesAndChecksCompleteReadiness/rcc_table_approval_assignments (0.08s)
    --- FAIL: TestTemplateApprovalSchemaPreservesPublishedRolesAndChecksCompleteReadiness/rcc_table_approval_requests (0.08s)
FAIL
FAIL	github.com/asherzj/relational-config-center/admin/cmd/admin	16.588s
FAIL
