=== RUN   TestGenerateIntegratedTemplateManifests
2026/09/11 08:02:22 github.com/testcontainers/testcontainers-go - Connected to docker: 
  Server Version: 29.5.2
  API Version: 1.54
  Operating System: Ubuntu 24.04.4 LTS
  Total Memory: 3904 MB
  Testcontainers for Go Version: v0.44.0
  Resolved Docker Host: unix:///Users/asher/.colima/default/docker.sock
  Resolved Docker Socket Path: /Users/asher/.colima/default/docker.sock
  Test SessionID: 2403c0fa8df6c3c6ad7efa946e08408824aa1990158befa201b0526cf6449218
  Test ProcessID: d1b468ab-9767-41d1-9e29-350fa76bf887
2026/09/11 08:02:22 🐳 Creating container for image mysql:8.4
2026/09/11 08:02:22 ✅ Container created: 2fd92509cbe4
2026/09/11 08:02:22 🐳 Starting container: 2fd92509cbe4
2026/09/11 08:02:22 ✅ Container started: 2fd92509cbe4
2026/09/11 08:02:22 ⏳ Waiting for container id 2fd92509cbe4 image: mysql:8.4. Waiting for: all of: [log message "port: 3306  MySQL Community Server"]
2026/09/11 08:02:29 🔔 Container is ready: 2fd92509cbe4
    temporary_integrated_manifest_test.go:61: captured actual MySQL cumulative manifest 8: 27 control tables
    temporary_integrated_manifest_test.go:61: captured actual MySQL cumulative manifest 9: 28 control tables
2026/09/11 08:02:31 🐳 Stopping container: 2fd92509cbe4
2026/09/11 08:02:32 ✅ Container stopped: 2fd92509cbe4
2026/09/11 08:02:32 🐳 Terminating container: 2fd92509cbe4
2026/09/11 08:02:32 🚫 Container terminated: 2fd92509cbe4
--- PASS: TestGenerateIntegratedTemplateManifests (9.93s)
PASS
ok  	github.com/asherzj/relational-config-center/admin/cmd/admin	10.903s
