=== RUN   TestAccountUpgradeFromLegacyMatchesFreshSchema
2026/09/11 08:15:38 github.com/testcontainers/testcontainers-go - Connected to docker: 
  Server Version: 29.5.2
  API Version: 1.54
  Operating System: Ubuntu 24.04.4 LTS
  Total Memory: 3904 MB
  Testcontainers for Go Version: v0.44.0
  Resolved Docker Host: unix:///Users/asher/.colima/default/docker.sock
  Resolved Docker Socket Path: /Users/asher/.colima/default/docker.sock
  Test SessionID: 7ea8080569f1a951e92bcf1820fb2449b15b7847a8099e6077b50c3c5694d3ad
  Test ProcessID: 59fe0b3d-549c-4839-991b-8e4b8362402c
2026/09/11 08:15:38 🐳 Creating container for image mysql:8.4
2026/09/11 08:15:38 ✅ Container created: 7aab03f2cdd7
2026/09/11 08:15:38 🐳 Starting container: 7aab03f2cdd7
2026/09/11 08:15:38 ✅ Container started: 7aab03f2cdd7
2026/09/11 08:15:38 ⏳ Waiting for container id 7aab03f2cdd7 image: mysql:8.4. Waiting for: all of: [log message "port: 3306  MySQL Community Server"]
2026/09/11 08:15:44 🔔 Container is ready: 7aab03f2cdd7
2026/09/11 08:15:54 🐳 Stopping container: 7aab03f2cdd7
2026/09/11 08:15:56 ✅ Container stopped: 7aab03f2cdd7
2026/09/11 08:15:56 🐳 Terminating container: 7aab03f2cdd7
2026/09/11 08:15:56 🚫 Container terminated: 7aab03f2cdd7
--- PASS: TestAccountUpgradeFromLegacyMatchesFreshSchema (18.14s)
=== RUN   TestApprovalRoleSchemaPreservesFrozenBaselineAndRecoversUpgrade
2026/09/11 08:15:57 🐳 Creating container for image mysql:8.4
2026/09/11 08:15:57 ✅ Container created: d177df118403
2026/09/11 08:15:57 🐳 Starting container: d177df118403
2026/09/11 08:15:57 ✅ Container started: d177df118403
2026/09/11 08:15:57 ⏳ Waiting for container id d177df118403 image: mysql:8.4. Waiting for: all of: [log message "port: 3306  MySQL Community Server"]
2026/09/11 08:16:03 🔔 Container is ready: d177df118403
2026/09/11 08:16:11 🐳 Stopping container: d177df118403
2026/09/11 08:16:12 ✅ Container stopped: d177df118403
2026/09/11 08:16:12 🐳 Terminating container: d177df118403
2026/09/11 08:16:12 🚫 Container terminated: d177df118403
--- PASS: TestApprovalRoleSchemaPreservesFrozenBaselineAndRecoversUpgrade (16.84s)
=== RUN   TestSchemaBaselineAdoptsCurrentDatabaseWithoutReplayingHistory
2026/09/11 08:16:13 🐳 Creating container for image mysql:8.4
2026/09/11 08:16:13 ✅ Container created: 0e87a7bf4008
2026/09/11 08:16:13 🐳 Starting container: 0e87a7bf4008
2026/09/11 08:16:13 ✅ Container started: 0e87a7bf4008
2026/09/11 08:16:13 ⏳ Waiting for container id 0e87a7bf4008 image: mysql:8.4. Waiting for: all of: [log message "port: 3306  MySQL Community Server"]
2026/09/11 08:16:19 🔔 Container is ready: 0e87a7bf4008
{"request_id":"rcc-e51a451e5dc42f2642c4701bdb058d0c","method":"GET","path":"/api/v1/auth/session","status":200,"duration_ms":1}
{"request_id":"rcc-9f9153390bf8a0ee9107ac16f31bba8c","method":"GET","path":"/api/v1/release-orders/:id","status":503,"duration_ms":3}
2026/09/11 08:16:21 🐳 Stopping container: 0e87a7bf4008
2026/09/11 08:16:22 ✅ Container stopped: 0e87a7bf4008
2026/09/11 08:16:22 🐳 Terminating container: 0e87a7bf4008
2026/09/11 08:16:22 🚫 Container terminated: 0e87a7bf4008
--- PASS: TestSchemaBaselineAdoptsCurrentDatabaseWithoutReplayingHistory (9.21s)
=== RUN   TestSchemaMigrationInitializesEmptyDatabase
2026/09/11 08:16:22 🐳 Creating container for image mysql:8.4
2026/09/11 08:16:22 ✅ Container created: 91d3d4414feb
2026/09/11 08:16:22 🐳 Starting container: 91d3d4414feb
2026/09/11 08:16:22 ✅ Container started: 91d3d4414feb
2026/09/11 08:16:22 ⏳ Waiting for container id 91d3d4414feb image: mysql:8.4. Waiting for: all of: [log message "port: 3306  MySQL Community Server"]
2026/09/11 08:16:28 🔔 Container is ready: 91d3d4414feb
2026/09/11 08:16:30 🐳 Stopping container: 91d3d4414feb
2026/09/11 08:16:32 ✅ Container stopped: 91d3d4414feb
2026/09/11 08:16:32 🐳 Terminating container: 91d3d4414feb
2026/09/11 08:16:32 🚫 Container terminated: 91d3d4414feb
--- PASS: TestSchemaMigrationInitializesEmptyDatabase (10.09s)
=== RUN   TestSchemaMigrationPartialDDLRequiresExplicitRecovery
2026/09/11 08:16:32 🐳 Creating container for image mysql:8.4
2026/09/11 08:16:32 ✅ Container created: 935234fc9de6
2026/09/11 08:16:32 🐳 Starting container: 935234fc9de6
2026/09/11 08:16:32 ✅ Container started: 935234fc9de6
2026/09/11 08:16:32 ⏳ Waiting for container id 935234fc9de6 image: mysql:8.4. Waiting for: all of: [log message "port: 3306  MySQL Community Server"]
2026/09/11 08:16:39 🔔 Container is ready: 935234fc9de6
2026/09/11 08:16:42 🐳 Stopping container: 935234fc9de6
2026/09/11 08:16:44 ✅ Container stopped: 935234fc9de6
2026/09/11 08:16:44 🐳 Terminating container: 935234fc9de6
2026/09/11 08:16:44 🚫 Container terminated: 935234fc9de6
--- PASS: TestSchemaMigrationPartialDDLRequiresExplicitRecovery (12.21s)
=== RUN   TestSchemaMigrationUpgradesToNextRelease
2026/09/11 08:16:45 🐳 Creating container for image mysql:8.4
2026/09/11 08:16:45 ✅ Container created: d2b7ac393686
2026/09/11 08:16:45 🐳 Starting container: d2b7ac393686
2026/09/11 08:16:46 ✅ Container started: d2b7ac393686
2026/09/11 08:16:46 ⏳ Waiting for container id d2b7ac393686 image: mysql:8.4. Waiting for: all of: [log message "port: 3306  MySQL Community Server"]
2026/09/11 08:16:52 🔔 Container is ready: d2b7ac393686
2026/09/11 08:16:57 🐳 Stopping container: d2b7ac393686
2026/09/11 08:16:58 ✅ Container stopped: d2b7ac393686
2026/09/11 08:16:58 🐳 Terminating container: d2b7ac393686
2026/09/11 08:16:58 🚫 Container terminated: d2b7ac393686
--- PASS: TestSchemaMigrationUpgradesToNextRelease (14.19s)
=== RUN   TestSchemaMigrationCommittedVersionNeedsConfirmedRecovery
2026/09/11 08:17:00 🐳 Creating container for image mysql:8.4
2026/09/11 08:17:00 ✅ Container created: 513a6c63e585
2026/09/11 08:17:00 🐳 Starting container: 513a6c63e585
2026/09/11 08:17:00 ✅ Container started: 513a6c63e585
2026/09/11 08:17:00 ⏳ Waiting for container id 513a6c63e585 image: mysql:8.4. Waiting for: all of: [log message "port: 3306  MySQL Community Server"]
2026/09/11 08:17:06 🔔 Container is ready: 513a6c63e585
2026/09/11 08:17:09 🐳 Stopping container: 513a6c63e585
2026/09/11 08:17:10 ✅ Container stopped: 513a6c63e585
2026/09/11 08:17:10 🐳 Terminating container: 513a6c63e585
2026/09/11 08:17:10 🚫 Container terminated: 513a6c63e585
--- PASS: TestSchemaMigrationCommittedVersionNeedsConfirmedRecovery (12.21s)
=== RUN   TestSchemaReadinessContinuouslyChecksStateAndCompleteStructureReadOnly
2026/09/11 08:17:10 🐳 Creating container for image mysql:8.4
2026/09/11 08:17:10 ✅ Container created: c1e88dd1d711
2026/09/11 08:17:10 🐳 Starting container: c1e88dd1d711
2026/09/11 08:17:11 ✅ Container started: c1e88dd1d711
2026/09/11 08:17:11 ⏳ Waiting for container id c1e88dd1d711 image: mysql:8.4. Waiting for: all of: [log message "port: 3306  MySQL Community Server"]
2026/09/11 08:17:17 🔔 Container is ready: c1e88dd1d711
=== RUN   TestSchemaReadinessContinuouslyChecksStateAndCompleteStructureReadOnly/unmanaged
=== RUN   TestSchemaReadinessContinuouslyChecksStateAndCompleteStructureReadOnly/ahead
=== RUN   TestSchemaReadinessContinuouslyChecksStateAndCompleteStructureReadOnly/unknown
=== RUN   TestSchemaReadinessContinuouslyChecksStateAndCompleteStructureReadOnly/release_digest
=== RUN   TestSchemaReadinessContinuouslyChecksStateAndCompleteStructureReadOnly/missing_column
=== RUN   TestSchemaReadinessContinuouslyChecksStateAndCompleteStructureReadOnly/wrong_default
=== RUN   TestSchemaReadinessContinuouslyChecksStateAndCompleteStructureReadOnly/missing_index
=== RUN   TestSchemaReadinessContinuouslyChecksStateAndCompleteStructureReadOnly/missing_field_policy
=== RUN   TestSchemaReadinessContinuouslyChecksStateAndCompleteStructureReadOnly/missing_release_templates
=== RUN   TestSchemaReadinessContinuouslyChecksStateAndCompleteStructureReadOnly/release_template_unique_key
=== RUN   TestSchemaReadinessContinuouslyChecksStateAndCompleteStructureReadOnly/release_template_check
=== RUN   TestSchemaReadinessContinuouslyChecksStateAndCompleteStructureReadOnly/missing_default_emergency_template
=== RUN   TestSchemaReadinessContinuouslyChecksStateAndCompleteStructureReadOnly/field_policy_unique_key
=== RUN   TestSchemaReadinessContinuouslyChecksStateAndCompleteStructureReadOnly/field_policy_check
=== RUN   TestSchemaReadinessContinuouslyChecksStateAndCompleteStructureReadOnly/unenforced_check
=== RUN   TestSchemaReadinessContinuouslyChecksStateAndCompleteStructureReadOnly/wrong_engine
=== RUN   TestSchemaReadinessContinuouslyChecksStateAndCompleteStructureReadOnly/empty_roles
=== RUN   TestSchemaReadinessContinuouslyChecksStateAndCompleteStructureReadOnly/unknown_role
=== RUN   TestSchemaReadinessContinuouslyChecksStateAndCompleteStructureReadOnly/zero_role_version
=== RUN   TestSchemaReadinessContinuouslyChecksStateAndCompleteStructureReadOnly/journal_engine
=== RUN   TestSchemaReadinessContinuouslyChecksStateAndCompleteStructureReadOnly/journal_column
=== RUN   TestSchemaReadinessContinuouslyChecksStateAndCompleteStructureReadOnly/older_unconfirmed_attempt
=== RUN   TestSchemaReadinessContinuouslyChecksStateAndCompleteStructureReadOnly/missing_required_metadata
2026/09/11 08:17:27 🐳 Stopping container: c1e88dd1d711
2026/09/11 08:17:28 ✅ Container stopped: c1e88dd1d711
2026/09/11 08:17:28 🐳 Terminating container: c1e88dd1d711
2026/09/11 08:17:28 🚫 Container terminated: c1e88dd1d711
--- PASS: TestSchemaReadinessContinuouslyChecksStateAndCompleteStructureReadOnly (17.51s)
    --- PASS: TestSchemaReadinessContinuouslyChecksStateAndCompleteStructureReadOnly/unmanaged (0.16s)
    --- PASS: TestSchemaReadinessContinuouslyChecksStateAndCompleteStructureReadOnly/ahead (0.14s)
    --- PASS: TestSchemaReadinessContinuouslyChecksStateAndCompleteStructureReadOnly/unknown (0.15s)
    --- PASS: TestSchemaReadinessContinuouslyChecksStateAndCompleteStructureReadOnly/release_digest (0.16s)
    --- PASS: TestSchemaReadinessContinuouslyChecksStateAndCompleteStructureReadOnly/missing_column (0.21s)
    --- PASS: TestSchemaReadinessContinuouslyChecksStateAndCompleteStructureReadOnly/wrong_default (0.18s)
    --- PASS: TestSchemaReadinessContinuouslyChecksStateAndCompleteStructureReadOnly/missing_index (0.21s)
    --- PASS: TestSchemaReadinessContinuouslyChecksStateAndCompleteStructureReadOnly/missing_field_policy (0.27s)
    --- PASS: TestSchemaReadinessContinuouslyChecksStateAndCompleteStructureReadOnly/missing_release_templates (0.25s)
    --- PASS: TestSchemaReadinessContinuouslyChecksStateAndCompleteStructureReadOnly/release_template_unique_key (0.28s)
    --- PASS: TestSchemaReadinessContinuouslyChecksStateAndCompleteStructureReadOnly/release_template_check (0.28s)
    --- PASS: TestSchemaReadinessContinuouslyChecksStateAndCompleteStructureReadOnly/missing_default_emergency_template (0.26s)
    --- PASS: TestSchemaReadinessContinuouslyChecksStateAndCompleteStructureReadOnly/field_policy_unique_key (0.26s)
    --- PASS: TestSchemaReadinessContinuouslyChecksStateAndCompleteStructureReadOnly/field_policy_check (0.27s)
    --- PASS: TestSchemaReadinessContinuouslyChecksStateAndCompleteStructureReadOnly/unenforced_check (0.23s)
    --- PASS: TestSchemaReadinessContinuouslyChecksStateAndCompleteStructureReadOnly/wrong_engine (0.21s)
    --- PASS: TestSchemaReadinessContinuouslyChecksStateAndCompleteStructureReadOnly/empty_roles (0.26s)
    --- PASS: TestSchemaReadinessContinuouslyChecksStateAndCompleteStructureReadOnly/unknown_role (0.26s)
    --- PASS: TestSchemaReadinessContinuouslyChecksStateAndCompleteStructureReadOnly/zero_role_version (0.26s)
    --- PASS: TestSchemaReadinessContinuouslyChecksStateAndCompleteStructureReadOnly/journal_engine (0.18s)
    --- PASS: TestSchemaReadinessContinuouslyChecksStateAndCompleteStructureReadOnly/journal_column (0.16s)
    --- PASS: TestSchemaReadinessContinuouslyChecksStateAndCompleteStructureReadOnly/older_unconfirmed_attempt (0.16s)
    --- PASS: TestSchemaReadinessContinuouslyChecksStateAndCompleteStructureReadOnly/missing_required_metadata (0.25s)
=== RUN   TestTableApprovalSchemaRecoversUpgradeWithoutChangingExistingFacts
2026/09/11 08:17:30 🐳 Creating container for image mysql:8.4
2026/09/11 08:17:30 ✅ Container created: 45eb41b87c0a
2026/09/11 08:17:30 🐳 Starting container: 45eb41b87c0a
2026/09/11 08:17:30 ✅ Container started: 45eb41b87c0a
2026/09/11 08:17:30 ⏳ Waiting for container id 45eb41b87c0a image: mysql:8.4. Waiting for: all of: [log message "port: 3306  MySQL Community Server"]
2026/09/11 08:17:36 🔔 Container is ready: 45eb41b87c0a
{"request_id":"rcc-db87d4ede51759c57cd989ea9ee78dc4","method":"GET","path":"/api/v1/auth/csrf","status":200,"duration_ms":8}
{"request_id":"rcc-e804122a0c8f884f2dbfc161b4c74662","method":"POST","path":"/api/v1/auth/register","status":201,"duration_ms":47}
{"request_id":"rcc-e214b3862c1316ad14ebf6b6df5d6158","method":"GET","path":"/api/v1/auth/csrf","status":200,"duration_ms":5}
{"request_id":"rcc-b2d0551fb70d2d7a87746c91218650bc","method":"POST","path":"/api/v1/auth/login","status":200,"duration_ms":53}
{"request_id":"rcc-0d32fc7d87d2a8e2c65b054cb9af77c7","method":"GET","path":"/api/v1/database-tables","status":200,"duration_ms":4}
{"request_id":"rcc-65cfb5265b29d627537e92711dabd97b","method":"GET","path":"/api/v1/database-tables/:table_name","status":404,"duration_ms":3}
{"request_id":"rcc-5145ae8b060c408f3066ee282e8cee96","method":"POST","path":"/api/v1/tables/:table_name/query","status":403,"duration_ms":0}
{"request_id":"rcc-a3fb9743137ec68fa6e75c113220f9d8","method":"POST","path":"/api/v1/release-orders","status":403,"duration_ms":4}
{"request_id":"rcc-5828414129cc51bb8f3e7ec1b67855c7","method":"GET","path":"/api/v1/database-tables/:table_name","status":404,"duration_ms":3}
{"request_id":"rcc-edaed8a3d82b1e4f0aed440786395fd6","method":"POST","path":"/api/v1/tables/:table_name/query","status":403,"duration_ms":0}
{"request_id":"rcc-8b37044650653b92613ca0dbbd771043","method":"POST","path":"/api/v1/release-orders","status":403,"duration_ms":5}
2026/09/11 08:17:45 🐳 Stopping container: 45eb41b87c0a
2026/09/11 08:17:46 ✅ Container stopped: 45eb41b87c0a
2026/09/11 08:17:46 🐳 Terminating container: 45eb41b87c0a
2026/09/11 08:17:46 🚫 Container terminated: 45eb41b87c0a
--- PASS: TestTableApprovalSchemaRecoversUpgradeWithoutChangingExistingFacts (17.81s)
=== RUN   TestTableReleaseSchemaMigratesExistingTablesAndPreservesSelections
2026/09/11 08:17:47 🐳 Creating container for image mysql:8.4
2026/09/11 08:17:47 ✅ Container created: 1d66a88314a0
2026/09/11 08:17:47 🐳 Starting container: 1d66a88314a0
2026/09/11 08:17:47 ✅ Container started: 1d66a88314a0
2026/09/11 08:17:47 ⏳ Waiting for container id 1d66a88314a0 image: mysql:8.4. Waiting for: all of: [log message "port: 3306  MySQL Community Server"]
2026/09/11 08:17:53 🔔 Container is ready: 1d66a88314a0
2026/09/11 08:17:57 🐳 Stopping container: 1d66a88314a0
2026/09/11 08:17:59 ✅ Container stopped: 1d66a88314a0
2026/09/11 08:17:59 🐳 Terminating container: 1d66a88314a0
2026/09/11 08:17:59 🚫 Container terminated: 1d66a88314a0
--- PASS: TestTableReleaseSchemaMigratesExistingTablesAndPreservesSelections (12.95s)
=== RUN   TestTableReleaseSchemaReadinessRejectsMissingEmergencyAssociationReadOnly
2026/09/11 08:17:59 🐳 Creating container for image mysql:8.4
2026/09/11 08:17:59 ✅ Container created: 275bd2a96ede
2026/09/11 08:17:59 🐳 Starting container: 275bd2a96ede
2026/09/11 08:17:59 ✅ Container started: 275bd2a96ede
2026/09/11 08:17:59 ⏳ Waiting for container id 275bd2a96ede image: mysql:8.4. Waiting for: all of: [log message "port: 3306  MySQL Community Server"]
2026/09/11 08:18:05 🔔 Container is ready: 275bd2a96ede
=== RUN   TestTableReleaseSchemaReadinessRejectsMissingEmergencyAssociationReadOnly/wrong_role
=== RUN   TestTableReleaseSchemaReadinessRejectsMissingEmergencyAssociationReadOnly/wrong_node_type
=== RUN   TestTableReleaseSchemaReadinessRejectsMissingEmergencyAssociationReadOnly/duplicate_node_code
2026/09/11 08:18:11 🐳 Stopping container: 275bd2a96ede
2026/09/11 08:18:12 ✅ Container stopped: 275bd2a96ede
2026/09/11 08:18:12 🐳 Terminating container: 275bd2a96ede
2026/09/11 08:18:12 🚫 Container terminated: 275bd2a96ede
--- PASS: TestTableReleaseSchemaReadinessRejectsMissingEmergencyAssociationReadOnly (13.54s)
    --- PASS: TestTableReleaseSchemaReadinessRejectsMissingEmergencyAssociationReadOnly/wrong_role (0.09s)
    --- PASS: TestTableReleaseSchemaReadinessRejectsMissingEmergencyAssociationReadOnly/wrong_node_type (0.09s)
    --- PASS: TestTableReleaseSchemaReadinessRejectsMissingEmergencyAssociationReadOnly/duplicate_node_code (0.08s)
=== RUN   TestTableReleaseSchemaDoesNotRestoreDisabledOrDeletedStandardDefaults
2026/09/11 08:18:14 🐳 Creating container for image mysql:8.4
2026/09/11 08:18:14 ✅ Container created: 74cef578338c
2026/09/11 08:18:14 🐳 Starting container: 74cef578338c
2026/09/11 08:18:14 ✅ Container started: 74cef578338c
2026/09/11 08:18:14 ⏳ Waiting for container id 74cef578338c image: mysql:8.4. Waiting for: all of: [log message "port: 3306  MySQL Community Server"]
2026/09/11 08:18:20 🔔 Container is ready: 74cef578338c
=== RUN   TestTableReleaseSchemaDoesNotRestoreDisabledOrDeletedStandardDefaults/disabled
=== RUN   TestTableReleaseSchemaDoesNotRestoreDisabledOrDeletedStandardDefaults/deleted
2026/09/11 08:18:24 🐳 Stopping container: 74cef578338c
2026/09/11 08:18:26 ✅ Container stopped: 74cef578338c
2026/09/11 08:18:26 🐳 Terminating container: 74cef578338c
2026/09/11 08:18:26 🚫 Container terminated: 74cef578338c
--- PASS: TestTableReleaseSchemaDoesNotRestoreDisabledOrDeletedStandardDefaults (13.43s)
    --- PASS: TestTableReleaseSchemaDoesNotRestoreDisabledOrDeletedStandardDefaults/disabled (2.53s)
    --- PASS: TestTableReleaseSchemaDoesNotRestoreDisabledOrDeletedStandardDefaults/deleted (1.52s)
=== RUN   TestTableReleaseSchemaRecoveryKeepsExistingSelections
2026/09/11 08:18:27 🐳 Creating container for image mysql:8.4
2026/09/11 08:18:27 ✅ Container created: 294b1ef29538
2026/09/11 08:18:27 🐳 Starting container: 294b1ef29538
2026/09/11 08:18:27 ✅ Container started: 294b1ef29538
2026/09/11 08:18:27 ⏳ Waiting for container id 294b1ef29538 image: mysql:8.4. Waiting for: all of: [log message "port: 3306  MySQL Community Server"]
2026/09/11 08:18:34 🔔 Container is ready: 294b1ef29538
2026/09/11 08:18:36 🐳 Stopping container: 294b1ef29538
2026/09/11 08:18:37 ✅ Container stopped: 294b1ef29538
2026/09/11 08:18:37 🐳 Terminating container: 294b1ef29538
2026/09/11 08:18:37 🚫 Container terminated: 294b1ef29538
--- PASS: TestTableReleaseSchemaRecoveryKeepsExistingSelections (11.41s)
=== RUN   TestTemplateApprovalSchemaPreservesPublishedRolesAndChecksCompleteReadiness
2026/09/11 08:18:37 🐳 Creating container for image mysql:8.4
2026/09/11 08:18:37 ✅ Container created: 9b1148f27901
2026/09/11 08:18:37 🐳 Starting container: 9b1148f27901
2026/09/11 08:18:37 ✅ Container started: 9b1148f27901
2026/09/11 08:18:37 ⏳ Waiting for container id 9b1148f27901 image: mysql:8.4. Waiting for: all of: [log message "port: 3306  MySQL Community Server"]
2026/09/11 08:18:43 🔔 Container is ready: 9b1148f27901
=== RUN   TestTemplateApprovalSchemaPreservesPublishedRolesAndChecksCompleteReadiness/rcc_approval_roles
=== RUN   TestTemplateApprovalSchemaPreservesPublishedRolesAndChecksCompleteReadiness/rcc_approval_role_members
=== RUN   TestTemplateApprovalSchemaPreservesPublishedRolesAndChecksCompleteReadiness/rcc_approval_role_requests
=== RUN   TestTemplateApprovalSchemaPreservesPublishedRolesAndChecksCompleteReadiness/rcc_approval_role_references
=== RUN   TestTemplateApprovalSchemaPreservesPublishedRolesAndChecksCompleteReadiness/rcc_table_approval_assignments
=== RUN   TestTemplateApprovalSchemaPreservesPublishedRolesAndChecksCompleteReadiness/rcc_table_approval_requests
2026/09/11 08:18:52 🐳 Stopping container: 9b1148f27901
2026/09/11 08:18:54 ✅ Container stopped: 9b1148f27901
2026/09/11 08:18:54 🐳 Terminating container: 9b1148f27901
2026/09/11 08:18:54 🚫 Container terminated: 9b1148f27901
--- PASS: TestTemplateApprovalSchemaPreservesPublishedRolesAndChecksCompleteReadiness (16.50s)
    --- PASS: TestTemplateApprovalSchemaPreservesPublishedRolesAndChecksCompleteReadiness/rcc_approval_roles (0.09s)
    --- PASS: TestTemplateApprovalSchemaPreservesPublishedRolesAndChecksCompleteReadiness/rcc_approval_role_members (0.09s)
    --- PASS: TestTemplateApprovalSchemaPreservesPublishedRolesAndChecksCompleteReadiness/rcc_approval_role_requests (0.09s)
    --- PASS: TestTemplateApprovalSchemaPreservesPublishedRolesAndChecksCompleteReadiness/rcc_approval_role_references (0.09s)
    --- PASS: TestTemplateApprovalSchemaPreservesPublishedRolesAndChecksCompleteReadiness/rcc_table_approval_assignments (0.15s)
    --- PASS: TestTemplateApprovalSchemaPreservesPublishedRolesAndChecksCompleteReadiness/rcc_table_approval_requests (0.16s)
PASS
ok  	github.com/asherzj/relational-config-center/admin/cmd/admin	197.021s
