=== RUN   TestReleaseFlowBrowserSystemPath
2026/09/11 15:56:45 github.com/testcontainers/testcontainers-go - Connected to docker: 
  Server Version: 29.5.2
  API Version: 1.54
  Operating System: Ubuntu 24.04.4 LTS
  Total Memory: 3904 MB
  Testcontainers for Go Version: v0.44.0
  Resolved Docker Host: unix:///Users/asher/.colima/default/docker.sock
  Resolved Docker Socket Path: /Users/asher/.colima/default/docker.sock
  Test SessionID: 1e1bd60b81d971a98a300d97bba4c27d7dd9c988a11d69fac1db3bb4fe61e621
  Test ProcessID: d9ed935e-0599-4059-8fe1-5edbe1e5cd89
2026/09/11 15:56:45 🐳 Creating container for image mysql:8.4
2026/09/11 15:56:45 ✅ Container created: a052d0e40526
2026/09/11 15:56:45 🐳 Starting container: a052d0e40526
2026/09/11 15:56:45 ✅ Container started: a052d0e40526
2026/09/11 15:56:45 ⏳ Waiting for container id a052d0e40526 image: mysql:8.4. Waiting for: all of: [log message "port: 3306  MySQL Community Server"]
2026/09/11 15:56:52 🔔 Container is ready: a052d0e40526
    release_flow_browser_integration_test.go:19: isolated browser target: MySQL localhost:48086/rcc_test, Admin http://127.0.0.1:52021 pid=48733, Vite http://127.0.0.1:52011 pid=48742; evidence /private/tmp/rcc-template-notification-integration/docs/verification/2026-09-11-template-emergency-integration/browser/01-instances
    release_flow_browser_integration_test.go:19: browser → Vite proxy → Admin → MySQL: [AC-009: real Web creates a two-table draft; distinct persisted templates render, source disclosure opens/closes by keyboard, and refresh performs no write AC-010: editing/disabling source template and switching association leave the saved draft instance intact AC-010/023/025: 390px missing-flow block; GET stays read-only after repair; explicit unchanged save fills only missing instance; committed lost response survives refresh and exact manual replay AC-014: frozen table roles survive later assignment change; independent partial/all approvals drive real nodes; whole-order publication and completion retain actual actors]
2026/09/11 15:57:20 🐳 Stopping container: a052d0e40526
2026/09/11 15:57:22 ✅ Container stopped: a052d0e40526
2026/09/11 15:57:22 🐳 Terminating container: a052d0e40526
2026/09/11 15:57:22 🚫 Container terminated: a052d0e40526
--- PASS: TestReleaseFlowBrowserSystemPath (36.85s)
PASS
ok  	github.com/asherzj/relational-config-center/admin/cmd/admin	39.117s
