=== RUN   TestReleaseEmergencyBrowserSystemPath
2026/09/11 15:57:25 github.com/testcontainers/testcontainers-go - Connected to docker: 
  Server Version: 29.5.2
  API Version: 1.54
  Operating System: Ubuntu 24.04.4 LTS
  Total Memory: 3904 MB
  Testcontainers for Go Version: v0.44.0
  Resolved Docker Host: unix:///Users/asher/.colima/default/docker.sock
  Resolved Docker Socket Path: /Users/asher/.colima/default/docker.sock
  Test SessionID: 4b9781b724b248587e856aa59b0bb1e33a9e1cf681ed5e2318ab9736791ebd0b
  Test ProcessID: 353314b5-7773-47a4-a51f-595be8d8ef65
2026/09/11 15:57:25 🐳 Creating container for image mysql:8.4
2026/09/11 15:57:25 ✅ Container created: ec9937f9072f
2026/09/11 15:57:25 🐳 Starting container: ec9937f9072f
2026/09/11 15:57:25 ✅ Container started: ec9937f9072f
2026/09/11 15:57:25 ⏳ Waiting for container id ec9937f9072f image: mysql:8.4. Waiting for: all of: [log message "port: 3306  MySQL Community Server"]
2026/09/11 15:57:32 🔔 Container is ready: ec9937f9072f
    release_flow_browser_integration_test.go:23: isolated browser target: MySQL localhost:48088/rcc_test, Admin http://127.0.0.1:52850 pid=48971, Vite http://127.0.0.1:52845 pid=49002; evidence /private/tmp/rcc-template-notification-integration/docs/verification/2026-09-11-template-emergency-integration/browser/02-emergency
    release_flow_browser_integration_test.go:23: browser → Vite proxy → Admin → MySQL: [AC-012/023: explicit whole-order type switches rebuild persisted instances; failed response retains the selected STANDARD request and exact key/body for manual replay AC-015/016: UI rejects blank and 2,001-codepoint reasons; committed submit persists the exact reason, enters PENDING_PUBLICATION, records no approval, and changes no business row AC-023: same-account session recovery restores the unresolved reason; 390px has no overflow, no approval UI, visible long flow names, and keyboard-reachable PUBLISHER action AC-016/017/023: the current applicant/PUBLISHER executes both tables in another same-account profile, remains pending manual completion, and manual replay of the original submit never replaces the current SUCCEEDED detail AC-018: manual completion closes the order and releases both persisted targets for a later draft without changing the published values]
2026/09/11 15:57:58 🐳 Stopping container: ec9937f9072f
2026/09/11 15:58:00 ✅ Container stopped: ec9937f9072f
2026/09/11 15:58:00 🐳 Terminating container: ec9937f9072f
2026/09/11 15:58:00 🚫 Container terminated: ec9937f9072f
--- PASS: TestReleaseEmergencyBrowserSystemPath (34.83s)
PASS
ok  	github.com/asherzj/relational-config-center/admin/cmd/admin	36.068s
