=== RUN   TestNotificationCenterBrowserSystemPath
2026/09/11 15:58:02 github.com/testcontainers/testcontainers-go - Connected to docker: 
  Server Version: 29.5.2
  API Version: 1.54
  Operating System: Ubuntu 24.04.4 LTS
  Total Memory: 3904 MB
  Testcontainers for Go Version: v0.44.0
  Resolved Docker Host: unix:///Users/asher/.colima/default/docker.sock
  Resolved Docker Socket Path: /Users/asher/.colima/default/docker.sock
  Test SessionID: d479e67ac8b40a39dc6cf17983b6aeac55af1c34f9058d1acc117f97891b22cc
  Test ProcessID: 408db38f-7c50-4227-91dd-1dde7bf10ed5
2026/09/11 15:58:02 🐳 Creating container for image mysql:8.4
2026/09/11 15:58:02 ✅ Container created: fcfb6a429df1
2026/09/11 15:58:02 🐳 Starting container: fcfb6a429df1
2026/09/11 15:58:03 ✅ Container started: fcfb6a429df1
2026/09/11 15:58:03 ⏳ Waiting for container id fcfb6a429df1 image: mysql:8.4. Waiting for: all of: [log message "port: 3306  MySQL Community Server"]
2026/09/11 15:58:10 🔔 Container is ready: fcfb6a429df1
    notification_center_browser_integration_test.go:84: notification center browser: PASS 正式导航默认待我审批；多角色、多表一单一行，首屏20项并展示真实22项未读和待审批
        PASS 第二页键盘进入正式详情并真实批准两表，返回保留视图/筛选/游标且已处理单退出待办
        PASS 四视图归属与真实处理一致；ADMIN可查看全单仍无角色审批权，未提交取消草稿不混入
        PASS 390px长标题/多表无页面溢出，固定详情入口与列表返回可键盘操作
        PASS 读取失败保留最后列表并显示可重试错误，恢复后真实读取成功
2026/09/11 15:58:30 🐳 Stopping container: fcfb6a429df1
2026/09/11 15:58:31 ✅ Container stopped: fcfb6a429df1
2026/09/11 15:58:31 🐳 Terminating container: fcfb6a429df1
2026/09/11 15:58:31 🚫 Container terminated: fcfb6a429df1
--- PASS: TestNotificationCenterBrowserSystemPath (28.61s)
PASS
ok  	github.com/asherzj/relational-config-center/admin/cmd/admin	29.194s
