=== RUN   TestApprovalNotificationsBrowserSystemPath
2026/09/11 15:59:18 github.com/testcontainers/testcontainers-go - Connected to docker: 
  Server Version: 29.5.2
  API Version: 1.54
  Operating System: Ubuntu 24.04.4 LTS
  Total Memory: 3904 MB
  Testcontainers for Go Version: v0.44.0
  Resolved Docker Host: unix:///Users/asher/.colima/default/docker.sock
  Resolved Docker Socket Path: /Users/asher/.colima/default/docker.sock
  Test SessionID: 12b59b8ad82b3ccbfdbc539b87410ff4422b2de1e7a93a35c6113a7f869c6b72
  Test ProcessID: 07d69e8e-8326-4baa-b438-5132785cac4f
2026/09/11 15:59:18 🐳 Creating container for image mysql:8.4
2026/09/11 15:59:18 ✅ Container created: c4fcc25698fa
2026/09/11 15:59:18 🐳 Starting container: c4fcc25698fa
2026/09/11 15:59:19 ✅ Container started: c4fcc25698fa
2026/09/11 15:59:19 ⏳ Waiting for container id c4fcc25698fa image: mysql:8.4. Waiting for: all of: [log message "port: 3306  MySQL Community Server"]
2026/09/11 15:59:25 🔔 Container is ready: c4fcc25698fa
    notification_center_browser_integration_test.go:84: notification center browser: PASS 同账号多角色聚合一条未读；申请人自身动作及无关查看者没有提醒
        PASS 键盘打开真实详情，已读失败可继续查看并显式重试；读后待审批仍为一
        PASS 申请人收到部分审批进展；并发全量批准保留新未读，确认序号只来自已展示详情
        PASS 未读筛选和返回位置保留；计数接口失败显示最后已知数据并可恢复
        PASS 失去一个角色仍保留可审表，全部失去移除待办与纯待办未读，恢复资格补充新提醒
        PASS 390px 页面无横向溢出、未读入口可达；真实会话失效并同账号恢复列表
        PASS 另一标签真实登录不同账号，旧账号延迟计数响应不能覆盖新账号
2026/09/11 15:59:37 🐳 Stopping container: c4fcc25698fa
2026/09/11 15:59:38 ✅ Container stopped: c4fcc25698fa
2026/09/11 15:59:38 🐳 Terminating container: c4fcc25698fa
2026/09/11 15:59:38 🚫 Container terminated: c4fcc25698fa
--- PASS: TestApprovalNotificationsBrowserSystemPath (20.07s)
PASS
ok  	github.com/asherzj/relational-config-center/admin/cmd/admin	21.038s
