=== RUN   TestAccountBrowserSystemPath
2026/09/11 15:59:42 github.com/testcontainers/testcontainers-go - Connected to docker: 
  Server Version: 29.5.2
  API Version: 1.54
  Operating System: Ubuntu 24.04.4 LTS
  Total Memory: 3904 MB
  Testcontainers for Go Version: v0.44.0
  Resolved Docker Host: unix:///Users/asher/.colima/default/docker.sock
  Resolved Docker Socket Path: /Users/asher/.colima/default/docker.sock
  Test SessionID: e35e6fd75a85556d6959f6101343dd668f3b2b6c0efe51cf58c072ab373273d2
  Test ProcessID: e1694ef4-fee7-497e-b2a7-72efa6be9010
2026/09/11 15:59:42 🐳 Creating container for image mysql:8.4
2026/09/11 15:59:42 ✅ Container created: 2184d8ddefe6
2026/09/11 15:59:42 🐳 Starting container: 2184d8ddefe6
2026/09/11 15:59:42 ✅ Container started: 2184d8ddefe6
2026/09/11 15:59:42 ⏳ Waiting for container id 2184d8ddefe6 image: mysql:8.4. Waiting for: all of: [log message "port: 3306  MySQL Community Server"]
2026/09/11 15:59:48 🔔 Container is ready: 2184d8ddefe6
=== RUN   TestAccountBrowserSystemPath/release-approvals.cjs
    account_browser_integration_test.go:124: authenticated management acceptance release-approvals.cjs: exit status 1 Error: Command failed: /var/folders/ll/6l3vq9q97v5c58_9s5nzqyv00000gn/T/TestAccountBrowserSystemPath3033736472/001/account-maintain grant-admin --id 973cc31b-5210-4763-872e-da786b4ef7b7
        schema_not_ready: complete schema-migrate up/recover before grant-admin
        
            at genericNodeError (node:internal/errors:985:15)
            at wrappedFn (node:internal/errors:539:14)
            at checkExecSyncError (node:child_process:942:11)
            at execFileSync (node:child_process:978:15)
            at registerFixtureAccount (/private/tmp/rcc-template-notification-integration/web/e2e/local-account.cjs:72:3)
            at async account (/private/tmp/rcc-template-notification-integration/web/e2e/release-approvals.cjs:26:102)
            at async /private/tmp/rcc-template-notification-integration/web/e2e/release-approvals.cjs:28:19 {
          status: 1,
          signal: null,
          output: [
            null,
            <Buffer >,
            <Buffer 73 63 68 65 6d 61 5f 6e 6f 74 5f 72 65 61 64 79 3a 20 63 6f 6d 70 6c 65 74 65 20 73 63 68 65 6d 61 2d 6d 69 67 72 61 74 65 20 75 70 2f 72 65 63 6f 76 ... 22 more bytes>
          ],
          pid: 52665,
          stdout: <Buffer >,
          stderr: <Buffer 73 63 68 65 6d 61 5f 6e 6f 74 5f 72 65 61 64 79 3a 20 63 6f 6d 70 6c 65 74 65 20 73 63 68 65 6d 61 2d 6d 69 67 72 61 74 65 20 75 70 2f 72 65 63 6f 76 ... 22 more bytes>
        }
=== NAME  TestAccountBrowserSystemPath
    account_browser_integration_test.go:142: browser → Vite same-origin proxy → Admin → MySQL: record version conflict preserves input, explicit latest read and baseline rebuild, registration defaults VIEWER, maintenance ADMIN bootstrap, UI combination grant, 390px role catalog and drawer, role history with permanent actor, original member session refresh, refresh, reopen, dirty navigation protection, same-account Change Set recovery after session loss, hidden drawer keyboard isolation, draft submit independent approval and publisher execution, unknown execute result reload and original-key recovery, final row defaults and permanent actor fields, refresh notification remains NOT_CONNECTED, no direct record write request, HTTP Cookie, storage/URL secrecy, logout rejection; creator/modifier match current Account ID
2026/09/11 16:00:19 🐳 Stopping container: 2184d8ddefe6
2026/09/11 16:00:20 ✅ Container stopped: 2184d8ddefe6
2026/09/11 16:00:20 🐳 Terminating container: 2184d8ddefe6
2026/09/11 16:00:20 🚫 Container terminated: 2184d8ddefe6
--- FAIL: TestAccountBrowserSystemPath (38.61s)
    --- FAIL: TestAccountBrowserSystemPath/release-approvals.cjs (0.73s)
FAIL
FAIL	github.com/asherzj/relational-config-center/admin/cmd/admin	39.270s
FAIL
