=== RUN   TestAccountBrowserSystemPath
2026/09/11 16:02:14 github.com/testcontainers/testcontainers-go - Connected to docker: 
  Server Version: 29.5.2
  API Version: 1.54
  Operating System: Ubuntu 24.04.4 LTS
  Total Memory: 3904 MB
  Testcontainers for Go Version: v0.44.0
  Resolved Docker Host: unix:///Users/asher/.colima/default/docker.sock
  Resolved Docker Socket Path: /Users/asher/.colima/default/docker.sock
  Test SessionID: 57e08bca174fd884d040fc7479694a1a95f1616cb364b220614134d5128b5d6d
  Test ProcessID: 189172d9-351a-46e0-b320-a83ff1a8bc92
2026/09/11 16:02:14 🐳 Creating container for image mysql:8.4
2026/09/11 16:02:14 ✅ Container created: 3afee6be7e60
2026/09/11 16:02:14 🐳 Starting container: 3afee6be7e60
2026/09/11 16:02:14 ✅ Container started: 3afee6be7e60
2026/09/11 16:02:14 ⏳ Waiting for container id 3afee6be7e60 image: mysql:8.4. Waiting for: all of: [log message "port: 3306  MySQL Community Server"]
2026/09/11 16:02:21 🔔 Container is ready: 3afee6be7e60
    account_browser_integration_test.go:117: late browser fixture readiness: status=503 missing emergency associations=[]sql.RawBytes{sql.RawBytes{0x66, 0x69, 0x65, 0x6c, 0x64, 0x5f, 0x64, 0x69, 0x73, 0x70, 0x6c, 0x61, 0x79, 0x5f, 0x62, 0x72, 0x6f, 0x77, 0x73, 0x65, 0x72, 0x5f, 0x69, 0x74, 0x65, 0x6d, 0x73}, sql.RawBytes{0x31}, sql.RawBytes(nil)}
        []sql.RawBytes{sql.RawBytes{0x73, 0x74, 0x61, 0x67, 0x65, 0x31, 0x5f, 0x72, 0x6f, 0x6c, 0x6c, 0x62, 0x61, 0x63, 0x6b, 0x5f, 0x63, 0x68, 0x72, 0x6f, 0x6d, 0x69, 0x75, 0x6d, 0x5f, 0x69, 0x74, 0x65, 0x6d, 0x73}, sql.RawBytes{0x31}, sql.RawBytes(nil)}
        []sql.RawBytes{sql.RawBytes{0x73, 0x74, 0x61, 0x67, 0x65, 0x31, 0x5f, 0x72, 0x6f, 0x6c, 0x6c, 0x62, 0x61, 0x63, 0x6b, 0x5f, 0x66, 0x69, 0x72, 0x65, 0x66, 0x6f, 0x78, 0x5f, 0x69, 0x74, 0x65, 0x6d, 0x73}, sql.RawBytes{0x31}, sql.RawBytes(nil)}
        []sql.RawBytes{sql.RawBytes{0x73, 0x74, 0x61, 0x67, 0x65, 0x31, 0x5f, 0x72, 0x6f, 0x6c, 0x6c, 0x62, 0x61, 0x63, 0x6b, 0x5f, 0x77, 0x65, 0x62, 0x6b, 0x69, 0x74, 0x5f, 0x69, 0x74, 0x65, 0x6d, 0x73}, sql.RawBytes{0x31}, sql.RawBytes(nil)} response={"status":"not_ready"}
    account_browser_integration_test.go:119: late browser fixtures invalidated schema readiness
2026/09/11 16:02:51 🐳 Stopping container: 3afee6be7e60
2026/09/11 16:02:53 ✅ Container stopped: 3afee6be7e60
2026/09/11 16:02:53 🐳 Terminating container: 3afee6be7e60
2026/09/11 16:02:53 🚫 Container terminated: 3afee6be7e60
--- FAIL: TestAccountBrowserSystemPath (39.04s)
FAIL
FAIL	github.com/asherzj/relational-config-center/admin/cmd/admin	40.883s
FAIL
