
> @relational-config-center/web@0.0.0 test:run /private/tmp/rcc-issue-103-release-instances/web
> vitest run src/api/release-orders.test.ts -t '详情保留服务端'


 RUN  v4.1.11 /private/tmp/rcc-issue-103-release-instances/web

 ❯ src/api/release-orders.test.ts (9 tests | 1 failed | 8 skipped) 13ms
   × 详情保留服务端已经保存的逐表流程身份、模板版本和真实节点事实 12ms

⎯⎯⎯⎯⎯⎯⎯ Failed Tests 1 ⎯⎯⎯⎯⎯⎯⎯

 FAIL  src/api/release-orders.test.ts > 详情保留服务端已经保存的逐表流程身份、模板版本和真实节点事实
AssertionError: expected { Object (id, title, ...) } to deeply equal { Object (id, title, ...) }

- Expected
+ Received

@@ -12,55 +12,14 @@
    "created_at": "now",
    "executions": [],
    "history": [],
    "id": "original",
    "item_count": 101,
-   "missing_flow_tables": [
-     "unconfigured",
-   ],
    "operation_counts": {
      "ADD": 101,
    },
-   "release_type": "STANDARD",
    "state": "DRAFT",
-   "table_flows": [
-     {
-       "association_version": "3",
-       "instance_id": "saved-instance-a",
-       "instantiated_at": "2026-09-11T01:00:00Z",
-       "node_list": [
-         {
-           "actor_id": "reviewer-a",
-           "at": "2026-09-11T02:00:00Z",
-           "code": "review_funds",
-           "name": "资金负责人确认",
-           "required_role": "TABLE_APPROVER",
-           "state": "COMPLETED",
-           "type": "APPROVAL",
-         },
-         {
-           "code": "publish_funds",
-           "name": "整单生效",
-           "required_role": "PUBLISHER",
-           "state": "ACTIVE",
-           "type": "PUBLICATION",
-         },
-         {
-           "code": "finish_funds",
-           "name": "确认资金配置",
-           "required_role": "PUBLISHER",
-           "state": "PENDING",
-           "type": "COMPLETION",
-         },
-       ],
-       "release_type": "STANDARD",
-       "table_name": "items",
-       "template_code": "careful_review",
-       "template_name": "资金配置核对",
-       "template_version": "7",
-     },
-   ],
    "table_names": [
      "items",
    ],
    "title": "多表草稿",
    "updated_at": "now",

 ❯ src/api/release-orders.test.ts:9:45


⎯⎯⎯⎯⎯⎯⎯⎯⎯⎯⎯⎯⎯⎯⎯⎯⎯⎯⎯⎯⎯⎯⎯⎯[1/1]⎯


 Test Files  1 failed (1)
      Tests  1 failed | 8 skipped (9)
   Start at  08:50:59
   Duration  882ms (transform 62ms, setup 241ms, import 6ms, tests 13ms, environment 513ms)

 ELIFECYCLE  Command failed with exit code 1.
