{"request_id":"rcc-28683853f729a658b7b3bb75dc865634","method":"GET","path":"/api/v1/query-policies","status":401,"duration_ms":0}
{"request_id":"rcc-5ab0478a2f6e6d41a03ea048c182b045","method":"GET","path":"/api/v1/query-policies","status":401,"duration_ms":0}
{"request_id":"rcc-4f5ce17c005190dd16eada2faf981653","method":"GET","path":"/api/v1/query-policies","status":401,"duration_ms":0}
{"request_id":"rcc-7b9e90bacb47eedea0d803870c8a6342","method":"GET","path":"/api/v1/auth/csrf","status":200,"duration_ms":9}
{"request_id":"rcc-4c9118dd80e9432fb8b1ce17f3ee6d3a","method":"POST","path":"/api/v1/auth/register","status":201,"duration_ms":43}
{"request_id":"rcc-ca3ac73298e3575e227076c18cb79b25","method":"GET","path":"/api/v1/auth/session","status":200,"duration_ms":1}
{"request_id":"rcc-7a9bbfda4e2971fa7a1b052e6cb7e6b5","method":"GET","path":"/api/v1/account-roles","status":200,"duration_ms":1}
{"request_id":"rcc-28490e57c68f064fa5fd00a1f9611814","method":"GET","path":"/api/v1/query-policies","status":200,"duration_ms":1}
{"request_id":"rcc-2be15ae98b654f6a92319dc6705166f5","method":"POST","path":"/api/v1/tables/:table_name/query","status":403,"duration_ms":0}
{"request_id":"rcc-713d8ab660745244c30179ea53e564a7","method":"GET","path":"/api/v1/auth/session","status":200,"duration_ms":0}
{"request_id":"rcc-bb4a0c2c13f438f7d722d9137bd83b87","method":"POST","path":"/api/v1/tables/:table_name/query","status":200,"duration_ms":28}
{"request_id":"rcc-ecf3919d14241f5b75db4c9d3073dbdf","method":"GET","path":"/api/v1/auth/session","status":200,"duration_ms":1}
{"request_id":"rcc-1275108d9d005c0940ce25114d6aac2a","method":"POST","path":"/api/v1/auth/logout","status":204,"duration_ms":3}
{"request_id":"rcc-eaae2e8ad77ff4fb42e330cee96b33e1","method":"GET","path":"/api/v1/query-policies","status":401,"duration_ms":0}
{"request_id":"rcc-b42d1aa4fa0cd4139d4362cfc1d6c9da","method":"GET","path":"/api/v1/auth/csrf","status":200,"duration_ms":8}
{"request_id":"rcc-4409850547fd689c9012a3a4c6d1f200","method":"POST","path":"/api/v1/auth/register","status":201,"duration_ms":43}
{"request_id":"rcc-f557764b2e1bf41715068d01777558ec","method":"GET","path":"/api/v1/auth/session","status":200,"duration_ms":1}
{"request_id":"rcc-7cc1cb9d8bbc71decf449505a67752f9","method":"GET","path":"/api/v1/account-roles","status":200,"duration_ms":1}
{"request_id":"rcc-442295fdd03a1bae941401491c1c13f5","method":"GET","path":"/api/v1/auth/session","status":200,"duration_ms":1}
{"request_id":"rcc-9aa99998a3974355e3cc6030689edbe8","method":"PUT","path":"/api/v1/account-roles/:id","status":200,"duration_ms":13}
{"request_id":"rcc-f1ce244bf075d06b1c23b64e10b8aecb","method":"GET","path":"/api/v1/auth/csrf","status":200,"duration_ms":6}
{"request_id":"rcc-938efca29232d86cfa34ed29ff639482","method":"POST","path":"/api/v1/auth/register","status":201,"duration_ms":42}
{"request_id":"rcc-b2f7eb230c43e0b75e591b38a97308b3","method":"GET","path":"/api/v1/auth/session","status":200,"duration_ms":1}
{"request_id":"rcc-124efd45af5fcb9fac9f64980606cf42","method":"GET","path":"/api/v1/account-roles","status":200,"duration_ms":2}
{"request_id":"rcc-7c236ab8d087752d9906381421239e0a","method":"GET","path":"/api/v1/auth/session","status":200,"duration_ms":1}
{"request_id":"rcc-b4f16e6a55a57aa07eeb7b721cd85f24","method":"PUT","path":"/api/v1/account-roles/:id","status":200,"duration_ms":13}
{"request_id":"rcc-5fb0346e4bab9a2773cd52f1064a84c7","method":"GET","path":"/api/v1/auth/csrf","status":200,"duration_ms":7}
{"request_id":"rcc-f4a686be858ad93ce90cd66e984a02e5","method":"POST","path":"/api/v1/auth/register","status":201,"duration_ms":42}
{"request_id":"rcc-621aef7d8f9596f3562ea83956ad6d12","method":"GET","path":"/api/v1/auth/session","status":200,"duration_ms":0}
{"request_id":"rcc-00ba11a04f41b7f463454a11769e6312","method":"GET","path":"/api/v1/account-roles","status":200,"duration_ms":1}
{"request_id":"rcc-cb12281c8df0cba06004350ac6e6c71a","method":"GET","path":"/api/v1/auth/session","status":200,"duration_ms":1}
{"request_id":"rcc-4b8fb4de29f9bd5b9c24483108169e42","method":"GET","path":"/api/v1/table-policies/:table_name/release-templates","status":200,"duration_ms":4}
{"request_id":"rcc-f7277263c0089d1aa0049052c6687a2d","method":"GET","path":"/api/v1/auth/session","status":200,"duration_ms":1}
{"request_id":"rcc-8d2e2d4a787ac4ec30468c0c69658e40","method":"PUT","path":"/api/v1/table-policies/:table_name/release-templates/:release_type","status":200,"duration_ms":10}
{"request_id":"rcc-ae8217af43abd38e517154987ac79442","method":"GET","path":"/api/v1/auth/session","status":200,"duration_ms":0}
{"request_id":"rcc-485a0827a59a1606879b0ed78ab3b84c","method":"GET","path":"/api/v1/auth/session","status":200,"duration_ms":0}
{"request_id":"rcc-322e080698f9d7e99dc867b382d1d8d4","method":"POST","path":"/api/v1/approval-roles","status":201,"duration_ms":16}
{"request_id":"rcc-339ec0aef14ef6fcbbad7b90776ad480","method":"GET","path":"/api/v1/auth/session","status":200,"duration_ms":1}
{"request_id":"rcc-6cc6f0920546ddcfa9753d904a8866dd","method":"GET","path":"/api/v1/table-policies/:table_name/approval-roles","status":200,"duration_ms":4}
{"request_id":"rcc-d7557b00fff0d2dc0a22f6ff4aab59c2","method":"GET","path":"/api/v1/auth/session","status":200,"duration_ms":1}
{"request_id":"rcc-870423dbb3aebae533ec1875780c2694","method":"PUT","path":"/api/v1/table-policies/:table_name/approval-roles","status":200,"duration_ms":17}
{"request_id":"rcc-1b391c69ebef86288bfeb3391fbb11d4","method":"GET","path":"/api/v1/auth/csrf","status":200,"duration_ms":7}
{"request_id":"rcc-512305d2472375b430420c97d6d8f78e","method":"POST","path":"/api/v1/auth/register","status":201,"duration_ms":41}
{"request_id":"rcc-c31aeddd94b94fb7a6599a2354b95e7c","method":"GET","path":"/api/v1/auth/session","status":200,"duration_ms":1}
{"request_id":"rcc-dfb9f0f038d6a1a15291420988cfbc35","method":"GET","path":"/api/v1/account-roles","status":200,"duration_ms":2}
{"request_id":"rcc-a76c4020e411eb336d380064afbe9bf0","method":"GET","path":"/api/v1/auth/session","status":200,"duration_ms":1}
{"request_id":"rcc-6ca19063d61b0ad1eac1853d90a45fbe","method":"PUT","path":"/api/v1/account-roles/:id","status":200,"duration_ms":13}
{"request_id":"rcc-a1fa24151ccf130ca8ad7374323a8d4d","method":"GET","path":"/api/v1/auth/session","status":200,"duration_ms":1}
{"request_id":"rcc-7c69564f5ef4906f56933a2f66bbbcb4","method":"POST","path":"/api/v1/tables/:table_name/query","status":200,"duration_ms":16}
{"request_id":"rcc-7c527b4d218acff67ad8dbb3df4c95f3","method":"GET","path":"/api/v1/auth/session","status":200,"duration_ms":1}
{"request_id":"rcc-aee0e979f5c666609fabe94537e6859e","method":"POST","path":"/api/v1/release-orders","status":201,"duration_ms":39}
{"request_id":"rcc-5a81f444d6be8072e031b307f925d21d","method":"GET","path":"/api/v1/auth/session","status":200,"duration_ms":1}
{"request_id":"rcc-11d8ab35dca1b6a4f87a74955673c80d","method":"GET","path":"/api/v1/approval-notifications","status":200,"duration_ms":3}
{"request_id":"rcc-b05577f1a0f63a5dc0616f01ff1795d1","method":"GET","path":"/api/v1/release-orders/:id","status":200,"duration_ms":16}
{"request_id":"rcc-fec3ec418908a81ad7ffba5eb6b789c1","method":"GET","path":"/api/v1/release-orders/:id/details","status":200,"duration_ms":8}
{"request_id":"rcc-163398d06f6016aa77602c8c72bb05ff","method":"GET","path":"/api/v1/table-field-policies/:table_name","status":200,"duration_ms":11}
{"request_id":"rcc-0e93089b14e66d347a4864358f8438f0","method":"GET","path":"/api/v1/release-orders/:id/people","status":200,"duration_ms":17}
{"request_id":"rcc-941af2ddd43dadb00ec602e10381afb8","method":"GET","path":"/api/v1/release-orders/:id/details","status":200,"duration_ms":5}
{"request_id":"rcc-79353b9061435a6f27f06b2f22d949b5","method":"POST","path":"/api/v1/auth/activity","status":200,"duration_ms":16}
{"request_id":"rcc-11e038ff39c218754ebf34fd696e1c18","method":"POST","path":"/api/v1/release-orders/:id/submit","status":200,"duration_ms":90}
{"request_id":"rcc-4d8533d46fa9cb86849c82763b1f2c64","method":"GET","path":"/api/v1/approval-notifications","status":200,"duration_ms":2}
{"request_id":"rcc-b0da2abc575dfacd8a02079367363d6e","method":"GET","path":"/api/v1/release-orders/:id","status":200,"duration_ms":7}
{"request_id":"rcc-365490429853bc1a4ad3a51b413ca28e","method":"GET","path":"/api/v1/release-orders/:id/people","status":200,"duration_ms":9}
{"request_id":"rcc-8898eb8d9f0f6fc12c177fff0286658a","method":"GET","path":"/api/v1/release-orders/:id/details","status":200,"duration_ms":4}
{"request_id":"rcc-613b1b1c6994cdc94bf93eb5cbd696bc","method":"GET","path":"/api/v1/auth/session","status":200,"duration_ms":1}
{"request_id":"rcc-45a2c16ea3dae58d8e8ab3a1b8b7a2fd","method":"GET","path":"/api/v1/approval-notifications","status":200,"duration_ms":2}
{"request_id":"rcc-049837b668ece3ff29a36201fb65fb21","method":"GET","path":"/api/v1/release-orders/:id","status":200,"duration_ms":7}
{"request_id":"rcc-cef54b6becff3e1c61b97e1e225d4775","method":"GET","path":"/api/v1/release-orders/:id/details","status":200,"duration_ms":5}
{"request_id":"rcc-ecb4b10d303283833c9b0c80e90ae112","method":"GET","path":"/api/v1/table-field-policies/:table_name","status":200,"duration_ms":4}
{"request_id":"rcc-6570254c4097a6e5c2b5eafb3fed3fbb","method":"POST","path":"/api/v1/release-orders/:id/notification-read","status":200,"duration_ms":11}
{"request_id":"rcc-a348088d847b9dad439ac818f4388099","method":"GET","path":"/api/v1/release-orders/:id/people","status":200,"duration_ms":11}
{"request_id":"rcc-01107a745beb7f12419e3304b7f7024e","method":"GET","path":"/api/v1/approval-notifications","status":200,"duration_ms":2}
{"request_id":"rcc-23e3508836c9697b689f64b04394be58","method":"GET","path":"/api/v1/release-orders/:id/details","status":200,"duration_ms":6}
{"request_id":"rcc-d0c2124030ece94c65870dc3e1af360d","method":"POST","path":"/api/v1/auth/activity","status":200,"duration_ms":10}
{"request_id":"rcc-e7642873c9bf5ac57979dbd7664cd39d","method":"POST","path":"/api/v1/release-orders/:id/approve","status":200,"duration_ms":47}
{"request_id":"rcc-999ed852d799f56406b3bcffaf6c5835","method":"GET","path":"/api/v1/approval-notifications","status":200,"duration_ms":2}
{"request_id":"rcc-4458e4f3e5269ffe62bd3d6679d23c3b","method":"GET","path":"/api/v1/release-orders/:id","status":200,"duration_ms":10}
{"request_id":"rcc-33614c95fb91685c499d7e84c12ac832","method":"GET","path":"/api/v1/release-orders/:id/people","status":200,"duration_ms":11}
{"request_id":"rcc-866f3fa2c6395db2b41f7e7211eeae91","method":"GET","path":"/api/v1/release-orders/:id/details","status":200,"duration_ms":7}
{"request_id":"rcc-7b2b07eae420e9ab3e2e5e41c0370f54","method":"GET","path":"/api/v1/auth/session","status":200,"duration_ms":1}
{"request_id":"rcc-5c25b8fd83d5ea396b19b0a1ba23c85b","method":"GET","path":"/api/v1/approval-notifications","status":200,"duration_ms":3}
{"request_id":"rcc-7ea44d5c766c079607d0ea3d4fb3d228","method":"GET","path":"/api/v1/release-orders/:id","status":200,"duration_ms":10}
{"request_id":"rcc-f19328fd8ceecc1e27532113f17b4f34","method":"GET","path":"/api/v1/release-orders/:id/details","status":200,"duration_ms":7}
{"request_id":"rcc-ef50c02e430a9d9a318606b36c5688f9","method":"GET","path":"/api/v1/table-field-policies/:table_name","status":200,"duration_ms":6}
{"request_id":"rcc-a26a504998b7cfa5ff64e57b642364cc","method":"GET","path":"/api/v1/release-orders/:id/people","status":200,"duration_ms":11}
{"request_id":"rcc-217e9be80e558723c7e074ce31cb472d","method":"GET","path":"/api/v1/release-orders/:id/details","status":200,"duration_ms":6}
{"request_id":"rcc-758be7fad0f14751537eaf2465f28bcd","method":"POST","path":"/api/v1/auth/activity","status":200,"duration_ms":17}
{"request_id":"rcc-0dc5bac4622036ab41da02037d68ee26","method":"POST","path":"/api/v1/release-orders/:id/execute","status":200,"duration_ms":116}
{"request_id":"rcc-c4d168c8e88eb49148f0c9039de53faa","method":"GET","path":"/api/v1/approval-notifications","status":200,"duration_ms":2}
{"request_id":"rcc-55b69c4fdacebb1de9028fe04248a69e","method":"GET","path":"/api/v1/release-orders/:id","status":200,"duration_ms":10}
{"request_id":"rcc-3283850c80129c5f2d91579e58aa8d55","method":"GET","path":"/api/v1/release-orders/:id/people","status":200,"duration_ms":12}
{"request_id":"rcc-a8fc17821f6ef417b68cd509e1773906","method":"GET","path":"/api/v1/release-orders/:id/details","status":200,"duration_ms":5}
{"request_id":"rcc-795b490f4e99d91069b8183c01fde39b","method":"GET","path":"/api/v1/auth/session","status":200,"duration_ms":1}
{"request_id":"rcc-b93c1b533ade00e00f82b9ade863bf0c","method":"POST","path":"/api/v1/tables/:table_name/query","status":200,"duration_ms":16}
{"request_id":"rcc-7c7fe06e4c80adac95f167741dce7c14","method":"GET","path":"/api/v1/release-orders/:id/details","status":200,"duration_ms":8}
{"request_id":"rcc-d08d8ebef56d067732da7a89619c40ab","method":"GET","path":"/api/v1/auth/session","status":200,"duration_ms":2}
{"request_id":"rcc-d7dded6d728b8d6b49358ef7e1ac69b1","method":"GET","path":"/api/v1/release-orders/:id","status":200,"duration_ms":12}
{"request_id":"rcc-7990df0bbfc24dd54e11997f7d47f253","method":"GET","path":"/api/v1/auth/session","status":200,"duration_ms":1}
{"request_id":"rcc-7a46864d1c7ff2382e8218034f32636f","method":"GET","path":"/api/v1/release-orders/:id/details","status":200,"duration_ms":6}
{"request_id":"rcc-b94b2397044ef278f8290d4e6abbf5b6","method":"GET","path":"/api/v1/release-orders/:id/details","status":200,"duration_ms":7}
{"request_id":"rcc-66a3f5c6f763fd3be5730303af66209c","method":"POST","path":"/api/v1/release-orders/:id/complete","status":200,"duration_ms":33}
{"request_id":"rcc-02b84f6a12a9f11f24514115c034a3d3","method":"GET","path":"/api/v1/approval-notifications","status":200,"duration_ms":4}
{"request_id":"rcc-16c1880d8af2db3f8a9de85353f7cdab","method":"GET","path":"/api/v1/release-orders/:id","status":200,"duration_ms":9}
{"request_id":"rcc-a93ae34222cbbb83a7eef3d969ca0b2c","method":"GET","path":"/api/v1/release-orders/:id/details","status":503,"duration_ms":5}
{"request_id":"rcc-ac4cd3ea6b2e2f8c9e7234e3237a46c4","method":"GET","path":"/api/v1/auth/session","status":200,"duration_ms":1}
{"request_id":"rcc-befe0567a1d2a117edfdde183ad2ab01","method":"GET","path":"/api/v1/approval-notifications","status":200,"duration_ms":3}
{"request_id":"rcc-b78661a9c8d4b59291bc6577c591e87e","method":"GET","path":"/api/v1/release-orders/:id","status":200,"duration_ms":12}
{"request_id":"rcc-12e87c6f4df292d866d5dad71e14cb16","method":"GET","path":"/api/v1/release-orders/:id/details","status":200,"duration_ms":7}
{"request_id":"rcc-79467a08fffde67dce71400998e5f25b","method":"GET","path":"/api/v1/table-field-policies/:table_name","status":200,"duration_ms":6}
{"request_id":"rcc-5e75b40b3d6ee5165a6858ff29582a4f","method":"GET","path":"/api/v1/release-orders/:id/people","status":200,"duration_ms":12}
{"request_id":"rcc-da07e7e7d5321bc80836e21e2ade8ed0","method":"GET","path":"/api/v1/release-orders/:id/details","status":200,"duration_ms":7}
{"request_id":"rcc-b44a4f021078ea83fcc3820ffbf65294","method":"POST","path":"/api/v1/release-orders/:id/complete","status":200,"duration_ms":25}
{"request_id":"rcc-0d8fc6d06caa49c2f7eba31279238b8e","method":"GET","path":"/api/v1/approval-notifications","status":200,"duration_ms":2}
{"request_id":"rcc-2a2f418971b9f4112545071dcc23a60c","method":"GET","path":"/api/v1/release-orders/:id","status":200,"duration_ms":9}
{"request_id":"rcc-cdd732d0de772df1cb17d2dd1e1cec5a","method":"GET","path":"/api/v1/release-orders/:id/people","status":200,"duration_ms":9}
{"request_id":"rcc-03b04dda9aaf0521f57538a042529e18","method":"GET","path":"/api/v1/auth/session","status":200,"duration_ms":1}
{"request_id":"rcc-09a99a99627aecd4bf1bc5a407e8109c","method":"POST","path":"/api/v1/tables/:table_name/query","status":200,"duration_ms":17}
{"request_id":"rcc-4f39cdf63ba2de867e1245c9899aa78c","method":"GET","path":"/api/v1/auth/session","status":200,"duration_ms":1}
{"request_id":"rcc-b203b7eb72fbdb4dedaf096ef31392c5","method":"GET","path":"/api/v1/release-orders/:id","status":200,"duration_ms":14}
{"request_id":"rcc-71fc0fef3e692e4be5ec25b4581254fd","method":"GET","path":"/api/v1/auth/session","status":200,"duration_ms":1}
{"request_id":"rcc-e21d9de2d320e2c3bef2b2e7744e550b","method":"GET","path":"/api/v1/release-orders/:id/details","status":200,"duration_ms":5}
{"request_id":"rcc-c352a2e3c6c52c60240c1c26a1e953f0","method":"GET","path":"/api/v1/auth/session","status":200,"duration_ms":1}
{"request_id":"rcc-0f3386ec6f297cfa1116b349c1d28ea5","method":"GET","path":"/api/v1/approval-notifications","status":200,"duration_ms":2}
{"request_id":"rcc-602d4dfd0749c1b7ed7baecccd1c0c06","method":"GET","path":"/api/v1/release-orders/:id","status":200,"duration_ms":10}
{"request_id":"rcc-aa2a1d0381c777444030e69e0a9e41d8","method":"GET","path":"/api/v1/auth/session","status":200,"duration_ms":1}
{"request_id":"rcc-f64265e819c4c55a6630b5a8a5d8a521","method":"GET","path":"/api/v1/release-orders/:id/details","status":200,"duration_ms":10}
{"request_id":"rcc-f2db836de60a4f52fd7dbd273be98048","method":"GET","path":"/api/v1/table-field-policies/:table_name","status":200,"duration_ms":9}
{"request_id":"rcc-4350fdc0fc2551a40ce072896aae26fa","method":"GET","path":"/api/v1/release-orders/:id/people","status":200,"duration_ms":18}
{"request_id":"rcc-d4143980c065cbd160388568b430f6fe","method":"POST","path":"/api/v1/release-orders/:id/notification-read","status":200,"duration_ms":41}
{"request_id":"rcc-3eb3103ee6c18f1a59743c93dd88ba10","method":"POST","path":"/api/v1/release-orders","status":201,"duration_ms":52}
{"request_id":"rcc-c9fb279116d42d5f3cb98b5dd6532db2","method":"GET","path":"/api/v1/approval-notifications","status":200,"duration_ms":3}
{"request_id":"rcc-5f41ed3b9a9961de6c8eccb1d3a392bd","method":"GET","path":"/api/v1/auth/session","status":200,"duration_ms":1}
{"request_id":"rcc-16ba9128910114fb01812c55d292d784","method":"GET","path":"/api/v1/approval-notifications","status":200,"duration_ms":2}
{"request_id":"rcc-586a00d76579bfb82f9e72b7ff2fd356","method":"GET","path":"/api/v1/release-orders/:id","status":200,"duration_ms":15}
{"request_id":"rcc-b2c1c2b5c42770fd0dda7ef93287620d","method":"GET","path":"/api/v1/release-orders/:id/details","status":200,"duration_ms":7}
{"request_id":"rcc-04a04ca4c9dbd321d10f044818906bc4","method":"GET","path":"/api/v1/table-field-policies/:table_name","status":200,"duration_ms":6}
{"request_id":"rcc-a8ef114948518040c5821297ac49d5de","method":"GET","path":"/api/v1/release-orders/:id/people","status":200,"duration_ms":14}
{"request_id":"rcc-e577096bdd1d88092c4e0fa6ec759110","method":"GET","path":"/api/v1/release-orders/:id/details","status":200,"duration_ms":8}
{"request_id":"rcc-852c621f6e81f598b219ca0770dd179f","method":"POST","path":"/api/v1/release-orders/:id/submit","status":200,"duration_ms":106}
{"request_id":"rcc-906bd854f14f76df6874318abffd9d08","method":"GET","path":"/api/v1/approval-notifications","status":200,"duration_ms":2}
{"request_id":"rcc-fb0d954c46d79c89810557f7d6b73da8","method":"GET","path":"/api/v1/release-orders/:id","status":200,"duration_ms":11}
{"request_id":"rcc-abb11deaa4fed6c69d4f9a2d0587ac73","method":"GET","path":"/api/v1/release-orders/:id/people","status":200,"duration_ms":14}
{"request_id":"rcc-f69b422ee308845c1b180d0f8101044c","method":"GET","path":"/api/v1/release-orders/:id/details","status":200,"duration_ms":6}
{"request_id":"rcc-de04af447455ed4cd4ee32bc3eab0cbb","method":"GET","path":"/api/v1/auth/session","status":200,"duration_ms":1}
{"request_id":"rcc-b61e1ba972c57fe185885b8fe2a2d55b","method":"GET","path":"/api/v1/approval-notifications","status":200,"duration_ms":2}
{"request_id":"rcc-b3f7c3f493989af6a2e3f77ec7b06ec4","method":"GET","path":"/api/v1/release-orders/:id","status":200,"duration_ms":9}
{"request_id":"rcc-e38069a832107fb79c5d1cddb931ca30","method":"GET","path":"/api/v1/release-orders/:id/details","status":200,"duration_ms":6}
{"request_id":"rcc-3789fa61eb729359c0aa85d8f8716db4","method":"POST","path":"/api/v1/release-orders/:id/notification-read","status":200,"duration_ms":12}
{"request_id":"rcc-533080fec57ece55945fc8cdcedddb92","method":"GET","path":"/api/v1/table-field-policies/:table_name","status":200,"duration_ms":8}
{"request_id":"rcc-8a5b2af4964424be38641ea129e1d531","method":"GET","path":"/api/v1/release-orders/:id/people","status":200,"duration_ms":9}
{"request_id":"rcc-88d749ffdf2627922a2a0762bfeeab26","method":"GET","path":"/api/v1/approval-notifications","status":200,"duration_ms":2}
{"request_id":"rcc-f18c62f547510522d216c35bd91bf5cd","method":"GET","path":"/api/v1/release-orders/:id/details","status":200,"duration_ms":7}
{"request_id":"rcc-ff86ef810a344a1bf9b54c2e2ca643d5","method":"POST","path":"/api/v1/release-orders/:id/approve","status":200,"duration_ms":40}
{"request_id":"rcc-c5afee9d319a2532a7504bdfc17d73b0","method":"GET","path":"/api/v1/approval-notifications","status":200,"duration_ms":1}
{"request_id":"rcc-59b2376a06bcb2c86f9eff444f5fbe3d","method":"GET","path":"/api/v1/release-orders/:id","status":200,"duration_ms":9}
{"request_id":"rcc-6b0fa73aff5fdcd5c25f74a68cc5ebeb","method":"GET","path":"/api/v1/release-orders/:id/people","status":200,"duration_ms":10}
{"request_id":"rcc-852b8b6f26eb54f78ce76fd607378453","method":"GET","path":"/api/v1/release-orders/:id/details","status":200,"duration_ms":6}
{"request_id":"rcc-230e6dc5b44e1ff4b58d9723cd7e9734","method":"GET","path":"/api/v1/auth/session","status":200,"duration_ms":1}
{"request_id":"rcc-0b404b3a8d9a74c0293964e669a0e210","method":"GET","path":"/api/v1/approval-notifications","status":200,"duration_ms":4}
{"request_id":"rcc-a5f72c592ad1300c91e4490d99349031","method":"GET","path":"/api/v1/release-orders/:id","status":200,"duration_ms":11}
{"request_id":"rcc-504400c60b0003c3567379d19ad8e79f","method":"GET","path":"/api/v1/release-orders/:id/details","status":200,"duration_ms":6}
{"request_id":"rcc-4bec2a465c1f1d7eead1be50155244a7","method":"GET","path":"/api/v1/table-field-policies/:table_name","status":200,"duration_ms":7}
{"request_id":"rcc-ebc4e6918e1ddb082abd9ec5f889be13","method":"GET","path":"/api/v1/release-orders/:id/people","status":200,"duration_ms":12}
{"request_id":"rcc-1c388e1c305362c7075ba9995e5be313","method":"GET","path":"/api/v1/release-orders/:id/details","status":200,"duration_ms":5}
{"request_id":"rcc-567e23a38cff336338458cbc22963294","method":"POST","path":"/api/v1/release-orders/:id/execute","status":200,"duration_ms":106}
{"request_id":"rcc-e50f6c2c7f5226ff304bbf975db9eedc","method":"GET","path":"/api/v1/approval-notifications","status":200,"duration_ms":2}
{"request_id":"rcc-c97bcdd6fd66aefca1a8aec7a94c67a9","method":"GET","path":"/api/v1/release-orders/:id","status":200,"duration_ms":10}
{"request_id":"rcc-ba97752ded27c3e45765785deff4471e","method":"GET","path":"/api/v1/release-orders/:id/people","status":200,"duration_ms":12}
{"request_id":"rcc-bc839765ec60809f1b7d4e204192949b","method":"GET","path":"/api/v1/release-orders/:id/details","status":200,"duration_ms":6}
{"request_id":"rcc-56d6125d219bf72831317766a41be316","method":"GET","path":"/api/v1/auth/session","status":200,"duration_ms":2}
{"request_id":"rcc-5690b628962bae8f1aed8b9f8b7b6c70","method":"GET","path":"/api/v1/approval-notifications","status":200,"duration_ms":2}
{"request_id":"rcc-2ba09d2423d0838a9cd4066328e44b86","method":"GET","path":"/api/v1/release-orders/:id","status":200,"duration_ms":12}
{"request_id":"rcc-9bd6a8c4e2c68f0452589aa6e9f88a0b","method":"GET","path":"/api/v1/auth/session","status":200,"duration_ms":2}
{"request_id":"rcc-90b690292213c9611b98732a4f83d0e3","method":"POST","path":"/api/v1/tables/:table_name/query","status":200,"duration_ms":17}
{"request_id":"rcc-53414e08f1952d5875e4e957c0a2bce1","method":"GET","path":"/api/v1/release-orders/:id/details","status":200,"duration_ms":5}
{"request_id":"rcc-d4dd6a3331da77c48e77287fb35f0a94","method":"POST","path":"/api/v1/release-orders/:id/notification-read","status":200,"duration_ms":13}
{"request_id":"rcc-a3b5249d6095164b00282302231f5b21","method":"GET","path":"/api/v1/table-field-policies/:table_name","status":200,"duration_ms":5}
{"request_id":"rcc-de444b25bb463ea5adf66f703364ebb7","method":"GET","path":"/api/v1/approval-notifications","status":200,"duration_ms":1}
{"request_id":"rcc-69e9f4bbd75afb959f5c8b24fbaea611","method":"GET","path":"/api/v1/release-orders/:id/people","status":200,"duration_ms":13}
{"request_id":"rcc-dc0f24d1b40717657faa1202abfc8a09","method":"GET","path":"/api/v1/release-orders/:id","status":200,"duration_ms":9}
{"request_id":"rcc-16d7bcde7d905addfef01e0139549dd0","method":"POST","path":"/api/v1/release-orders/:id/quick-rollback/preview","status":200,"duration_ms":129}
{"request_id":"rcc-afcf3342f9585f4ff7b3e14550c00cd8","method":"GET","path":"/api/v1/approval-notifications","status":200,"duration_ms":2}
{"request_id":"rcc-e496b9aac6f2f8b00de1b3e7537bc0ec","method":"GET","path":"/api/v1/release-orders/:id","status":200,"duration_ms":11}
{"request_id":"rcc-58b6af777d14e09171b64d10e0b6018a","method":"GET","path":"/api/v1/release-orders/:id/people","status":200,"duration_ms":11}
{"request_id":"rcc-a3700d3c478fe1aba5b886d67d1427bc","method":"GET","path":"/api/v1/release-orders/:id/details","status":200,"duration_ms":6}
{"request_id":"rcc-b0b8100cbaafad376173a4ad86995268","method":"GET","path":"/api/v1/release-orders/:id","status":200,"duration_ms":11}
{"request_id":"rcc-32924817683582cc9c4b37bf42e0af28","method":"GET","path":"/api/v1/auth/session","status":200,"duration_ms":1}
{"request_id":"rcc-def7412d5ce0f60ab659f73e91b62a86","method":"GET","path":"/api/v1/release-orders/:id","status":200,"duration_ms":10}
{"request_id":"rcc-15317347a5368fa17365b7405e167c8f","method":"GET","path":"/api/v1/auth/session","status":200,"duration_ms":1}
{"request_id":"rcc-1835d73a053b3a82b197f0e6e83e2a0d","method":"GET","path":"/api/v1/release-orders/:id/details","status":200,"duration_ms":5}
{"request_id":"rcc-32b24ad45fafb9c9948bd2fae440129d","method":"GET","path":"/api/v1/auth/session","status":200,"duration_ms":1}
{"request_id":"rcc-b07073b012ea9b00972ebd074a714b22","method":"POST","path":"/api/v1/tables/:table_name/query","status":200,"duration_ms":13}
{"request_id":"rcc-3436ef92616de7416572656df25ff186","method":"GET","path":"/api/v1/release-orders/:id","status":200,"duration_ms":10}
{"request_id":"rcc-d183a897ec772e0f01aae4219dee37e1","method":"POST","path":"/api/v1/release-orders/:id/quick-rollback/preview","status":200,"duration_ms":141}
{"request_id":"rcc-0a3e2e534609196cbd6ddbe8814cb512","method":"GET","path":"/api/v1/approval-notifications","status":200,"duration_ms":2}
{"request_id":"rcc-21a0800acbc6401a62fd7d64305efad9","method":"GET","path":"/api/v1/release-orders/:id","status":200,"duration_ms":10}
{"request_id":"rcc-f27f1b59c82dc47e3ba4bcb77bddb7bd","method":"GET","path":"/api/v1/release-orders/:id/people","status":200,"duration_ms":11}
{"request_id":"rcc-03fee9fe850d35c950737f85c8f517c1","method":"GET","path":"/api/v1/release-orders/:id","status":200,"duration_ms":11}
{"request_id":"rcc-bd6f57c3d87b1f26af976fdcc1eaaf29","method":"POST","path":"/api/v1/release-orders/:id/quick-rollback","status":200,"duration_ms":123}
{"request_id":"rcc-ae53f19ed6461a6fc42d3453e2f38937","method":"GET","path":"/api/v1/approval-notifications","status":200,"duration_ms":2}
{"request_id":"rcc-6e8098e0596f70b7cfba5a9d3bf648ae","method":"GET","path":"/api/v1/release-orders/:id","status":200,"duration_ms":20}
{"request_id":"rcc-909bbe32579c77396c7d2ce60c197bfc","method":"GET","path":"/api/v1/release-orders/:id/details","status":200,"duration_ms":9}
{"request_id":"rcc-5ed6dd2de6e769987c6d59489da9d56d","method":"GET","path":"/api/v1/auth/session","status":200,"duration_ms":2}
{"request_id":"rcc-dd193b75578edfc6a65fc495ed51f256","method":"GET","path":"/api/v1/release-orders/:id","status":200,"duration_ms":9}
{"request_id":"rcc-11517b5f73432e47e74a68db9477be37","method":"GET","path":"/api/v1/approval-notifications","status":200,"duration_ms":6}
{"request_id":"rcc-4ab238a257d198349c0d81b7bbce5e70","method":"GET","path":"/api/v1/table-field-policies/:table_name","status":200,"duration_ms":6}
{"request_id":"rcc-afd75f3fb3f51d5a84edc2b5fbeb01e4","method":"GET","path":"/api/v1/release-orders/:id/details","status":200,"duration_ms":8}
{"request_id":"rcc-4b3af49b9a06b6592fb81800254b25b0","method":"GET","path":"/api/v1/release-orders/:id/people","status":200,"duration_ms":13}
{"request_id":"rcc-8c3befebb83c49452450b35dd4e18f16","method":"GET","path":"/api/v1/release-orders/:id","status":200,"duration_ms":12}
{"request_id":"rcc-78dcf9caa5c5286b6e3a0fec55353850","method":"POST","path":"/api/v1/release-orders/:id/quick-rollback","status":200,"duration_ms":35}
{"request_id":"rcc-59f1f70eff1116f18cf6830c066f5c6c","method":"GET","path":"/api/v1/release-orders/:id","status":200,"duration_ms":12}
{"request_id":"rcc-d49f2d750cadf59603b74d2a2f35cedb","method":"GET","path":"/api/v1/release-orders/:id/people","status":200,"duration_ms":14}
{"request_id":"rcc-aab2916dde5c182d7fe8e5e5bc9f391b","method":"GET","path":"/api/v1/auth/session","status":200,"duration_ms":1}
{"request_id":"rcc-b795e0c4d04985e25c15560aa66b8cd9","method":"GET","path":"/api/v1/release-orders/:id","status":200,"duration_ms":13}
{"request_id":"rcc-fc60940963ece957711ae488bc8c4163","method":"GET","path":"/api/v1/auth/session","status":200,"duration_ms":2}
{"request_id":"rcc-730bad720ff21093eb1495a4cf6855c6","method":"GET","path":"/api/v1/release-orders/:id/details","status":200,"duration_ms":6}
{"request_id":"rcc-f6317f3fb6fbdf568f68aa10f714331c","method":"GET","path":"/api/v1/auth/session","status":200,"duration_ms":1}
{"request_id":"rcc-bcff1d9dfc4fa13cc4e0a2445b3a125b","method":"POST","path":"/api/v1/tables/:table_name/query","status":200,"duration_ms":12}
{"request_id":"rcc-2fc696db1fb2727278fa99addc000553","method":"GET","path":"/api/v1/auth/session","status":200,"duration_ms":1}
{"request_id":"rcc-73a7af5bbef9c36219cdc7654eebb7c5","method":"GET","path":"/api/v1/auth/session","status":200,"duration_ms":1}
{"request_id":"rcc-3e6cd1a2ef8f7ddcd8a56bf85beef626","method":"GET","path":"/api/v1/auth/session","status":200,"duration_ms":1}
{"request_id":"rcc-e7ba50ef058f42f18b17da4759cc0a3d","method":"GET","path":"/api/v1/release-orders/:id","status":200,"duration_ms":10}
{"request_id":"rcc-186a3ebbd624b35406be66c96b701b40","method":"GET","path":"/api/v1/auth/session","status":200,"duration_ms":1}
{"request_id":"rcc-d8feb6f9ffae58e229e51554f2311603","method":"GET","path":"/api/v1/release-orders/:id/details","status":200,"duration_ms":6}
{"request_id":"rcc-983388ea560e633a38f64d17e001a511","method":"GET","path":"/api/v1/auth/csrf","status":200,"duration_ms":7}
{"request_id":"rcc-5fbc2f5f9cd27d80641533bf46490af4","method":"POST","path":"/api/v1/auth/register","status":201,"duration_ms":43}
{"request_id":"rcc-7bb666a1867c04f5cfe72498313a10d6","method":"GET","path":"/api/v1/auth/session","status":200,"duration_ms":1}
{"request_id":"rcc-d0ef42d0499aede25ee31ba6b31462f9","method":"GET","path":"/api/v1/account-roles","status":200,"duration_ms":2}
{"request_id":"rcc-404d2ce5ab71ac1005e65d8d7a77929c","method":"GET","path":"/api/v1/auth/session","status":200,"duration_ms":1}
{"request_id":"rcc-86db5ea1e73efba791aeb60f034bbe47","method":"PUT","path":"/api/v1/account-roles/:id","status":200,"duration_ms":13}
{"request_id":"rcc-7863e057a347180b0d359c7fd303b909","method":"GET","path":"/api/v1/auth/session","status":200,"duration_ms":0}
{"request_id":"rcc-d6d990a4f8fccc8b2627e02831c42d1c","method":"POST","path":"/api/v1/release-orders","status":201,"duration_ms":33}
{"request_id":"rcc-fd010dc3c4ceb35184816f7ba46d220c","method":"GET","path":"/api/v1/auth/session","status":200,"duration_ms":1}
{"request_id":"rcc-7f5115831f61928e734f3ed7d579db95","method":"POST","path":"/api/v1/release-orders/:id/submit","status":200,"duration_ms":64}
{"request_id":"rcc-a961dd295d7c4fe1c536cedaba76419a","method":"GET","path":"/api/v1/auth/session","status":200,"duration_ms":1}
{"request_id":"rcc-7ac1845c817af3d2b08c911d4e695b25","method":"GET","path":"/api/v1/release-orders/:id","status":200,"duration_ms":9}
{"request_id":"rcc-77728abe560b93f87f5619a52e0540b9","method":"GET","path":"/api/v1/auth/session","status":200,"duration_ms":1}
{"request_id":"rcc-de37c5d09c031c2bc0dd4ad087f3dfed","method":"POST","path":"/api/v1/release-orders/:id/approve","status":200,"duration_ms":27}
{"request_id":"rcc-b2641a6dc86af747f80d95c03176b666","method":"GET","path":"/api/v1/auth/session","status":200,"duration_ms":0}
{"request_id":"rcc-e6fd03ac8cc81bc8b1e1b582b888edee","method":"POST","path":"/api/v1/release-orders/:id/execute","status":200,"duration_ms":74}
{"request_id":"rcc-3db2c75a2b1c3500b836a956b3ec27d6","method":"GET","path":"/api/v1/release-orders","status":200,"duration_ms":25}
{"request_id":"rcc-95207e7742855f693a1f58bd742e407f","method":"GET","path":"/api/v1/release-orders/:id","status":200,"duration_ms":13}
{"request_id":"rcc-3b95418f7148e826830b58ffb2f4012b","method":"GET","path":"/api/v1/release-orders/:id/details","status":200,"duration_ms":9}
{"request_id":"rcc-ea667f63a838b6f3bbaee64125d818c0","method":"GET","path":"/api/v1/table-field-policies/:table_name","status":200,"duration_ms":7}
{"request_id":"rcc-24ac1ea793ef6d234a23473cdd8c0ef0","method":"GET","path":"/api/v1/release-orders/:id/people","status":200,"duration_ms":11}
{"request_id":"rcc-fdf599871cf4fc6f61e9e65df93d3bce","method":"GET","path":"/api/v1/release-orders/:id","status":200,"duration_ms":11}
{"request_id":"rcc-f7faf497cc6328ea36c3b55cbf4a6cba","method":"POST","path":"/api/v1/release-orders/:id/quick-rollback/preview","status":200,"duration_ms":140}
{"request_id":"rcc-4830936c44590f1662ee32602ad5f03f","method":"GET","path":"/api/v1/approval-notifications","status":200,"duration_ms":2}
{"request_id":"rcc-203cbfdedbfcde0dd4aa536081710053","method":"GET","path":"/api/v1/release-orders/:id","status":200,"duration_ms":10}
{"request_id":"rcc-026daf4ff9b2c979bc04596978d6e896","method":"GET","path":"/api/v1/release-orders/:id/people","status":200,"duration_ms":10}
{"request_id":"rcc-6286dd98ea7b00399a4b0530e3463243","method":"GET","path":"/api/v1/release-orders/:id/details","status":200,"duration_ms":6}
{"request_id":"rcc-b6bd26830eec4ae79411c681d4e2a1c5","method":"GET","path":"/api/v1/auth/session","status":200,"duration_ms":1}
{"request_id":"rcc-d53e6616d16f1d555556f0087c85936e","method":"GET","path":"/api/v1/release-orders/:id","status":200,"duration_ms":8}
{"request_id":"rcc-1c955b5d7c0ba22a902d023911c5ddf0","method":"GET","path":"/api/v1/auth/session","status":200,"duration_ms":1}
{"request_id":"rcc-0a02d6f6dce19508a964a997d738f8f3","method":"POST","path":"/api/v1/release-orders/:id/complete","status":200,"duration_ms":28}
{"request_id":"rcc-a90ca6dc8789ae3a63a28171931035bb","method":"GET","path":"/api/v1/auth/session","status":200,"duration_ms":1}
{"request_id":"rcc-815075bd105f5ed543516bcbd3e26bfa","method":"GET","path":"/api/v1/release-orders/:id","status":200,"duration_ms":7}
{"request_id":"rcc-6291b444d51dbd382319b82424253ffe","method":"GET","path":"/api/v1/auth/session","status":200,"duration_ms":1}
{"request_id":"rcc-15bf7ebcf854b49f287e2770782d53ce","method":"GET","path":"/api/v1/release-orders/:id/details","status":200,"duration_ms":6}
{"request_id":"rcc-59d329ee78bdf7050045157f10aa317c","method":"POST","path":"/api/v1/release-orders/:id/quick-rollback","status":409,"duration_ms":10}
{"request_id":"rcc-6ed49b0407d525305a6b199d1f52ba9f","method":"GET","path":"/api/v1/approval-notifications","status":200,"duration_ms":2}
{"request_id":"rcc-e05c1aa94f9b13f8f31dbe471c43362b","method":"GET","path":"/api/v1/release-orders/:id","status":200,"duration_ms":11}
{"request_id":"rcc-8ffe99ce2e20af54cce2cf6dd4f65296","method":"GET","path":"/api/v1/release-orders/:id/details","status":200,"duration_ms":6}
{"request_id":"rcc-90424144bff6a6e8533e745c75290949","method":"GET","path":"/api/v1/release-orders/:id","status":200,"duration_ms":13}
{"request_id":"rcc-c92df5b73901439c93f6154d7ff8a895","method":"GET","path":"/api/v1/release-orders/:id/details","status":200,"duration_ms":5}
{"request_id":"rcc-53f8b86e2c4f2784705be9879d8c22d3","method":"GET","path":"/api/v1/table-field-policies/:table_name","status":200,"duration_ms":6}
{"request_id":"rcc-0c26eda6fb0447ced6d19c8f994f6e4f","method":"GET","path":"/api/v1/auth/session","status":200,"duration_ms":1}
{"request_id":"rcc-d9358dcb4fa0627c85a593eb9bfbcad6","method":"GET","path":"/api/v1/release-orders/:id","status":200,"duration_ms":14}
{"request_id":"rcc-0b336c27123d1538275fa2dc94cbacbf","method":"GET","path":"/api/v1/auth/session","status":200,"duration_ms":1}
{"request_id":"rcc-f74361cf43af43cace44f748bf55a0d1","method":"GET","path":"/api/v1/release-orders/:id/details","status":200,"duration_ms":7}
{"request_id":"rcc-92806a5cab16d0503a2931678aec27aa","method":"GET","path":"/api/v1/auth/session","status":200,"duration_ms":3}
{"request_id":"rcc-e655ac4da30ed160c878887783785cb5","method":"POST","path":"/api/v1/tables/:table_name/query","status":200,"duration_ms":13}
