{"request_id":"rcc-6cc15fb5b4a0972f90911e3a71f74ad7","method":"GET","path":"/api/v1/auth/csrf","status":200,"duration_ms":6}
{"request_id":"rcc-3ec00e97b17133cfe2fe032925f6673a","method":"POST","path":"/api/v1/auth/register","status":201,"duration_ms":47}
{"request_id":"rcc-684cef20052641d78e8c0a8d15c5319c","method":"GET","path":"/api/v1/auth/session","status":200,"duration_ms":1}
{"request_id":"rcc-bea63199734c722556103ae7c324c246","method":"GET","path":"/api/v1/account-roles","status":200,"duration_ms":1}
{"request_id":"rcc-c816890f67c283f3d8f32675b84e9bbd","method":"GET","path":"/api/v1/auth/session","status":200,"duration_ms":0}
{"request_id":"rcc-4aa4527da2f8a4b28c44f1f840cf968a","method":"GET","path":"/api/v1/table-policies","status":200,"duration_ms":2}
{"request_id":"rcc-c117583f80c719019ab9250faf78a3bc","method":"GET","path":"/api/v1/auth/session","status":200,"duration_ms":1}
{"request_id":"rcc-a1bf99c51aa06d096cab8ed5fc36b31f","method":"GET","path":"/api/v1/table-policies","status":200,"duration_ms":2}
{"request_id":"rcc-153b3af488243673227c0348e3d8538f","method":"GET","path":"/api/v1/auth/session","status":200,"duration_ms":1}
{"request_id":"rcc-f5ac898f55abe6f241ad291008e6a32e","method":"GET","path":"/api/v1/release-templates","status":200,"duration_ms":1}
{"request_id":"rcc-bb37c7ef380c187957ff33fee0b58c54","method":"GET","path":"/api/v1/auth/session","status":200,"duration_ms":1}
{"request_id":"rcc-372d7fa2d376757546820cb2007e0edf","method":"GET","path":"/api/v1/table-policies","status":200,"duration_ms":1}
{"request_id":"rcc-c7bf110c258278bb187da5da5d5a4dcd","method":"GET","path":"/api/v1/auth/session","status":200,"duration_ms":1}
{"request_id":"rcc-4b313736b62ade28543f27ebff5c45f8","method":"GET","path":"/api/v1/table-policies/:table_name/release-templates","status":200,"duration_ms":3}
{"request_id":"rcc-3ceecdbcda652f8602fb747e2b381c5c","method":"GET","path":"/api/v1/auth/session","status":200,"duration_ms":1}
{"request_id":"rcc-4f8218a78894c2fc255d262daf8fdd42","method":"PUT","path":"/api/v1/table-policies/:table_name/release-templates/:release_type","status":200,"duration_ms":11}
{"request_id":"rcc-49b58c53c95a69a5e39720abc9632479","method":"GET","path":"/api/v1/auth/session","status":200,"duration_ms":1}
{"request_id":"rcc-12dee73e8f0dfd5a275ff2d6e740662b","method":"PUT","path":"/api/v1/table-policies/:table_name/release-templates/:release_type","status":200,"duration_ms":9}
{"request_id":"rcc-36a3018727617d4e2c6bbebc1906f0ba","method":"GET","path":"/api/v1/auth/session","status":200,"duration_ms":0}
{"request_id":"rcc-b7fea4cf84dcfcc6a0d34f84e5a3f746","method":"GET","path":"/api/v1/table-policies/:table_name/release-templates","status":200,"duration_ms":2}
{"request_id":"rcc-f794f669faa2d882337e389990d7bbfd","method":"GET","path":"/api/v1/auth/session","status":200,"duration_ms":0}
{"request_id":"rcc-73914fd2d3b977ab72817cd3dd4bc68c","method":"PUT","path":"/api/v1/table-policies/:table_name/release-templates/:release_type","status":200,"duration_ms":7}
{"request_id":"rcc-73e90851e66b51cb32b6955fd04565b1","method":"GET","path":"/api/v1/auth/session","status":200,"duration_ms":0}
{"request_id":"rcc-36d874c3d175f08ca8cbf46686320775","method":"PUT","path":"/api/v1/table-policies/:table_name/release-templates/:release_type","status":200,"duration_ms":8}
{"request_id":"rcc-e56e777b76c953737356b3d7494d5ef0","method":"GET","path":"/api/v1/auth/session","status":200,"duration_ms":1}
{"request_id":"rcc-5f39fbd91dddf2471aa5cc9e4ee46866","method":"GET","path":"/api/v1/table-policies/:table_name/release-templates","status":200,"duration_ms":4}
{"request_id":"rcc-ba8fc4e2befabbb461806188cfce4fe5","method":"GET","path":"/api/v1/auth/session","status":200,"duration_ms":1}
{"request_id":"rcc-b79fd601a27f06f8b5a7f017dcd623ec","method":"PUT","path":"/api/v1/table-policies/:table_name/release-templates/:release_type","status":200,"duration_ms":8}
{"request_id":"rcc-a28ee764f952f2e475a053df57981a1e","method":"GET","path":"/api/v1/auth/session","status":200,"duration_ms":0}
{"request_id":"rcc-df3d9969e5295a0aff4d1ef010558a4b","method":"PUT","path":"/api/v1/table-policies/:table_name/release-templates/:release_type","status":200,"duration_ms":7}
{"request_id":"rcc-a799f4c69c984ce31c7d3ca2ae9779c4","method":"GET","path":"/api/v1/auth/session","status":200,"duration_ms":0}
{"request_id":"rcc-86d739bfaec70b8557c8daeb008813bb","method":"GET","path":"/api/v1/table-policies/:table_name/release-templates","status":200,"duration_ms":2}
{"request_id":"rcc-e8d7dea6f92e7250d93072b0f022fcba","method":"GET","path":"/api/v1/auth/session","status":200,"duration_ms":1}
{"request_id":"rcc-9c80b201ad09553706036977539fa22f","method":"PUT","path":"/api/v1/table-policies/:table_name/release-templates/:release_type","status":200,"duration_ms":8}
{"request_id":"rcc-f815992214cd48a5c4d6d292506479a9","method":"GET","path":"/api/v1/auth/session","status":200,"duration_ms":0}
{"request_id":"rcc-a8487d4d4a8ff5b7210d8e68bd55b8ad","method":"PUT","path":"/api/v1/table-policies/:table_name/release-templates/:release_type","status":200,"duration_ms":8}
{"request_id":"rcc-f384f22e9a885ca5b6a1c0bb7bfd195d","method":"GET","path":"/api/v1/auth/session","status":200,"duration_ms":0}
{"request_id":"rcc-c32d12e2627c8a21609ea90e941e821c","method":"GET","path":"/api/v1/table-policies/:table_name/release-templates","status":200,"duration_ms":2}
{"request_id":"rcc-539236cd678f33a0fec8b103bb8f2ed7","method":"GET","path":"/api/v1/auth/session","status":200,"duration_ms":0}
{"request_id":"rcc-6cd4034aac18438d89ca1cbc14342025","method":"PUT","path":"/api/v1/table-policies/:table_name/release-templates/:release_type","status":200,"duration_ms":7}
{"request_id":"rcc-ca1c8880b7a4ceb792015503f0710917","method":"GET","path":"/api/v1/auth/session","status":200,"duration_ms":0}
{"request_id":"rcc-389f1f21f4232146540b10be596b367e","method":"PUT","path":"/api/v1/table-policies/:table_name/release-templates/:release_type","status":200,"duration_ms":7}
