
 RUN  v4.1.11 /private/tmp/rcc-issue-102-table-release-templates/web

 ❯ src/features/table-policies/TableReleaseTemplatesDrawer.test.tsx (5 tests | 2 failed) 1961ms
     × unlocks a rejected original request after a definite version conflict and retains its input 140ms
     × reads current state after replay instead of displaying a historical result as current 1140ms

⎯⎯⎯⎯⎯⎯⎯ Failed Tests 2 ⎯⎯⎯⎯⎯⎯⎯

 FAIL  src/features/table-policies/TableReleaseTemplatesDrawer.test.tsx > table release template settings > unlocks a rejected original request after a definite version conflict and retains its input
Error: expect(element).toBeEnabled()

Received element is not enabled:
  <select
  aria-label="应急模板"
  class="h-9 w-full min-w-0 appearance-none rounded-md border border-input bg-transparent px-3 py-2 pr-9 text-sm shadow-xs transition-[color,box-shadow] outline-none selection:bg-primary selection:text-primary-foreground placeholder:text-muted-foreground disabled:pointer-events-none disabled:cursor-not-allowed data-[size=sm]:h-8 data-[size=sm]:py-1 dark:bg-input/30 dark:hover:bg-input/50 focus-visible:border-ring focus-visible:ring-[3px] focus-visible:ring-ring/50 aria-invalid:border-destructive aria-invalid:ring-destructive/20 dark:aria-invalid:ring-destructive/40"
  data-size="default"
  data-slot="native-select"
/>
 ❯ src/features/table-policies/TableReleaseTemplatesDrawer.test.tsx:54:41


⎯⎯⎯⎯⎯⎯⎯⎯⎯⎯⎯⎯⎯⎯⎯⎯⎯⎯⎯⎯⎯⎯⎯⎯[1/2]⎯

 FAIL  src/features/table-policies/TableReleaseTemplatesDrawer.test.tsx > table release template settings > reads current state after replay instead of displaying a historical result as current
Error: expect(element).toHaveValue(template_1_v1)

Expected the element to have value:
  template_1_v1
Received:
  template_2_v1

Ignored nodes: comments, script, style
[36m<html[39m
  [33mclass[39m=[32m"modal-open"[39m
[36m>[39m
  [36m<head />[39m
  [36m<body[39m
    [33mclass[39m=[32m"modal-open"[39m
  [36m>[39m
    [36m<span[39m
      [33mdata-radix-focus-guard[39m=[32m""[39m
      [33mstyle[39m=[32m"outline: none; opacity: 0; position: fixed; pointer-events: none;"[39m
      [33mtabindex[39m=[32m"0"[39m
    [36m/>[39m
    [36m<div>[39m
      [36m<div[39m
        [33maria-hidden[39m=[32m"false"[39m
        [33mclass[39m=[32m"protected-workspace"[39m
        [33mdata-session-status[39m=[32m"ready"[39m
      [36m>[39m
        [36m<div[39m
          [33mclass[39m=[32m"app-shell"[39m
        [36m>[39m
          [36m<header[39m
            [33mclass[39m=[32m"app-header"[39m
            [33minert[39m=[32m""[39m
          [36m>[39m
            [36m<div[39m
              [33mclass[39m=[32m"brand"[39m
            [36m>[39m
              [36m<button[39m
                [33maria-controls[39m=[32m"primary-navigation"[39m
                [33maria-expanded[39m=[32m"false"[39m
                [33maria-label[39m=[32m"打开导航"[39m
                [33mclass[39m=[32m"inline-flex items-center justify-center gap-2 rounded-md text-sm font-medium whitespace-nowrap transition-all outline-none focus-visible:border-ring focus-visible:ring-[3px] focus-visible:ring-ring/50 disabled:pointer-events-none disabled:opacity-50 aria-invalid:border-destructive aria-invalid:ring-destructive/20 dark:aria-invalid:ring-destructive/40 [&_svg]:pointer-events-none [&_svg]:shrink-0 [&_svg:not([class*='size-'])]:size-4 hover:bg-accent hover:text-accent-foreground dark:hover:bg-accent/50 has-[>svg]:px-3 button size-9 shrink-0 p-0 icon-button mobile-menu"[39m
                [33mdata-size[39m=[32m"default"[39m
                [33mdata-slot[39m=[32m"button"[39m
                [33mdata-variant[39m=[32m"ghost"[39m
              [36m>[39m
                [36m<svg[39m
                  [33maria-hidden[39m=[32m"true"[39m
                  [33mclass[39m=[32m"lucide lucide-menu"[39m
                  [33mfill[39m=[32m"none"[39m
                  [33mheight[39m=[32m"20"[39m
                  [33mstroke[39m=[32m"currentColor"[39m
                  [33mstroke-linecap[39m=[32m"round"[39m
                  [33mstroke-linejoin[39m=[32m"round"[39m
                  [33mstroke-width[39m=[32m"2"[39m
                  [33mviewBox[39m=[32m"0 0 24 24"[39m
                  [33mwidth[39m=[32m"20"[39m
                  [33mxmlns[39m=[32m"http://www.w3.org/2000/svg"[39m
                [36m>[39m
                  [36m<path[39m
                    [33md[39m=[32m"M4 5h16"[39m
                  [36m/>[39m
                  [36m<path[39m
                    [33md[39m=[32m"M4 12h16"[39m
                  [36m/>[39m
                  [36m<path[39m
                    [33md[39m=[32m"M4 19h16"[39m
                  [36m/>[39m
                [36m</svg>[39m
              [36m</button>[39m
              [36m<span[39m
                [33mclass[39m=[32m"brand-mark"[39m
              [36m>[39m
                [36m<svg[39m
                  [33maria-hidden[39m=[32m"true"[39m
                  [33mclass[39m=[32m"lucide lucide-database"[39m
                  [33mfill[39m=[32m"none"[39m
                  [33mheight[39m=[32m"20"[39m
                  [33mstroke[39m=[32m"currentColor"[39m
                  [33mstroke-linecap[39m=[32m"round"[39m
                  [33mstroke-linejoin[39m=[32m"round"[39m
                  [33mstroke-width[39m=[32m"1.8"[39m
                  [33mviewBox[39m=[32m"0 0 24 24"[39m
                  [33mwidth[39m=[32m"20"[39m
                  [33mxmlns[39m=[32m"http://www.w3.org/2000/svg"[39m
                [36m>[39m
                  [36m<ellipse[39m
                    [33mcx[39m=[32m"12"[39m
                    [33mcy[39m=[32m"5"[39m
                    [33mrx[39m=[32m"9"[39m
                    [33mry[39m=[32m"3"[39m
                  [36m/>[39m
                  [36m<path[39m
                    [33md[39m=[32m"M3 5V19A9 3 0 0 0 21 19V5"[39m
                  [36m/>[39m
                  [36m<path[39m
                    [33md[39m=[32m"M3 12A9 3 0 0 0 21 12"[39m
                  [36m/>[39m
                [36m</svg>[39m
              [36m</span>[39m
              [36m<strong>[39m
                [0m关系型配置中心[0m
              [36m</strong>[39m
            [36m</div>[39m
            [36m<div[39m
              [33mclass[39m=[32m"header-breadcrumb"[39m
            [36m>[39m
              [36m<span>[39m
                [0m工作空间[0m
              [36m</span>[39m
              [36m<svg[39m
                [33maria-hidden[39m=[32m"true"[39m
                [33mclass[39m=[32m"lucide lucide-chevron-right"[39m
                [33mfill[39m=[32m"none"[39m
                [33mheight[39m=[32m"14"[39m
                [33mstroke[39m=[32m"currentColor"[39m
                [33mstroke-linecap[39m=[32m"round"[39m
                [33mstroke-linejoin[39m=[32m"round"[39m
                [33mstroke-width[39m=[32m"2"[39m
                [33mviewBox[39m=[32m"0 0 24 24"[39m
                [33mwidth[39m=[32m"14"[39m
                [33mxmlns[39m=[32m"http://www.w3.org/2000/svg"[39m
              [36m>[39m
                [36m<path[39m
                  [33md[39m=[32m"m9 18 6-6-6-6"[39m
                [36m/>[39m
              [36m</svg>[39m
              [36m<strong>[39m
                [0m表配置管理[0m
              [36m</strong>[39m
            [36m</div>[39m
            [36m<span[39m
              [33mclass[39m=[32m"inline-flex w-fit shrink-0 items-center justify-center gap-1 overflow-hidden rounded-full border px-2 py-0.5 text-xs font-medium whitespace-nowrap transition-[color,box-shadow] focus-visible:border-ring focus-visible:ring-[3px] focus-visible:ring-ring/50 aria-invalid:border-destructive aria-invalid:ring-destructive/20 dark:aria-invalid:ring-destructive/40 [&>svg]:pointer-events-none [&>svg]:size-3 border-border text-foreground [a&]:hover:bg-accent [a&]:hover:text-accent-foreground header-status"[39m
              [33mdata-slot[39m=[32m"badge"[39m
              [33mdata-variant[39m=[32m"outline"[39m
            [36m>[39m
              [36m<svg[39m
                [33maria-hidden[39m=[32m"true"[39m
                [33mclass[39m=[32m"lucide lucide-database"[39m
                [33mfill[39m=[32m"none"[39m
                [33mheight[39m=[32m"14"[39m
                [33mstroke[39m=[32m"currentColor"[39m
                [33mstroke-linecap[39m=[32m"round"[39m
                [33mstroke-linejoin[39m=[32m"round"[39m
                [33mstroke-width[39m=[32m"2"[39m
                [33mviewBox[39m=[32m"0 ...
 ❯ src/features/table-policies/TableReleaseTemplatesDrawer.test.tsx:62:59

 ❯ runWithExpensiveErrorDiagnosticsDisabled node_modules/.pnpm/@testing-library+dom@10.4.1/node_modules/@testing-library/dom/dist/config.js:47:12
 ❯ checkCallback node_modules/.pnpm/@testing-library+dom@10.4.1/node_modules/@testing-library/dom/dist/wait-for.js:124:77
 ❯ Timeout.checkRealTimersCallback node_modules/.pnpm/@testing-library+dom@10.4.1/node_modules/@testing-library/dom/dist/wait-for.js:118:16

⎯⎯⎯⎯⎯⎯⎯⎯⎯⎯⎯⎯⎯⎯⎯⎯⎯⎯⎯⎯⎯⎯⎯⎯[2/2]⎯


 Test Files  1 failed (1)
      Tests  2 failed | 3 passed (5)
   Start at  07:22:31
   Duration  3.76s (transform 527ms, setup 247ms, import 851ms, tests 1.96s, environment 595ms)

