=== RUN   TestReleaseNotificationsPublicationUsesActualParticipants
2026/09/11 07:45:06 github.com/testcontainers/testcontainers-go - Connected to docker: 
  Server Version: 29.5.2
  API Version: 1.54
  Operating System: Ubuntu 24.04.4 LTS
  Total Memory: 3904 MB
  Testcontainers for Go Version: v0.44.0
  Resolved Docker Host: unix:///Users/asher/.colima/default/docker.sock
  Resolved Docker Socket Path: /Users/asher/.colima/default/docker.sock
  Test SessionID: fabac74d22ec1859c5c43b3bb575743f602fd6c927519007c2f24ccb819b49c6
  Test ProcessID: e1c49680-8d43-40b8-811f-e5eda789c02f
2026/09/11 07:45:06 🐳 Creating container for image mysql:8.4
2026/09/11 07:45:06 ✅ Container created: 4f92b3258392
2026/09/11 07:45:06 🐳 Starting container: 4f92b3258392
2026/09/11 07:45:06 ✅ Container started: 4f92b3258392
2026/09/11 07:45:06 ⏳ Waiting for container id 4f92b3258392 image: mysql:8.4. Waiting for: all of: [log message "port: 3306  MySQL Community Server"]
2026/09/11 07:45:13 🔔 Container is ready: 4f92b3258392
{"request_id":"rcc-1ed5a992ae4fea7112b495c4c2d629d9","method":"GET","path":"/api/v1/auth/csrf","status":200,"duration_ms":6}
{"request_id":"rcc-5e24904832af81e8b100b84b76f87314","method":"POST","path":"/api/v1/auth/register","status":201,"duration_ms":47}
{"request_id":"rcc-3546745c1bfe569885880bcd9f263bad","method":"GET","path":"/api/v1/auth/csrf","status":200,"duration_ms":5}
{"request_id":"rcc-0a2e4f0896779325f7215b140465d792","method":"POST","path":"/api/v1/auth/login","status":200,"duration_ms":56}
{"request_id":"rcc-bc263d16099e2e0f8fd49d30308533cb","method":"GET","path":"/api/v1/auth/csrf","status":200,"duration_ms":5}
{"request_id":"rcc-a83bd23bcaf71581e24ab840245244e1","method":"POST","path":"/api/v1/auth/register","status":201,"duration_ms":45}
{"request_id":"rcc-e56845e6b43c50aea6f095d4b8151cb8","method":"GET","path":"/api/v1/auth/csrf","status":200,"duration_ms":5}
{"request_id":"rcc-80415efa1045c070edb1ee0574e595b2","method":"POST","path":"/api/v1/auth/register","status":201,"duration_ms":47}
{"request_id":"rcc-354ccd5b8ace84f69f56c4cac5db6aff","method":"GET","path":"/api/v1/auth/csrf","status":200,"duration_ms":5}
{"request_id":"rcc-7e5d97a6bb1155e9c8b5767fe8551835","method":"POST","path":"/api/v1/auth/register","status":201,"duration_ms":41}
{"request_id":"rcc-15612803f927b3c5a679d4c3d677ae42","method":"GET","path":"/api/v1/auth/csrf","status":200,"duration_ms":5}
{"request_id":"rcc-d667d00cd0cbf9a19bafac55b88bafc1","method":"POST","path":"/api/v1/auth/register","status":201,"duration_ms":44}
{"request_id":"rcc-036fd826ed9b1eb032bb7546f6dc6e2c","method":"PUT","path":"/api/v1/account-roles/:id","status":200,"duration_ms":11}
{"request_id":"rcc-dbabb58bd59d445b9e8ae0bc0e4aef4f","method":"PUT","path":"/api/v1/account-roles/:id","status":200,"duration_ms":9}
{"request_id":"rcc-e13bcab893d40193929ad864da71d783","method":"POST","path":"/api/v1/approval-roles","status":201,"duration_ms":13}
{"request_id":"rcc-e26d052d53e4501e6999656cd7fe67d7","method":"POST","path":"/api/v1/approval-roles","status":201,"duration_ms":14}
{"request_id":"rcc-00e7061171f46096cd67801e9db0e3ac","method":"GET","path":"/api/v1/table-policies/:table_name/approval-roles","status":200,"duration_ms":3}
{"request_id":"rcc-a2a5c62bba1bd82908eb5eb60b3124e7","method":"PUT","path":"/api/v1/table-policies/:table_name/approval-roles","status":200,"duration_ms":21}
{"request_id":"rcc-e24713df118c5d8abe595cb5edeb8a23","method":"POST","path":"/api/v1/release-orders","status":201,"duration_ms":47}
{"request_id":"rcc-6eb72df9a326ccdf23c47641f481a12b","method":"POST","path":"/api/v1/release-orders/:id/submit","status":200,"duration_ms":122}
{"request_id":"rcc-069ca02515e0f43667614c4ac88dba58","method":"GET","path":"/api/v1/release-orders/:id","status":200,"duration_ms":9}
{"request_id":"rcc-cc530308a1d56d70d6c94d5e01307d57","method":"POST","path":"/api/v1/release-orders/:id/approve","status":200,"duration_ms":43}
{"request_id":"rcc-dc2a4e5185847eaf1efc07352f2d8d32","method":"GET","path":"/api/v1/release-orders/:id","status":200,"duration_ms":11}
{"request_id":"rcc-fe4f991874ff5eb8acf5b3517c57887f","method":"POST","path":"/api/v1/release-orders/:id/approve","status":200,"duration_ms":39}
{"request_id":"rcc-ab0ec1b572d47394ac69002f9320df2d","method":"PUT","path":"/api/v1/approval-roles/:id","status":200,"duration_ms":16}
{"request_id":"rcc-129254eedb0b2e7a02df287775efb9dc","method":"PUT","path":"/api/v1/approval-roles/:id","status":200,"duration_ms":16}
{"request_id":"rcc-f9b5bb785ecac539cd6859a96112498c","method":"GET","path":"/api/v1/release-orders/:id","status":200,"duration_ms":9}
{"request_id":"rcc-47f1fcb62eba8bbb516b5edec59d3c49","method":"GET","path":"/api/v1/release-orders/:id","status":200,"duration_ms":9}
{"request_id":"rcc-c06aa4024aec5a61f0075f9f313b27f4","method":"GET","path":"/api/v1/release-orders/:id","status":200,"duration_ms":12}
{"request_id":"rcc-25aa6803a3a737b03ee2c1279c974ae2","method":"GET","path":"/api/v1/release-orders/:id","status":200,"duration_ms":11}
{"request_id":"rcc-ae56395e7bdb912a7726d96b84ec5b26","method":"GET","path":"/api/v1/release-orders/:id","status":200,"duration_ms":12}
{"request_id":"rcc-31c8265bb943ce41991c8923873524e1","method":"POST","path":"/api/v1/release-orders/:id/execute","status":200,"duration_ms":151}
{"request_id":"rcc-1943885121866898a83279512097f099","method":"GET","path":"/api/v1/release-orders/:id","status":200,"duration_ms":12}
{"request_id":"rcc-1e236ca5a200f2a937a3f4001836a0b5","method":"GET","path":"/api/v1/release-orders/:id","status":200,"duration_ms":13}
{"request_id":"rcc-fce6d28204cd9ee454ebea40c1de4878","method":"GET","path":"/api/v1/release-orders/:id","status":200,"duration_ms":11}
{"request_id":"rcc-e43d67673a03fd3d7694f8bccbdeca49","method":"GET","path":"/api/v1/release-orders/:id","status":200,"duration_ms":12}
{"request_id":"rcc-085d15c23c239da8b624785bc4e24809","method":"GET","path":"/api/v1/release-orders/:id","status":200,"duration_ms":9}
{"request_id":"rcc-b60ae35f78d4c6f6f8bd08f06f3141da","method":"GET","path":"/api/v1/release-orders","status":200,"duration_ms":10}
{"request_id":"rcc-5c332b4167a3741678a2f23b239c5fc0","method":"GET","path":"/api/v1/release-orders/:id","status":200,"duration_ms":12}
{"request_id":"rcc-2abe00c891ed14c6fd02633b00afd3fa","method":"POST","path":"/api/v1/release-orders/:id/execute","status":200,"duration_ms":23}
{"request_id":"rcc-78fb4c66a0dfc60a89d8d67eb3e9c682","method":"GET","path":"/api/v1/release-orders/:id","status":200,"duration_ms":12}
    release_notifications_integration_test.go:62: SELECT COUNT(*) FROM rcc_refresh_notifications WHERE status='NOT_CONNECTED': got 0, want 2, error Error 1054 (42S22): Unknown column 'status' in 'where clause'
2026/09/11 07:45:15 🐳 Stopping container: 4f92b3258392
2026/09/11 07:45:17 ✅ Container stopped: 4f92b3258392
2026/09/11 07:45:17 🐳 Terminating container: 4f92b3258392
2026/09/11 07:45:17 🚫 Container terminated: 4f92b3258392
--- FAIL: TestReleaseNotificationsPublicationUsesActualParticipants (10.64s)
FAIL
FAIL	github.com/asherzj/relational-config-center/admin/cmd/admin	11.610s
FAIL
