
 RUN  v4.1.11 /private/tmp/rcc-issue-97-release-notifications/web

 ❯ src/api/release-orders.test.ts (0 test)
 ❯ src/features/notifications/ApprovalNotifications.test.tsx (0 test)
 ❯ src/features/release-orders/ReleaseOrdersPage.test.tsx (0 test)
 ❯ src/features/release-orders/release-journal.test.ts (0 test)
 ❯ src/features/notifications/NotificationsPage.test.tsx (0 test)

⎯⎯⎯⎯⎯⎯ Failed Suites 5 ⎯⎯⎯⎯⎯⎯⎯

 FAIL  src/api/release-orders.test.ts [ src/api/release-orders.test.ts ]
 FAIL  src/features/notifications/ApprovalNotifications.test.tsx [ src/features/notifications/ApprovalNotifications.test.tsx ]
 FAIL  src/features/release-orders/ReleaseOrdersPage.test.tsx [ src/features/release-orders/ReleaseOrdersPage.test.tsx ]
 FAIL  src/features/release-orders/release-journal.test.ts [ src/features/release-orders/release-journal.test.ts ]
Error: Failed to resolve import "fake-indexeddb" from "src/test/setup.ts". Does the file exist?
  Plugin: vite:import-analysis
  File: /private/tmp/rcc-issue-97-release-notifications/web/src/test/setup.ts:3:27
  1  |  import "@testing-library/jest-dom/vitest";
  2  |  import { afterEach, beforeEach } from "vitest";
  3  |  import { IDBFactory } from "fake-indexeddb";
     |                              ^
  4  |  import { hydrateReleaseRequests } from "../features/release-orders/release-journal";
  5  |  beforeEach(async () => {
 ❯ TransformPluginContext._formatLog ../../../../Users/asher/Projects/relational-config-center/web/node_modules/.pnpm/vite@8.2.2_@types+node@26.3.0_jiti@2.7.0/node_modules/vite/dist/node/chunks/node.js:31147:39
 ❯ TransformPluginContext.error ../../../../Users/asher/Projects/relational-config-center/web/node_modules/.pnpm/vite@8.2.2_@types+node@26.3.0_jiti@2.7.0/node_modules/vite/dist/node/chunks/node.js:31144:14
 ❯ normalizeUrl ../../../../Users/asher/Projects/relational-config-center/web/node_modules/.pnpm/vite@8.2.2_@types+node@26.3.0_jiti@2.7.0/node_modules/vite/dist/node/chunks/node.js:28083:18
 ❯ ../../../../Users/asher/Projects/relational-config-center/web/node_modules/.pnpm/vite@8.2.2_@types+node@26.3.0_jiti@2.7.0/node_modules/vite/dist/node/chunks/node.js:28153:30
 ❯ TransformPluginContext.transform ../../../../Users/asher/Projects/relational-config-center/web/node_modules/.pnpm/vite@8.2.2_@types+node@26.3.0_jiti@2.7.0/node_modules/vite/dist/node/chunks/node.js:28119:4
 ❯ EnvironmentPluginContainer.transform ../../../../Users/asher/Projects/relational-config-center/web/node_modules/.pnpm/vite@8.2.2_@types+node@26.3.0_jiti@2.7.0/node_modules/vite/dist/node/chunks/node.js:30932:14
 ❯ loadAndTransform ../../../../Users/asher/Projects/relational-config-center/web/node_modules/.pnpm/vite@8.2.2_@types+node@26.3.0_jiti@2.7.0/node_modules/vite/dist/node/chunks/node.js:20671:26

⎯⎯⎯⎯⎯⎯⎯⎯⎯⎯⎯⎯⎯⎯⎯⎯⎯⎯⎯⎯⎯⎯⎯⎯[1/5]⎯

 FAIL  src/features/notifications/NotificationsPage.test.tsx [ src/features/notifications/NotificationsPage.test.tsx ]
Error: Failed to resolve import "fake-indexeddb" from "src/test/setup.ts". Does the file exist?
  Plugin: vite:import-analysis
  File: /private/tmp/rcc-issue-97-release-notifications/web/src/test/setup.ts:3:27
  1  |  import "@testing-library/jest-dom/vitest";
  2  |  import { afterEach, beforeEach } from "vitest";
  3  |  import { IDBFactory } from "fake-indexeddb";
     |                              ^
  4  |  import { hydrateReleaseRequests } from "../features/release-orders/release-journal";
  5  |  beforeEach(async () => {
 ❯ TransformPluginContext._formatLog ../../../../Users/asher/Projects/relational-config-center/web/node_modules/.pnpm/vite@8.2.2_@types+node@26.3.0_jiti@2.7.0/node_modules/vite/dist/node/chunks/node.js:31147:39
 ❯ TransformPluginContext.error ../../../../Users/asher/Projects/relational-config-center/web/node_modules/.pnpm/vite@8.2.2_@types+node@26.3.0_jiti@2.7.0/node_modules/vite/dist/node/chunks/node.js:31144:14
 ❯ normalizeUrl ../../../../Users/asher/Projects/relational-config-center/web/node_modules/.pnpm/vite@8.2.2_@types+node@26.3.0_jiti@2.7.0/node_modules/vite/dist/node/chunks/node.js:28083:18
 ❯ ../../../../Users/asher/Projects/relational-config-center/web/node_modules/.pnpm/vite@8.2.2_@types+node@26.3.0_jiti@2.7.0/node_modules/vite/dist/node/chunks/node.js:28153:30
 ❯ TransformPluginContext.transform ../../../../Users/asher/Projects/relational-config-center/web/node_modules/.pnpm/vite@8.2.2_@types+node@26.3.0_jiti@2.7.0/node_modules/vite/dist/node/chunks/node.js:28119:4
 ❯ EnvironmentPluginContainer.transform ../../../../Users/asher/Projects/relational-config-center/web/node_modules/.pnpm/vite@8.2.2_@types+node@26.3.0_jiti@2.7.0/node_modules/vite/dist/node/chunks/node.js:30932:14
 ❯ loadAndTransform ../../../../Users/asher/Projects/relational-config-center/web/node_modules/.pnpm/vite@8.2.2_@types+node@26.3.0_jiti@2.7.0/node_modules/vite/dist/node/chunks/node.js:20671:26
 ❯ fetchModule ../../../../Users/asher/Projects/relational-config-center/web/node_modules/.pnpm/vite@8.2.2_@types+node@26.3.0_jiti@2.7.0/node_modules/vite/dist/node/chunks/node.js:34343:15

⎯⎯⎯⎯⎯⎯⎯⎯⎯⎯⎯⎯⎯⎯⎯⎯⎯⎯⎯⎯⎯⎯⎯⎯[2/5]⎯


 Test Files  5 failed (5)
      Tests  no tests
   Start at  07:56:19
   Duration  1.68s (transform 0ms, setup 0ms, import 0ms, tests 0ms, environment 5.23s)

