=== RUN   TestReleaseEmergencyAC012SwitchReplacesWholeDraft
2026/09/11 11:07:33 github.com/testcontainers/testcontainers-go - Connected to docker: 
  Server Version: 29.5.2
  API Version: 1.54
  Operating System: Ubuntu 24.04.4 LTS
  Total Memory: 3904 MB
  Testcontainers for Go Version: v0.44.0
  Resolved Docker Host: unix:///Users/asher/.colima/default/docker.sock
  Resolved Docker Socket Path: /Users/asher/.colima/default/docker.sock
  Test SessionID: ed7907f004b531be7048338148d07037626d5c6e09ae7b78caeb1df300dd650b
  Test ProcessID: 50a6a0c0-ede0-454c-b635-babc6e36cba5
2026/09/11 11:07:33 🐳 Creating container for image mysql:8.4
2026/09/11 11:07:33 ✅ Container created: 6991c29e0b0d
2026/09/11 11:07:33 🐳 Starting container: 6991c29e0b0d
2026/09/11 11:07:33 ✅ Container started: 6991c29e0b0d
2026/09/11 11:07:33 ⏳ Waiting for container id 6991c29e0b0d image: mysql:8.4. Waiting for: all of: [log message "port: 3306  MySQL Community Server"]
2026/09/11 11:07:39 🔔 Container is ready: 6991c29e0b0d
{"request_id":"rcc-0e15e7e259286c0e798ffef7bf5b4843","method":"GET","path":"/api/v1/auth/csrf","status":200,"duration_ms":7}
{"request_id":"rcc-ef13d9693d7b682f9133c7e44a5259f7","method":"POST","path":"/api/v1/auth/register","status":201,"duration_ms":45}
{"request_id":"rcc-38d514cb89f64032db8b3174b6401b5e","method":"GET","path":"/api/v1/auth/csrf","status":200,"duration_ms":4}
{"request_id":"rcc-0ab2d7d356e6b1aa19b66b0f86480d54","method":"POST","path":"/api/v1/auth/login","status":200,"duration_ms":51}
{"request_id":"rcc-cbffba54abb3ef0388092a80bd9875c9","method":"POST","path":"/api/v1/query-policies","status":201,"duration_ms":3}
{"request_id":"rcc-ee27db22d3561264491c6de61f808b74","method":"POST","path":"/api/v1/query-policies/:code/activate","status":200,"duration_ms":4}
{"request_id":"rcc-2fe4807cd48f2712a900ec6b6e73c208","method":"POST","path":"/api/v1/mutation-policies","status":201,"duration_ms":3}
{"request_id":"rcc-3dd38b1139ca070ce51ed65109f7e82e","method":"POST","path":"/api/v1/mutation-policies/:code/activate","status":200,"duration_ms":4}
{"request_id":"rcc-062a4a5171b7bf6515c28e9e18d62763","method":"POST","path":"/api/v1/table-policies","status":201,"duration_ms":15}
{"request_id":"rcc-20fc33e8f7adb91fcf9f491e78f5c3e6","method":"POST","path":"/api/v1/table-policies/:table_name/enable","status":200,"duration_ms":12}
{"request_id":"rcc-ec07da612f865a250ccf8d26b3bea7fa","method":"POST","path":"/api/v1/table-policies","status":201,"duration_ms":15}
{"request_id":"rcc-20087d879539a1291b056709948e07b6","method":"POST","path":"/api/v1/table-policies/:table_name/enable","status":200,"duration_ms":15}
{"request_id":"rcc-a9b42336cea3b1a37d6b75212a5cd8a0","method":"POST","path":"/api/v1/release-templates","status":201,"duration_ms":7}
{"request_id":"rcc-3eca6235a3aca38c3e023b906fcd79ed","method":"GET","path":"/api/v1/table-policies/:table_name/release-templates","status":200,"duration_ms":3}
{"request_id":"rcc-a774cc721c6b696f4a2c38dc42e80f01","method":"PUT","path":"/api/v1/table-policies/:table_name/release-templates/:release_type","status":200,"duration_ms":8}
{"request_id":"rcc-1268b73400863258cb1e4b4acb3e2b02","method":"GET","path":"/api/v1/table-policies/:table_name/release-templates","status":200,"duration_ms":2}
{"request_id":"rcc-22bd6171d17e3e6f81ec0524d7de85a1","method":"PUT","path":"/api/v1/table-policies/:table_name/release-templates/:release_type","status":200,"duration_ms":8}
{"request_id":"rcc-275d0681fd7eab15d5d67d2d97e05e63","method":"POST","path":"/api/v1/release-orders","status":201,"duration_ms":34}
{"request_id":"rcc-649890671aa56038bf1a3d8c31b0d572","method":"PUT","path":"/api/v1/release-orders/:id","status":200,"duration_ms":15}
{"request_id":"rcc-31d7403c18be5232f0f834d56aead607","method":"PUT","path":"/api/v1/release-orders/:id","status":200,"duration_ms":8}
{"request_id":"rcc-8beb04dcf622517903cbd96761b61667","method":"PUT","path":"/api/v1/release-orders/:id","status":409,"duration_ms":7}
{"request_id":"rcc-cd2fb226d0dfa9fd96e48dabe8d94b42","method":"PUT","path":"/api/v1/release-orders/:id","status":200,"duration_ms":16}
2026/09/11 11:07:41 🐳 Stopping container: 6991c29e0b0d
2026/09/11 11:07:42 ✅ Container stopped: 6991c29e0b0d
2026/09/11 11:07:42 🐳 Terminating container: 6991c29e0b0d
2026/09/11 11:07:42 🚫 Container terminated: 6991c29e0b0d
--- PASS: TestReleaseEmergencyAC012SwitchReplacesWholeDraft (9.28s)
PASS
ok  	github.com/asherzj/relational-config-center/admin/cmd/admin	11.750s
