=== RUN   TestReleaseEmergencyAC015SubmitNeedsReasonAndDoesNotPublish
2026/09/11 11:08:24 github.com/testcontainers/testcontainers-go - Connected to docker: 
  Server Version: 29.5.2
  API Version: 1.54
  Operating System: Ubuntu 24.04.4 LTS
  Total Memory: 3904 MB
  Testcontainers for Go Version: v0.44.0
  Resolved Docker Host: unix:///Users/asher/.colima/default/docker.sock
  Resolved Docker Socket Path: /Users/asher/.colima/default/docker.sock
  Test SessionID: d22873bed3ba5a5f27b1230df471825dedddc9c4f0e4102025cc70d97ab31e4d
  Test ProcessID: cf46798b-e18d-4eef-b7f5-3cebb8f83a87
2026/09/11 11:08:24 🐳 Creating container for image mysql:8.4
2026/09/11 11:08:24 ✅ Container created: bad0c8c5676c
2026/09/11 11:08:24 🐳 Starting container: bad0c8c5676c
2026/09/11 11:08:24 ✅ Container started: bad0c8c5676c
2026/09/11 11:08:24 ⏳ Waiting for container id bad0c8c5676c image: mysql:8.4. Waiting for: all of: [log message "port: 3306  MySQL Community Server"]
2026/09/11 11:08:30 🔔 Container is ready: bad0c8c5676c
{"request_id":"rcc-991bd6584965f08edfea9300c80e5873","method":"GET","path":"/api/v1/auth/csrf","status":200,"duration_ms":7}
{"request_id":"rcc-e2d54234a4e3550cffceed0ecb9e9789","method":"POST","path":"/api/v1/auth/register","status":201,"duration_ms":44}
{"request_id":"rcc-355172e5cd3712f7a6e8df4a6210f4e6","method":"GET","path":"/api/v1/auth/csrf","status":200,"duration_ms":5}
{"request_id":"rcc-111435a308dca3214af5aae3e033fa90","method":"POST","path":"/api/v1/auth/login","status":200,"duration_ms":52}
{"request_id":"rcc-d7931f7d678e7b994456e39fa12e1660","method":"POST","path":"/api/v1/query-policies","status":201,"duration_ms":3}
{"request_id":"rcc-f84c01f46a6194590951419f4e570bd1","method":"POST","path":"/api/v1/query-policies/:code/activate","status":200,"duration_ms":4}
{"request_id":"rcc-5300314e05d1adc58729442a8bedb46d","method":"POST","path":"/api/v1/mutation-policies","status":201,"duration_ms":2}
{"request_id":"rcc-a14b518edae9345149a62182247d68ca","method":"POST","path":"/api/v1/mutation-policies/:code/activate","status":200,"duration_ms":4}
{"request_id":"rcc-b2dd55576e0371722405d8f688f0d564","method":"POST","path":"/api/v1/table-policies","status":201,"duration_ms":14}
{"request_id":"rcc-1ec03c339d85b4dfd94973c8aeaf8c28","method":"POST","path":"/api/v1/table-policies/:table_name/enable","status":200,"duration_ms":12}
{"request_id":"rcc-4533b4a541172785681ae6fced6d3b65","method":"POST","path":"/api/v1/table-policies","status":201,"duration_ms":13}
{"request_id":"rcc-0171bfde3d20713a334551290d9a8389","method":"POST","path":"/api/v1/table-policies/:table_name/enable","status":200,"duration_ms":12}
{"request_id":"rcc-9c2d788f53b9796864bdb286f52f9fd1","method":"POST","path":"/api/v1/release-templates","status":201,"duration_ms":5}
{"request_id":"rcc-48555bed4a9735c5123889efbafd9ebe","method":"GET","path":"/api/v1/auth/csrf","status":200,"duration_ms":4}
{"request_id":"rcc-b2a711e02a30b0aa803cc10f64a42214","method":"POST","path":"/api/v1/auth/register","status":201,"duration_ms":44}
{"request_id":"rcc-dfb6f52703001b6b4b45801d790a72a9","method":"PUT","path":"/api/v1/account-roles/:id","status":200,"duration_ms":8}
{"request_id":"rcc-bcb3216445aca0e2824992520edfe339","method":"POST","path":"/api/v1/release-orders","status":201,"duration_ms":32}
{"request_id":"rcc-092b28388e9749b49d44f80da49f2183","method":"POST","path":"/api/v1/release-orders/:id/submit","status":400,"duration_ms":0}
    release_emergency_integration_test.go:55: expected HTTP 422, got 400: {"error":{"code":"invalid_request","message":"request body must be valid JSON with only supported fields","request_id":"rcc-092b28388e9749b49d44f80da49f2183"}}
2026/09/11 11:08:31 🐳 Stopping container: bad0c8c5676c
2026/09/11 11:08:32 ✅ Container stopped: bad0c8c5676c
2026/09/11 11:08:32 🐳 Terminating container: bad0c8c5676c
2026/09/11 11:08:32 🚫 Container terminated: bad0c8c5676c
--- FAIL: TestReleaseEmergencyAC015SubmitNeedsReasonAndDoesNotPublish (8.85s)
FAIL
FAIL	github.com/asherzj/relational-config-center/admin/cmd/admin	10.171s
FAIL
