=== RUN   TestReleaseEmergencyAC016PublisherPermissionIsCurrent
2026/09/11 11:10:43 github.com/testcontainers/testcontainers-go - Connected to docker: 
  Server Version: 29.5.2
  API Version: 1.54
  Operating System: Ubuntu 24.04.4 LTS
  Total Memory: 3904 MB
  Testcontainers for Go Version: v0.44.0
  Resolved Docker Host: unix:///Users/asher/.colima/default/docker.sock
  Resolved Docker Socket Path: /Users/asher/.colima/default/docker.sock
  Test SessionID: e3d939344ab69bc13c19986b163afbc557e3a3eaef96e08c814905438c1b40ba
  Test ProcessID: 45529b63-a3c6-4d85-af1c-5ad7724d1985
2026/09/11 11:10:43 🐳 Creating container for image mysql:8.4
2026/09/11 11:10:43 ✅ Container created: 9575ae8e9edc
2026/09/11 11:10:43 🐳 Starting container: 9575ae8e9edc
2026/09/11 11:10:43 ✅ Container started: 9575ae8e9edc
2026/09/11 11:10:43 ⏳ Waiting for container id 9575ae8e9edc image: mysql:8.4. Waiting for: all of: [log message "port: 3306  MySQL Community Server"]
2026/09/11 11:10:49 🔔 Container is ready: 9575ae8e9edc
{"request_id":"rcc-3fc099cbbc474d2e8d0fb425cddb507b","method":"GET","path":"/api/v1/auth/csrf","status":200,"duration_ms":8}
{"request_id":"rcc-27670caccf3f30d10c57f1daf11bf185","method":"POST","path":"/api/v1/auth/register","status":201,"duration_ms":45}
{"request_id":"rcc-2145af32ed49d3541f5246795ca1cab7","method":"GET","path":"/api/v1/auth/csrf","status":200,"duration_ms":5}
{"request_id":"rcc-f357923ec873c8d6f61a459c7896ad0f","method":"POST","path":"/api/v1/auth/login","status":200,"duration_ms":52}
{"request_id":"rcc-7b241853d8204765abdc55fa9c68055f","method":"POST","path":"/api/v1/query-policies","status":201,"duration_ms":3}
{"request_id":"rcc-a1a5d3944b1f4e9aca06fce317ffbd34","method":"POST","path":"/api/v1/query-policies/:code/activate","status":200,"duration_ms":4}
{"request_id":"rcc-d22505acd2ffdfbfcc67a646cd9aaa10","method":"POST","path":"/api/v1/mutation-policies","status":201,"duration_ms":3}
{"request_id":"rcc-eb6356eff91329975f27ff83436976a8","method":"POST","path":"/api/v1/mutation-policies/:code/activate","status":200,"duration_ms":4}
{"request_id":"rcc-385896de7e9a44d29c8a37dff5310d75","method":"POST","path":"/api/v1/table-policies","status":201,"duration_ms":14}
{"request_id":"rcc-832f30a7dde199222d5cb86eb8a3b79d","method":"POST","path":"/api/v1/table-policies/:table_name/enable","status":200,"duration_ms":12}
{"request_id":"rcc-b90cf6a26043f78503a25832c6615207","method":"POST","path":"/api/v1/table-policies","status":201,"duration_ms":13}
{"request_id":"rcc-887ae2a88407759debe6b1a926fff4b0","method":"POST","path":"/api/v1/table-policies/:table_name/enable","status":200,"duration_ms":12}
{"request_id":"rcc-656ffe3d1ede6a6350421901a80391e0","method":"POST","path":"/api/v1/release-templates","status":201,"duration_ms":6}
{"request_id":"rcc-a578039fdb415df735f0c5ebffc7dc16","method":"GET","path":"/api/v1/auth/csrf","status":200,"duration_ms":5}
{"request_id":"rcc-d03fa46c611679c378dbc68a989689ca","method":"POST","path":"/api/v1/auth/register","status":201,"duration_ms":43}
{"request_id":"rcc-983f550467f78345eb9731b76baf10f4","method":"PUT","path":"/api/v1/account-roles/:id","status":200,"duration_ms":8}
{"request_id":"rcc-32eba47e072b3d183a39afb4d7ff83fa","method":"POST","path":"/api/v1/release-orders","status":201,"duration_ms":31}
{"request_id":"rcc-6fbf2c7807fd33807be70ff57a271543","method":"POST","path":"/api/v1/release-orders/:id/submit","status":200,"duration_ms":79}
{"request_id":"rcc-56b67005f62cb9993c9bb2c884736692","method":"POST","path":"/api/v1/release-orders/:id/execute","status":403,"duration_ms":0}
{"request_id":"rcc-bc44076a2f179cc03cbaf2186373e00a","method":"PUT","path":"/api/v1/account-roles/:id","status":200,"duration_ms":8}
{"request_id":"rcc-74eced0e7bd58408ca5ff0857dfa9876","method":"GET","path":"/api/v1/release-orders/:id","status":200,"duration_ms":4}
    release_emergency_integration_test.go:117: current publisher applicant cannot execute {cd4124060393e9ccf0abad59ebff217f 各表保存流程 PENDING_PUBLICATION 2 EMERGENCY [{de48e5674405ac3c05b8bca466c10306 policy_alpha EMERGENCY default_emergency_v1 默认应急发布 1 1 2026-09-11T03:10:50.947615Z [{publication PUBLICATION 应急发布 ACTIVE PUBLISHER  } {completion COMPLETION 完结 PENDING PUBLISHER  }]} {af228544ae0e123e4788cffb87c834b8 policy_beta EMERGENCY default_emergency_v1 默认应急发布 1 1 2026-09-11T03:10:50.947615Z [{publication PUBLICATION 应急发布 ACTIVE PUBLISHER  } {completion COMPLETION 完结 PENDING PUBLISHER  }]}] [] []}
2026/09/11 11:10:50 🐳 Stopping container: 9575ae8e9edc
2026/09/11 11:10:52 ✅ Container stopped: 9575ae8e9edc
2026/09/11 11:10:52 🐳 Terminating container: 9575ae8e9edc
2026/09/11 11:10:52 🚫 Container terminated: 9575ae8e9edc
--- FAIL: TestReleaseEmergencyAC016PublisherPermissionIsCurrent (8.85s)
FAIL
FAIL	github.com/asherzj/relational-config-center/admin/cmd/admin	10.598s
FAIL
