=== RUN   TestReleaseEmergencyAC016PublisherPermissionIsCurrent
2026/09/11 11:11:23 github.com/testcontainers/testcontainers-go - Connected to docker: 
  Server Version: 29.5.2
  API Version: 1.54
  Operating System: Ubuntu 24.04.4 LTS
  Total Memory: 3904 MB
  Testcontainers for Go Version: v0.44.0
  Resolved Docker Host: unix:///Users/asher/.colima/default/docker.sock
  Resolved Docker Socket Path: /Users/asher/.colima/default/docker.sock
  Test SessionID: ea74bb5b9d03126835618f14ab0d3392fc05fff81543c9545dc6e68f9b9fcee2
  Test ProcessID: 0ab664cd-f452-4346-abae-79faab561de7
2026/09/11 11:11:23 🐳 Creating container for image mysql:8.4
2026/09/11 11:11:23 ✅ Container created: 1490fe305f3e
2026/09/11 11:11:23 🐳 Starting container: 1490fe305f3e
2026/09/11 11:11:23 ✅ Container started: 1490fe305f3e
2026/09/11 11:11:23 ⏳ Waiting for container id 1490fe305f3e image: mysql:8.4. Waiting for: all of: [log message "port: 3306  MySQL Community Server"]
2026/09/11 11:11:29 🔔 Container is ready: 1490fe305f3e
{"request_id":"rcc-6592370d11def12083f0bbc2d3016e30","method":"GET","path":"/api/v1/auth/csrf","status":200,"duration_ms":6}
{"request_id":"rcc-6eb6f38a901fc91a2cd9a1cecbcb111f","method":"POST","path":"/api/v1/auth/register","status":201,"duration_ms":45}
{"request_id":"rcc-455f0cef950071adf6be30f44b3e6426","method":"GET","path":"/api/v1/auth/csrf","status":200,"duration_ms":5}
{"request_id":"rcc-b784bf8ad6b6500c6997466df1c34661","method":"POST","path":"/api/v1/auth/login","status":200,"duration_ms":52}
{"request_id":"rcc-10b14c6dcd56ec861fa3bcfc3ffe61ba","method":"POST","path":"/api/v1/query-policies","status":201,"duration_ms":3}
{"request_id":"rcc-bc4b81f4037114948bea2fa3e12af705","method":"POST","path":"/api/v1/query-policies/:code/activate","status":200,"duration_ms":4}
{"request_id":"rcc-00f751703810ebfebfb48eefb1cf8177","method":"POST","path":"/api/v1/mutation-policies","status":201,"duration_ms":2}
{"request_id":"rcc-8f301e131a36bb28daa72202ba7d61dc","method":"POST","path":"/api/v1/mutation-policies/:code/activate","status":200,"duration_ms":4}
{"request_id":"rcc-8dda1ba91b9050e31f570b8576ef7fc5","method":"POST","path":"/api/v1/table-policies","status":201,"duration_ms":14}
{"request_id":"rcc-f9201b1102ff08c6ed9e060adf49e42a","method":"POST","path":"/api/v1/table-policies/:table_name/enable","status":200,"duration_ms":11}
{"request_id":"rcc-b947f7b44f34a6e662043a5a65bbc463","method":"POST","path":"/api/v1/table-policies","status":201,"duration_ms":12}
{"request_id":"rcc-1918c6372a694268b7c7174bf05752af","method":"POST","path":"/api/v1/table-policies/:table_name/enable","status":200,"duration_ms":12}
{"request_id":"rcc-1cdcb737869b4ebc1474645535b8bbb8","method":"POST","path":"/api/v1/release-templates","status":201,"duration_ms":6}
{"request_id":"rcc-da0423bdd29ad5af5b2cce13cf644fb6","method":"GET","path":"/api/v1/auth/csrf","status":200,"duration_ms":5}
{"request_id":"rcc-ef249b6c7d5d104c26eac0a7633ade58","method":"POST","path":"/api/v1/auth/register","status":201,"duration_ms":43}
{"request_id":"rcc-e2da5538b61701d39d6fe19e19046daf","method":"PUT","path":"/api/v1/account-roles/:id","status":200,"duration_ms":9}
{"request_id":"rcc-f1e7043e45d78a07d6c54fc6bb30e74c","method":"POST","path":"/api/v1/release-orders","status":201,"duration_ms":33}
{"request_id":"rcc-484fd54b9ebf40781aac6a086dba10a7","method":"POST","path":"/api/v1/release-orders/:id/submit","status":200,"duration_ms":78}
{"request_id":"rcc-cb9edc5f5cde0bd6eec3228e47a77d0c","method":"POST","path":"/api/v1/release-orders/:id/execute","status":403,"duration_ms":0}
{"request_id":"rcc-0fe669ca1efd328a121f0fb982d81f33","method":"PUT","path":"/api/v1/account-roles/:id","status":200,"duration_ms":9}
{"request_id":"rcc-71fa6327921ca7efbf35906e12e6098f","method":"GET","path":"/api/v1/release-orders/:id","status":200,"duration_ms":4}
{"request_id":"rcc-613957f416339c1a5497f55a6ac795b4","method":"PUT","path":"/api/v1/account-roles/:id","status":200,"duration_ms":7}
{"request_id":"rcc-7a8c862db563ddb838d6cc245f06bbad","method":"POST","path":"/api/v1/release-orders/:id/execute","status":403,"duration_ms":0}
{"request_id":"rcc-192d046093399bd0a9a07a7e148a29de","method":"PUT","path":"/api/v1/account-roles/:id","status":200,"duration_ms":7}
{"request_id":"rcc-3703558a17fa0b5f0f2d51e02be7c6bf","method":"POST","path":"/api/v1/release-orders/:id/execute","status":200,"duration_ms":121}
{"request_id":"rcc-d1e1aa6291b90c5300f6283a9a2afce0","method":"PUT","path":"/api/v1/account-roles/:id","status":200,"duration_ms":8}
{"request_id":"rcc-be07ea5741d881fae7d16c20bcb6361d","method":"POST","path":"/api/v1/release-orders/:id/execute","status":403,"duration_ms":0}
{"request_id":"rcc-dc2aaaf07de7cbb12ec106036e8f0fd8","method":"PUT","path":"/api/v1/account-roles/:id","status":200,"duration_ms":7}
{"request_id":"rcc-0f49302b4b9e7b1441bf63d589c72fb9","method":"POST","path":"/api/v1/release-orders/:id/execute","status":200,"duration_ms":11}
2026/09/11 11:11:31 🐳 Stopping container: 1490fe305f3e
2026/09/11 11:11:32 ✅ Container stopped: 1490fe305f3e
2026/09/11 11:11:32 🐳 Terminating container: 1490fe305f3e
2026/09/11 11:11:32 🚫 Container terminated: 1490fe305f3e
--- PASS: TestReleaseEmergencyAC016PublisherPermissionIsCurrent (8.87s)
PASS
ok  	github.com/asherzj/relational-config-center/admin/cmd/admin	10.232s
