=== RUN   TestReleaseEmergencyReasonOnlyAcceptedBySubmit
2026/09/11 11:26:22 github.com/testcontainers/testcontainers-go - Connected to docker: 
  Server Version: 29.5.2
  API Version: 1.54
  Operating System: Ubuntu 24.04.4 LTS
  Total Memory: 3904 MB
  Testcontainers for Go Version: v0.44.0
  Resolved Docker Host: unix:///Users/asher/.colima/default/docker.sock
  Resolved Docker Socket Path: /Users/asher/.colima/default/docker.sock
  Test SessionID: 94a8cbac84621edab4bfedeccaea12dd2610e24a2eb6642f91fbc60afa0612c4
  Test ProcessID: 95b6a84d-3c1d-4368-92b8-2847adf2b34c
2026/09/11 11:26:22 🐳 Creating container for image mysql:8.4
2026/09/11 11:26:22 ✅ Container created: 852cb70bd5ac
2026/09/11 11:26:22 🐳 Starting container: 852cb70bd5ac
2026/09/11 11:26:22 ✅ Container started: 852cb70bd5ac
2026/09/11 11:26:22 ⏳ Waiting for container id 852cb70bd5ac image: mysql:8.4. Waiting for: all of: [log message "port: 3306  MySQL Community Server"]
2026/09/11 11:26:28 🔔 Container is ready: 852cb70bd5ac
{"request_id":"rcc-3f8f8029f1fe3b801903d08e6789fad8","method":"GET","path":"/api/v1/auth/csrf","status":200,"duration_ms":6}
{"request_id":"rcc-b513f9c4a8575f87e87b5f22378d7f99","method":"POST","path":"/api/v1/auth/register","status":201,"duration_ms":44}
{"request_id":"rcc-6918af9100eaf8921e3ab6fbd07437a6","method":"GET","path":"/api/v1/auth/csrf","status":200,"duration_ms":6}
{"request_id":"rcc-41519fc60bb25620bd90609a44fff667","method":"POST","path":"/api/v1/auth/login","status":200,"duration_ms":55}
{"request_id":"rcc-df9fd73b0ebf6bb7900ef466a2c619f5","method":"POST","path":"/api/v1/release-orders","status":201,"duration_ms":15}
{"request_id":"rcc-18cf577434bb87ed24dbaecdb5d0b02c","method":"POST","path":"/api/v1/release-orders/:id/execute","status":422,"duration_ms":6}
    release_emergency_integration_test.go:426: expected HTTP 400, got 422: {"error":{"code":"release_state_invalid","message":"release order state does not allow this action","request_id":"rcc-18cf577434bb87ed24dbaecdb5d0b02c"}}
2026/09/11 11:26:29 🐳 Stopping container: 852cb70bd5ac
2026/09/11 11:26:30 ✅ Container stopped: 852cb70bd5ac
2026/09/11 11:26:30 🐳 Terminating container: 852cb70bd5ac
2026/09/11 11:26:30 🚫 Container terminated: 852cb70bd5ac
--- FAIL: TestReleaseEmergencyReasonOnlyAcceptedBySubmit (8.98s)
=== RUN   TestReleaseFailureAuditPreservesConcurrentCancellation
2026/09/11 11:26:30 🐳 Creating container for image mysql:8.4
2026/09/11 11:26:31 ✅ Container created: 2bfb8e4ca789
2026/09/11 11:26:31 🐳 Starting container: 2bfb8e4ca789
2026/09/11 11:26:31 ✅ Container started: 2bfb8e4ca789
2026/09/11 11:26:31 ⏳ Waiting for container id 2bfb8e4ca789 image: mysql:8.4. Waiting for: all of: [log message "port: 3306  MySQL Community Server"]
2026/09/11 11:26:36 🔔 Container is ready: 2bfb8e4ca789
{"request_id":"rcc-65463c80c3ada8f45a8829965fd5fc60","method":"GET","path":"/api/v1/auth/csrf","status":200,"duration_ms":5}
{"request_id":"rcc-d5bee0341235b4a244efc3f7b96462d9","method":"POST","path":"/api/v1/auth/register","status":201,"duration_ms":41}
{"request_id":"rcc-53b403686a58159613605786904812fe","method":"GET","path":"/api/v1/auth/csrf","status":200,"duration_ms":4}
{"request_id":"rcc-2592d8477ab2974e35248f0cefcb848b","method":"POST","path":"/api/v1/auth/login","status":200,"duration_ms":54}
{"request_id":"rcc-594edc81f8a9e74a4acc866aff9eb58e","method":"GET","path":"/api/v1/table-policies/:table_name/release-templates","status":200,"duration_ms":2}
{"request_id":"rcc-3f9286dbed20e2852d7e7dc411c7792f","method":"PUT","path":"/api/v1/table-policies/:table_name/release-templates/:release_type","status":200,"duration_ms":8}
{"request_id":"rcc-2ae75441c471110d33d565f777b289a3","method":"GET","path":"/api/v1/auth/csrf","status":200,"duration_ms":4}
{"request_id":"rcc-55fe89b6ed2735a6a913ae55cafbac98","method":"POST","path":"/api/v1/auth/register","status":201,"duration_ms":47}
{"request_id":"rcc-271c58b19244e432365e1216b871a4cd","method":"POST","path":"/api/v1/release-orders","status":201,"duration_ms":36}
{"request_id":"rcc-eb13ca5782c50055c9f46adcbff1afb9","method":"POST","path":"/api/v1/approval-roles","status":201,"duration_ms":17}
{"request_id":"rcc-8e553a0d8bb192d8f7f3ba185e0f9f78","method":"GET","path":"/api/v1/table-policies/:table_name/approval-roles","status":200,"duration_ms":3}
{"request_id":"rcc-4922de0c013e9eca71dd934428a6848f","method":"PUT","path":"/api/v1/table-policies/:table_name/approval-roles","status":200,"duration_ms":22}
{"request_id":"rcc-620eaa1ee0b7c9ade66acaf7ef456786","method":"POST","path":"/api/v1/release-orders/:id/submit","status":200,"duration_ms":61}
{"request_id":"rcc-cb22478845139c3087d751bd449823e3","method":"GET","path":"/api/v1/release-orders/:id","status":200,"duration_ms":7}
{"request_id":"rcc-30a4a0feed2ea65cfada1df2370f9ee0","method":"POST","path":"/api/v1/release-orders/:id/approve","status":200,"duration_ms":22}
    release_failure_retry_integration_test.go:152: request did not reach real rcc_release_orders lock
2026/09/11 11:26:40 🐳 Stopping container: 2bfb8e4ca789
[mysql] 2026/09/11 11:26:40 packets.go:58 unexpected EOF
{"request_id":"rcc-bc1c3fea9e712d4b703956fb4ce250b8","method":"POST","path":"/api/v1/release-orders/:id/execute","status":503,"duration_ms":3094}
[mysql] 2026/09/11 11:26:40 packets.go:58 unexpected EOF
{"request_id":"rcc-05c390080db26d3af38361eca863aa01","method":"POST","path":"/api/v1/release-orders/:id/cancel","status":503,"duration_ms":3033}
2026/09/11 11:26:43 ✅ Container stopped: 2bfb8e4ca789
2026/09/11 11:26:43 🐳 Terminating container: 2bfb8e4ca789
2026/09/11 11:26:43 🚫 Container terminated: 2bfb8e4ca789
--- FAIL: TestReleaseFailureAuditPreservesConcurrentCancellation (12.67s)
=== RUN   TestOriginalOrderRollbackPreservesApplicationAndBothExecutions
2026/09/11 11:26:43 🐳 Creating container for image mysql:8.4
2026/09/11 11:26:43 ✅ Container created: 8fd950d6a722
2026/09/11 11:26:43 🐳 Starting container: 8fd950d6a722
2026/09/11 11:26:43 ✅ Container started: 8fd950d6a722
2026/09/11 11:26:43 ⏳ Waiting for container id 8fd950d6a722 image: mysql:8.4. Waiting for: all of: [log message "port: 3306  MySQL Community Server"]
2026/09/11 11:26:48 🔔 Container is ready: 8fd950d6a722
{"request_id":"rcc-bd492a8d9d0566cc2c8bae95b1e07fd0","method":"GET","path":"/api/v1/auth/csrf","status":200,"duration_ms":6}
{"request_id":"rcc-a7367d5ee7e43d8eca53cfe91856d878","method":"POST","path":"/api/v1/auth/register","status":201,"duration_ms":46}
{"request_id":"rcc-f984de2fc38b4eefc60f586fe6660cc0","method":"GET","path":"/api/v1/auth/csrf","status":200,"duration_ms":6}
{"request_id":"rcc-c33423b5e71ccb9b9c94d6fe274fd61f","method":"POST","path":"/api/v1/auth/login","status":200,"duration_ms":54}
{"request_id":"rcc-90ed592730d1e45ae01f4cea549ce785","method":"GET","path":"/api/v1/table-policies/:table_name/release-templates","status":200,"duration_ms":2}
{"request_id":"rcc-0b69cbe0447567eb8472eac9fa3c11cf","method":"PUT","path":"/api/v1/table-policies/:table_name/release-templates/:release_type","status":200,"duration_ms":8}
{"request_id":"rcc-a3aadf16d5430d81c85711db465728ae","method":"GET","path":"/api/v1/auth/csrf","status":200,"duration_ms":6}
{"request_id":"rcc-2512150ce43df5596aab8ba943fd022d","method":"POST","path":"/api/v1/auth/register","status":201,"duration_ms":47}
{"request_id":"rcc-f6863aefb30398abcc7cc66d69b6b927","method":"POST","path":"/api/v1/release-orders","status":201,"duration_ms":38}
{"request_id":"rcc-d6e256315af46c207c73907f7ff1af42","method":"POST","path":"/api/v1/approval-roles","status":201,"duration_ms":14}
{"request_id":"rcc-30287786a7cb492d2227dce89b688473","method":"GET","path":"/api/v1/table-policies/:table_name/approval-roles","status":200,"duration_ms":4}
{"request_id":"rcc-244a93512b601954ab23936991aa5224","method":"PUT","path":"/api/v1/table-policies/:table_name/approval-roles","status":200,"duration_ms":16}
{"request_id":"rcc-6511a1179d865629fb098fa47c0fa591","method":"POST","path":"/api/v1/release-orders/:id/submit","status":200,"duration_ms":77}
{"request_id":"rcc-c1772402447ab838e1197806a2e0ebcc","method":"GET","path":"/api/v1/release-orders/:id","status":200,"duration_ms":11}
{"request_id":"rcc-abd065df50cb53642f39ebc373607bd8","method":"POST","path":"/api/v1/release-orders/:id/approve","status":200,"duration_ms":51}
{"request_id":"rcc-ddfdd679b422f9568b68b9f506375970","method":"POST","path":"/api/v1/release-orders/:id/execute","status":200,"duration_ms":162}
{"request_id":"rcc-78aee06c664f2d18f36b7fa0360887c9","method":"GET","path":"/api/v1/auth/csrf","status":200,"duration_ms":6}
{"request_id":"rcc-6c5ddea6142eb2115dfc031dacbea12e","method":"POST","path":"/api/v1/auth/register","status":201,"duration_ms":44}
{"request_id":"rcc-2874e7c3712a7576bc90f6519efb0e3c","method":"PUT","path":"/api/v1/account-roles/:id","status":200,"duration_ms":12}
{"request_id":"rcc-d03fbe11268e71e5401c6ab05cf54cb7","method":"POST","path":"/api/v1/release-orders/:id/quick-rollback/preview","status":200,"duration_ms":93}
{"request_id":"rcc-179aa3b9d0ad801e172e1c18f2605e94","method":"POST","path":"/api/v1/release-orders/:id/quick-rollback","status":200,"duration_ms":125}
{"request_id":"rcc-e8d18616d8b751c2c2a56fda50f3fe0d","method":"POST","path":"/api/v1/tables/:table_name/query","status":200,"duration_ms":14}
{"request_id":"rcc-d40e6ac2cf4bd80937716b570d84d444","method":"POST","path":"/api/v1/tables/:table_name/query","status":200,"duration_ms":13}
{"request_id":"rcc-b741274bc1d16ff2662875f07d4a61b8","method":"POST","path":"/api/v1/release-orders/:id/quick-rollback","status":200,"duration_ms":22}
{"request_id":"rcc-954cae5dd4cdf03fe6c8d3f54f525c84","method":"POST","path":"/api/v1/release-orders/:id/execute","status":200,"duration_ms":27}
    release_original_execution_integration_test.go:59: original publication replay changed after rollback {"emergency_reason":"","release_type":"STANDARD","table_flows":[{"instance_id":"80c46d57e043d0a053608771c65c5953","table_name":"mutation_add_items","release_type":"STANDARD","template_code":"default_standard_v1","template_name":"默认常规发布","template_version":"1","association_version":"1","instantiated_at":"2026-09-11T03:26:50.237421Z","node_list":[{"code":"approval","type":"APPROVAL","name":"按表审批","required_role":"TABLE_APPROVER","state":"COMPLETED","actor_id":"99640a59-2573-4533-82fd-85cc42c69ab8","at":"2026-09-11T03:26:50.401349Z"},{"code":"publication","type":"PUBLICATION","name":"发布","required_role":"PUBLISHER","state":"COMPLETED","actor_id":"cb4eca8c-2f36-4dac-95d4-bae6f493243e","at":"2026-09-11T03:26:50.576058Z"},{"code":"completion","type":"COMPLETION","name":"完结","required_role":"PUBLISHER","state":"ACTIVE"}]}],"missing_flow_tables":[],"approvals":[{"table_name":"mutation_add_items","roles":[{"id":"cebf90a6-f441-4d62-8a7c-7675b763c6b3","name":"Fixture review 8"}],"state":"APPROVED","decision":{"actor_id":"99640a59-2573-4533-82fd-85cc42c69ab8","at":"2026-09-11T03:26:50.401349Z","reason":"checked intent","source":"ROLE","roles":[{"id":"cebf90a6-f441-4d62-8a7c-7675b763c6b3","name":"Fixture review 8"}]}}],"approval_context":{"revision":"737cf70e3192a9e14bcbb8b7b678cd8d21c79401f169066129b61b03c55ed437","tables":[{"table_name":"mutation_add_items","mode":"COMPLETED","reason":"该表已处理","can_approve":false}],"approvable_tables":[]},"table_names":["mutation_add_items"],"title":"原单混合恢复","executions":[{"notifications":{"mutation_add_items":{"table_version":"1","table_name":"mutation_add_items","id":"ed66a869e9816d94bcf169a3fb5373e1:PUBLICATION","status":"NOT_CONNECTED"}},"id":"ed66a869e9816d94bcf169a3fb5373e1:PUBLICATION","kind":"PUBLICATION","actor_id":"cb4eca8c-2f36-4dac-95d4-bae6f493243e","executed_at":"2026-09-11T03:26:50.52895Z","table_versions":{"mutation_add_items":"1"},"operation_counts":{"ADD":1,"DELETE":1,"MODIFY":1},"item_count":3,"outcome":"SUCCEEDED"}],"frozen_digest":"48a254906040631b9436bebfddfa52beb4649f5d6ce3449e8cb8da8f86526f4d","id":"ed66a869e9816d94bcf169a3fb5373e1","applicant_id":"cb4eca8c-2f36-4dac-95d4-bae6f493243e","state":"SUCCEEDED","version":"4","items":[{"publication":{"detail_id":"e17412642a91bf5f98720c607396678d","table_version":"1","execution_id":"ed66a869e9816d94bcf169a3fb5373e1:PUBLICATION","execution_kind":"PUBLICATION","order_id":"ed66a869e9816d94bcf169a3fb5373e1","sequence":"1","table_name":"mutation_add_items","operation":"ADD","id":"21","record_version":"1","before":{"format":"rcc-admin-mysql-row-v1","schema_digest":"8d8e4f42069a858468a827fef21174b9a0eca2e6039c0863b3e3c59f487c0242","deleted":true,"fields":[],"checksum":"3fdd4f759a74bea9a8886b8b0ce5e570965359b15304aabed566a9f953fda9ae"},"final":{"format":"rcc-admin-mysql-row-v1","schema_digest":"8d8e4f42069a858468a827fef21174b9a0eca2e6039c0863b3e3c59f487c0242","deleted":false,"fields":[{"name":"id","type":"bigint unsigned","encoding":"text","value":"21"},{"name":"code","type":"varchar(32)","encoding":"text","value":"original-add"},{"name":"label","type":"varchar(64)","encoding":"text","value":"added"},{"name":"defaulted_value","type":"varchar(64)","encoding":"text","value":"database-default"},{"name":"nullable_value","type":"varchar(64)","encoding":"sql_null","value":null},{"name":"lifecycle","type":"enum('active','paused')","encoding":"text","value":"active"},{"name":"quantity","type":"int","encoding":"sql_null","value":null},{"name":"metadata","type":"json","encoding":"sql_null","value":null},{"name":"generated_value","type":"varchar(128)","encoding":"text","value":"original-add:generated"}],"checksum":"39a34dcb70e032622302f687e9b74856e5d167d29ab2b229051599e6cff3facf"}},"table_name":"mutation_add_items","detail_id":"e17412642a91bf5f98720c607396678d","operation":"ADD","id":null,"expected_record_version":"","content":{"code":"original-add","label":"added"},"before":null,"fields":[{"nullable":false,"editable":true,"name":"id","type":"uint64","before_state":"absent","before":null,"proposed_state":"omitted","proposed":null},{"nullable":false,"editable":true,"name":"code","type":"string","before_state":"absent","before":null,"proposed_state":"value","proposed":"original-add"},{"nullable":false,"editable":true,"name":"label","type":"string","before_state":"absent","before":null,"proposed_state":"value","proposed":"added"},{"nullable":false,"editable":true,"name":"defaulted_value","type":"string","before_state":"absent","before":null,"proposed_state":"omitted","proposed":null},{"nullable":true,"editable":true,"name":"nullable_value","type":"string","before_state":"absent","before":null,"proposed_state":"omitted","proposed":null},{"nullable":false,"editable":true,"name":"lifecycle","type":"string","before_state":"absent","before":null,"proposed_state":"omitted","proposed":null},{"nullable":true,"editable":true,"name":"quantity","type":"int64","before_state":"absent","before":null,"proposed_state":"omitted","proposed":null},{"nullable":true,"editable":true,"name":"metadata","type":"json","before_state":"absent","before":null,"proposed_state":"omitted","proposed":null},{"nullable":true,"editable":false,"name":"generated_value","type":"string","before_state":"absent","before":null,"proposed_state":"generated","proposed":null}]},{"publication":{"detail_id":"d6ca4a1a4dc9b5e1337698c77e0913ed","table_version":"1","execution_id":"ed66a869e9816d94bcf169a3fb5373e1:PUBLICATION","execution_kind":"PUBLICATION","order_id":"ed66a869e9816d94bcf169a3fb5373e1","sequence":"2","table_name":"mutation_add_items","operation":"MODIFY","id":"10","record_version":"1","before":{"format":"rcc-admin-mysql-row-v1","schema_digest":"8d8e4f42069a858468a827fef21174b9a0eca2e6039c0863b3e3c59f487c0242","deleted":false,"fields":[{"name":"id","type":"bigint unsigned","encoding":"text","value":"10"},{"name":"code","type":"varchar(32)","encoding":"text","value":"original-modify"},{"name":"label","type":"varchar(64)","encoding":"text","value":"old"},{"name":"defaulted_value","type":"varchar(64)","encoding":"text","value":"database-default"},{"name":"nullable_value","type":"varchar(64)","encoding":"sql_null","value":null},{"name":"lifecycle","type":"enum('active','paused')","encoding":"text","value":"active"},{"name":"quantity","type":"int","encoding":"sql_null","value":null},{"name":"metadata","type":"json","encoding":"sql_null","value":null},{"name":"generated_value","type":"varchar(128)","encoding":"text","value":"original-modify:generated"}],"checksum":"06cb1fb14c4835d14143182153e6029116dbaf1f9e8223a21936689d7caa0db5"},"final":{"format":"rcc-admin-mysql-row-v1","schema_digest":"8d8e4f42069a858468a827fef21174b9a0eca2e6039c0863b3e3c59f487c0242","deleted":false,"fields":[{"name":"id","type":"bigint unsigned","encoding":"text","value":"10"},{"name":"code","type":"varchar(32)","encoding":"text","value":"original-modify"},{"name":"label","type":"varchar(64)","encoding":"text","value":"published"},{"name":"defaulted_value","type":"varchar(64)","encoding":"text","value":"database-default"},{"name":"nullable_value","type":"varchar(64)","encoding":"sql_null","value":null},{"name":"lifecycle","type":"enum('active','paused')","encoding":"text","value":"active"},{"name":"quantity","type":"int","encoding":"sql_null","value":null},{"name":"metadata","type":"json","encoding":"sql_null","value":null},{"name":"generated_value","type":"varchar(128)","encoding":"text","value":"original-modify:generated"}],"checksum":"ed0a4e6a2e2a048cd61418158e12276737505f25b3a2efc49b168ead822408ca"}},"table_name":"mutation_add_items","detail_id":"d6ca4a1a4dc9b5e1337698c77e0913ed","operation":"MODIFY","id":"10","expected_record_version":"0","content":{"label":"published"},"before":{"code":"original-modify","defaulted_value":"database-default","generated_value":"original-modify:generated","id":"10","label":"old","lifecycle":"active","metadata":null,"nullable_value":null,"quantity":null},"fields":[{"nullable":false,"editable":false,"name":"id","type":"uint64","before_state":"value","before":"10","proposed_state":"omitted","proposed":null},{"nullable":false,"editable":true,"name":"code","type":"string","before_state":"value","before":"original-modify","proposed_state":"omitted","proposed":null},{"nullable":false,"editable":true,"name":"label","type":"string","before_state":"value","before":"old","proposed_state":"value","proposed":"published"},{"nullable":false,"editable":true,"name":"defaulted_value","type":"string","before_state":"value","before":"database-default","proposed_state":"omitted","proposed":null},{"nullable":true,"editable":true,"name":"nullable_value","type":"string","before_state":"sql_null","before":null,"proposed_state":"omitted","proposed":null},{"nullable":false,"editable":true,"name":"lifecycle","type":"string","before_state":"value","before":"active","proposed_state":"omitted","proposed":null},{"nullable":true,"editable":true,"name":"quantity","type":"int64","before_state":"sql_null","before":null,"proposed_state":"omitted","proposed":null},{"nullable":true,"editable":true,"name":"metadata","type":"json","before_state":"sql_null","before":null,"proposed_state":"omitted","proposed":null},{"nullable":true,"editable":false,"name":"generated_value","type":"string","before_state":"value","before":"original-modify:generated","proposed_state":"generated","proposed":null}]},{"publication":{"detail_id":"3e77aa673a241c81783f2a54c82a4aa8","table_version":"1","execution_id":"ed66a869e9816d94bcf169a3fb5373e1:PUBLICATION","execution_kind":"PUBLICATION","order_id":"ed66a869e9816d94bcf169a3fb5373e1","sequence":"3","table_name":"mutation_add_items","operation":"DELETE","id":"20","record_version":"1","before":{"format":"rcc-admin-mysql-row-v1","schema_digest":"8d8e4f42069a858468a827fef21174b9a0eca2e6039c0863b3e3c59f487c0242","deleted":false,"fields":[{"name":"id","type":"bigint unsigned","encoding":"text","value":"20"},{"name":"code","type":"varchar(32)","encoding":"text","value":"original-delete"},{"name":"label","type":"varchar(64)","encoding":"text","value":"retained"},{"name":"defaulted_value","type":"varchar(64)","encoding":"text","value":"database-default"},{"name":"nullable_value","type":"varchar(64)","encoding":"sql_null","value":null},{"name":"lifecycle","type":"enum('active','paused')","encoding":"text","value":"active"},{"name":"quantity","type":"int","encoding":"sql_null","value":null},{"name":"metadata","type":"json","encoding":"sql_null","value":null},{"name":"generated_value","type":"varchar(128)","encoding":"text","value":"original-delete:generated"}],"checksum":"1cf500d207ebd9944c24c05220d691f12577b9b6a9f15c59614f02aa4b4a488f"},"final":{"format":"rcc-admin-mysql-row-v1","schema_digest":"8d8e4f42069a858468a827fef21174b9a0eca2e6039c0863b3e3c59f487c0242","deleted":true,"fields":[],"checksum":"3fdd4f759a74bea9a8886b8b0ce5e570965359b15304aabed566a9f953fda9ae"}},"table_name":"mutation_add_items","detail_id":"3e77aa673a241c81783f2a54c82a4aa8","operation":"DELETE","id":"20","expected_record_version":"0","content":{},"before":{"code":"original-delete","defaulted_value":"database-default","generated_value":"original-delete:generated","id":"20","label":"retained","lifecycle":"active","metadata":null,"nullable_value":null,"quantity":null},"fields":[{"nullable":false,"editable":false,"name":"id","type":"uint64","before_state":"value","before":"20","proposed_state":"absent","proposed":null},{"nullable":false,"editable":false,"name":"code","type":"string","before_state":"value","before":"original-delete","proposed_state":"absent","proposed":null},{"nullable":false,"editable":false,"name":"label","type":"string","before_state":"value","before":"retained","proposed_state":"absent","proposed":null},{"nullable":false,"editable":false,"name":"defaulted_value","type":"string","before_state":"value","before":"database-default","proposed_state":"absent","proposed":null},{"nullable":true,"editable":false,"name":"nullable_value","type":"string","before_state":"sql_null","before":null,"proposed_state":"absent","proposed":null},{"nullable":false,"editable":false,"name":"lifecycle","type":"string","before_state":"value","before":"active","proposed_state":"absent","proposed":null},{"nullable":true,"editable":false,"name":"quantity","type":"int64","before_state":"sql_null","before":null,"proposed_state":"absent","proposed":null},{"nullable":true,"editable":false,"name":"metadata","type":"json","before_state":"sql_null","before":null,"proposed_state":"absent","proposed":null},{"nullable":true,"editable":false,"name":"generated_value","type":"string","before_state":"value","before":"original-delete:generated","proposed_state":"absent","proposed":null}]}],"history":[{"action":"CREATE","actor_id":"cb4eca8c-2f36-4dac-95d4-bae6f493243e","at":"2026-09-11T03:26:50.237421Z","version":"1","reason":""},{"action":"SUBMIT","actor_id":"cb4eca8c-2f36-4dac-95d4-bae6f493243e","at":"2026-09-11T03:26:50.354028Z","version":"2","reason":""},{"table_names":["mutation_add_items"],"approval_sources":[{"table_name":"mutation_add_items","source":"ROLE","roles":[{"id":"cebf90a6-f441-4d62-8a7c-7675b763c6b3","name":"Fixture review 8"}]}],"action":"APPROVE","actor_id":"99640a59-2573-4533-82fd-85cc42c69ab8","at":"2026-09-11T03:26:50.401986Z","version":"3","reason":"checked intent"},{"action":"EXECUTE","actor_id":"cb4eca8c-2f36-4dac-95d4-bae6f493243e","at":"2026-09-11T03:26:50.576058Z","version":"4","reason":""}],"created_at":"2026-09-11T03:26:50.237421Z","updated_at":"2026-09-11T03:26:50.576058Z","item_count":3,"operation_counts":{"ADD":1,"DELETE":1,"MODIFY":1},"allowed_actions":["edit-rollback-reason"]}
2026/09/11 11:26:50 🐳 Stopping container: 8fd950d6a722
2026/09/11 11:26:52 ✅ Container stopped: 8fd950d6a722
2026/09/11 11:26:52 🐳 Terminating container: 8fd950d6a722
2026/09/11 11:26:52 🚫 Container terminated: 8fd950d6a722
--- FAIL: TestOriginalOrderRollbackPreservesApplicationAndBothExecutions (8.67s)
FAIL
FAIL	github.com/asherzj/relational-config-center/admin/cmd/admin	33.009s
FAIL
