{"request_id":"rcc-1e7d6c1c2cefca6239cdf2c8bbe22763","method":"POST","path":"/api/v1/tables/:table_name/query","status":200,"duration_ms":31}
{"request_id":"rcc-65d35a2ebaad06906779c71d1918aa3d","method":"GET","path":"/api/v1/table-field-policies/:table_name","status":200,"duration_ms":6}
{"request_id":"rcc-2a2e4e8cdecd56f8f828950e89cf3344","method":"GET","path":"/api/v1/table-field-policies/:table_name","status":200,"duration_ms":6}
{"request_id":"rcc-d31611f88b330d3e9ab006378714711e","method":"POST","path":"/api/v1/release-orders","status":201,"duration_ms":38}
{"request_id":"rcc-8270939d9b147beb7ef170605e001f90","method":"GET","path":"/api/v1/approval-notifications","status":200,"duration_ms":2}
{"request_id":"rcc-3422a048f0efcb36ab354cb394e20253","method":"GET","path":"/api/v1/auth/session","status":200,"duration_ms":1}
{"request_id":"rcc-6cbbf641a34b2b6f962f891ff356661e","method":"GET","path":"/api/v1/table-policies","status":200,"duration_ms":2}
{"request_id":"rcc-0ffcc3156dc7d3be17d683bf45c6c1e0","method":"GET","path":"/api/v1/approval-notifications","status":200,"duration_ms":3}
{"request_id":"rcc-768eb9af086eee3a2205578183cd4631","method":"GET","path":"/api/v1/query-policy-types","status":200,"duration_ms":1}
{"request_id":"rcc-e8caa54cc95d063a341e40c63697c850","method":"GET","path":"/api/v1/mutation-policy-types","status":200,"duration_ms":1}
{"request_id":"rcc-3baaf6814aa60e59d9d868fd0a184343","method":"GET","path":"/api/v1/query-policies/:code","status":200,"duration_ms":3}
{"request_id":"rcc-7f61d26d46560298d76d3528eee7986a","method":"GET","path":"/api/v1/mutation-policies/:code","status":200,"duration_ms":2}
{"request_id":"rcc-bff89936f393cad8ab3f69a5280cefe2","method":"POST","path":"/api/v1/tables/:table_name/query","status":503,"duration_ms":15}
{"request_id":"rcc-3de16e4f718346ffa4670113ab8fca3f","method":"GET","path":"/api/v1/auth/session","status":200,"duration_ms":1}
{"request_id":"rcc-932d5d03fc9fbe1a1d122802a87750f6","method":"GET","path":"/api/v1/approval-notifications","status":200,"duration_ms":3}
{"request_id":"rcc-09c2cb65ad3f4dd313d7153b6e69ae2d","method":"GET","path":"/api/v1/release-orders","status":200,"duration_ms":47}
{"request_id":"rcc-cfd376091cd0c8420321670442d6a051","method":"POST","path":"/api/v1/release-orders","status":201,"duration_ms":21}
{"request_id":"rcc-892f7b6a51c15f7b67f452929a8f79cd","method":"GET","path":"/api/v1/approval-notifications","status":200,"duration_ms":3}
{"request_id":"rcc-94a1ddd6f0985e51570fa2cda6f6412b","method":"GET","path":"/api/v1/auth/session","status":200,"duration_ms":1}
{"request_id":"rcc-6549c377d3249b2be495b01838f37597","method":"GET","path":"/api/v1/approval-notifications","status":200,"duration_ms":2}
{"request_id":"rcc-b7d0806dc76e07970f59f5ed58b29bdb","method":"GET","path":"/api/v1/release-orders/:id","status":200,"duration_ms":16}
{"request_id":"rcc-a3167821a5e80b32047d3533ad10a268","method":"GET","path":"/api/v1/auth/session","status":200,"duration_ms":1}
{"request_id":"rcc-9342ab8eb1d905b048c146d91cbf2e3b","method":"GET","path":"/api/v1/release-orders/:id","status":200,"duration_ms":15}
{"request_id":"rcc-0fbb47427affd23cd302302b6f5a7cd4","method":"GET","path":"/api/v1/release-orders/:id/details","status":200,"duration_ms":7}
{"request_id":"rcc-ded275d6b2e9c75c4f694352541b3fcf","method":"GET","path":"/api/v1/table-field-policies/:table_name","status":200,"duration_ms":8}
{"request_id":"rcc-946897e929508ff061157aa0b1909111","method":"GET","path":"/api/v1/release-orders","status":200,"duration_ms":61}
{"request_id":"rcc-7c2d145303b401f1c64932e36eb3a969","method":"GET","path":"/api/v1/release-orders/:id/people","status":200,"duration_ms":25}
{"request_id":"rcc-c0b53ff85dfa984d1becbd8794bb337b","method":"POST","path":"/api/v1/release-orders/:id/submit","status":200,"duration_ms":78}
{"request_id":"rcc-3d3bc63d7e7d088a8eb445846dd7516c","method":"GET","path":"/api/v1/auth/session","status":200,"duration_ms":1}
{"request_id":"rcc-e5cad5af14538c7c0b1ef9867b3864df","method":"GET","path":"/api/v1/release-orders/:id","status":200,"duration_ms":8}
{"request_id":"rcc-f2cd9f1e32c8be83a4f3d5e426051e06","method":"GET","path":"/api/v1/auth/session","status":200,"duration_ms":1}
{"request_id":"rcc-0edf2447b174bf026ac8497204900405","method":"POST","path":"/api/v1/release-orders/:id/approve","status":200,"duration_ms":30}
{"request_id":"rcc-9cc4401c8f30ef6acbba55fc1289d789","method":"GET","path":"/api/v1/auth/session","status":200,"duration_ms":1}
{"request_id":"rcc-fa47f697b79bcb7755aa7b9d339d5607","method":"POST","path":"/api/v1/release-orders/:id/execute","status":200,"duration_ms":77}
{"request_id":"rcc-445121863f317fddcc09d37783266df7","method":"GET","path":"/api/v1/auth/session","status":200,"duration_ms":0}
{"request_id":"rcc-3a6127965d5a0254abf72645ca03395a","method":"POST","path":"/api/v1/release-orders/:id/complete","status":200,"duration_ms":23}
{"request_id":"rcc-78716b4095d4f2c29b389f56a4287d7b","method":"GET","path":"/api/v1/auth/csrf","status":200,"duration_ms":5}
{"request_id":"rcc-b48bd8c087db5ff0ca0a85a5b30f0f5e","method":"POST","path":"/api/v1/auth/register","status":201,"duration_ms":42}
{"request_id":"rcc-1b876b7a5d975e023d690a8ba7ba255c","method":"GET","path":"/api/v1/auth/session","status":200,"duration_ms":1}
{"request_id":"rcc-a37770eae5674d18fad230c3a17e8039","method":"GET","path":"/api/v1/account-roles","status":200,"duration_ms":2}
{"request_id":"rcc-1a0d0aed68516735d3be276b59cd37e2","method":"GET","path":"/api/v1/auth/csrf","status":200,"duration_ms":8}
{"request_id":"rcc-bfd53c20f893de84eeb3e6fb60976645","method":"POST","path":"/api/v1/auth/register","status":201,"duration_ms":45}
{"request_id":"rcc-64fecf4a188313a310fae4537ca0e27d","method":"GET","path":"/api/v1/auth/session","status":200,"duration_ms":1}
{"request_id":"rcc-5ccb78de1d3249e21c0ae4ff77946447","method":"GET","path":"/api/v1/account-roles","status":200,"duration_ms":2}
{"request_id":"rcc-89f41fe8a9b9bea2d9bec101773aa07c","method":"GET","path":"/api/v1/auth/session","status":200,"duration_ms":1}
{"request_id":"rcc-f284666024ad01c5fa9bad9b499c3e8e","method":"PUT","path":"/api/v1/account-roles/:id","status":200,"duration_ms":14}
{"request_id":"rcc-b3ed657badf809472c20a014aad2f61f","method":"GET","path":"/api/v1/auth/session","status":200,"duration_ms":1}
{"request_id":"rcc-55dfa5395f2002ca2f43c8ce419ab7be","method":"POST","path":"/api/v1/approval-roles","status":201,"duration_ms":14}
{"request_id":"rcc-73225510cb3ea10bc091e931c7f383b3","method":"GET","path":"/api/v1/auth/session","status":200,"duration_ms":0}
{"request_id":"rcc-dc7eff5980de3a696b56da6606c9d51c","method":"GET","path":"/api/v1/table-policies/:table_name/approval-roles","status":200,"duration_ms":6}
{"request_id":"rcc-b0c004e81806d3b29a0b102271317123","method":"GET","path":"/api/v1/auth/session","status":200,"duration_ms":1}
{"request_id":"rcc-7f4ef3b23aee21ccffc4feeb1f3fb12f","method":"PUT","path":"/api/v1/table-policies/:table_name/approval-roles","status":200,"duration_ms":20}
{"request_id":"rcc-7f56a5833eb332b75ed776bab5790560","method":"GET","path":"/api/v1/auth/session","status":200,"duration_ms":1}
{"request_id":"rcc-3a261d96fb17effa4f9970427b9ce19e","method":"GET","path":"/api/v1/approval-notifications","status":200,"duration_ms":4}
{"request_id":"rcc-daf8014a8f91d806a694e153eb3c8c73","method":"GET","path":"/api/v1/query-policy-types","status":200,"duration_ms":1}
{"request_id":"rcc-6be984ccd75b47d81fbe170eed6190b6","method":"GET","path":"/api/v1/query-policies","status":200,"duration_ms":1}
{"request_id":"rcc-e249cc5f79950be2c38b6559c54d5948","method":"POST","path":"/api/v1/auth/activity","status":200,"duration_ms":12}
{"request_id":"rcc-2215211740a56a41e9313253a6455f9c","method":"GET","path":"/api/v1/query-policy-types","status":200,"duration_ms":2}
{"request_id":"rcc-4f372e11111d1aeb642cd0babebc6a9b","method":"GET","path":"/api/v1/approval-notifications","status":200,"duration_ms":4}
{"request_id":"rcc-b0daffdca5a73a64a263a1d005ecfc23","method":"GET","path":"/api/v1/approval-notifications","status":200,"duration_ms":2}
{"request_id":"rcc-993ca727a6aafc473b050f9fd05f40ea","method":"GET","path":"/api/v1/query-policy-types","status":200,"duration_ms":1}
{"request_id":"rcc-7b4ae3325555c24f274c9dc83d654b2c","method":"GET","path":"/api/v1/approval-notifications","status":200,"duration_ms":2}
{"request_id":"rcc-9d46bcb9f7e0305f7388899cc40c5a04","method":"GET","path":"/api/v1/query-policy-types","status":200,"duration_ms":1}
{"request_id":"rcc-25bb9b8586475459b9d8bd793872522c","method":"GET","path":"/api/v1/approval-notifications","status":200,"duration_ms":3}
{"request_id":"rcc-2e64fa124e94daa66f877ac701edeab9","method":"GET","path":"/api/v1/query-policy-types","status":200,"duration_ms":1}
{"request_id":"rcc-91bcbcfbc52c9379f280ece01bf199dd","method":"GET","path":"/api/v1/auth/session","status":200,"duration_ms":2}
{"request_id":"rcc-1b31c9fe4270ddbed09ba3922a827c67","method":"GET","path":"/api/v1/approval-notifications","status":200,"duration_ms":5}
{"request_id":"rcc-05ced94ca2663fa45d56387077127356","method":"GET","path":"/api/v1/table-policies","status":200,"duration_ms":1}
{"request_id":"rcc-9a252ec6a0913cb2d00aa896b932a043","method":"GET","path":"/api/v1/query-policies/:code","status":200,"duration_ms":3}
{"request_id":"rcc-7acf98598c7f467480950acf820d3b09","method":"GET","path":"/api/v1/query-policy-types","status":200,"duration_ms":1}
{"request_id":"rcc-37536e85c53c748eefa5e727d6894b19","method":"GET","path":"/api/v1/mutation-policies/:code","status":200,"duration_ms":2}
{"request_id":"rcc-00a8c39a46b52f85dcc54d2a58bf7d4c","method":"POST","path":"/api/v1/tables/:table_name/query","status":200,"duration_ms":21}
{"request_id":"rcc-6f732ab0f4a83ca054e96470d20be79b","method":"GET","path":"/api/v1/mutation-policy-types","status":200,"duration_ms":1}
{"request_id":"rcc-bd7b1e2218acdd1ae043d9f3d280aab5","method":"GET","path":"/api/v1/table-field-policies/:table_name","status":200,"duration_ms":6}
{"request_id":"rcc-c4f76e49c1f4daeb55eab0783904a034","method":"GET","path":"/api/v1/table-field-policies/:table_name","status":200,"duration_ms":5}
{"request_id":"rcc-a72110751ce8da5342d39e4a3328c47f","method":"POST","path":"/api/v1/release-orders","status":201,"duration_ms":28}
{"request_id":"rcc-93906c69db66b71405f165456643bb18","method":"GET","path":"/api/v1/approval-notifications","status":200,"duration_ms":2}
{"request_id":"rcc-4df86a8e65d418914d8409c8e5bf514f","method":"GET","path":"/api/v1/auth/session","status":200,"duration_ms":1}
{"request_id":"rcc-f4db5baa5048ffacf6cbc706be6bdda7","method":"GET","path":"/api/v1/release-orders/:id","status":200,"duration_ms":6}
{"request_id":"rcc-4adf7e7a77d8b4302b1a898a25f71125","method":"GET","path":"/api/v1/auth/session","status":200,"duration_ms":1}
{"request_id":"rcc-f5e7d320fce4e3abe732043a88af9391","method":"GET","path":"/api/v1/approval-notifications","status":200,"duration_ms":3}
{"request_id":"rcc-e047b75c6164629232dab9cfc18f82c0","method":"GET","path":"/api/v1/release-orders/:id","status":200,"duration_ms":8}
{"request_id":"rcc-ff6997dd195b42acf6a28de522f9cf25","method":"GET","path":"/api/v1/release-orders/:id/details","status":200,"duration_ms":9}
{"request_id":"rcc-eb695a91f3b01b23fba483b5016dce77","method":"GET","path":"/api/v1/table-field-policies/:table_name","status":200,"duration_ms":8}
{"request_id":"rcc-c4b69a5825e18cc28d4b94d8f5e8c07f","method":"GET","path":"/api/v1/release-orders/:id/people","status":200,"duration_ms":10}
{"request_id":"rcc-f1baf7bc094bc9536cad0dffdb2af9ea","method":"POST","path":"/api/v1/release-orders/:id/submit","status":200,"duration_ms":71}
{"request_id":"rcc-b931e367c6d4ae39e435e55c60f01adb","method":"GET","path":"/api/v1/auth/session","status":200,"duration_ms":1}
{"request_id":"rcc-cea348c7e426baa028c6f2cf02d63cef","method":"GET","path":"/api/v1/release-orders/:id","status":200,"duration_ms":8}
{"request_id":"rcc-12f52e4ebd0e955cc4b6486fe6c647bc","method":"GET","path":"/api/v1/auth/session","status":200,"duration_ms":1}
{"request_id":"rcc-9550e7647010524c43979fdae12e3beb","method":"POST","path":"/api/v1/release-orders/:id/approve","status":403,"duration_ms":10}
