=== RUN   TestReleaseTemplateBrowserSystemPath
2026/09/11 06:04:42 github.com/testcontainers/testcontainers-go - Connected to docker: 
  Server Version: 29.5.2
  API Version: 1.54
  Operating System: Ubuntu 24.04.4 LTS
  Total Memory: 3904 MB
  Testcontainers for Go Version: v0.44.0
  Resolved Docker Host: unix:///Users/asher/.colima/default/docker.sock
  Resolved Docker Socket Path: /Users/asher/.colima/default/docker.sock
  Test SessionID: 999df47b3cd20dbe9eeb7647941fdacfb9a70c67113c5f7894a9e535515f1857
  Test ProcessID: da78a085-3a40-4b14-b570-3f1dc23c6683
2026/09/11 06:04:42 🐳 Creating container for image mysql:8.4
2026/09/11 06:04:43 ✅ Container created: 0d756c619f99
2026/09/11 06:04:43 🐳 Starting container: 0d756c619f99
2026/09/11 06:04:43 ✅ Container started: 0d756c619f99
2026/09/11 06:04:43 ⏳ Waiting for container id 0d756c619f99 image: mysql:8.4. Waiting for: all of: [log message "port: 3306  MySQL Community Server"]
2026/09/11 06:04:50 🔔 Container is ready: 0d756c619f99
    release_template_browser_integration_test.go:107: browser → Vite proxy → Admin → MySQL: [desktop catalog and two defaults constrained create and multiple STANDARD templates unknown result manually replays exact committed request stale version rejected with input retained emergency lifecycle protected keyboard-safe destructive confirmation unknown lifecycle remains bound to original action and target 390px catalog and drawer viewer denied without disturbing admin session]
2026/09/11 06:05:03 🐳 Stopping container: 0d756c619f99
2026/09/11 06:05:04 ✅ Container stopped: 0d756c619f99
2026/09/11 06:05:04 🐳 Terminating container: 0d756c619f99
2026/09/11 06:05:04 🚫 Container terminated: 0d756c619f99
--- PASS: TestReleaseTemplateBrowserSystemPath (21.97s)
PASS
ok  	github.com/asherzj/relational-config-center/admin/cmd/admin	22.684s
