{"request_id":"rcc-68caefc9700505a58ed1cd19044443f3","method":"GET","path":"/api/v1/query-policies","status":401,"duration_ms":0}
{"request_id":"rcc-bbe410c9ed130ee869a34d6e3174e3ad","method":"GET","path":"/api/v1/query-policies","status":401,"duration_ms":0}
{"request_id":"rcc-4e161a8beed88feccc74141433a908b8","method":"GET","path":"/api/v1/query-policies","status":401,"duration_ms":0}
{"request_id":"rcc-4700038f6089e92688ff4e762234c3e0","method":"GET","path":"/api/v1/auth/csrf","status":200,"duration_ms":12}
{"request_id":"rcc-953622ef330e11b3e64161f7db51adaf","method":"POST","path":"/api/v1/auth/register","status":201,"duration_ms":47}
{"request_id":"rcc-846c05f1f8c917a25e934ddf15b7a626","method":"GET","path":"/api/v1/auth/session","status":200,"duration_ms":1}
{"request_id":"rcc-e133f7a9b45d810407fe5e420858abc7","method":"GET","path":"/api/v1/account-roles","status":200,"duration_ms":1}
{"request_id":"rcc-26cff87377af21dcda802daf1bf2e4e3","method":"GET","path":"/api/v1/query-policies","status":200,"duration_ms":1}
{"request_id":"rcc-64041710d48cec5a71f20f44d99d64aa","method":"POST","path":"/api/v1/tables/:table_name/query","status":403,"duration_ms":0}
{"request_id":"rcc-4e066bd005030ac3c8c0131400cb2988","method":"GET","path":"/api/v1/auth/session","status":200,"duration_ms":0}
{"request_id":"rcc-4f2031d6c51e8623556221dcbc0dcafd","method":"POST","path":"/api/v1/tables/:table_name/query","status":200,"duration_ms":36}
{"request_id":"rcc-99322925f0771ae5a0014d94a1eb5be2","method":"GET","path":"/api/v1/auth/session","status":200,"duration_ms":1}
{"request_id":"rcc-1bbeef13a577ee7f6b13a6106e00a9d1","method":"POST","path":"/api/v1/auth/logout","status":204,"duration_ms":4}
{"request_id":"rcc-eacd7ace6fca7a9398d696b922d36fdf","method":"GET","path":"/api/v1/query-policies","status":401,"duration_ms":0}
{"request_id":"rcc-354aaae524458e74cc3c2235c42b2b99","method":"GET","path":"/api/v1/auth/csrf","status":200,"duration_ms":8}
{"request_id":"rcc-3323274faf0f858c3921801f8bfd74af","method":"POST","path":"/api/v1/auth/register","status":201,"duration_ms":50}
{"request_id":"rcc-544f954d5cc4b63642c897f9b67911aa","method":"GET","path":"/api/v1/auth/session","status":200,"duration_ms":1}
{"request_id":"rcc-a39438178e940d763d551b5c317983f1","method":"GET","path":"/api/v1/account-roles","status":200,"duration_ms":1}
{"request_id":"rcc-14f447ec71013fdd406cf52bbae238e7","method":"GET","path":"/api/v1/auth/session","status":200,"duration_ms":0}
{"request_id":"rcc-68be7c89ecb22c71a0f12a0057c7b747","method":"PUT","path":"/api/v1/account-roles/:id","status":200,"duration_ms":11}
{"request_id":"rcc-fdc909b3f4a7e414e684d778cd653885","method":"GET","path":"/api/v1/auth/csrf","status":200,"duration_ms":5}
{"request_id":"rcc-474b3703fa7131ec955e2862942c0c7e","method":"POST","path":"/api/v1/auth/register","status":201,"duration_ms":40}
{"request_id":"rcc-4f65a7ffab62ef485e5561ff23b81add","method":"GET","path":"/api/v1/auth/session","status":200,"duration_ms":1}
{"request_id":"rcc-6313d742a41ba403a9c9bedd076d1c1c","method":"GET","path":"/api/v1/account-roles","status":200,"duration_ms":1}
{"request_id":"rcc-7712b85a724596c35903cbc7f1dfc19d","method":"GET","path":"/api/v1/auth/session","status":200,"duration_ms":1}
{"request_id":"rcc-508c3637477a47e894adb415dc1b275b","method":"PUT","path":"/api/v1/account-roles/:id","status":200,"duration_ms":11}
{"request_id":"rcc-b985738c2bbf2127008d6fc31feb5bef","method":"GET","path":"/api/v1/auth/csrf","status":200,"duration_ms":6}
{"request_id":"rcc-3131f514027d630f8e90c2bb2304cbaf","method":"POST","path":"/api/v1/auth/register","status":201,"duration_ms":42}
{"request_id":"rcc-ad0f2a24de1e94d247eea8c4da348559","method":"GET","path":"/api/v1/auth/session","status":200,"duration_ms":0}
{"request_id":"rcc-ef4043c7a74ca1cd6f0561ef76968f02","method":"GET","path":"/api/v1/account-roles","status":200,"duration_ms":1}
{"request_id":"rcc-0d6b4115a235751700d8ea3501ac8e1f","method":"GET","path":"/api/v1/auth/session","status":200,"duration_ms":1}
{"request_id":"rcc-cad464c65a98a22a287c73835ffcc99c","method":"GET","path":"/api/v1/table-policies/:table_name/release-templates","status":200,"duration_ms":2}
{"request_id":"rcc-d0cdf704ab1b35e6014106e265bf2aa5","method":"GET","path":"/api/v1/auth/session","status":200,"duration_ms":0}
{"request_id":"rcc-84023a17b8f0d449f5d0ae7180603b06","method":"PUT","path":"/api/v1/table-policies/:table_name/release-templates/:release_type","status":200,"duration_ms":9}
{"request_id":"rcc-0e8d3787b74f17f3e92538424c723309","method":"GET","path":"/api/v1/auth/session","status":200,"duration_ms":1}
{"request_id":"rcc-d2ce8128089c41950c53ea2d7e136a04","method":"GET","path":"/api/v1/auth/session","status":200,"duration_ms":1}
{"request_id":"rcc-45011eb1f4fc16a5f4addad3c12fd4b7","method":"POST","path":"/api/v1/approval-roles","status":201,"duration_ms":14}
{"request_id":"rcc-6fb8bd53f50af4f8bb9ea226183f910d","method":"GET","path":"/api/v1/auth/session","status":200,"duration_ms":1}
{"request_id":"rcc-d582d621cd8178bc67e3973dd9805c07","method":"GET","path":"/api/v1/table-policies/:table_name/approval-roles","status":200,"duration_ms":3}
{"request_id":"rcc-2c55a1bdb54dc809300071712184fa36","method":"GET","path":"/api/v1/auth/session","status":200,"duration_ms":1}
{"request_id":"rcc-840ab49e87c6df204e214ceac84f443d","method":"PUT","path":"/api/v1/table-policies/:table_name/approval-roles","status":200,"duration_ms":17}
{"request_id":"rcc-a2fb4bd3692144187c4732d1d75ac945","method":"GET","path":"/api/v1/auth/session","status":200,"duration_ms":1}
{"request_id":"rcc-a4ab8f2cf7ad07598665f872ff63a4e2","method":"POST","path":"/api/v1/tables/:table_name/query","status":200,"duration_ms":15}
{"request_id":"rcc-d069b2f3592a5043cee3ed544e09eda2","method":"GET","path":"/api/v1/auth/session","status":200,"duration_ms":1}
{"request_id":"rcc-579543611121dfa25df11675fd00acaf","method":"PUT","path":"/api/v1/table-field-policies/:table_name","status":200,"duration_ms":12}
{"request_id":"rcc-6a0aeb2ee1d080991bb788507fec6715","method":"GET","path":"/api/v1/auth/session","status":200,"duration_ms":0}
{"request_id":"rcc-714edfe575305d8ac43aed9c5f970ef5","method":"POST","path":"/api/v1/release-orders","status":201,"duration_ms":30}
{"request_id":"rcc-af3cad567f919c05b9a1a89871a824ef","method":"GET","path":"/api/v1/auth/session","status":200,"duration_ms":0}
{"request_id":"rcc-143e5e3a20a9aa843fab1e3a26285660","method":"POST","path":"/api/v1/release-orders/:id/submit","status":200,"duration_ms":65}
{"request_id":"rcc-cdd3a83546b18150977ea37450ff5cb8","method":"GET","path":"/api/v1/auth/session","status":200,"duration_ms":0}
{"request_id":"rcc-272a9dd76d5a969f4790ee28c1d02b73","method":"GET","path":"/api/v1/release-orders/:id","status":200,"duration_ms":6}
{"request_id":"rcc-31f340e511c94b6abdd839226d868060","method":"GET","path":"/api/v1/auth/session","status":200,"duration_ms":0}
{"request_id":"rcc-f271caf8e1f37d4f9d3d3c12adccd85c","method":"POST","path":"/api/v1/release-orders/:id/approve","status":200,"duration_ms":29}
{"request_id":"rcc-6ac678e1fa7e778e924772941fcf6d0a","method":"GET","path":"/api/v1/auth/session","status":200,"duration_ms":0}
{"request_id":"rcc-ca49cde6016ca4f1511a51e3c3f44475","method":"POST","path":"/api/v1/release-orders/:id/execute","status":200,"duration_ms":79}
{"request_id":"rcc-672b4a9516ed72a3f46c65c3014df4cd","method":"GET","path":"/api/v1/auth/session","status":200,"duration_ms":1}
{"request_id":"rcc-66ab1bf78048785bacccbee59e5fde1e","method":"GET","path":"/api/v1/approval-notifications","status":200,"duration_ms":4}
{"request_id":"rcc-eeb01c718916c5eae6a3d04a229e31b1","method":"GET","path":"/api/v1/release-orders/:id","status":200,"duration_ms":16}
{"request_id":"rcc-e222a144b1c616f31848c22a77e4c784","method":"GET","path":"/api/v1/release-orders/:id/details","status":200,"duration_ms":7}
{"request_id":"rcc-09619b8aba714924c52db7b1bb659161","method":"GET","path":"/api/v1/table-field-policies/:table_name","status":200,"duration_ms":8}
{"request_id":"rcc-ec26df534b1b4b6b2b437bd25ffbb839","method":"POST","path":"/api/v1/release-orders/:id/notification-read","status":200,"duration_ms":12}
{"request_id":"rcc-7b763945f33773559786751b1b8ddd55","method":"GET","path":"/api/v1/release-orders/:id/people","status":200,"duration_ms":15}
{"request_id":"rcc-1b56b0db196c6261b258ec4d49dd3e49","method":"GET","path":"/api/v1/approval-notifications","status":200,"duration_ms":2}
{"request_id":"rcc-2ba09f76f98d0856c1e31f716829712a","method":"GET","path":"/api/v1/auth/session","status":200,"duration_ms":1}
{"request_id":"rcc-286a1e96d25a60309d618cfd0b3ce1cc","method":"PUT","path":"/api/v1/table-field-policies/:table_name","status":200,"duration_ms":14}
{"request_id":"rcc-4701cb150da49e9a14bd54de8461ae5b","method":"GET","path":"/api/v1/auth/session","status":200,"duration_ms":1}
{"request_id":"rcc-d1eff6481d9c92d2ce707e56b4432e64","method":"GET","path":"/api/v1/approval-notifications","status":200,"duration_ms":3}
{"request_id":"rcc-6733d7261e0b70fbbe562c9b9d79374c","method":"GET","path":"/api/v1/release-orders/:id","status":200,"duration_ms":9}
{"request_id":"rcc-bba5815edc9bfe26796df0d07595383a","method":"GET","path":"/api/v1/table-field-policies/:table_name","status":200,"duration_ms":6}
{"request_id":"rcc-2820355e82d83a48fc221b25ff55ef9f","method":"GET","path":"/api/v1/release-orders/:id/details","status":200,"duration_ms":7}
{"request_id":"rcc-0d127cf95b9a600330e0854c59cb4332","method":"GET","path":"/api/v1/release-orders/:id/people","status":200,"duration_ms":12}
{"request_id":"rcc-54f1e3242d6c055c598c7138bdade4a4","method":"GET","path":"/api/v1/auth/session","status":200,"duration_ms":1}
{"request_id":"rcc-f74f191e41c92c71a6c1571d7aa0332b","method":"GET","path":"/api/v1/release-orders/:id","status":200,"duration_ms":8}
{"request_id":"rcc-cfa6beb69a9eb503ad3e2adca0e8533f","method":"GET","path":"/api/v1/auth/session","status":200,"duration_ms":1}
{"request_id":"rcc-432a5a766dc794f99a8ad736188723ff","method":"GET","path":"/api/v1/release-orders/:id/details","status":200,"duration_ms":5}
{"request_id":"rcc-486f0e6521ea9202f3a542496d5f80b1","method":"POST","path":"/api/v1/auth/activity","status":200,"duration_ms":10}
{"request_id":"rcc-3d82bd426fa6dad769a18363ab659c3c","method":"GET","path":"/api/v1/auth/session","status":200,"duration_ms":1}
{"request_id":"rcc-857a6c784fd9612554c30edab5f18d6d","method":"GET","path":"/api/v1/approval-notifications","status":200,"duration_ms":2}
{"request_id":"rcc-a21eacfd1de5b10515599fc6449644b8","method":"GET","path":"/api/v1/release-orders/:id","status":200,"duration_ms":11}
{"request_id":"rcc-dba64a384a889377ed01480006be7a2f","method":"GET","path":"/api/v1/release-orders/:id/details","status":200,"duration_ms":7}
{"request_id":"rcc-23bc987842589e80682a36f5b67274c9","method":"GET","path":"/api/v1/release-orders/:id/people","status":200,"duration_ms":13}
{"request_id":"rcc-889fc5f2d41ccb131bb7705f89cbc751","method":"GET","path":"/api/v1/table-field-policies/:table_name","status":200,"duration_ms":6}
{"request_id":"rcc-80412dfbaa10953e2233567a4a00d837","method":"GET","path":"/api/v1/auth/csrf","status":200,"duration_ms":6}
{"request_id":"rcc-0578e0b9edcdf51e2a268b04316a837d","method":"POST","path":"/api/v1/auth/register","status":201,"duration_ms":46}
{"request_id":"rcc-0ed42e4247792a970209d1ae636e755e","method":"GET","path":"/api/v1/auth/session","status":200,"duration_ms":1}
{"request_id":"rcc-627156c8f8db8080e08a7a3aed6fda21","method":"GET","path":"/api/v1/account-roles","status":200,"duration_ms":1}
{"request_id":"rcc-cc5328f147aebd0f94891bfd6fe8408f","method":"GET","path":"/api/v1/auth/session","status":200,"duration_ms":1}
{"request_id":"rcc-33215f78dee9d5f43dc9359cec2e14eb","method":"GET","path":"/api/v1/table-field-policies/:table_name","status":200,"duration_ms":4}
{"request_id":"rcc-b846bb022a1801a5e38a9dc009a8a51e","method":"GET","path":"/api/v1/auth/session","status":200,"duration_ms":1}
{"request_id":"rcc-4b26b326c0fa3f213759027ada755968","method":"PUT","path":"/api/v1/table-field-policies/:table_name","status":200,"duration_ms":10}
{"request_id":"rcc-ea94d1a60a9dde2e21a3176d1eadcd66","method":"GET","path":"/api/v1/auth/session","status":200,"duration_ms":1}
{"request_id":"rcc-5fa31bd07aa7150837280b6fdb45e5a5","method":"GET","path":"/api/v1/query-policy-types","status":200,"duration_ms":2}
{"request_id":"rcc-ba5325a2343388440c152c60d1cc7f84","method":"GET","path":"/api/v1/query-policies","status":200,"duration_ms":3}
{"request_id":"rcc-267672a1d842943de35a7c9c18ee1cde","method":"GET","path":"/api/v1/mutation-policies","status":200,"duration_ms":4}
{"request_id":"rcc-3ca15acc18d25053ce6d216842458ce6","method":"GET","path":"/api/v1/approval-notifications","status":200,"duration_ms":6}
{"request_id":"rcc-bd159df6f5418bc1344e5ffa218d47e9","method":"GET","path":"/api/v1/table-policies","status":200,"duration_ms":2}
{"request_id":"rcc-2000dc883296131e00e50d0675c06c9f","method":"GET","path":"/api/v1/mutation-policy-types","status":200,"duration_ms":6}
{"request_id":"rcc-c884871034dc723d32206efc08cb503b","method":"GET","path":"/api/v1/database-tables","status":200,"duration_ms":11}
{"request_id":"rcc-413b96fb3df54a37e608feb12a644c48","method":"GET","path":"/api/v1/approval-notifications","status":200,"duration_ms":9}
{"request_id":"rcc-5f56ad1aac30ed7021398751992ffad4","method":"GET","path":"/api/v1/table-field-policies/:table_name","status":200,"duration_ms":16}
{"request_id":"rcc-5338c495f1425bd41a9a0da11c9c061a","method":"POST","path":"/api/v1/auth/activity","status":200,"duration_ms":17}
{"request_id":"rcc-dd1facb02e7b8bd034eef1862cbdf42a","method":"PUT","path":"/api/v1/table-field-policies/:table_name","status":200,"duration_ms":21}
{"request_id":"rcc-d0ebecbf05f1fc9b14a2344ad1c6f9db","method":"GET","path":"/api/v1/mutation-policy-types","status":200,"duration_ms":1}
{"request_id":"rcc-d100ee7a768aeb2603c77ac9805fd65e","method":"GET","path":"/api/v1/query-policy-types","status":200,"duration_ms":1}
{"request_id":"rcc-a51156e235c60f514e453e8f065d395e","method":"GET","path":"/api/v1/query-policies","status":200,"duration_ms":3}
{"request_id":"rcc-abcd1d4979004cd48def3404e42046aa","method":"GET","path":"/api/v1/mutation-policies","status":200,"duration_ms":3}
{"request_id":"rcc-7228e6a6befa1c3cbf604728db310651","method":"GET","path":"/api/v1/approval-notifications","status":200,"duration_ms":3}
{"request_id":"rcc-e9d037b37da283dbcb2e92efb2f17f38","method":"GET","path":"/api/v1/auth/session","status":200,"duration_ms":1}
{"request_id":"rcc-90a7624a390a58619f30dd3a16d0bc9c","method":"GET","path":"/api/v1/table-policies","status":200,"duration_ms":3}
{"request_id":"rcc-080c9465c2471d88822105380147483c","method":"GET","path":"/api/v1/approval-notifications","status":200,"duration_ms":4}
{"request_id":"rcc-fb6796c70bb5498ce85daf32f8ee03bd","method":"GET","path":"/api/v1/mutation-policy-types","status":200,"duration_ms":2}
{"request_id":"rcc-0dcab26cd3a169fe86f0f56af4093f86","method":"GET","path":"/api/v1/query-policy-types","status":200,"duration_ms":2}
{"request_id":"rcc-4e433e97e601f221571aade5526570df","method":"GET","path":"/api/v1/query-policies/:code","status":200,"duration_ms":5}
{"request_id":"rcc-f1e66159e2624f3b8035b07db47eb391","method":"GET","path":"/api/v1/mutation-policies/:code","status":200,"duration_ms":3}
{"request_id":"rcc-95b707fcbb056af071e60a2a7fc786f2","method":"POST","path":"/api/v1/tables/:table_name/query","status":200,"duration_ms":36}
{"request_id":"rcc-bcfc0640ec4bb5cb3d5e53eec88ba90a","method":"GET","path":"/api/v1/table-field-policies/:table_name","status":200,"duration_ms":5}
{"request_id":"rcc-1ce02b38b8e7b4e8dd016f0b92999013","method":"POST","path":"/api/v1/tables/:table_name/query","status":200,"duration_ms":15}
{"request_id":"rcc-91efc65ce01072f5fc150ba24bd97725","method":"GET","path":"/api/v1/table-field-policies/:table_name","status":200,"duration_ms":6}
{"request_id":"rcc-dbf3a15985030cfb27b344c6eeca6b3a","method":"GET","path":"/api/v1/table-field-policies/:table_name","status":200,"duration_ms":6}
{"request_id":"rcc-8f6fa3e30a3bd455e286ca1e16bc322a","method":"POST","path":"/api/v1/release-orders","status":201,"duration_ms":37}
{"request_id":"rcc-8cfa03aa6ee70fcaeda779efbfe84466","method":"GET","path":"/api/v1/approval-notifications","status":200,"duration_ms":2}
{"request_id":"rcc-8c8724e7ccb37cc3d4c607afd1bf7ad0","method":"GET","path":"/api/v1/approval-notifications","status":200,"duration_ms":3}
{"request_id":"rcc-4a172e58118f302c3f95303da7a2b094","method":"GET","path":"/api/v1/release-orders/:id","status":200,"duration_ms":9}
{"request_id":"rcc-f0ae06311ff5fd20893e36771b702d95","method":"GET","path":"/api/v1/table-field-policies/:table_name","status":200,"duration_ms":7}
{"request_id":"rcc-666c433b9d1d2ae7b27fe4ace94ad6be","method":"GET","path":"/api/v1/release-orders/:id/details","status":200,"duration_ms":9}
{"request_id":"rcc-bcc965e994f17bde8e2cd488515c5399","method":"GET","path":"/api/v1/release-orders/:id/people","status":200,"duration_ms":12}
{"request_id":"rcc-9050c195243b212cfaa3d4c7e97be6f0","method":"GET","path":"/api/v1/release-orders/:id/details","status":200,"duration_ms":10}
{"request_id":"rcc-3452a27a70c71d2dc80a858d72154b72","method":"POST","path":"/api/v1/release-orders/:id/cancel","status":200,"duration_ms":25}
{"request_id":"rcc-dd0260f9cb675cc615003b99b64a541f","method":"GET","path":"/api/v1/approval-notifications","status":200,"duration_ms":3}
{"request_id":"rcc-f11aed6b178f33f1efaff9c21d9d8dfa","method":"GET","path":"/api/v1/release-orders/:id","status":200,"duration_ms":8}
{"request_id":"rcc-3dab1b0da61c202e9452544d83bb93d3","method":"GET","path":"/api/v1/release-orders/:id/people","status":200,"duration_ms":9}
{"request_id":"rcc-faa7e355be7aaed4c53b1ddabb28d6fd","method":"GET","path":"/api/v1/release-orders/:id/details","status":200,"duration_ms":6}
{"request_id":"rcc-706003ad1f9355a4e19a142d4b8920a0","method":"GET","path":"/api/v1/auth/session","status":200,"duration_ms":1}
{"request_id":"rcc-747b9ac5f3c5993ad42195f79554845a","method":"PUT","path":"/api/v1/table-field-policies/:table_name","status":200,"duration_ms":16}
{"request_id":"rcc-8da36c895d1079c622fce34b5e31c481","method":"GET","path":"/api/v1/auth/session","status":200,"duration_ms":1}
{"request_id":"rcc-3e843d7498d864c5ca2ae716b537d8af","method":"GET","path":"/api/v1/query-policy-types","status":200,"duration_ms":2}
{"request_id":"rcc-9367b85c1c03ce4c5ade5e78cf2fefd3","method":"GET","path":"/api/v1/mutation-policy-types","status":200,"duration_ms":1}
{"request_id":"rcc-ee42021183b9b57d1f3e41a3675a7036","method":"GET","path":"/api/v1/mutation-policies","status":200,"duration_ms":3}
{"request_id":"rcc-3fd075bf4ac09f830bb1c44194d39be3","method":"GET","path":"/api/v1/query-policies","status":200,"duration_ms":3}
{"request_id":"rcc-35d548f42ec608ce19182663abea0acd","method":"GET","path":"/api/v1/approval-notifications","status":200,"duration_ms":5}
{"request_id":"rcc-6e2bf006d49633e0599ccaa3f94826ca","method":"GET","path":"/api/v1/table-policies","status":200,"duration_ms":4}
{"request_id":"rcc-88eb55fab60aef58e7190a1362777f3f","method":"GET","path":"/api/v1/database-tables","status":200,"duration_ms":9}
{"request_id":"rcc-4db7227f971914cd3158d1cd8636b7d0","method":"GET","path":"/api/v1/approval-notifications","status":200,"duration_ms":3}
{"request_id":"rcc-762a125652718d904070366d52aa48bd","method":"GET","path":"/api/v1/table-field-policies/:table_name","status":200,"duration_ms":6}
{"request_id":"rcc-7fe5cacf1b87e6d81e08d4c6a6a956fc","method":"PUT","path":"/api/v1/table-field-policies/:table_name","status":200,"duration_ms":19}
{"request_id":"rcc-49248e94fd48555fba0d0986041d5ec5","method":"GET","path":"/api/v1/query-policy-types","status":200,"duration_ms":1}
{"request_id":"rcc-e24a2b12338523b7e0950625d746366d","method":"GET","path":"/api/v1/mutation-policy-types","status":200,"duration_ms":1}
{"request_id":"rcc-cf35c3ae2008debee4bc78903d201a7e","method":"GET","path":"/api/v1/query-policies","status":200,"duration_ms":3}
{"request_id":"rcc-e5862d1e00bfa70fd05769d961950618","method":"GET","path":"/api/v1/mutation-policies","status":200,"duration_ms":3}
{"request_id":"rcc-21a3e9ebcc6a3bd94db4d3d2c00c3627","method":"GET","path":"/api/v1/approval-notifications","status":200,"duration_ms":5}
{"request_id":"rcc-fd221d2ea319b7b99570fab375144486","method":"GET","path":"/api/v1/auth/session","status":200,"duration_ms":1}
{"request_id":"rcc-2d7b39b87c22b7268a55d26dadbca806","method":"GET","path":"/api/v1/table-policies","status":200,"duration_ms":2}
{"request_id":"rcc-b6127c66d8424f5b7147319091c21a0f","method":"GET","path":"/api/v1/approval-notifications","status":200,"duration_ms":4}
{"request_id":"rcc-7fde76acfd1eed6a96777d5097825d75","method":"GET","path":"/api/v1/query-policy-types","status":200,"duration_ms":2}
{"request_id":"rcc-7accb1617d164499ffe28a0cde292211","method":"GET","path":"/api/v1/mutation-policy-types","status":200,"duration_ms":2}
{"request_id":"rcc-d40dc4c27d4934da316bf248b1fb6721","method":"GET","path":"/api/v1/query-policies/:code","status":200,"duration_ms":4}
{"request_id":"rcc-2e5da1c139addf46467de8f5fc10243a","method":"GET","path":"/api/v1/mutation-policies/:code","status":200,"duration_ms":4}
{"request_id":"rcc-2f7a9b1881108446f0cf28ec5dee90ab","method":"POST","path":"/api/v1/tables/:table_name/query","status":200,"duration_ms":33}
{"request_id":"rcc-3271ae3d5fc7b915f944a1f58d6c112c","method":"GET","path":"/api/v1/table-field-policies/:table_name","status":200,"duration_ms":5}
{"request_id":"rcc-145f27b305006c1f7e7f9afcb836e451","method":"POST","path":"/api/v1/tables/:table_name/query","status":200,"duration_ms":14}
{"request_id":"rcc-507f09486de66e4f77da09aad12e791d","method":"GET","path":"/api/v1/table-field-policies/:table_name","status":200,"duration_ms":6}
{"request_id":"rcc-471081ea82710e81d807b7663916ab36","method":"GET","path":"/api/v1/table-field-policies/:table_name","status":200,"duration_ms":5}
{"request_id":"rcc-d69cbd48227244a7b4434f40f7a698c3","method":"POST","path":"/api/v1/release-orders","status":201,"duration_ms":37}
{"request_id":"rcc-f2b83017ce13093094380ede80fbf18b","method":"GET","path":"/api/v1/approval-notifications","status":200,"duration_ms":2}
{"request_id":"rcc-ddf6324e1c876c4959dd88b085fe18b1","method":"GET","path":"/api/v1/approval-notifications","status":200,"duration_ms":2}
{"request_id":"rcc-9ea883d41e5512a972cb792d28b11f8f","method":"GET","path":"/api/v1/release-orders/:id","status":200,"duration_ms":8}
{"request_id":"rcc-16100caabb0aea0b72c02a6c0c9ccf4a","method":"GET","path":"/api/v1/table-field-policies/:table_name","status":200,"duration_ms":6}
{"request_id":"rcc-0fd13878a087f769018821306a1e1aa5","method":"GET","path":"/api/v1/release-orders/:id/details","status":200,"duration_ms":7}
{"request_id":"rcc-f00fd575581a7ed697a43d5348a5b470","method":"GET","path":"/api/v1/release-orders/:id/people","status":200,"duration_ms":10}
{"request_id":"rcc-b9af8fac25aa0723f0a9f51a054ddc51","method":"GET","path":"/api/v1/release-orders/:id/details","status":200,"duration_ms":8}
{"request_id":"rcc-a859265e7d49a26158c9961c75c7c074","method":"POST","path":"/api/v1/release-orders/:id/cancel","status":200,"duration_ms":23}
{"request_id":"rcc-c2b1de976f6f8db6a6ea51a7206dc51e","method":"GET","path":"/api/v1/approval-notifications","status":200,"duration_ms":2}
{"request_id":"rcc-ad97a0b1d4f971c4596adb80fbbccf1b","method":"GET","path":"/api/v1/release-orders/:id","status":200,"duration_ms":7}
{"request_id":"rcc-33af0b0834cc7b26ad2f955e5159dd95","method":"GET","path":"/api/v1/release-orders/:id/people","status":200,"duration_ms":9}
{"request_id":"rcc-93c754b8923c3fa821086f3b388ebd92","method":"GET","path":"/api/v1/release-orders/:id/details","status":200,"duration_ms":5}
{"request_id":"rcc-0dbc961893745fb632738e952acd69fb","method":"GET","path":"/api/v1/auth/session","status":200,"duration_ms":1}
{"request_id":"rcc-91a815a3015df279e8299cc37fe94b7b","method":"PUT","path":"/api/v1/table-field-policies/:table_name","status":200,"duration_ms":15}
{"request_id":"rcc-c0bc36d65ef4bb9867370672bf6a1578","method":"GET","path":"/api/v1/auth/session","status":200,"duration_ms":1}
{"request_id":"rcc-fc062064bcdf98cc8e864659febdeb16","method":"GET","path":"/api/v1/table-field-policies/:table_name","status":200,"duration_ms":4}
{"request_id":"rcc-4a548b82d6bb74e3c5814b2bb15079a7","method":"GET","path":"/api/v1/auth/csrf","status":200,"duration_ms":10}
{"request_id":"rcc-8b62aef870cace78bed93f937ff5dbc0","method":"POST","path":"/api/v1/auth/register","status":201,"duration_ms":91}
{"request_id":"rcc-67e0c39007a3b6c88675cf924464dbd6","method":"GET","path":"/api/v1/auth/session","status":200,"duration_ms":4}
{"request_id":"rcc-0b50ee43900fed61bc1a16aa01a88afe","method":"GET","path":"/api/v1/account-roles","status":200,"duration_ms":2}
{"request_id":"rcc-0c506a46fa27e73ab84f8b19af2b7f51","method":"GET","path":"/api/v1/auth/session","status":200,"duration_ms":1}
{"request_id":"rcc-68f35e5fcc9d55660a38d87525f43c82","method":"GET","path":"/api/v1/table-field-policies/:table_name","status":200,"duration_ms":6}
{"request_id":"rcc-75780233ae8484b8cd7dbe0d147ff537","method":"GET","path":"/api/v1/auth/session","status":200,"duration_ms":4}
{"request_id":"rcc-bac81600ca49fa582432d20dc7927c03","method":"PUT","path":"/api/v1/table-field-policies/:table_name","status":200,"duration_ms":15}
{"request_id":"rcc-383e58db5043974add1dcb833831602d","method":"GET","path":"/api/v1/auth/session","status":200,"duration_ms":2}
{"request_id":"rcc-b4acb00f2b7ef4578da35c0fe262060e","method":"GET","path":"/api/v1/mutation-policy-types","status":200,"duration_ms":2}
{"request_id":"rcc-51a151674a5195ca803a2ac02fe03909","method":"GET","path":"/api/v1/query-policy-types","status":200,"duration_ms":3}
{"request_id":"rcc-1f37562bd8bb8faf28bedd4b8a0d5856","method":"GET","path":"/api/v1/mutation-policies","status":200,"duration_ms":4}
{"request_id":"rcc-79dbe703a3759581ceb34467dd5c0ca9","method":"GET","path":"/api/v1/query-policies","status":200,"duration_ms":6}
{"request_id":"rcc-b26397e430ee3653ac3826a1cd090f3f","method":"GET","path":"/api/v1/approval-notifications","status":200,"duration_ms":10}
{"request_id":"rcc-ca6cc5a77beb231d44d742d0d136a1d3","method":"GET","path":"/api/v1/database-tables","status":200,"duration_ms":9}
{"request_id":"rcc-8a7f09ca9c069576279824208e61f851","method":"GET","path":"/api/v1/table-policies","status":200,"duration_ms":4}
{"request_id":"rcc-8b56e6044208954301fd97760260249f","method":"POST","path":"/api/v1/auth/activity","status":200,"duration_ms":23}
{"request_id":"rcc-6aa1d03194f22ab95ba2f332e877772c","method":"GET","path":"/api/v1/approval-notifications","status":200,"duration_ms":7}
{"request_id":"rcc-b59d7cc989e72c7979a459f40a6d83ab","method":"GET","path":"/api/v1/table-field-policies/:table_name","status":200,"duration_ms":13}
{"request_id":"rcc-6134de7faaa5655d35414bf0a4ea1f03","method":"PUT","path":"/api/v1/table-field-policies/:table_name","status":200,"duration_ms":17}
{"request_id":"rcc-1a39d5063921c8d295dbdac7da630c55","method":"GET","path":"/api/v1/query-policy-types","status":200,"duration_ms":2}
{"request_id":"rcc-a6b861eae1aaaf97d785e8c4d5d60292","method":"GET","path":"/api/v1/query-policies","status":200,"duration_ms":3}
{"request_id":"rcc-32585aabc520c66c67af17c8ab2b1f04","method":"GET","path":"/api/v1/mutation-policy-types","status":200,"duration_ms":2}
{"request_id":"rcc-2cba4376809a710e798e38c84a3021a6","method":"GET","path":"/api/v1/approval-notifications","status":200,"duration_ms":4}
{"request_id":"rcc-a7181f3d31c2caece843449bafac326f","method":"GET","path":"/api/v1/mutation-policies","status":200,"duration_ms":4}
{"request_id":"rcc-86286872ff74208191143d3660431e3a","method":"GET","path":"/api/v1/auth/session","status":200,"duration_ms":1}
{"request_id":"rcc-91484b6ee1a3d349d349a95da186006d","method":"GET","path":"/api/v1/table-policies","status":200,"duration_ms":2}
{"request_id":"rcc-bff76b426d4e1c1d48c003e59a6edef0","method":"GET","path":"/api/v1/approval-notifications","status":200,"duration_ms":3}
{"request_id":"rcc-7ce9f70b223990c7779bd137c30b96a1","method":"GET","path":"/api/v1/query-policy-types","status":200,"duration_ms":2}
{"request_id":"rcc-b7817884a9675cd00ee026c38c8fba25","method":"GET","path":"/api/v1/mutation-policy-types","status":200,"duration_ms":2}
{"request_id":"rcc-7e8fa3aafa2361890674ac68f43e7da7","method":"GET","path":"/api/v1/query-policies/:code","status":200,"duration_ms":5}
{"request_id":"rcc-9b45badf041e3734444fe38d7d50da43","method":"GET","path":"/api/v1/mutation-policies/:code","status":200,"duration_ms":4}
{"request_id":"rcc-ab76c1137c6f1a1e37ae6e3b39fbe22a","method":"POST","path":"/api/v1/tables/:table_name/query","status":200,"duration_ms":37}
{"request_id":"rcc-301e64fd1e47594ef638a3f97aea9182","method":"GET","path":"/api/v1/table-field-policies/:table_name","status":200,"duration_ms":6}
{"request_id":"rcc-a0b9fb930346bbc15aaa6cc50d3607e9","method":"POST","path":"/api/v1/tables/:table_name/query","status":200,"duration_ms":16}
{"request_id":"rcc-fb188b1ef7930f7c79df71db2c779c06","method":"GET","path":"/api/v1/table-field-policies/:table_name","status":200,"duration_ms":7}
{"request_id":"rcc-acb7f6ef32198f7e7990b67af2ebdfe1","method":"GET","path":"/api/v1/table-field-policies/:table_name","status":200,"duration_ms":6}
{"request_id":"rcc-394d83cf823afefca287f7505917d67e","method":"POST","path":"/api/v1/release-orders","status":201,"duration_ms":34}
{"request_id":"rcc-affa569d8040765a7111ae3849ab40d4","method":"GET","path":"/api/v1/approval-notifications","status":200,"duration_ms":2}
{"request_id":"rcc-c2d364d894bdb43bc7588f7729eede36","method":"GET","path":"/api/v1/approval-notifications","status":200,"duration_ms":3}
{"request_id":"rcc-89397257b9f87a00dd1e1379fc07c68a","method":"GET","path":"/api/v1/release-orders/:id","status":200,"duration_ms":9}
{"request_id":"rcc-b2f6489a2fa4ef5da2a5658c9e67b30d","method":"GET","path":"/api/v1/table-field-policies/:table_name","status":200,"duration_ms":7}
{"request_id":"rcc-361f68ab0b5686d531b38b116c522b25","method":"GET","path":"/api/v1/release-orders/:id/details","status":200,"duration_ms":8}
{"request_id":"rcc-7fa5f8104d8d8e3e9417a6e19775c866","method":"GET","path":"/api/v1/release-orders/:id/people","status":200,"duration_ms":11}
{"request_id":"rcc-5a209e653d5b7834ddba600488618a49","method":"GET","path":"/api/v1/release-orders/:id/details","status":200,"duration_ms":8}
{"request_id":"rcc-b35ccff91a18a2311978d9d393f8036a","method":"POST","path":"/api/v1/release-orders/:id/cancel","status":200,"duration_ms":21}
{"request_id":"rcc-e156883d99cb80cdd2a110153d37195e","method":"GET","path":"/api/v1/approval-notifications","status":200,"duration_ms":3}
{"request_id":"rcc-3d921055b2849758fc8b6612788e5287","method":"GET","path":"/api/v1/release-orders/:id","status":200,"duration_ms":8}
{"request_id":"rcc-65dfce97448b450f674b43b9d7f49e30","method":"GET","path":"/api/v1/release-orders/:id/people","status":200,"duration_ms":8}
{"request_id":"rcc-9a9c6ec7b7307e123e8918f139b41dad","method":"GET","path":"/api/v1/release-orders/:id/details","status":200,"duration_ms":5}
{"request_id":"rcc-bb03aa0b59d8e791963cf5265e7aaeb6","method":"GET","path":"/api/v1/auth/session","status":200,"duration_ms":1}
{"request_id":"rcc-1a38146291b81876f3ddb1789271b237","method":"PUT","path":"/api/v1/table-field-policies/:table_name","status":200,"duration_ms":19}
{"request_id":"rcc-ed188cfc8f97bb3b539c116a7d12b754","method":"GET","path":"/api/v1/auth/session","status":200,"duration_ms":1}
{"request_id":"rcc-d230bb6df4d233bab29dfb3cfdd5570a","method":"GET","path":"/api/v1/query-policy-types","status":200,"duration_ms":2}
{"request_id":"rcc-a554183de6f64ec6ffe8941bcaf4403e","method":"GET","path":"/api/v1/mutation-policy-types","status":200,"duration_ms":1}
{"request_id":"rcc-4aeee0684368a138acd6f3a9baa9ae4f","method":"GET","path":"/api/v1/query-policies","status":200,"duration_ms":3}
{"request_id":"rcc-5afc9d166d814f8da517b7a35cccc594","method":"GET","path":"/api/v1/approval-notifications","status":200,"duration_ms":4}
{"request_id":"rcc-cc7b992c106c763d9a234e1f718e5b39","method":"GET","path":"/api/v1/mutation-policies","status":200,"duration_ms":4}
{"request_id":"rcc-21e11bc7d317356fab48542c8f747c28","method":"GET","path":"/api/v1/database-tables","status":200,"duration_ms":5}
{"request_id":"rcc-916d4c3a5aabd8e482814271e8f84e2a","method":"GET","path":"/api/v1/table-policies","status":200,"duration_ms":4}
{"request_id":"rcc-2dc1bca75920a4cdf2d15ed2819f2a3b","method":"GET","path":"/api/v1/approval-notifications","status":200,"duration_ms":3}
{"request_id":"rcc-133a9ced6138b83974aed82ee2ca4ba5","method":"GET","path":"/api/v1/table-field-policies/:table_name","status":200,"duration_ms":6}
{"request_id":"rcc-510218b51f880d2e343234d67febec9c","method":"PUT","path":"/api/v1/table-field-policies/:table_name","status":200,"duration_ms":21}
{"request_id":"rcc-f99bc33b221baa57a9810190d469862f","method":"GET","path":"/api/v1/mutation-policy-types","status":200,"duration_ms":2}
{"request_id":"rcc-0ad38909c62263762406e533a4c68663","method":"GET","path":"/api/v1/query-policy-types","status":200,"duration_ms":3}
{"request_id":"rcc-ad83aad59f8d167a6360a5b29dcad5d0","method":"GET","path":"/api/v1/query-policies","status":200,"duration_ms":5}
{"request_id":"rcc-bb5c61a65efa4832266a849d59c9d43e","method":"GET","path":"/api/v1/mutation-policies","status":200,"duration_ms":4}
{"request_id":"rcc-f700f81f0eacee397e9f0390daa46f0f","method":"GET","path":"/api/v1/approval-notifications","status":200,"duration_ms":6}
{"request_id":"rcc-5e9c8bfdcdfe030f139fc57dea823e7c","method":"GET","path":"/api/v1/auth/session","status":200,"duration_ms":1}
{"request_id":"rcc-fb64ac2f0fad011c4c84d28adcea7733","method":"GET","path":"/api/v1/table-policies","status":200,"duration_ms":2}
{"request_id":"rcc-b003dbede6bb9df3693af800e83d554b","method":"GET","path":"/api/v1/approval-notifications","status":200,"duration_ms":4}
{"request_id":"rcc-5e637f928b474664fa6fb6380c0ceb94","method":"GET","path":"/api/v1/mutation-policy-types","status":200,"duration_ms":3}
{"request_id":"rcc-a6ae0ee9214dc6d2ce655fe5b968b114","method":"GET","path":"/api/v1/query-policy-types","status":200,"duration_ms":4}
{"request_id":"rcc-2e4d2fb9a5ca34b0f0d7e30520e2355c","method":"GET","path":"/api/v1/mutation-policies/:code","status":200,"duration_ms":5}
{"request_id":"rcc-a77b3f04e346a4c6b1af7ed0606e0e08","method":"GET","path":"/api/v1/query-policies/:code","status":200,"duration_ms":7}
{"request_id":"rcc-dc0e46d949cc3568ddcdc67598f093c8","method":"POST","path":"/api/v1/tables/:table_name/query","status":200,"duration_ms":51}
{"request_id":"rcc-15e5fa1b1808e160fc098c0290f5f6c3","method":"GET","path":"/api/v1/table-field-policies/:table_name","status":200,"duration_ms":6}
{"request_id":"rcc-2257ec480f72b939815758ece39a5a92","method":"POST","path":"/api/v1/tables/:table_name/query","status":200,"duration_ms":17}
{"request_id":"rcc-9390c9570691941b3a39ab5bc1de6b5c","method":"GET","path":"/api/v1/table-field-policies/:table_name","status":200,"duration_ms":8}
{"request_id":"rcc-cf1621b5c8b0d923d6edaee9c6b798cc","method":"GET","path":"/api/v1/table-field-policies/:table_name","status":200,"duration_ms":7}
{"request_id":"rcc-ab44659ccd4c233a06374e65897f3e57","method":"POST","path":"/api/v1/release-orders","status":201,"duration_ms":43}
{"request_id":"rcc-a82e2f0e72cc87faec2c245debddecc4","method":"GET","path":"/api/v1/approval-notifications","status":200,"duration_ms":2}
{"request_id":"rcc-c2af854c1fdd09ec2e9ce0949da7f1b6","method":"GET","path":"/api/v1/approval-notifications","status":200,"duration_ms":3}
{"request_id":"rcc-bcf0dff6270df0c41d8fdb52995170ec","method":"GET","path":"/api/v1/release-orders/:id","status":200,"duration_ms":7}
{"request_id":"rcc-3e2b1e035bcb974f245d7cbfd182f39f","method":"GET","path":"/api/v1/table-field-policies/:table_name","status":200,"duration_ms":7}
{"request_id":"rcc-715b920665ae3d27ee405e82310c6cee","method":"GET","path":"/api/v1/release-orders/:id/details","status":200,"duration_ms":7}
{"request_id":"rcc-c2ad5a4cc1f704154b3f72ffb14f2717","method":"GET","path":"/api/v1/release-orders/:id/people","status":200,"duration_ms":10}
{"request_id":"rcc-32f4e8b8d4af53ffc2e6faac3e6c0456","method":"GET","path":"/api/v1/release-orders/:id/details","status":200,"duration_ms":7}
{"request_id":"rcc-cb1d5a85431cb93973b44dffd473ff40","method":"POST","path":"/api/v1/release-orders/:id/cancel","status":200,"duration_ms":25}
{"request_id":"rcc-f1f494f8532382d854537ce3a7f2200e","method":"GET","path":"/api/v1/approval-notifications","status":200,"duration_ms":3}
{"request_id":"rcc-251ece048ce7f298a9ec8373ddc933a6","method":"GET","path":"/api/v1/release-orders/:id","status":200,"duration_ms":7}
{"request_id":"rcc-f6807fd0c052ada9d4747bedfe58c1aa","method":"GET","path":"/api/v1/release-orders/:id/people","status":200,"duration_ms":8}
{"request_id":"rcc-8d0963f96bed9c09c90cffa2c1143b84","method":"GET","path":"/api/v1/release-orders/:id/details","status":200,"duration_ms":5}
{"request_id":"rcc-6db5bf711639f33f75ca39a8f51db1ab","method":"GET","path":"/api/v1/auth/session","status":200,"duration_ms":1}
{"request_id":"rcc-641b1cd869b5cbc37dfcbb8decf61959","method":"PUT","path":"/api/v1/table-field-policies/:table_name","status":200,"duration_ms":13}
{"request_id":"rcc-04c05c76ec81ab55b7de47ffdc8d6300","method":"GET","path":"/api/v1/auth/session","status":200,"duration_ms":1}
{"request_id":"rcc-81fba862abd5fd0ba12cc58462e5cdfb","method":"GET","path":"/api/v1/table-field-policies/:table_name","status":200,"duration_ms":4}
{"request_id":"rcc-91ab8dd68da6ca3ac4b2c909e546f787","method":"GET","path":"/api/v1/auth/csrf","status":200,"duration_ms":7}
{"request_id":"rcc-b2a4551e8441206b3b3e872bfb6f6c41","method":"POST","path":"/api/v1/auth/register","status":201,"duration_ms":45}
{"request_id":"rcc-25fcc2a67ebc63b9b0ff6f7ca5ef3495","method":"GET","path":"/api/v1/auth/session","status":200,"duration_ms":1}
{"request_id":"rcc-e929ad4be8757e8d5d119b6594ff213f","method":"GET","path":"/api/v1/account-roles","status":200,"duration_ms":1}
{"request_id":"rcc-aa3ab8121e3276ace0aac489cfce3ce9","method":"GET","path":"/api/v1/auth/session","status":200,"duration_ms":1}
{"request_id":"rcc-e93afe8439ced3777fd7425abda1c8ad","method":"GET","path":"/api/v1/table-field-policies/:table_name","status":200,"duration_ms":4}
{"request_id":"rcc-7cedb123d21c410450f8637923d68f95","method":"GET","path":"/api/v1/auth/session","status":200,"duration_ms":1}
{"request_id":"rcc-0d95073fbafbbef757b7db3318926838","method":"PUT","path":"/api/v1/table-field-policies/:table_name","status":200,"duration_ms":10}
{"request_id":"rcc-a44b4eefcfb328da10c125b5f07948b9","method":"GET","path":"/api/v1/auth/session","status":200,"duration_ms":1}
{"request_id":"rcc-5a457042d0ba1cbb119f4f47317e15c8","method":"GET","path":"/api/v1/mutation-policy-types","status":200,"duration_ms":2}
{"request_id":"rcc-e39ca32c221dd7930e0ac30b08c499c8","method":"GET","path":"/api/v1/query-policy-types","status":200,"duration_ms":2}
{"request_id":"rcc-08db666c25b82dc1b008a6aa22b935ad","method":"GET","path":"/api/v1/mutation-policies","status":200,"duration_ms":3}
{"request_id":"rcc-eb1406f496b06496d472f5b9ec9b348f","method":"GET","path":"/api/v1/query-policies","status":200,"duration_ms":4}
{"request_id":"rcc-c15ee48b0839942f6bbe097037efccbd","method":"GET","path":"/api/v1/approval-notifications","status":200,"duration_ms":5}
{"request_id":"rcc-61af89d062af2af00abc86bae2865496","method":"GET","path":"/api/v1/table-policies","status":200,"duration_ms":1}
{"request_id":"rcc-7fa0b484e2a82a459533ef3a58793612","method":"GET","path":"/api/v1/database-tables","status":200,"duration_ms":6}
{"request_id":"rcc-9aff7642afe9a0b29173052a2c4d6f11","method":"GET","path":"/api/v1/approval-notifications","status":200,"duration_ms":2}
{"request_id":"rcc-3313fb5441ee6f543dc68244d935dca8","method":"GET","path":"/api/v1/table-field-policies/:table_name","status":200,"duration_ms":6}
{"request_id":"rcc-77626edaa6c8d627560124f71f7d5832","method":"POST","path":"/api/v1/auth/activity","status":200,"duration_ms":10}
{"request_id":"rcc-a9e3776343d1b45a6138af59eb8a5fc0","method":"PUT","path":"/api/v1/table-field-policies/:table_name","status":200,"duration_ms":14}
{"request_id":"rcc-c388a39a00fda0271371427d24e26111","method":"GET","path":"/api/v1/mutation-policy-types","status":200,"duration_ms":2}
{"request_id":"rcc-7534d126e4ddf8054c9a9aba98c002a8","method":"GET","path":"/api/v1/query-policy-types","status":200,"duration_ms":3}
{"request_id":"rcc-929736a9f84a702c95f453489256116d","method":"GET","path":"/api/v1/mutation-policies","status":200,"duration_ms":4}
{"request_id":"rcc-9a53e7aca821d3ed3e732bd76523faba","method":"GET","path":"/api/v1/query-policies","status":200,"duration_ms":4}
{"request_id":"rcc-e1c98d728c4eee859e88819aa9b07047","method":"GET","path":"/api/v1/approval-notifications","status":200,"duration_ms":4}
{"request_id":"rcc-8f9ae817a6ffbf8ddb45a8ceacda81a6","method":"GET","path":"/api/v1/auth/session","status":200,"duration_ms":2}
{"request_id":"rcc-0fd92da921981e62cd64236410766d83","method":"GET","path":"/api/v1/approval-notifications","status":200,"duration_ms":6}
{"request_id":"rcc-515fcc6975c684d2701b80f13e48976f","method":"GET","path":"/api/v1/table-policies","status":200,"duration_ms":3}
{"request_id":"rcc-60dd028cdb2b851b0a73daa20462bd07","method":"GET","path":"/api/v1/mutation-policy-types","status":200,"duration_ms":2}
{"request_id":"rcc-132cf3b98bb86f465dd23b40ef3561a5","method":"GET","path":"/api/v1/query-policy-types","status":200,"duration_ms":2}
{"request_id":"rcc-c21d2f00b2abd0c101bdf10263617cf2","method":"GET","path":"/api/v1/query-policies/:code","status":200,"duration_ms":4}
{"request_id":"rcc-a9952b20cf973581ffac1da307712032","method":"GET","path":"/api/v1/mutation-policies/:code","status":200,"duration_ms":5}
{"request_id":"rcc-8c42708eb284f6caa3df2d3294b2aa50","method":"POST","path":"/api/v1/tables/:table_name/query","status":200,"duration_ms":53}
{"request_id":"rcc-127a7ab1d6f088c9fd2b4348f4b70b77","method":"GET","path":"/api/v1/table-field-policies/:table_name","status":200,"duration_ms":7}
{"request_id":"rcc-a55c9698ec1ca249e65bfe9e0b284859","method":"POST","path":"/api/v1/tables/:table_name/query","status":200,"duration_ms":17}
{"request_id":"rcc-8313d830170e0825d89f098cab2bf9a9","method":"GET","path":"/api/v1/table-field-policies/:table_name","status":200,"duration_ms":6}
{"request_id":"rcc-9989bca3a189637ceb25a053a3f96bee","method":"GET","path":"/api/v1/table-field-policies/:table_name","status":200,"duration_ms":6}
{"request_id":"rcc-d959c489fce16a336c20996f6dd60663","method":"POST","path":"/api/v1/release-orders","status":201,"duration_ms":35}
{"request_id":"rcc-2fc20a046d27ec0f005cfc98cff063f6","method":"GET","path":"/api/v1/approval-notifications","status":200,"duration_ms":2}
{"request_id":"rcc-6f9e046387d0720b1b5d3a68a1a06a43","method":"GET","path":"/api/v1/approval-notifications","status":200,"duration_ms":3}
{"request_id":"rcc-30f42d1368a541ff9335705f90c72015","method":"GET","path":"/api/v1/release-orders/:id","status":200,"duration_ms":9}
{"request_id":"rcc-470b194137b86e4522cbc8666e941989","method":"GET","path":"/api/v1/release-orders/:id/details","status":200,"duration_ms":6}
{"request_id":"rcc-8b242a8e58e85a8262da58cec3a5978d","method":"GET","path":"/api/v1/table-field-policies/:table_name","status":200,"duration_ms":7}
{"request_id":"rcc-c4cd309e4ff6fda9c3ec224f7275193d","method":"GET","path":"/api/v1/release-orders/:id/people","status":200,"duration_ms":12}
{"request_id":"rcc-b404b207694ff1614ab56e0e393f0aad","method":"GET","path":"/api/v1/release-orders/:id/details","status":200,"duration_ms":8}
{"request_id":"rcc-6c44a1673fbaac529613063e0c67a957","method":"POST","path":"/api/v1/release-orders/:id/cancel","status":200,"duration_ms":32}
{"request_id":"rcc-c7750fde39df02dc5035a473921bc694","method":"GET","path":"/api/v1/approval-notifications","status":200,"duration_ms":3}
{"request_id":"rcc-e4e977b1c3de085541d795c0747e8b1c","method":"GET","path":"/api/v1/release-orders/:id","status":200,"duration_ms":10}
{"request_id":"rcc-3df87a0490baea9d1f30ad9555c441cb","method":"GET","path":"/api/v1/release-orders/:id/people","status":200,"duration_ms":10}
{"request_id":"rcc-91ca4697e7d2062e96bac10e156644b3","method":"GET","path":"/api/v1/release-orders/:id/details","status":200,"duration_ms":7}
{"request_id":"rcc-ddc09f5542f008ebe4bd50b481f4e1c3","method":"GET","path":"/api/v1/auth/session","status":200,"duration_ms":1}
{"request_id":"rcc-ea54b0c687c7e5a3dd3b1194cf0b7ac5","method":"PUT","path":"/api/v1/table-field-policies/:table_name","status":200,"duration_ms":18}
{"request_id":"rcc-ef3ca42f06e5e3a13a8e0672938355aa","method":"GET","path":"/api/v1/auth/session","status":200,"duration_ms":1}
{"request_id":"rcc-052a75ba6cd031ebccf37bf0db373fdb","method":"GET","path":"/api/v1/mutation-policy-types","status":200,"duration_ms":1}
{"request_id":"rcc-5d8230e0b679e8f568f6a4e78df04d28","method":"GET","path":"/api/v1/query-policy-types","status":200,"duration_ms":1}
{"request_id":"rcc-aa6ec30031bcc0ad18591cabbc565d28","method":"GET","path":"/api/v1/mutation-policies","status":200,"duration_ms":2}
{"request_id":"rcc-b089c7576679ad1965a4dea05e6086dc","method":"GET","path":"/api/v1/approval-notifications","status":200,"duration_ms":3}
{"request_id":"rcc-fe4c70517fc515a2f70f3d932113a8e2","method":"GET","path":"/api/v1/query-policies","status":200,"duration_ms":3}
{"request_id":"rcc-d95c5fea674cd8eb1568b4184ca5e9b8","method":"GET","path":"/api/v1/database-tables","status":200,"duration_ms":6}
{"request_id":"rcc-836794a8bcff0b768c155124b2150881","method":"GET","path":"/api/v1/table-policies","status":200,"duration_ms":3}
{"request_id":"rcc-bb94ddbc5f5f14bc146bc838e084de86","method":"GET","path":"/api/v1/approval-notifications","status":200,"duration_ms":2}
{"request_id":"rcc-2134a8ad6d99688648f9416c93972174","method":"GET","path":"/api/v1/table-field-policies/:table_name","status":200,"duration_ms":6}
{"request_id":"rcc-13d15d04f695051aeb12199df758675f","method":"PUT","path":"/api/v1/table-field-policies/:table_name","status":200,"duration_ms":21}
{"request_id":"rcc-1a536b53df3b5d34dbf1ab58e5238979","method":"GET","path":"/api/v1/mutation-policy-types","status":200,"duration_ms":2}
{"request_id":"rcc-8a4ca5346b2fc472a0923785ca8e2650","method":"GET","path":"/api/v1/query-policy-types","status":200,"duration_ms":2}
{"request_id":"rcc-fb3028fd05404e612e53de3094944416","method":"GET","path":"/api/v1/query-policies","status":200,"duration_ms":3}
{"request_id":"rcc-f55334e9baef732de6fa78a75acf9e72","method":"GET","path":"/api/v1/mutation-policies","status":200,"duration_ms":3}
{"request_id":"rcc-b014ac452fafc8956a88129ea0f91ac9","method":"GET","path":"/api/v1/approval-notifications","status":200,"duration_ms":4}
{"request_id":"rcc-d08995542cfa8783fe9a8f77123f13c6","method":"GET","path":"/api/v1/auth/session","status":200,"duration_ms":1}
{"request_id":"rcc-093b8bd17eaf504d1ae1b4f67a1cc31e","method":"GET","path":"/api/v1/table-policies","status":200,"duration_ms":3}
{"request_id":"rcc-edf1e13098f93c85c1db9149203ea28d","method":"GET","path":"/api/v1/approval-notifications","status":200,"duration_ms":4}
{"request_id":"rcc-acbc323daf131452213362f3dad72691","method":"GET","path":"/api/v1/query-policy-types","status":200,"duration_ms":2}
{"request_id":"rcc-0b8d922e431e5a839015768970dd60aa","method":"GET","path":"/api/v1/mutation-policy-types","status":200,"duration_ms":2}
{"request_id":"rcc-dded89edfbb201d4aced403cd89c2fd8","method":"GET","path":"/api/v1/query-policies/:code","status":200,"duration_ms":3}
{"request_id":"rcc-a2ff54e1d72e673d90d9200ed11f4547","method":"GET","path":"/api/v1/mutation-policies/:code","status":200,"duration_ms":4}
{"request_id":"rcc-5f165fb1b94a57884f80eddabdfa671f","method":"POST","path":"/api/v1/tables/:table_name/query","status":200,"duration_ms":39}
{"request_id":"rcc-568861434940ccaa482cab740a4405cc","method":"GET","path":"/api/v1/table-field-policies/:table_name","status":200,"duration_ms":6}
{"request_id":"rcc-869e228dfd7692e63018db3bdbd16d36","method":"POST","path":"/api/v1/tables/:table_name/query","status":200,"duration_ms":16}
{"request_id":"rcc-3bee04c9aee5c07e4469394c3daaa8f4","method":"GET","path":"/api/v1/table-field-policies/:table_name","status":200,"duration_ms":6}
{"request_id":"rcc-fc9e6404950fd79914f9c2dbe7565548","method":"GET","path":"/api/v1/table-field-policies/:table_name","status":200,"duration_ms":9}
{"request_id":"rcc-de3d1e35b0fe50b8748a34d957241164","method":"POST","path":"/api/v1/release-orders","status":201,"duration_ms":62}
{"request_id":"rcc-97bed4f50f3976b31657970cbebbb2a8","method":"GET","path":"/api/v1/approval-notifications","status":200,"duration_ms":9}
{"request_id":"rcc-f4713f2e9101ff7c513e23c13fc11062","method":"GET","path":"/api/v1/approval-notifications","status":200,"duration_ms":3}
{"request_id":"rcc-ba3c8a3a2eb3732a84b574fa77340db3","method":"GET","path":"/api/v1/release-orders/:id","status":200,"duration_ms":9}
{"request_id":"rcc-6d853ae1f5ae04fbc83e8b91c2cc1461","method":"GET","path":"/api/v1/table-field-policies/:table_name","status":200,"duration_ms":6}
{"request_id":"rcc-f1acaef42425291aa64f749c05e5fa00","method":"GET","path":"/api/v1/release-orders/:id/details","status":200,"duration_ms":8}
{"request_id":"rcc-7c9467f1b227642c16c38da6ed6e84b8","method":"GET","path":"/api/v1/release-orders/:id/people","status":200,"duration_ms":13}
{"request_id":"rcc-31a923b9af7606a3f7dce8b06267d8f0","method":"GET","path":"/api/v1/release-orders/:id/details","status":200,"duration_ms":7}
{"request_id":"rcc-c1011171c762cab81a220a9dfb7ea9cd","method":"POST","path":"/api/v1/release-orders/:id/cancel","status":200,"duration_ms":23}
{"request_id":"rcc-bcc5352b708508f47fc10688dfce8664","method":"GET","path":"/api/v1/approval-notifications","status":200,"duration_ms":3}
{"request_id":"rcc-2ffb13fe8cdf2f29ec58bb290a02c1eb","method":"GET","path":"/api/v1/release-orders/:id","status":200,"duration_ms":8}
{"request_id":"rcc-917d85f0bf78996f012752efcf7539ed","method":"GET","path":"/api/v1/release-orders/:id/people","status":200,"duration_ms":9}
{"request_id":"rcc-cf612924fd209e4d5490450ab3d1dfb5","method":"GET","path":"/api/v1/release-orders/:id/details","status":200,"duration_ms":5}
{"request_id":"rcc-47a26298a2fbd82beca417cadf99a58e","method":"GET","path":"/api/v1/auth/session","status":200,"duration_ms":1}
{"request_id":"rcc-dc942ec77d516c9699a69f71f6928489","method":"PUT","path":"/api/v1/table-field-policies/:table_name","status":200,"duration_ms":14}
{"request_id":"rcc-13755c70957cc9edcedd312bb8750098","method":"GET","path":"/api/v1/auth/session","status":200,"duration_ms":1}
{"request_id":"rcc-451db99e38eb507335dc092149e102e6","method":"GET","path":"/api/v1/table-field-policies/:table_name","status":200,"duration_ms":4}
