{"request_id":"rcc-9bfd4acac5149e45d70d94f6bf8c66d9","method":"GET","path":"/api/v1/auth/csrf","status":200,"duration_ms":8}
{"request_id":"rcc-309d948eee40f427e032928d93a77287","method":"POST","path":"/api/v1/auth/register","status":201,"duration_ms":46}
{"request_id":"rcc-01ce7af335b9522a4e6bef0c19d05ca3","method":"GET","path":"/api/v1/auth/session","status":200,"duration_ms":1}
{"request_id":"rcc-0d781c348fa74e2a0405cf02aa19dd91","method":"GET","path":"/api/v1/account-roles","status":200,"duration_ms":1}
{"request_id":"rcc-ea44f4ff4e892bdade93a2ae7085facb","method":"GET","path":"/api/v1/auth/session","status":200,"duration_ms":1}
{"request_id":"rcc-6756e7c20f2d6c4c45cd9542c3dbcfcc","method":"GET","path":"/api/v1/table-policies","status":200,"duration_ms":1}
{"request_id":"rcc-8cab882b491e3043dcab6c4344f4db44","method":"GET","path":"/api/v1/auth/session","status":200,"duration_ms":1}
{"request_id":"rcc-937c4f4e1b1fb87b6d542547c9c7aff8","method":"GET","path":"/api/v1/table-policies","status":200,"duration_ms":1}
{"request_id":"rcc-8309412fe2ccb70e393618684e6318f6","method":"GET","path":"/api/v1/auth/session","status":200,"duration_ms":1}
{"request_id":"rcc-b3537eb8cc59ece718efefa8a3893068","method":"GET","path":"/api/v1/release-templates","status":200,"duration_ms":2}
{"request_id":"rcc-1d848afacff862e0eb45e2fd56010c39","method":"GET","path":"/api/v1/auth/session","status":200,"duration_ms":1}
{"request_id":"rcc-eaed4ca4ebacf79984e5d54c9c6cd5bf","method":"GET","path":"/api/v1/table-policies","status":200,"duration_ms":1}
{"request_id":"rcc-f390f2f8b5a12dd6e5f7223cd3284717","method":"GET","path":"/api/v1/auth/session","status":200,"duration_ms":1}
{"request_id":"rcc-18a72a863e57207b2952e69fb041982f","method":"GET","path":"/api/v1/table-policies/:table_name/release-templates","status":200,"duration_ms":2}
{"request_id":"rcc-2533f7fc9e89ec289447c3cea742ded1","method":"GET","path":"/api/v1/auth/session","status":200,"duration_ms":1}
{"request_id":"rcc-e0af10dbc8099e3513897c70a1708fed","method":"PUT","path":"/api/v1/table-policies/:table_name/release-templates/:release_type","status":200,"duration_ms":9}
{"request_id":"rcc-074e5ff3a88317df6387a872847699dc","method":"GET","path":"/api/v1/auth/session","status":200,"duration_ms":0}
{"request_id":"rcc-e463311ca9b40c45461fa028d8bfe28b","method":"PUT","path":"/api/v1/table-policies/:table_name/release-templates/:release_type","status":200,"duration_ms":8}
{"request_id":"rcc-cd13fc6570e43137b2e61c8ec59a3bff","method":"GET","path":"/api/v1/auth/session","status":200,"duration_ms":0}
{"request_id":"rcc-f9eb1f071ee14bcb758068f40a0169bc","method":"GET","path":"/api/v1/table-policies/:table_name/release-templates","status":200,"duration_ms":2}
{"request_id":"rcc-4de20d91c568fad53c82131d536cce4d","method":"GET","path":"/api/v1/auth/session","status":200,"duration_ms":0}
{"request_id":"rcc-9248ccca3ae03bbedf55722ac5a78e67","method":"PUT","path":"/api/v1/table-policies/:table_name/release-templates/:release_type","status":200,"duration_ms":8}
{"request_id":"rcc-f5ada3a99c13440216940bd6f5a7e62c","method":"GET","path":"/api/v1/auth/session","status":200,"duration_ms":0}
{"request_id":"rcc-a1beb839631482fb57e7f8906ad24f82","method":"PUT","path":"/api/v1/table-policies/:table_name/release-templates/:release_type","status":200,"duration_ms":8}
{"request_id":"rcc-f150221e6a90f7f167284e480ac1f28b","method":"GET","path":"/api/v1/auth/session","status":200,"duration_ms":1}
{"request_id":"rcc-adb2423e5b8dbab3db2aac9af26bc46c","method":"GET","path":"/api/v1/table-policies/:table_name/release-templates","status":200,"duration_ms":4}
{"request_id":"rcc-0ed7d6a99cc906fd6714c133433a5318","method":"GET","path":"/api/v1/auth/session","status":200,"duration_ms":1}
{"request_id":"rcc-2d2d0c216483673915c1e988a808e978","method":"PUT","path":"/api/v1/table-policies/:table_name/release-templates/:release_type","status":200,"duration_ms":9}
{"request_id":"rcc-1768a96dbbafdf8dc961a7c3fd456ae9","method":"GET","path":"/api/v1/auth/session","status":200,"duration_ms":1}
{"request_id":"rcc-98562df1326c748fbf9fc633436f2763","method":"PUT","path":"/api/v1/table-policies/:table_name/release-templates/:release_type","status":200,"duration_ms":7}
{"request_id":"rcc-a017defb71bef34327c78743836d7657","method":"GET","path":"/api/v1/auth/session","status":200,"duration_ms":0}
{"request_id":"rcc-0b071be627f4c640778ba1075083bcb9","method":"GET","path":"/api/v1/table-policies/:table_name/release-templates","status":200,"duration_ms":2}
{"request_id":"rcc-b45c0c31c1fa1fac2a3aefb44674e973","method":"GET","path":"/api/v1/auth/session","status":200,"duration_ms":0}
{"request_id":"rcc-abd0e6cdb7ce0fc40fa6a5901d4523f4","method":"PUT","path":"/api/v1/table-policies/:table_name/release-templates/:release_type","status":200,"duration_ms":7}
{"request_id":"rcc-effb4a2ca3d059cb31f7115139721657","method":"GET","path":"/api/v1/auth/session","status":200,"duration_ms":0}
{"request_id":"rcc-c1ff801bb75e2e854eb68858939a069c","method":"PUT","path":"/api/v1/table-policies/:table_name/release-templates/:release_type","status":200,"duration_ms":7}
{"request_id":"rcc-b8f382eda1f120119bd15c5d3f9d684b","method":"GET","path":"/api/v1/auth/session","status":200,"duration_ms":0}
{"request_id":"rcc-c821723a3a48ee7fb4579f57829c3b96","method":"GET","path":"/api/v1/table-policies/:table_name/release-templates","status":200,"duration_ms":2}
{"request_id":"rcc-95b735bac58b2636a9148f2acdbfaacc","method":"GET","path":"/api/v1/auth/session","status":200,"duration_ms":0}
{"request_id":"rcc-587cfb623ecf5cf775a2d23dfb26e5ad","method":"PUT","path":"/api/v1/table-policies/:table_name/release-templates/:release_type","status":200,"duration_ms":8}
{"request_id":"rcc-b513fb339fb173e1869f78c8d027f4cc","method":"GET","path":"/api/v1/auth/session","status":200,"duration_ms":0}
{"request_id":"rcc-d3da69a13f9e2d9c8347207554d18077","method":"PUT","path":"/api/v1/table-policies/:table_name/release-templates/:release_type","status":200,"duration_ms":7}
