{"request_id":"rcc-81222700c3375a7142bd9b5e86311759","method":"GET","path":"/api/v1/query-policies","status":401,"duration_ms":0}
{"request_id":"rcc-8be674f67afeccffbfe97a1354945651","method":"GET","path":"/api/v1/query-policies","status":401,"duration_ms":0}
{"request_id":"rcc-c08bd4b72b7c85c9006cf5adb7d1268c","method":"GET","path":"/api/v1/query-policies","status":401,"duration_ms":0}
{"request_id":"rcc-b4465bf4b9776ccb54b86ece34e44306","method":"GET","path":"/api/v1/auth/csrf","status":200,"duration_ms":7}
{"request_id":"rcc-60a28becc3c57306131789872db442a1","method":"POST","path":"/api/v1/auth/register","status":201,"duration_ms":47}
{"request_id":"rcc-363df1840b10a4554dbe9ae4c1196e21","method":"GET","path":"/api/v1/auth/session","status":200,"duration_ms":1}
{"request_id":"rcc-9b055fa271895887e08dedcd0ed5852a","method":"GET","path":"/api/v1/account-roles","status":200,"duration_ms":2}
{"request_id":"rcc-8e4191d0529aa54e0849bb89bafc249d","method":"GET","path":"/api/v1/query-policies","status":200,"duration_ms":1}
{"request_id":"rcc-be8fc584bce2d0cb241293fa2f54c4eb","method":"POST","path":"/api/v1/tables/:table_name/query","status":403,"duration_ms":1}
{"request_id":"rcc-6f939cd2445604cc1071095a33f6d50e","method":"GET","path":"/api/v1/auth/session","status":200,"duration_ms":1}
{"request_id":"rcc-7e156f393b5c28a21ba029a09b5d6388","method":"POST","path":"/api/v1/tables/:table_name/query","status":200,"duration_ms":33}
{"request_id":"rcc-c9692e5bfe287ea3fb72ec2847409c7a","method":"GET","path":"/api/v1/auth/session","status":200,"duration_ms":1}
{"request_id":"rcc-02ee77ebdfa7c8d1c249347212a33125","method":"POST","path":"/api/v1/auth/logout","status":204,"duration_ms":3}
{"request_id":"rcc-b15a492f7985f30c233f6e3a37a4b3bc","method":"GET","path":"/api/v1/query-policies","status":401,"duration_ms":0}
{"request_id":"rcc-a745d6f4a0e50e958ddc75dd7b6e3bfd","method":"GET","path":"/api/v1/auth/csrf","status":200,"duration_ms":6}
{"request_id":"rcc-4b23f45f0c33db75ee294739569cb8ec","method":"POST","path":"/api/v1/auth/register","status":201,"duration_ms":51}
{"request_id":"rcc-f0878fbd3110155a00a5a3388638e1fc","method":"GET","path":"/api/v1/auth/session","status":200,"duration_ms":1}
{"request_id":"rcc-daa13e1954eccacc37e0f67283196244","method":"GET","path":"/api/v1/account-roles","status":200,"duration_ms":1}
{"request_id":"rcc-57547565c2fba3513eba7cdea73f4585","method":"GET","path":"/api/v1/auth/csrf","status":200,"duration_ms":5}
{"request_id":"rcc-a5e40e0fd12929b0cf133e4b038c6ea1","method":"POST","path":"/api/v1/auth/register","status":201,"duration_ms":40}
{"request_id":"rcc-eee753b865631f150b1d85cfe2c4e5b4","method":"GET","path":"/api/v1/auth/session","status":200,"duration_ms":1}
{"request_id":"rcc-6c32c80e8fd6696c7757ad0318d99130","method":"GET","path":"/api/v1/account-roles","status":200,"duration_ms":2}
{"request_id":"rcc-0b280acda168568f93656353d434e2a8","method":"GET","path":"/api/v1/auth/session","status":200,"duration_ms":1}
{"request_id":"rcc-d60e46552364be32eedf32f10170678e","method":"PUT","path":"/api/v1/account-roles/:id","status":200,"duration_ms":13}
{"request_id":"rcc-0ad31dc024636e230a89167012a99c7d","method":"GET","path":"/api/v1/auth/csrf","status":200,"duration_ms":5}
{"request_id":"rcc-088c0f81a5f421e4ef8ef7a07074f968","method":"POST","path":"/api/v1/auth/register","status":201,"duration_ms":40}
{"request_id":"rcc-3c02ed0715489b9c2d08871991fe29e5","method":"GET","path":"/api/v1/auth/session","status":200,"duration_ms":1}
{"request_id":"rcc-afee9a087aa4a9656f023341c7514684","method":"GET","path":"/api/v1/account-roles","status":200,"duration_ms":1}
{"request_id":"rcc-ed49a02143671b0e9e0e5faa6da18594","method":"GET","path":"/api/v1/auth/session","status":200,"duration_ms":1}
{"request_id":"rcc-a49e1ad5f823edb94ee98d2a9a8d903b","method":"PUT","path":"/api/v1/account-roles/:id","status":200,"duration_ms":13}
{"request_id":"rcc-da2a3eec8b7f51c074288858d106d442","method":"GET","path":"/api/v1/auth/session","status":200,"duration_ms":1}
{"request_id":"rcc-f8ebde1b28bfc31cb0539966f49a8a21","method":"GET","path":"/api/v1/auth/session","status":200,"duration_ms":0}
{"request_id":"rcc-388cd1fb6c34f996838dff2d0ef3bf55","method":"POST","path":"/api/v1/approval-roles","status":201,"duration_ms":12}
{"request_id":"rcc-5d257d33c221ffd9b7d1684b98a5989a","method":"GET","path":"/api/v1/auth/session","status":200,"duration_ms":0}
{"request_id":"rcc-edf0288c11733cb18bfcdeeb8e06e35d","method":"GET","path":"/api/v1/table-policies/:table_name/approval-roles","status":200,"duration_ms":3}
{"request_id":"rcc-3322a83bde0cf8ea5c0a5083318da925","method":"GET","path":"/api/v1/auth/session","status":200,"duration_ms":1}
{"request_id":"rcc-d9b5f0faa1679f3ccaed921fa59d98d4","method":"PUT","path":"/api/v1/table-policies/:table_name/approval-roles","status":200,"duration_ms":17}
{"request_id":"rcc-142c30345ce542efb79c96996a750e1e","method":"GET","path":"/api/v1/auth/csrf","status":200,"duration_ms":5}
{"request_id":"rcc-988a83ae0a99838d1c44828d21727cc8","method":"POST","path":"/api/v1/auth/register","status":201,"duration_ms":44}
{"request_id":"rcc-f7f65b1d25831fd69d7f1dbba4350036","method":"GET","path":"/api/v1/auth/session","status":200,"duration_ms":1}
{"request_id":"rcc-489b663f307779a04d6e6626b2fc4a40","method":"GET","path":"/api/v1/account-roles","status":200,"duration_ms":1}
{"request_id":"rcc-f9e15f9b666063c56a07304780013d9e","method":"GET","path":"/api/v1/auth/session","status":200,"duration_ms":0}
{"request_id":"rcc-e03c56524f375efca4aba79fc8337d7c","method":"PUT","path":"/api/v1/account-roles/:id","status":200,"duration_ms":12}
{"request_id":"rcc-b4bb6b92b11bdb42b24d81bc53fa996b","method":"GET","path":"/api/v1/auth/session","status":200,"duration_ms":0}
{"request_id":"rcc-ff2e1ed1e38c87c1f28f48029a3e841c","method":"POST","path":"/api/v1/release-orders","status":201,"duration_ms":29}
{"request_id":"rcc-979949144d5fa37ac042beaf4ade1d8d","method":"GET","path":"/api/v1/auth/session","status":200,"duration_ms":0}
{"request_id":"rcc-43df7046ab022a8a1753d7b6cd509f8d","method":"POST","path":"/api/v1/release-orders/:id/submit","status":200,"duration_ms":62}
{"request_id":"rcc-2965f7c77e9b5288573fcb645b9cf994","method":"GET","path":"/api/v1/auth/session","status":200,"duration_ms":1}
{"request_id":"rcc-a81ebc8adb6746ddb47ccefd38642213","method":"GET","path":"/api/v1/release-orders/:id","status":200,"duration_ms":7}
{"request_id":"rcc-230c3462754cfb198b211f3a51d07cde","method":"GET","path":"/api/v1/auth/session","status":200,"duration_ms":1}
{"request_id":"rcc-afdab0b62e00365104d7ab1f34d06213","method":"POST","path":"/api/v1/release-orders/:id/approve","status":200,"duration_ms":29}
{"request_id":"rcc-9ae31719d451c5504bc4cf4b2ff5b9ff","method":"GET","path":"/api/v1/auth/session","status":200,"duration_ms":1}
{"request_id":"rcc-79df91c3b6707d2b049732e79d3a7b78","method":"GET","path":"/api/v1/approval-notifications","status":200,"duration_ms":4}
{"request_id":"rcc-4820a6bbc5d1ca7dd134134b6b59346e","method":"GET","path":"/api/v1/release-orders","status":200,"duration_ms":11}
{"request_id":"rcc-df2e9cc0aea3013ba6da509a1b060590","method":"GET","path":"/api/v1/approval-notifications","status":200,"duration_ms":2}
{"request_id":"rcc-c9680442401bcbb6189b3b350849d68e","method":"GET","path":"/api/v1/release-orders/:id","status":200,"duration_ms":9}
{"request_id":"rcc-63de53f67083a71a9b9820769e02fbb9","method":"POST","path":"/api/v1/auth/activity","status":200,"duration_ms":14}
{"request_id":"rcc-6a044498b86839124ab8d4dc4e747c93","method":"GET","path":"/api/v1/table-field-policies/:table_name","status":200,"duration_ms":6}
{"request_id":"rcc-dbe0b1a9cfdf1f54429786894a0ce0e7","method":"GET","path":"/api/v1/release-orders/:id/details","status":200,"duration_ms":7}
{"request_id":"rcc-342b6478033dfdb7c7ef960e64a287b9","method":"GET","path":"/api/v1/release-orders/:id/people","status":200,"duration_ms":11}
{"request_id":"rcc-298df541ea7c6b9b68cde622edd6a82b","method":"GET","path":"/api/v1/release-orders/:id/details","status":200,"duration_ms":8}
{"request_id":"rcc-7f3769efb784029666030deed8451ded","method":"POST","path":"/api/v1/release-orders/:id/execute","status":200,"duration_ms":98}
{"request_id":"rcc-f61d3021c542670b80c9ce3475bcf847","method":"GET","path":"/api/v1/approval-notifications","status":200,"duration_ms":3}
{"request_id":"rcc-dabe993c3be74d39b79d1e905dea6174","method":"GET","path":"/api/v1/release-orders/:id","status":200,"duration_ms":11}
{"request_id":"rcc-bffcce88e862e57b8f074a5d6bbab892","method":"GET","path":"/api/v1/release-orders/:id/details","status":200,"duration_ms":8}
{"request_id":"rcc-17d9b822c4b0143d0fd091a19c91a378","method":"GET","path":"/api/v1/auth/session","status":200,"duration_ms":1}
{"request_id":"rcc-921db7335f91bd06badaf19c80a585d7","method":"GET","path":"/api/v1/release-orders/:id","status":200,"duration_ms":10}
{"request_id":"rcc-4048a22768272ea7f46bd991e20946f1","method":"GET","path":"/api/v1/auth/session","status":200,"duration_ms":1}
{"request_id":"rcc-e75c591e1aef4d29678db8a9949b35a7","method":"GET","path":"/api/v1/release-orders/:id/details","status":200,"duration_ms":5}
{"request_id":"rcc-55bc132cac58830f1bf065662a032207","method":"GET","path":"/api/v1/auth/session","status":200,"duration_ms":2}
{"request_id":"rcc-03b8acd7b408db240b17db8fdf2c28aa","method":"GET","path":"/api/v1/release-orders/:id","status":200,"duration_ms":52}
{"request_id":"rcc-f3317785d173c2aa8df59c64061a6201","method":"GET","path":"/api/v1/auth/session","status":200,"duration_ms":2}
{"request_id":"rcc-7377a17a86f0b397a64bd98cc770db8b","method":"GET","path":"/api/v1/release-orders/:id/details","status":200,"duration_ms":5}
{"request_id":"rcc-cfb6b72137c01be1ddd47c79ec76d6d3","method":"GET","path":"/api/v1/auth/session","status":200,"duration_ms":1}
{"request_id":"rcc-3a23426d68168fbd231d611bf4874193","method":"GET","path":"/api/v1/approval-notifications","status":200,"duration_ms":2}
{"request_id":"rcc-093fa8c4cf2d22554ab60dcd50f3232f","method":"GET","path":"/api/v1/release-orders/:id","status":200,"duration_ms":12}
{"request_id":"rcc-c6360518cc332ba844287ddc8395732f","method":"GET","path":"/api/v1/table-field-policies/:table_name","status":200,"duration_ms":7}
{"request_id":"rcc-077ac385eec9e5a5ddac8e10d0529d68","method":"GET","path":"/api/v1/release-orders/:id/details","status":200,"duration_ms":8}
{"request_id":"rcc-2d866bdd4e6bc839a8306110d8437c3b","method":"GET","path":"/api/v1/release-orders/:id/people","status":200,"duration_ms":21}
{"request_id":"rcc-9d8c6225753071c8cec6d940f5009678","method":"GET","path":"/api/v1/release-orders/:id/details","status":200,"duration_ms":12}
{"request_id":"rcc-29b25618b1065067e868c796103d92f7","method":"POST","path":"/api/v1/release-orders/:id/execute","status":200,"duration_ms":23}
{"request_id":"rcc-b48d257a7e6308d1ea99daf55d63302e","method":"GET","path":"/api/v1/approval-notifications","status":200,"duration_ms":4}
{"request_id":"rcc-24676c4beaa26818e06411dd115d6be5","method":"GET","path":"/api/v1/release-orders/:id","status":200,"duration_ms":13}
{"request_id":"rcc-6d9d36015df9bfb37e0d7e2d6e9311fd","method":"GET","path":"/api/v1/release-orders/:id/people","status":200,"duration_ms":15}
{"request_id":"rcc-6761da6f2d93ca8b333ecc26aaaaf986","method":"GET","path":"/api/v1/auth/session","status":200,"duration_ms":2}
{"request_id":"rcc-83c8a4e6e88e0fe04fce06c193a654ee","method":"GET","path":"/api/v1/release-orders/:id","status":200,"duration_ms":8}
{"request_id":"rcc-5f63505fe62d70771d9853530400297a","method":"GET","path":"/api/v1/auth/session","status":200,"duration_ms":1}
{"request_id":"rcc-d08679d41d34e47bab551c550324bc02","method":"GET","path":"/api/v1/release-orders/:id/details","status":200,"duration_ms":6}
{"request_id":"rcc-9bb7d31ff6e079aae7f60cb4a65fef59","method":"GET","path":"/api/v1/auth/session","status":200,"duration_ms":1}
{"request_id":"rcc-5b73ff087e7f0435678eb88e76842e87","method":"POST","path":"/api/v1/release-orders","status":201,"duration_ms":37}
{"request_id":"rcc-fab720770e993f849faabdb648744ed7","method":"GET","path":"/api/v1/auth/session","status":200,"duration_ms":1}
{"request_id":"rcc-5f3546e2e408973896167b6f6bc3df5e","method":"POST","path":"/api/v1/release-orders/:id/submit","status":200,"duration_ms":84}
{"request_id":"rcc-22af9ca616fb224de1ab27004904b3f6","method":"GET","path":"/api/v1/auth/session","status":200,"duration_ms":1}
{"request_id":"rcc-9bbf08cb9c1e1a7548c5118031a769c6","method":"GET","path":"/api/v1/release-orders/:id","status":200,"duration_ms":21}
{"request_id":"rcc-5f745ad1fb0474ececf127b99de1a9b5","method":"GET","path":"/api/v1/auth/session","status":200,"duration_ms":1}
{"request_id":"rcc-fa218be9ea130e59f57ae9166a46c160","method":"POST","path":"/api/v1/release-orders/:id/approve","status":200,"duration_ms":30}
{"request_id":"rcc-97b025ed614254f579d210daa8196aa1","method":"GET","path":"/api/v1/auth/session","status":200,"duration_ms":1}
{"request_id":"rcc-c7b81e7cdea28731ac075e702c97d6e6","method":"GET","path":"/api/v1/approval-notifications","status":200,"duration_ms":3}
{"request_id":"rcc-fe2cea794bbe47af21986094c98b2642","method":"GET","path":"/api/v1/release-orders","status":200,"duration_ms":18}
{"request_id":"rcc-072628f99e36082b5303785caff06de1","method":"GET","path":"/api/v1/approval-notifications","status":200,"duration_ms":3}
{"request_id":"rcc-25fd1d46e05e3ed6466c0ced9eb5466c","method":"GET","path":"/api/v1/release-orders/:id","status":200,"duration_ms":11}
{"request_id":"rcc-29d4ca01451b202fb7065c0650f5d40a","method":"GET","path":"/api/v1/table-field-policies/:table_name","status":200,"duration_ms":6}
{"request_id":"rcc-36c8b48a87c657f7f705c3137c302ac4","method":"GET","path":"/api/v1/release-orders/:id/details","status":200,"duration_ms":8}
{"request_id":"rcc-7fddfced72a550d4c07008a59a28b680","method":"GET","path":"/api/v1/release-orders/:id/people","status":200,"duration_ms":14}
{"request_id":"rcc-1fa294608abc36c904000a31adf244c7","method":"GET","path":"/api/v1/release-orders/:id/details","status":200,"duration_ms":9}
{"request_id":"rcc-8fbb1d2ce24d6da179b58d91128af67e","method":"POST","path":"/api/v1/release-orders/:id/execute","status":200,"duration_ms":102}
{"request_id":"rcc-4997422a2d3b36ec6930bbdea71b1073","method":"GET","path":"/api/v1/approval-notifications","status":200,"duration_ms":2}
{"request_id":"rcc-84596d346a32d12b2b855ad0a27e9d45","method":"GET","path":"/api/v1/release-orders/:id","status":200,"duration_ms":11}
{"request_id":"rcc-fb5664f66c405d2ae5d5f66e1a3ec557","method":"GET","path":"/api/v1/release-orders/:id/details","status":200,"duration_ms":6}
{"request_id":"rcc-fdb55de2e19e84e100a5043484336581","method":"GET","path":"/api/v1/auth/session","status":200,"duration_ms":1}
{"request_id":"rcc-4ff80ba52ef0cb09a6f8389c5976620f","method":"GET","path":"/api/v1/release-orders/:id","status":200,"duration_ms":10}
{"request_id":"rcc-7666fccc4ecac3f9cb31dd9293da0bb8","method":"GET","path":"/api/v1/auth/session","status":200,"duration_ms":1}
{"request_id":"rcc-14d151da0251f0bccabab277fec4d6c2","method":"GET","path":"/api/v1/release-orders/:id/details","status":200,"duration_ms":5}
{"request_id":"rcc-3f10358c61fe517d7a26dd2173f88b4a","method":"GET","path":"/api/v1/auth/session","status":200,"duration_ms":1}
{"request_id":"rcc-a3d42733dbcca65918ff555d2f4941fd","method":"GET","path":"/api/v1/release-orders/:id","status":200,"duration_ms":10}
{"request_id":"rcc-a792e54f5d6268501ea2bab58b7baed2","method":"GET","path":"/api/v1/auth/session","status":200,"duration_ms":1}
{"request_id":"rcc-b0bb39fce9c68ffc035c42a07c614316","method":"GET","path":"/api/v1/release-orders/:id/details","status":200,"duration_ms":4}
{"request_id":"rcc-f82f94f86e20821010d18607d18a66d1","method":"POST","path":"/api/v1/release-orders/:id/execute","status":200,"duration_ms":22}
{"request_id":"rcc-de0ca3183fdc2503b842e7862f57a0c2","method":"GET","path":"/api/v1/approval-notifications","status":200,"duration_ms":3}
{"request_id":"rcc-ee7c5c9c6b8cf87d8735119d4c4a9f89","method":"GET","path":"/api/v1/release-orders/:id","status":200,"duration_ms":12}
{"request_id":"rcc-51fb5d64e9b8939df76841db0694b809","method":"GET","path":"/api/v1/release-orders/:id/people","status":200,"duration_ms":14}
{"request_id":"rcc-b3bfcb41e053d620681571164cdd6a8e","method":"GET","path":"/api/v1/auth/session","status":200,"duration_ms":1}
{"request_id":"rcc-0fbb8980b8fbbca0ca576b7d04cea5c6","method":"GET","path":"/api/v1/release-orders/:id","status":200,"duration_ms":9}
{"request_id":"rcc-84181bd88b451e2708ecd30bb9b999dd","method":"GET","path":"/api/v1/auth/session","status":200,"duration_ms":1}
{"request_id":"rcc-292c904b4967aa1b4ba44fdf660a87eb","method":"GET","path":"/api/v1/release-orders/:id/details","status":200,"duration_ms":6}
{"request_id":"rcc-c8e003b8ec377ee4aa67b63cd44e765c","method":"GET","path":"/api/v1/auth/session","status":200,"duration_ms":1}
{"request_id":"rcc-17758372544684147e82326d7a96a66c","method":"POST","path":"/api/v1/release-orders","status":201,"duration_ms":34}
{"request_id":"rcc-ea709690b6ab03f1903b9d3e7c6b17ba","method":"GET","path":"/api/v1/auth/session","status":200,"duration_ms":1}
{"request_id":"rcc-9c069fee51f321610598fa0308f8c3dc","method":"POST","path":"/api/v1/release-orders/:id/submit","status":200,"duration_ms":78}
{"request_id":"rcc-274ad02ed07abc9fc8f0d2b415231f02","method":"GET","path":"/api/v1/auth/session","status":200,"duration_ms":0}
{"request_id":"rcc-c8fa4fe2303a983786f60b918123fb58","method":"GET","path":"/api/v1/release-orders/:id","status":200,"duration_ms":9}
{"request_id":"rcc-641a41a415922ed59f7085ec20310200","method":"GET","path":"/api/v1/auth/session","status":200,"duration_ms":1}
{"request_id":"rcc-f55e4994e1e7fc16bc3d5ca08a297234","method":"POST","path":"/api/v1/release-orders/:id/approve","status":200,"duration_ms":33}
{"request_id":"rcc-02ede6f04dfcdae50f98a7a1b50964a8","method":"GET","path":"/api/v1/auth/session","status":200,"duration_ms":1}
{"request_id":"rcc-d65d359a4fca4551548fd699ffdc9e32","method":"GET","path":"/api/v1/approval-notifications","status":200,"duration_ms":2}
{"request_id":"rcc-b3a9432df07275ad01210a71fdd04a41","method":"GET","path":"/api/v1/release-orders","status":200,"duration_ms":21}
{"request_id":"rcc-9141457ac78b8a0382b9a2271e4f4266","method":"GET","path":"/api/v1/approval-notifications","status":200,"duration_ms":2}
{"request_id":"rcc-27f5414ae350a5e1d3316f7e49ec73b5","method":"GET","path":"/api/v1/release-orders/:id","status":200,"duration_ms":10}
{"request_id":"rcc-e88ebfd407d20473e2f513ebec5e7e78","method":"GET","path":"/api/v1/table-field-policies/:table_name","status":200,"duration_ms":6}
{"request_id":"rcc-86af0a82ab7328b316bfbe11d9d05bac","method":"GET","path":"/api/v1/release-orders/:id/details","status":200,"duration_ms":7}
{"request_id":"rcc-0f34f76bb55bb2da84dd3ffaf30fc8fa","method":"GET","path":"/api/v1/release-orders/:id/people","status":200,"duration_ms":15}
{"request_id":"rcc-b9937de0e1ed35dadc0c40b4258a03a8","method":"GET","path":"/api/v1/release-orders/:id/details","status":200,"duration_ms":9}
{"request_id":"rcc-42e5cce6292043d9c88a8af034286429","method":"POST","path":"/api/v1/release-orders/:id/execute","status":200,"duration_ms":107}
{"request_id":"rcc-c8efbb063eaa77275de601ab72813902","method":"GET","path":"/api/v1/approval-notifications","status":200,"duration_ms":2}
{"request_id":"rcc-26af2146a93adfa3702f0891aed10822","method":"GET","path":"/api/v1/release-orders/:id","status":200,"duration_ms":11}
{"request_id":"rcc-910bc119360f281d7c36649f5c868c6a","method":"GET","path":"/api/v1/release-orders/:id/details","status":200,"duration_ms":6}
{"request_id":"rcc-6975c6c5899b33a95b23a75bd9f519e3","method":"GET","path":"/api/v1/auth/session","status":200,"duration_ms":1}
{"request_id":"rcc-69c8d0a3c5b9d6cbe96adcd0cb8408c9","method":"GET","path":"/api/v1/release-orders/:id","status":200,"duration_ms":10}
{"request_id":"rcc-8abbc56427285bafa9e06d0c733ad618","method":"GET","path":"/api/v1/auth/session","status":200,"duration_ms":1}
{"request_id":"rcc-c8dd4b0a2b0438040c7b76bda358d62c","method":"GET","path":"/api/v1/release-orders/:id/details","status":200,"duration_ms":5}
{"request_id":"rcc-f0079f7c8bc6a4a3bd4c8be8c57526c8","method":"GET","path":"/api/v1/auth/session","status":200,"duration_ms":1}
{"request_id":"rcc-f0b46f511a1f7b57c13a3ddf8ee7dd98","method":"GET","path":"/api/v1/release-orders/:id","status":200,"duration_ms":8}
{"request_id":"rcc-db884111288db9fb5acc935ea8d7eaac","method":"GET","path":"/api/v1/auth/session","status":200,"duration_ms":1}
{"request_id":"rcc-1256a224a573c36ed9cffdca19fe01c7","method":"GET","path":"/api/v1/release-orders/:id/details","status":200,"duration_ms":6}
{"request_id":"rcc-ce35943a92b4ab109ea8916f675af8e4","method":"POST","path":"/api/v1/release-orders/:id/execute","status":200,"duration_ms":22}
{"request_id":"rcc-7854cee5c5a23bebf0408d1e0017c258","method":"GET","path":"/api/v1/approval-notifications","status":200,"duration_ms":3}
{"request_id":"rcc-f79398525fb40b20d80a8d07c589d7bf","method":"GET","path":"/api/v1/release-orders/:id","status":200,"duration_ms":13}
{"request_id":"rcc-669dc41692b5242a472f12cbf140b751","method":"GET","path":"/api/v1/release-orders/:id/people","status":200,"duration_ms":15}
{"request_id":"rcc-e6a7b2f35ae5bdb03a8c51fd4aa91e5e","method":"GET","path":"/api/v1/auth/session","status":200,"duration_ms":1}
{"request_id":"rcc-9e77882eabb2eb2b9edb29f6d736e83a","method":"GET","path":"/api/v1/release-orders/:id","status":200,"duration_ms":10}
{"request_id":"rcc-472b5c5897c65bb8a70a986d79e263df","method":"GET","path":"/api/v1/auth/session","status":200,"duration_ms":1}
{"request_id":"rcc-72027e3cb4e45844d77b861a1bc091e5","method":"GET","path":"/api/v1/release-orders/:id/details","status":200,"duration_ms":6}
{"request_id":"rcc-8a49e02eebfa1cb8aa0113e32642ffba","method":"GET","path":"/api/v1/auth/session","status":200,"duration_ms":1}
{"request_id":"rcc-8d91d39de87d7853b1401d6af23798bf","method":"POST","path":"/api/v1/release-orders","status":201,"duration_ms":37}
{"request_id":"rcc-e4eb89e16f810d54d3279d4317b728f1","method":"GET","path":"/api/v1/auth/session","status":200,"duration_ms":1}
{"request_id":"rcc-19352d82f2b352c6296f185b735d3252","method":"POST","path":"/api/v1/release-orders/:id/submit","status":200,"duration_ms":76}
{"request_id":"rcc-f1580cf824e2390420ba3952ac1d5002","method":"GET","path":"/api/v1/auth/session","status":200,"duration_ms":1}
{"request_id":"rcc-4890e6ef1b40e3a4811a22096b3465cf","method":"GET","path":"/api/v1/release-orders/:id","status":200,"duration_ms":12}
{"request_id":"rcc-e09ef3cbfeddcb51ccc5570b157c6d8c","method":"GET","path":"/api/v1/auth/session","status":200,"duration_ms":1}
{"request_id":"rcc-659eb20c3da55dbd6040cf6515786766","method":"POST","path":"/api/v1/release-orders/:id/approve","status":200,"duration_ms":35}
{"request_id":"rcc-165b7dd4b3e3d93575e331bd0f1bcc8d","method":"GET","path":"/api/v1/auth/session","status":200,"duration_ms":1}
{"request_id":"rcc-c7e8c0b746884c1916aa467090b5cf35","method":"GET","path":"/api/v1/approval-notifications","status":200,"duration_ms":3}
{"request_id":"rcc-e128aad1a95853f098aa008448b000fc","method":"GET","path":"/api/v1/release-orders","status":200,"duration_ms":26}
{"request_id":"rcc-7b12758d8d1ed824a0a220992cb8bb8e","method":"GET","path":"/api/v1/approval-notifications","status":200,"duration_ms":2}
{"request_id":"rcc-0523dd2d4d95c3c90cebad06198ba115","method":"GET","path":"/api/v1/release-orders/:id","status":200,"duration_ms":11}
{"request_id":"rcc-a4cf42e29c11530072cf18cbb8d47282","method":"GET","path":"/api/v1/table-field-policies/:table_name","status":200,"duration_ms":6}
{"request_id":"rcc-6daf58635daacad7def734857f60f69b","method":"GET","path":"/api/v1/release-orders/:id/details","status":200,"duration_ms":9}
{"request_id":"rcc-3a68f27aae922d4b2b7d3adcb981f560","method":"GET","path":"/api/v1/release-orders/:id/people","status":200,"duration_ms":15}
{"request_id":"rcc-2538e25dbe15991414ed7d634228b15d","method":"GET","path":"/api/v1/release-orders/:id/details","status":200,"duration_ms":8}
{"request_id":"rcc-ebb1ac094c9d376da1a45376fe8cfa2f","method":"POST","path":"/api/v1/release-orders/:id/execute","status":200,"duration_ms":106}
{"request_id":"rcc-0c87fbb25cb96bdcf361801f5f0fc280","method":"GET","path":"/api/v1/approval-notifications","status":200,"duration_ms":2}
{"request_id":"rcc-a704af6bad3187750ba8222e2fcca55d","method":"GET","path":"/api/v1/release-orders/:id","status":200,"duration_ms":11}
{"request_id":"rcc-9dcfa2933729c859667ee4f6d5e26e9d","method":"GET","path":"/api/v1/release-orders/:id/details","status":200,"duration_ms":17}
{"request_id":"rcc-758c9b945cc0c631efd4ff7c0e642fab","method":"GET","path":"/api/v1/auth/session","status":200,"duration_ms":2}
{"request_id":"rcc-5b0327e0e76bb6a2f6bc2acdeb15fd2e","method":"GET","path":"/api/v1/release-orders/:id","status":200,"duration_ms":11}
{"request_id":"rcc-84bf825a7f2b22bd2cf51b475f36ab4c","method":"GET","path":"/api/v1/auth/session","status":200,"duration_ms":1}
{"request_id":"rcc-4a4b6c17e597961a2d79feaf2d0106bd","method":"GET","path":"/api/v1/release-orders/:id/details","status":200,"duration_ms":7}
{"request_id":"rcc-8d76c5d0e1e4753445879987e2189c12","method":"GET","path":"/api/v1/auth/session","status":200,"duration_ms":1}
{"request_id":"rcc-2164151f6f6753f61b128186ad011c93","method":"GET","path":"/api/v1/release-orders/:id","status":200,"duration_ms":10}
{"request_id":"rcc-4ca24154e3e757fd45b46a143079c340","method":"GET","path":"/api/v1/auth/session","status":200,"duration_ms":1}
{"request_id":"rcc-4d4b11268cbb2e35959c91ef4e3790ce","method":"GET","path":"/api/v1/release-orders/:id/details","status":200,"duration_ms":5}
{"request_id":"rcc-ac27475d77c168403e706cd957348423","method":"POST","path":"/api/v1/release-orders/:id/execute","status":200,"duration_ms":22}
{"request_id":"rcc-f17b80e88097e1cf0599c8f9ae277d76","method":"GET","path":"/api/v1/approval-notifications","status":200,"duration_ms":3}
{"request_id":"rcc-55283dfb26deaac941a861079b4ee448","method":"GET","path":"/api/v1/release-orders/:id","status":200,"duration_ms":12}
{"request_id":"rcc-6d93f1c194e373ebc1696c0045849750","method":"GET","path":"/api/v1/release-orders/:id/people","status":200,"duration_ms":13}
{"request_id":"rcc-02b7510f082111b82255aa5af12215eb","method":"GET","path":"/api/v1/auth/session","status":200,"duration_ms":1}
{"request_id":"rcc-59ec0c16f61e7aba2b4b1769fdc97bc1","method":"GET","path":"/api/v1/release-orders/:id","status":200,"duration_ms":9}
{"request_id":"rcc-8b71fcdf1c363f984a67b80880664d1b","method":"GET","path":"/api/v1/auth/session","status":200,"duration_ms":1}
{"request_id":"rcc-227803f836ba5732797534a5e1fc9b57","method":"GET","path":"/api/v1/release-orders/:id/details","status":200,"duration_ms":5}
{"request_id":"rcc-30f16e22694ac3b3c36a63a39fef66ac","method":"GET","path":"/api/v1/auth/session","status":200,"duration_ms":1}
{"request_id":"rcc-1f9a189a478d231d0514417de6210b33","method":"POST","path":"/api/v1/release-orders","status":201,"duration_ms":38}
{"request_id":"rcc-6507839d18cf23591e3a3e86f98a8d12","method":"GET","path":"/api/v1/auth/session","status":200,"duration_ms":1}
{"request_id":"rcc-7f3f9d8f4244540e985d572bc0ae352f","method":"POST","path":"/api/v1/release-orders/:id/submit","status":200,"duration_ms":71}
{"request_id":"rcc-b912c1684ae7317ec6e63c056d74ff16","method":"GET","path":"/api/v1/auth/session","status":200,"duration_ms":0}
{"request_id":"rcc-e285393659bbc889c2be4ea161d5e26a","method":"GET","path":"/api/v1/release-orders/:id","status":200,"duration_ms":8}
{"request_id":"rcc-811244dba0d9386bbaa4bb9241204115","method":"GET","path":"/api/v1/auth/session","status":200,"duration_ms":1}
{"request_id":"rcc-47ad544f9d7f2ef13da12ee8b8b641fa","method":"POST","path":"/api/v1/release-orders/:id/approve","status":200,"duration_ms":36}
{"request_id":"rcc-4d49d966d8391aa1fa482ba6ebd49ba6","method":"GET","path":"/api/v1/auth/session","status":200,"duration_ms":2}
{"request_id":"rcc-9df35309132c6201b9526eb9e16b53e7","method":"GET","path":"/api/v1/approval-notifications","status":200,"duration_ms":3}
{"request_id":"rcc-4b190cd6366e4bd7ce7940e0d7750cfd","method":"GET","path":"/api/v1/release-orders","status":200,"duration_ms":34}
{"request_id":"rcc-b1bdd6d22e01d536b9ada1563744903c","method":"GET","path":"/api/v1/approval-notifications","status":200,"duration_ms":2}
{"request_id":"rcc-e63fa61b58c2605ebb115c22e66e18e0","method":"GET","path":"/api/v1/release-orders/:id","status":200,"duration_ms":10}
{"request_id":"rcc-22c69df7c2ff32d683e526a2fa6dde86","method":"GET","path":"/api/v1/table-field-policies/:table_name","status":200,"duration_ms":7}
{"request_id":"rcc-879d2d9c158bee6093ceb226b0b13b98","method":"GET","path":"/api/v1/release-orders/:id/details","status":200,"duration_ms":7}
{"request_id":"rcc-a6cd299c5b322528c1030295e655ed5a","method":"GET","path":"/api/v1/release-orders/:id/people","status":200,"duration_ms":14}
{"request_id":"rcc-2c892253607dfde1e8c42ac3ab90f15d","method":"GET","path":"/api/v1/release-orders/:id/details","status":200,"duration_ms":9}
{"request_id":"rcc-a1ec77cb985b215979c628108b21b2d4","method":"POST","path":"/api/v1/release-orders/:id/execute","status":200,"duration_ms":93}
{"request_id":"rcc-b153736e9e9b95cae60a774c44066f9c","method":"GET","path":"/api/v1/approval-notifications","status":200,"duration_ms":2}
{"request_id":"rcc-fcd4228227533385c1520f30ffb3570a","method":"GET","path":"/api/v1/release-orders/:id","status":200,"duration_ms":9}
{"request_id":"rcc-9a2ff746d45b0e33a51def29b072a636","method":"GET","path":"/api/v1/release-orders/:id/details","status":200,"duration_ms":6}
{"request_id":"rcc-9e9046af4961c841649d8db3131939e2","method":"GET","path":"/api/v1/auth/session","status":200,"duration_ms":2}
{"request_id":"rcc-94a74b60c0210eb70ff00971550fb286","method":"GET","path":"/api/v1/release-orders/:id","status":200,"duration_ms":13}
{"request_id":"rcc-91739e4815241863137fbdf4e9371c3e","method":"GET","path":"/api/v1/auth/session","status":200,"duration_ms":1}
{"request_id":"rcc-1f86dc2cae2e07b5d42ff3a6dd779e20","method":"GET","path":"/api/v1/release-orders/:id/details","status":200,"duration_ms":6}
{"request_id":"rcc-cc9c87a0a78813fca48b138d63633876","method":"GET","path":"/api/v1/auth/session","status":200,"duration_ms":1}
{"request_id":"rcc-0585b506b2f92e905eec5a4f5f96bf8d","method":"GET","path":"/api/v1/release-orders/:id","status":200,"duration_ms":10}
{"request_id":"rcc-5a504c4d247036a953c94a26e891c6a0","method":"GET","path":"/api/v1/auth/session","status":200,"duration_ms":1}
{"request_id":"rcc-6babc90463d21b0de87712ffe5121619","method":"GET","path":"/api/v1/release-orders/:id/details","status":200,"duration_ms":5}
{"request_id":"rcc-ebc0d52e8857251b6ad0a78b78909d67","method":"POST","path":"/api/v1/release-orders/:id/execute","status":200,"duration_ms":21}
{"request_id":"rcc-a4379d314adbbce14bb0d762edd29bbc","method":"GET","path":"/api/v1/approval-notifications","status":200,"duration_ms":3}
{"request_id":"rcc-b29c54255bd6def9436cf06657b8865f","method":"GET","path":"/api/v1/release-orders/:id","status":200,"duration_ms":13}
{"request_id":"rcc-ae9c8a267e69bb387c041983bdd9911b","method":"GET","path":"/api/v1/release-orders/:id/people","status":200,"duration_ms":14}
{"request_id":"rcc-8a609a4b3d92a5d7b064a3fefd13faf5","method":"GET","path":"/api/v1/auth/session","status":200,"duration_ms":1}
{"request_id":"rcc-7d488691e3ac6e639c017181b3788f22","method":"GET","path":"/api/v1/release-orders/:id","status":200,"duration_ms":9}
{"request_id":"rcc-4b0ef0f847891897aa782af5d6515d68","method":"GET","path":"/api/v1/auth/session","status":200,"duration_ms":1}
{"request_id":"rcc-d68110ea043698b4aa720e5a602bd5fd","method":"GET","path":"/api/v1/release-orders/:id/details","status":200,"duration_ms":5}
{"request_id":"rcc-f2825729ccb0653f6ea8cd544fec231c","method":"GET","path":"/api/v1/auth/session","status":200,"duration_ms":1}
{"request_id":"rcc-d5914bbe82e0393a97f5786267ef5dbd","method":"POST","path":"/api/v1/release-orders","status":201,"duration_ms":32}
{"request_id":"rcc-c65ea3fc56539a16eca4ce05e63016bc","method":"GET","path":"/api/v1/auth/session","status":200,"duration_ms":0}
{"request_id":"rcc-2b61103c9c363162f9b73ad8a25894ab","method":"POST","path":"/api/v1/release-orders/:id/submit","status":200,"duration_ms":70}
{"request_id":"rcc-fdacdb1d4f6eb2b1cceb24a64ccffc24","method":"GET","path":"/api/v1/auth/session","status":200,"duration_ms":1}
{"request_id":"rcc-c755878bb4252ac08a77ca57c9044757","method":"GET","path":"/api/v1/release-orders/:id","status":200,"duration_ms":11}
{"request_id":"rcc-8ef85d5441226b3f65b86696350d5108","method":"GET","path":"/api/v1/auth/session","status":200,"duration_ms":1}
{"request_id":"rcc-af1e92040b4aef36302871191f1bc1fb","method":"POST","path":"/api/v1/release-orders/:id/approve","status":200,"duration_ms":50}
{"request_id":"rcc-dea27f9c7c159ff20107dfedcfcf5e8b","method":"GET","path":"/api/v1/auth/session","status":200,"duration_ms":2}
{"request_id":"rcc-55fa7e10e68682c9c878ae6db30cd12e","method":"GET","path":"/api/v1/approval-notifications","status":200,"duration_ms":3}
{"request_id":"rcc-b1d396c1080f187f1f2f99ceb6b98f88","method":"GET","path":"/api/v1/release-orders","status":200,"duration_ms":46}
{"request_id":"rcc-20e45351a49e96e32b00eaee3208a196","method":"GET","path":"/api/v1/approval-notifications","status":200,"duration_ms":3}
{"request_id":"rcc-4a7cc095880b0c9d80e69ccfa195dd6d","method":"GET","path":"/api/v1/release-orders/:id","status":200,"duration_ms":10}
{"request_id":"rcc-1600791f0936e650cb81fd25bca67c08","method":"GET","path":"/api/v1/table-field-policies/:table_name","status":200,"duration_ms":10}
{"request_id":"rcc-250df1cff5148deb2d17664643da24af","method":"GET","path":"/api/v1/release-orders/:id/details","status":200,"duration_ms":12}
{"request_id":"rcc-8958ca4157aab160df885972b2470e76","method":"GET","path":"/api/v1/release-orders/:id/people","status":200,"duration_ms":23}
{"request_id":"rcc-dad52c8008402f399b07dcd10c074bb3","method":"GET","path":"/api/v1/release-orders/:id/details","status":200,"duration_ms":8}
{"request_id":"rcc-a83d8214c9205a5a4abae90e663cdaf7","method":"POST","path":"/api/v1/release-orders/:id/execute","status":200,"duration_ms":81}
{"request_id":"rcc-6eed792650afa660ad4435cf640363c7","method":"GET","path":"/api/v1/approval-notifications","status":200,"duration_ms":3}
{"request_id":"rcc-cd3c8b39803d19facf497c3fe7640cb0","method":"GET","path":"/api/v1/release-orders/:id","status":200,"duration_ms":10}
{"request_id":"rcc-3254e5882c0acef97acc209946d5a6ce","method":"GET","path":"/api/v1/release-orders/:id/details","status":200,"duration_ms":6}
{"request_id":"rcc-30e422b1b51e874131656053260a0191","method":"GET","path":"/api/v1/auth/session","status":200,"duration_ms":2}
{"request_id":"rcc-3a21dbe827ddb270318239f83bbc6da8","method":"GET","path":"/api/v1/release-orders/:id","status":200,"duration_ms":13}
{"request_id":"rcc-98571ad1324510f2cc05197454259109","method":"GET","path":"/api/v1/auth/session","status":200,"duration_ms":1}
{"request_id":"rcc-8a9af68e625cb7b54f20a293a9217223","method":"GET","path":"/api/v1/release-orders/:id/details","status":200,"duration_ms":6}
{"request_id":"rcc-44eb196c5ec53e35797b51fc0c047f3c","method":"GET","path":"/api/v1/auth/session","status":200,"duration_ms":1}
{"request_id":"rcc-bbac3ac1a0001881d420c6b0096f6c9e","method":"GET","path":"/api/v1/release-orders/:id","status":200,"duration_ms":8}
{"request_id":"rcc-14122df58bfa4f7e8fc3f4d74f23bf6a","method":"GET","path":"/api/v1/auth/session","status":200,"duration_ms":0}
{"request_id":"rcc-290769b50fd1928b03947b92137c5bf5","method":"GET","path":"/api/v1/release-orders/:id/details","status":200,"duration_ms":4}
{"request_id":"rcc-7d000899b0bfcd357aa7cfcfc2ae94fb","method":"POST","path":"/api/v1/release-orders/:id/execute","status":200,"duration_ms":19}
{"request_id":"rcc-9c71680992421eab11251b01a64fda03","method":"GET","path":"/api/v1/approval-notifications","status":200,"duration_ms":7}
{"request_id":"rcc-eae13fecdd4128097109a229e435c940","method":"GET","path":"/api/v1/release-orders/:id","status":200,"duration_ms":16}
{"request_id":"rcc-7514a613208b992f46ba3898564257af","method":"GET","path":"/api/v1/release-orders/:id/people","status":200,"duration_ms":16}
{"request_id":"rcc-90fc465a3cd2a00b707d91b694084ff6","method":"GET","path":"/api/v1/auth/session","status":200,"duration_ms":1}
{"request_id":"rcc-ff5102d54c7c1c35afc31421a3dacef4","method":"GET","path":"/api/v1/release-orders/:id","status":200,"duration_ms":12}
{"request_id":"rcc-ac40a41fec17229a5fb270e0f4798c45","method":"GET","path":"/api/v1/auth/session","status":200,"duration_ms":1}
{"request_id":"rcc-7bdb9ff0e94e51798867c87961ba4496","method":"GET","path":"/api/v1/release-orders/:id/details","status":200,"duration_ms":6}
{"request_id":"rcc-22245826b5a0ba85f7ffd3a779535206","method":"GET","path":"/api/v1/auth/session","status":200,"duration_ms":1}
{"request_id":"rcc-547ef3d319ca3840e9130a04cdd40953","method":"POST","path":"/api/v1/release-orders","status":201,"duration_ms":32}
{"request_id":"rcc-9a0bb33ca8ce49926712dcf3f9756aca","method":"GET","path":"/api/v1/auth/session","status":200,"duration_ms":0}
{"request_id":"rcc-2b9700b4eedc495b9fa179ac4c7ecd30","method":"POST","path":"/api/v1/release-orders/:id/submit","status":200,"duration_ms":66}
{"request_id":"rcc-cda2e304ac89e67a0e6f8ee726b626cf","method":"GET","path":"/api/v1/auth/session","status":200,"duration_ms":0}
{"request_id":"rcc-7e2471f9141f0068d18b54a3c832071d","method":"GET","path":"/api/v1/release-orders/:id","status":200,"duration_ms":8}
{"request_id":"rcc-c6892a115dd589cdb9276ae1d1f4cfbd","method":"GET","path":"/api/v1/auth/session","status":200,"duration_ms":1}
{"request_id":"rcc-5511e2b953bdb3a5c6a0d814882e8bf4","method":"POST","path":"/api/v1/release-orders/:id/approve","status":200,"duration_ms":28}
{"request_id":"rcc-63e85a956b1c1254855c0bb14aff53ab","method":"GET","path":"/api/v1/auth/session","status":200,"duration_ms":2}
{"request_id":"rcc-179f4b9f55f40a434aca41f50cca516d","method":"GET","path":"/api/v1/approval-notifications","status":200,"duration_ms":2}
{"request_id":"rcc-0660dc8777d381857a9b4a6172bf9639","method":"GET","path":"/api/v1/release-orders","status":200,"duration_ms":41}
{"request_id":"rcc-a186107d5abaa553c2a17e8d827d8eca","method":"GET","path":"/api/v1/approval-notifications","status":200,"duration_ms":3}
{"request_id":"rcc-9fb8593a021e2157901ce7366df08d0e","method":"GET","path":"/api/v1/release-orders/:id","status":200,"duration_ms":9}
{"request_id":"rcc-855555914a940dd9a4ca0e7646786774","method":"GET","path":"/api/v1/table-field-policies/:table_name","status":200,"duration_ms":5}
{"request_id":"rcc-2da7fd9058cc1c76c66fb4dbe94ad31f","method":"GET","path":"/api/v1/release-orders/:id/details","status":200,"duration_ms":6}
{"request_id":"rcc-fbe00efcb17caf2b2d4073d384bcc2fe","method":"GET","path":"/api/v1/release-orders/:id/people","status":200,"duration_ms":13}
{"request_id":"rcc-ebf193ef2ac3a5b13a4913eb8d3ab120","method":"GET","path":"/api/v1/release-orders/:id/details","status":200,"duration_ms":8}
{"request_id":"rcc-d4411bff1a646de6c7a8d919face301d","method":"POST","path":"/api/v1/release-orders/:id/execute","status":200,"duration_ms":91}
{"request_id":"rcc-1a395b577b2ee8fa7711962fa40f94b6","method":"GET","path":"/api/v1/approval-notifications","status":200,"duration_ms":2}
{"request_id":"rcc-b8f0ef60e2a5cb1907a8ff0ef1c83212","method":"GET","path":"/api/v1/release-orders/:id","status":200,"duration_ms":12}
{"request_id":"rcc-8cc62cc3677203dc5ae0bf4c228e3144","method":"GET","path":"/api/v1/release-orders/:id/details","status":200,"duration_ms":6}
{"request_id":"rcc-1dc65d7fe61334dcfa4b0056bbfc5025","method":"GET","path":"/api/v1/auth/session","status":200,"duration_ms":2}
{"request_id":"rcc-ea347749a627b309aaa36841172df5a6","method":"GET","path":"/api/v1/release-orders/:id","status":200,"duration_ms":9}
{"request_id":"rcc-43f373007bc670cb1decce6dc1205cc9","method":"GET","path":"/api/v1/auth/session","status":200,"duration_ms":1}
{"request_id":"rcc-d34fdcf0de6469ff3f0d17070dd66491","method":"GET","path":"/api/v1/release-orders/:id/details","status":200,"duration_ms":4}
{"request_id":"rcc-5e2f4fb8c73af4cf2b140ab4a8e0cf15","method":"POST","path":"/api/v1/release-orders/:id/execute","status":200,"duration_ms":28}
{"request_id":"rcc-0a48f876a4885a2082f5ea8910f48df4","method":"GET","path":"/api/v1/approval-notifications","status":200,"duration_ms":4}
{"request_id":"rcc-c06d5eb78462b509ae94dd80f9fda02a","method":"GET","path":"/api/v1/release-orders/:id","status":200,"duration_ms":15}
{"request_id":"rcc-d80bbc9c73e4770521fe8c45f9c3b510","method":"GET","path":"/api/v1/release-orders/:id/people","status":200,"duration_ms":17}
{"request_id":"rcc-76a0fccfebbbb059f565c70d68d8d37d","method":"GET","path":"/api/v1/auth/session","status":200,"duration_ms":1}
{"request_id":"rcc-7cb44d08e238039d3e3adee4cd5dcf60","method":"GET","path":"/api/v1/release-orders/:id","status":200,"duration_ms":9}
{"request_id":"rcc-246bbbd10638ca303c0b1f617cc878be","method":"GET","path":"/api/v1/auth/session","status":200,"duration_ms":1}
{"request_id":"rcc-133140d2f5387399654d9da9a16dcbd9","method":"GET","path":"/api/v1/release-orders/:id/details","status":200,"duration_ms":6}
{"request_id":"rcc-94a4e82f7ff2220166592a498961e66e","method":"GET","path":"/api/v1/auth/session","status":200,"duration_ms":1}
{"request_id":"rcc-b691a9a9e16c64d794b82d2b4f01c8d8","method":"POST","path":"/api/v1/release-orders","status":201,"duration_ms":38}
{"request_id":"rcc-4173010e715df70c2e646898c4700187","method":"GET","path":"/api/v1/auth/session","status":200,"duration_ms":1}
{"request_id":"rcc-b5147bbb3191c5bdb1aedeb1efac9126","method":"POST","path":"/api/v1/release-orders/:id/submit","status":200,"duration_ms":72}
{"request_id":"rcc-56b7d95fec7cdc97cf980ae519424a38","method":"GET","path":"/api/v1/auth/session","status":200,"duration_ms":1}
{"request_id":"rcc-42529e3ef520c238bb235618b18733b4","method":"GET","path":"/api/v1/release-orders/:id","status":200,"duration_ms":9}
{"request_id":"rcc-e1b4d5464024dac857b2648c049c620c","method":"GET","path":"/api/v1/auth/session","status":200,"duration_ms":1}
{"request_id":"rcc-488b96792f1997a6b4933396ea361ff6","method":"POST","path":"/api/v1/release-orders/:id/approve","status":200,"duration_ms":35}
{"request_id":"rcc-911839f9d2defbc7b251bdeb6d4cea97","method":"GET","path":"/api/v1/auth/session","status":200,"duration_ms":1}
{"request_id":"rcc-6c43c93d241bf4c9d1e65280a099fc53","method":"GET","path":"/api/v1/approval-notifications","status":200,"duration_ms":3}
{"request_id":"rcc-aa736a407733da667f2749074463349b","method":"GET","path":"/api/v1/release-orders","status":200,"duration_ms":48}
{"request_id":"rcc-f9e9324c72ce79eb9cddb05c44cbf2f1","method":"GET","path":"/api/v1/approval-notifications","status":200,"duration_ms":3}
{"request_id":"rcc-f75fc1c720235a7e3875e95192fa3620","method":"GET","path":"/api/v1/release-orders/:id","status":200,"duration_ms":13}
{"request_id":"rcc-20ab9d076a01b433b1b18a07f1062cd4","method":"GET","path":"/api/v1/release-orders/:id/details","status":200,"duration_ms":6}
{"request_id":"rcc-0dd266ec05b6f48f79f98fee9ec67b0d","method":"GET","path":"/api/v1/table-field-policies/:table_name","status":200,"duration_ms":8}
{"request_id":"rcc-30a7b2d28a8e5ff0bf64e8b229f7c127","method":"GET","path":"/api/v1/release-orders/:id/people","status":200,"duration_ms":15}
{"request_id":"rcc-f094934d581f5710a978930b7e62628a","method":"GET","path":"/api/v1/release-orders/:id/details","status":200,"duration_ms":10}
{"request_id":"rcc-7512c2839822c26ac7e9b63354b1916c","method":"POST","path":"/api/v1/release-orders/:id/execute","status":200,"duration_ms":91}
{"request_id":"rcc-12d5f6c0b767c5eea582fab742e0f2ab","method":"GET","path":"/api/v1/approval-notifications","status":200,"duration_ms":2}
{"request_id":"rcc-d8626c92ca3ffbae7820a1209a1113e0","method":"GET","path":"/api/v1/release-orders/:id","status":200,"duration_ms":11}
{"request_id":"rcc-c88a2a299e742c761ba094fa2bbbc272","method":"GET","path":"/api/v1/release-orders/:id/details","status":200,"duration_ms":8}
{"request_id":"rcc-c48473d7841a250d76f507f95266f5cf","method":"GET","path":"/api/v1/auth/session","status":200,"duration_ms":1}
{"request_id":"rcc-b1594a6a4f9206c805ec3bd133d0679f","method":"GET","path":"/api/v1/release-orders/:id","status":200,"duration_ms":10}
{"request_id":"rcc-647302ae940992a5f093ec0bea6e5dfa","method":"GET","path":"/api/v1/auth/session","status":200,"duration_ms":1}
{"request_id":"rcc-87babb763dd453584f04c948a359d73f","method":"GET","path":"/api/v1/release-orders/:id/details","status":200,"duration_ms":6}
{"request_id":"rcc-0954d3c9ad3980a2d456c13b7bef765d","method":"POST","path":"/api/v1/release-orders/:id/execute","status":200,"duration_ms":23}
{"request_id":"rcc-dcedfaff3ab168024d368eda7ac01a47","method":"GET","path":"/api/v1/approval-notifications","status":200,"duration_ms":4}
{"request_id":"rcc-89ab099cdac6d7faba69dcdfa3a787c7","method":"GET","path":"/api/v1/release-orders/:id","status":200,"duration_ms":13}
{"request_id":"rcc-81642a19be0de901215d0745ce96e9fa","method":"GET","path":"/api/v1/release-orders/:id/people","status":200,"duration_ms":15}
{"request_id":"rcc-5450c834345de67e0b08f0959c68e4c7","method":"GET","path":"/api/v1/auth/session","status":200,"duration_ms":1}
{"request_id":"rcc-3144e7e80b22c7565d9b4c76b528b06a","method":"GET","path":"/api/v1/release-orders/:id","status":200,"duration_ms":10}
{"request_id":"rcc-5cd7c95d84feb3af40cea7184635dedd","method":"GET","path":"/api/v1/auth/session","status":200,"duration_ms":1}
{"request_id":"rcc-6586fe0159106103aae094c4bd6e3d75","method":"GET","path":"/api/v1/release-orders/:id/details","status":200,"duration_ms":5}
{"request_id":"rcc-db40cead3347140df18caa09882ef595","method":"GET","path":"/api/v1/auth/session","status":200,"duration_ms":2}
{"request_id":"rcc-b4df30cd3bb86c28f8697732e99df891","method":"POST","path":"/api/v1/release-orders","status":201,"duration_ms":36}
{"request_id":"rcc-532b04169155bb8afee9ded022182850","method":"GET","path":"/api/v1/auth/session","status":200,"duration_ms":1}
{"request_id":"rcc-a82653f4d903fc2038a97ed00f7c9d3f","method":"POST","path":"/api/v1/release-orders/:id/submit","status":200,"duration_ms":68}
{"request_id":"rcc-dc46e10370963e0325cc0cd5e6a71777","method":"GET","path":"/api/v1/auth/session","status":200,"duration_ms":0}
{"request_id":"rcc-499a448756807db4fd9fc446c53c7164","method":"GET","path":"/api/v1/release-orders/:id","status":200,"duration_ms":8}
{"request_id":"rcc-4db857a07a6a8b9827039072ecbdba59","method":"GET","path":"/api/v1/auth/session","status":200,"duration_ms":1}
{"request_id":"rcc-99d02a3a5b809d033a4694ec3663543b","method":"POST","path":"/api/v1/release-orders/:id/approve","status":200,"duration_ms":27}
{"request_id":"rcc-aecd5e09858043184793954bd5fd5a6e","method":"GET","path":"/api/v1/auth/session","status":200,"duration_ms":2}
{"request_id":"rcc-534f3edbb0466e98cc002693dc48f073","method":"GET","path":"/api/v1/approval-notifications","status":200,"duration_ms":2}
{"request_id":"rcc-1170a91a136a3d26fd4f28bbb716d806","method":"GET","path":"/api/v1/release-orders","status":200,"duration_ms":52}
{"request_id":"rcc-305f7d67efb3fbd0de291924a0d5299d","method":"GET","path":"/api/v1/approval-notifications","status":200,"duration_ms":3}
{"request_id":"rcc-6c1c3d781597a95381b1ab430beab053","method":"GET","path":"/api/v1/release-orders/:id","status":200,"duration_ms":11}
{"request_id":"rcc-904af299282709eff85e80a6c8a00452","method":"GET","path":"/api/v1/table-field-policies/:table_name","status":200,"duration_ms":6}
{"request_id":"rcc-700d4d45db1085c629ddf1ae0058c0b5","method":"GET","path":"/api/v1/release-orders/:id/details","status":200,"duration_ms":8}
{"request_id":"rcc-ead8dadd029043092f282b2d2673f77c","method":"GET","path":"/api/v1/release-orders/:id/people","status":200,"duration_ms":15}
{"request_id":"rcc-25c4dab7acd5bb15537d727e389a386c","method":"GET","path":"/api/v1/release-orders/:id/details","status":200,"duration_ms":9}
{"request_id":"rcc-4f6ff50dd3a01384f7fd136a6922702c","method":"POST","path":"/api/v1/release-orders/:id/execute","status":200,"duration_ms":99}
{"request_id":"rcc-03fc9226268bddd70f8ede6f8a6fceb5","method":"GET","path":"/api/v1/approval-notifications","status":200,"duration_ms":3}
{"request_id":"rcc-916660790e598286ee7fb583ff2b7ae9","method":"GET","path":"/api/v1/release-orders/:id/people","status":200,"duration_ms":12}
{"request_id":"rcc-021ef6e29772870a267be7c354240579","method":"GET","path":"/api/v1/auth/session","status":200,"duration_ms":1}
{"request_id":"rcc-7b4ea9a6b50f513c4925ec9a2717ffba","method":"GET","path":"/api/v1/release-orders/:id","status":200,"duration_ms":7}
{"request_id":"rcc-743a1d9f5d0c6856be76df459d3084d7","method":"GET","path":"/api/v1/auth/session","status":200,"duration_ms":0}
{"request_id":"rcc-beab8ab3687508b5d4af19acfffad841","method":"GET","path":"/api/v1/release-orders/:id/details","status":200,"duration_ms":4}
{"request_id":"rcc-ffe05077e6eca891f8ce30c02afef2cf","method":"GET","path":"/api/v1/release-orders/:id","status":200,"duration_ms":10}
{"request_id":"rcc-9115aaa51bb9ddf35f69c659ae356d90","method":"GET","path":"/api/v1/release-orders/:id/details","status":200,"duration_ms":7}
{"request_id":"rcc-1390d22bb2df5f2b0bfdd856bdc2ac6b","method":"GET","path":"/api/v1/release-orders/:id/people","status":200,"duration_ms":13}
{"request_id":"rcc-e50c3d4a126eaa6549602b9dfdb276f2","method":"GET","path":"/api/v1/auth/session","status":200,"duration_ms":1}
{"request_id":"rcc-170058a65f28c322634794ba1f12a171","method":"POST","path":"/api/v1/release-orders","status":201,"duration_ms":30}
{"request_id":"rcc-cf7a9c6fa481e14fa21538f31366e86f","method":"GET","path":"/api/v1/auth/session","status":200,"duration_ms":0}
{"request_id":"rcc-6c58662844c55255b40c66018443d069","method":"POST","path":"/api/v1/release-orders/:id/submit","status":200,"duration_ms":60}
{"request_id":"rcc-ef73b66f418626127d443baa6b982e64","method":"GET","path":"/api/v1/auth/session","status":200,"duration_ms":0}
{"request_id":"rcc-3aa4858a9e84269828e96a696f902b9a","method":"GET","path":"/api/v1/release-orders/:id","status":200,"duration_ms":6}
{"request_id":"rcc-b0bf69a54ddeef8756a4bc404429f172","method":"GET","path":"/api/v1/auth/session","status":200,"duration_ms":1}
{"request_id":"rcc-aab38dc9999936984374279e7e4528e0","method":"POST","path":"/api/v1/release-orders/:id/approve","status":200,"duration_ms":25}
{"request_id":"rcc-07e7cfd96fcb286ed061b27573301fb2","method":"GET","path":"/api/v1/auth/session","status":200,"duration_ms":1}
{"request_id":"rcc-7b123483e1ed98bc35bb5dc2851359c8","method":"GET","path":"/api/v1/approval-notifications","status":200,"duration_ms":3}
{"request_id":"rcc-fffbd7867561ed98834c7abf4c3ed1cf","method":"GET","path":"/api/v1/release-orders","status":200,"duration_ms":57}
{"request_id":"rcc-0ce1fdcdf64d3d070c227b40431fe95b","method":"GET","path":"/api/v1/approval-notifications","status":200,"duration_ms":3}
{"request_id":"rcc-4e04e7c1e70f469983155af97f258be5","method":"GET","path":"/api/v1/release-orders/:id","status":200,"duration_ms":11}
{"request_id":"rcc-fc86b96f2ee1e9f06408d1b69926c1a6","method":"GET","path":"/api/v1/table-field-policies/:table_name","status":200,"duration_ms":6}
{"request_id":"rcc-aad74cc429db43c746936aa187de1ed1","method":"GET","path":"/api/v1/release-orders/:id/details","status":200,"duration_ms":8}
{"request_id":"rcc-fbd6c32cc9ceb0170a8336cbc993a55f","method":"GET","path":"/api/v1/release-orders/:id/people","status":200,"duration_ms":15}
{"request_id":"rcc-67d6f8991023dae24bb5200e6610c796","method":"GET","path":"/api/v1/release-orders/:id/details","status":200,"duration_ms":9}
{"request_id":"rcc-7bb74e84c6ccd6decbe895ad490b31a3","method":"POST","path":"/api/v1/release-orders/:id/execute","status":200,"duration_ms":93}
{"request_id":"rcc-a898538473fe9f6a221e1d2fb9b00534","method":"GET","path":"/api/v1/approval-notifications","status":200,"duration_ms":3}
{"request_id":"rcc-4a768c82ebd1302146eac3c479b428fb","method":"GET","path":"/api/v1/release-orders/:id","status":200,"duration_ms":12}
{"request_id":"rcc-8a8a0ab00e157f65a3d3c3949b24cf1f","method":"GET","path":"/api/v1/release-orders/:id/people","status":200,"duration_ms":14}
{"request_id":"rcc-1523865ed2ccaa1c0fe7eaf1f4fd2434","method":"GET","path":"/api/v1/release-orders/:id/details","status":200,"duration_ms":6}
{"request_id":"rcc-feb32b8c65ae2454cb7eacac3348970b","method":"GET","path":"/api/v1/auth/session","status":200,"duration_ms":1}
{"request_id":"rcc-f38018f57da08fee1ebce14ff3f037bd","method":"GET","path":"/api/v1/release-orders/:id","status":200,"duration_ms":10}
{"request_id":"rcc-68bdf9427284c51e97c3954722a43427","method":"GET","path":"/api/v1/auth/session","status":200,"duration_ms":1}
{"request_id":"rcc-a022266dd56538882cbb4e835cf64859","method":"GET","path":"/api/v1/release-orders/:id/details","status":200,"duration_ms":5}
{"request_id":"rcc-118a625fcdf91624689761cf99582940","method":"GET","path":"/api/v1/auth/session","status":200,"duration_ms":2}
{"request_id":"rcc-5bcf9e58f4f8c4c7c600197c72439504","method":"GET","path":"/api/v1/query-policy-types","status":200,"duration_ms":3}
{"request_id":"rcc-2218a0ca174a96dcfc54173ae3168483","method":"GET","path":"/api/v1/query-policies","status":200,"duration_ms":3}
{"request_id":"rcc-57242162ff5a70ebce2d9a299824b3bd","method":"GET","path":"/api/v1/approval-notifications","status":200,"duration_ms":4}
{"request_id":"rcc-4a0cf517e1fbc11490c79dd4b5182fb3","method":"GET","path":"/api/v1/table-policies","status":200,"duration_ms":2}
{"request_id":"rcc-a02fd9c9c974ddf7ab10a0fce6c80861","method":"GET","path":"/api/v1/approval-notifications","status":200,"duration_ms":3}
{"request_id":"rcc-6379d54668d2648b80a8fda6290ad2f4","method":"GET","path":"/api/v1/query-policy-types","status":200,"duration_ms":2}
{"request_id":"rcc-1a87f7b5e9b326e7c53cc801ba65c382","method":"POST","path":"/api/v1/auth/activity","status":200,"duration_ms":13}
{"request_id":"rcc-4ac761c5689c8d32b5f9d359f250d015","method":"GET","path":"/api/v1/mutation-policy-types","status":200,"duration_ms":5}
{"request_id":"rcc-e76e507ea002341bea8e03981cd1694e","method":"GET","path":"/api/v1/mutation-policies/:code","status":200,"duration_ms":7}
{"request_id":"rcc-f85aa54dace06cf752258cfdc507b6e4","method":"GET","path":"/api/v1/query-policies/:code","status":200,"duration_ms":8}
{"request_id":"rcc-eeb01a1b9a6306c4859fed5cea799be2","method":"POST","path":"/api/v1/tables/:table_name/query","status":200,"duration_ms":18}
{"request_id":"rcc-1d82d2b60a194838b50cdaa11d1187fa","method":"GET","path":"/api/v1/table-field-policies/:table_name","status":200,"duration_ms":5}
{"request_id":"rcc-7b9f32551bb9f4f33511d6d8af181d58","method":"POST","path":"/api/v1/tables/:table_name/query","status":200,"duration_ms":84}
{"request_id":"rcc-f3aecb7d51cc2b906ef8b51dcb90e219","method":"GET","path":"/api/v1/table-field-policies/:table_name","status":200,"duration_ms":6}
{"request_id":"rcc-3e397602bc2a0b25c2c81b33a744fbb3","method":"GET","path":"/api/v1/table-field-policies/:table_name","status":200,"duration_ms":10}
{"request_id":"rcc-414d50b8dc998957df4f201f9edc9240","method":"POST","path":"/api/v1/release-orders","status":201,"duration_ms":46}
{"request_id":"rcc-8bb77f25ae0ea639b4d00b9d6ef3f41f","method":"GET","path":"/api/v1/approval-notifications","status":200,"duration_ms":3}
{"request_id":"rcc-8f155b1401b2cab9399bc33de878c55f","method":"GET","path":"/api/v1/approval-notifications","status":200,"duration_ms":9}
{"request_id":"rcc-d04cfeccc94972f52317e96975d9cda7","method":"GET","path":"/api/v1/release-orders/:id","status":200,"duration_ms":23}
{"request_id":"rcc-09cbbcb8d04985c528815fee307b1a09","method":"GET","path":"/api/v1/release-orders/:id/details","status":200,"duration_ms":7}
{"request_id":"rcc-3d7c48155a02d20844a451af5d029224","method":"GET","path":"/api/v1/table-field-policies/:table_name","status":200,"duration_ms":10}
{"request_id":"rcc-8bc12dfd3c545a0b539f5d6e926dc674","method":"GET","path":"/api/v1/release-orders/:id/people","status":200,"duration_ms":19}
{"request_id":"rcc-1ced4f9bd3eda85b6a36ad0616de5905","method":"GET","path":"/api/v1/auth/session","status":200,"duration_ms":1}
{"request_id":"rcc-087374911d4c67a4d72303a670532ed8","method":"GET","path":"/api/v1/release-orders/:id","status":200,"duration_ms":11}
{"request_id":"rcc-2832a1d8f53c55be0ff6cfea1f743e4b","method":"GET","path":"/api/v1/auth/session","status":200,"duration_ms":0}
{"request_id":"rcc-06077e62a86cc192614fbdee91e6fe57","method":"GET","path":"/api/v1/release-orders/:id/details","status":200,"duration_ms":4}
{"request_id":"rcc-20944a8438e12cc5314857924ae6aa7a","method":"GET","path":"/api/v1/auth/session","status":200,"duration_ms":0}
{"request_id":"rcc-e500b148bd97c70c0b9bcbc1c73d4457","method":"POST","path":"/api/v1/release-orders/:id/submit","status":200,"duration_ms":72}
{"request_id":"rcc-3dd8872fa689fb398dc5e1d5f580fd10","method":"GET","path":"/api/v1/auth/session","status":200,"duration_ms":1}
{"request_id":"rcc-ca4b0ac5787cd8226349f6ac33c64c63","method":"GET","path":"/api/v1/release-orders/:id","status":200,"duration_ms":7}
{"request_id":"rcc-fd609ba015b80db5c0a1f05a1ae12070","method":"GET","path":"/api/v1/auth/session","status":200,"duration_ms":1}
{"request_id":"rcc-d0a43dcc1e52fe80daea7a4608205088","method":"POST","path":"/api/v1/release-orders/:id/approve","status":200,"duration_ms":26}
{"request_id":"rcc-daa32e433fc14521d371135a84ab3d49","method":"GET","path":"/api/v1/auth/session","status":200,"duration_ms":1}
{"request_id":"rcc-6e5def773583a884a924557ec74dcf88","method":"GET","path":"/api/v1/approval-notifications","status":200,"duration_ms":3}
{"request_id":"rcc-aff49f151a66291f44d73e40571254a6","method":"GET","path":"/api/v1/release-orders/:id","status":200,"duration_ms":15}
{"request_id":"rcc-6cdc56eb6a627cd7e65518b7c9a9ddb1","method":"GET","path":"/api/v1/table-field-policies/:table_name","status":200,"duration_ms":7}
{"request_id":"rcc-36fe734570d2f3bcc92390a8b0ea208e","method":"GET","path":"/api/v1/release-orders/:id/details","status":200,"duration_ms":8}
{"request_id":"rcc-34b9836b83d3005ba4f68ac0f058caee","method":"GET","path":"/api/v1/release-orders/:id/people","status":200,"duration_ms":15}
{"request_id":"rcc-60f26fbb15fea61717253cf1bb5d56c3","method":"GET","path":"/api/v1/release-orders/:id/details","status":200,"duration_ms":6}
{"request_id":"rcc-a60af265a20f424d2f234b08f06da033","method":"POST","path":"/api/v1/release-orders/:id/execute","status":422,"duration_ms":60}
{"request_id":"rcc-85506c60cfe0c750212dee8e33649dff","method":"GET","path":"/api/v1/approval-notifications","status":200,"duration_ms":2}
{"request_id":"rcc-34634001a62c617fdd0483cc40743900","method":"GET","path":"/api/v1/auth/session","status":200,"duration_ms":1}
{"request_id":"rcc-c3def4ea21fe92b50708296fb8634f5f","method":"GET","path":"/api/v1/release-orders/:id","status":200,"duration_ms":11}
{"request_id":"rcc-a4efa399af7217fcdfa31dc358d30568","method":"GET","path":"/api/v1/release-orders/:id","status":200,"duration_ms":9}
{"request_id":"rcc-750d69f1d1ed1279b90bb0fed2380966","method":"GET","path":"/api/v1/auth/session","status":200,"duration_ms":2}
{"request_id":"rcc-5fbe8fc131a9abd53da85bc96e59e9a9","method":"GET","path":"/api/v1/release-orders/:id/details","status":200,"duration_ms":6}
{"request_id":"rcc-c480ecfef3e6ef31f6aa9fc6e3bd7d69","method":"GET","path":"/api/v1/auth/session","status":200,"duration_ms":1}
{"request_id":"rcc-c91ce5b2cccef5bdf34881d45a5f6a32","method":"GET","path":"/api/v1/approval-notifications","status":200,"duration_ms":3}
{"request_id":"rcc-6fcc67d3af47dc3c764619bda73a701c","method":"GET","path":"/api/v1/release-orders/:id","status":200,"duration_ms":13}
{"request_id":"rcc-fffa505e0998e6daa04ef6026c27606c","method":"GET","path":"/api/v1/table-field-policies/:table_name","status":200,"duration_ms":6}
{"request_id":"rcc-f84d9d13175d2e6b620dd4835bb08283","method":"GET","path":"/api/v1/release-orders/:id/details","status":200,"duration_ms":8}
{"request_id":"rcc-205c274b4f999098c7a5a18a97748186","method":"POST","path":"/api/v1/release-orders/:id/notification-read","status":200,"duration_ms":14}
{"request_id":"rcc-00ea78282a2c7bd38ce440f14672bd99","method":"GET","path":"/api/v1/release-orders/:id/people","status":200,"duration_ms":16}
{"request_id":"rcc-2b0b2794bcfdcf6a827b391555c2b697","method":"GET","path":"/api/v1/approval-notifications","status":200,"duration_ms":2}
{"request_id":"rcc-859ad4a1b4ed3b0666baa98bc69e55b6","method":"GET","path":"/api/v1/release-orders/:id/details","status":200,"duration_ms":16}
{"request_id":"rcc-1e75a15eeeb16b73400e5307ff4aeac4","method":"POST","path":"/api/v1/release-orders/:id/cancel","status":200,"duration_ms":30}
{"request_id":"rcc-5e1f4f7c16f1ac51f486fcc73ee90208","method":"GET","path":"/api/v1/approval-notifications","status":200,"duration_ms":2}
{"request_id":"rcc-e15cd97c8e3227f9298fcccc6cb90fe4","method":"GET","path":"/api/v1/release-orders/:id","status":200,"duration_ms":11}
{"request_id":"rcc-1cd68e9bbe52108595728cc1674331f0","method":"GET","path":"/api/v1/release-orders/:id/people","status":200,"duration_ms":13}
{"request_id":"rcc-ed9ca0300e8619ea8d892e0a9129e959","method":"GET","path":"/api/v1/release-orders/:id/details","status":200,"duration_ms":7}
{"request_id":"rcc-37e461b6fe6174238474e97e369475e8","method":"GET","path":"/api/v1/release-orders/:id/details","status":200,"duration_ms":9}
{"request_id":"rcc-74d3a542d15c850292b7fcc3fe175b1d","method":"POST","path":"/api/v1/release-orders/preview","status":200,"duration_ms":14}
{"request_id":"rcc-eb0322c3b68ad43db54aa2b0cd39b2cc","method":"POST","path":"/api/v1/release-orders/:id/copy","status":201,"duration_ms":47}
{"request_id":"rcc-4f423fc875677762e9f5a009097bffbd","method":"GET","path":"/api/v1/approval-notifications","status":200,"duration_ms":3}
{"request_id":"rcc-3114088a33a622289968d1f52fc59d4e","method":"GET","path":"/api/v1/release-orders/:id","status":200,"duration_ms":11}
{"request_id":"rcc-54c684adfe6ef2e09b3ea2d0777f7376","method":"GET","path":"/api/v1/release-orders/:id/people","status":200,"duration_ms":12}
{"request_id":"rcc-b9bfa969e9d6786768da8bbd6b375e22","method":"GET","path":"/api/v1/approval-notifications","status":200,"duration_ms":2}
{"request_id":"rcc-9e2e0f8378193973e4b8ce8b6f88032a","method":"GET","path":"/api/v1/release-orders/:id","status":200,"duration_ms":14}
{"request_id":"rcc-1c8cce612708a4412761951f41ef95f1","method":"GET","path":"/api/v1/table-field-policies/:table_name","status":200,"duration_ms":5}
{"request_id":"rcc-527b38061e0a15bbacf444d5fb4d7821","method":"GET","path":"/api/v1/release-orders/:id/details","status":200,"duration_ms":7}
{"request_id":"rcc-be54cced5f2bdad346e9c9386a35d97f","method":"GET","path":"/api/v1/release-orders/:id/people","status":200,"duration_ms":15}
{"request_id":"rcc-ec10a53d104b4767c51fade1428b7733","method":"GET","path":"/api/v1/release-orders/:id/details","status":200,"duration_ms":8}
{"request_id":"rcc-65c7219bb24393eed938e25b8d10b635","method":"PUT","path":"/api/v1/release-orders/:id","status":200,"duration_ms":46}
{"request_id":"rcc-c367886feb45d96c2d8bda5641a3d90a","method":"GET","path":"/api/v1/approval-notifications","status":200,"duration_ms":3}
{"request_id":"rcc-9f284c72d16365b7a7cdf8aa33483d6e","method":"GET","path":"/api/v1/release-orders/:id","status":200,"duration_ms":17}
{"request_id":"rcc-cf92afa36c05dc34050ad5168787d86f","method":"GET","path":"/api/v1/release-orders/:id/people","status":200,"duration_ms":19}
{"request_id":"rcc-7f21fc3f7359c0dc858f1a73d6a0b6ce","method":"GET","path":"/api/v1/auth/session","status":200,"duration_ms":2}
{"request_id":"rcc-76274edf98af1eb262c88c9f55ef37cb","method":"GET","path":"/api/v1/release-orders/:id/details","status":200,"duration_ms":5}
{"request_id":"rcc-5ba6e4145131f334616031f757929121","method":"GET","path":"/api/v1/release-orders/:id","status":200,"duration_ms":16}
{"request_id":"rcc-0424b451efe46ca695221a3b744ad3ac","method":"GET","path":"/api/v1/auth/session","status":200,"duration_ms":1}
{"request_id":"rcc-dce615269454a20e3e0a9ff512c8fbc1","method":"GET","path":"/api/v1/release-orders/:id/details","status":200,"duration_ms":7}
{"request_id":"rcc-5134a7a982ebbdba20303bba8ed4ae79","method":"GET","path":"/api/v1/auth/session","status":200,"duration_ms":1}
{"request_id":"rcc-eed7a60e46dc20cb08cb9f4545bf6b2b","method":"POST","path":"/api/v1/release-orders/:id/submit","status":200,"duration_ms":79}
{"request_id":"rcc-1f511486bb6dcc0950228d8cf515b907","method":"GET","path":"/api/v1/auth/session","status":200,"duration_ms":1}
{"request_id":"rcc-d2ee62fafbfe10ed308e686c17fd54e5","method":"GET","path":"/api/v1/release-orders/:id","status":200,"duration_ms":10}
{"request_id":"rcc-f3b21dd88ab1f8cfe827034bfda34d03","method":"GET","path":"/api/v1/auth/session","status":200,"duration_ms":1}
{"request_id":"rcc-125e38daf79f1173466648be9e366a54","method":"POST","path":"/api/v1/release-orders/:id/approve","status":200,"duration_ms":35}
{"request_id":"rcc-4a0f524cbf609430e6b06b78cff8c167","method":"GET","path":"/api/v1/auth/session","status":200,"duration_ms":1}
{"request_id":"rcc-b7aa4fe34a9efd77341d57c8a971ffb3","method":"GET","path":"/api/v1/approval-notifications","status":200,"duration_ms":3}
{"request_id":"rcc-9162e198df995f6d8e3b4fc10e4312b9","method":"GET","path":"/api/v1/release-orders/:id","status":200,"duration_ms":16}
{"request_id":"rcc-fa1a3ccd15e4dc6dc00ffd88f2304a1b","method":"GET","path":"/api/v1/table-field-policies/:table_name","status":200,"duration_ms":7}
{"request_id":"rcc-69b1b2348444ac2b1bbaa7da64e55ced","method":"GET","path":"/api/v1/release-orders/:id/details","status":200,"duration_ms":10}
{"request_id":"rcc-c613e8a353ae8af8de53f230337b39b1","method":"GET","path":"/api/v1/release-orders/:id/people","status":200,"duration_ms":19}
{"request_id":"rcc-3fe258b3eee5544a2cfd3c6d810a810a","method":"GET","path":"/api/v1/release-orders/:id/details","status":200,"duration_ms":8}
{"request_id":"rcc-6df97de9236ddde7865eef2ff9585675","method":"POST","path":"/api/v1/release-orders/:id/execute","status":200,"duration_ms":95}
{"request_id":"rcc-ec915b69af1ca1312667ed888dd36c3b","method":"GET","path":"/api/v1/approval-notifications","status":200,"duration_ms":3}
{"request_id":"rcc-9c1e8bb2e9ec9a498a0e7e2568a6d453","method":"GET","path":"/api/v1/release-orders/:id","status":200,"duration_ms":14}
{"request_id":"rcc-2f78e8500987cdde19350d1fe3df2cad","method":"GET","path":"/api/v1/release-orders/:id/people","status":200,"duration_ms":15}
{"request_id":"rcc-0d19bbbf065d5acaf0f05e68408b1902","method":"GET","path":"/api/v1/release-orders/:id/details","status":200,"duration_ms":7}
{"request_id":"rcc-af9b91b745067e22bcf82b4c291ec6a2","method":"GET","path":"/api/v1/auth/session","status":200,"duration_ms":1}
{"request_id":"rcc-b4350d2c343227ae0ab6e58b6807ed39","method":"GET","path":"/api/v1/release-orders/:id","status":200,"duration_ms":10}
{"request_id":"rcc-3c9b6cb034cb7982db6fb2bddf807e5a","method":"GET","path":"/api/v1/auth/session","status":200,"duration_ms":1}
{"request_id":"rcc-3fbf08e299271c23eb476013a6d48469","method":"GET","path":"/api/v1/release-orders/:id/details","status":200,"duration_ms":5}
{"request_id":"rcc-ef7cfb40f0dcdebab9a01543f1b34ba2","method":"GET","path":"/api/v1/auth/session","status":200,"duration_ms":1}
{"request_id":"rcc-aedb47dec4bc137b4cd84a66a736849e","method":"GET","path":"/api/v1/release-orders/:id","status":200,"duration_ms":10}
{"request_id":"rcc-6e29400a971730d497cf82054e950e3d","method":"GET","path":"/api/v1/auth/session","status":200,"duration_ms":1}
{"request_id":"rcc-d3cf6391b51da39616fe5b01b3fbfc68","method":"GET","path":"/api/v1/release-orders/:id/details","status":200,"duration_ms":6}
{"request_id":"rcc-d99ea8d983851fa0f6d338346c99aa2d","method":"GET","path":"/api/v1/auth/session","status":200,"duration_ms":1}
{"request_id":"rcc-a5995e0431716d12ae48b232dbf3ce1f","method":"POST","path":"/api/v1/release-orders","status":201,"duration_ms":33}
{"request_id":"rcc-d733fe6dc26b1484c64cf20e883584c0","method":"GET","path":"/api/v1/auth/session","status":200,"duration_ms":1}
{"request_id":"rcc-e2d3376b8c4be4a751c00d66a217d0dc","method":"POST","path":"/api/v1/release-orders/:id/submit","status":200,"duration_ms":64}
{"request_id":"rcc-8dfd5719fc014a26b7029729cc80d8a6","method":"GET","path":"/api/v1/auth/session","status":200,"duration_ms":0}
{"request_id":"rcc-1a51dad58571f307a8b56d375262e470","method":"GET","path":"/api/v1/release-orders/:id","status":200,"duration_ms":9}
{"request_id":"rcc-7657cad5bf7f2c980bd0c7764b98f88d","method":"GET","path":"/api/v1/auth/session","status":200,"duration_ms":1}
{"request_id":"rcc-cc2f50cd2f71efc8fc4525f27f3e87bf","method":"POST","path":"/api/v1/release-orders/:id/approve","status":200,"duration_ms":28}
{"request_id":"rcc-c8335fc9d15b4fa6a5c8e2fb6bfddb7e","method":"GET","path":"/api/v1/auth/session","status":200,"duration_ms":1}
{"request_id":"rcc-3f1fa6d6126202ed2a7e0e216021dd1f","method":"GET","path":"/api/v1/approval-notifications","status":200,"duration_ms":3}
{"request_id":"rcc-cd6d3734a6c2d4d776f69e9ea21ae652","method":"GET","path":"/api/v1/release-orders","status":200,"duration_ms":72}
{"request_id":"rcc-43283224aa75402a11d12dd64eba42ef","method":"GET","path":"/api/v1/approval-notifications","status":200,"duration_ms":4}
{"request_id":"rcc-101116536e5f189143108c21cba87385","method":"GET","path":"/api/v1/release-orders/:id","status":200,"duration_ms":12}
{"request_id":"rcc-972cf9c882afc1dcf4084a4836a47e82","method":"GET","path":"/api/v1/table-field-policies/:table_name","status":200,"duration_ms":7}
{"request_id":"rcc-24af86cbfc3f06388722716e45c8e8e1","method":"GET","path":"/api/v1/release-orders/:id/details","status":200,"duration_ms":10}
{"request_id":"rcc-bb417f3ccb374812d499709db81356c8","method":"GET","path":"/api/v1/release-orders/:id/people","status":200,"duration_ms":19}
{"request_id":"rcc-1e390ae4b06dc78774bb34659b725f26","method":"GET","path":"/api/v1/release-orders/:id/details","status":200,"duration_ms":8}
[mysql] 2026/09/11 17:47:20 packets.go:58 unexpected EOF
{"request_id":"rcc-1de26bfc9ec30f22f80ee10cc81d8ac2","method":"POST","path":"/api/v1/release-orders/:id/execute","status":503,"duration_ms":0}
[mysql] 2026/09/11 17:47:20 packets.go:58 unexpected EOF
{"request_id":"rcc-070f60c5b34e00fbc82ef1ecf38de821","method":"GET","path":"/api/v1/approval-notifications","status":503,"duration_ms":0}
[mysql] 2026/09/11 17:47:20 packets.go:58 unexpected EOF
{"request_id":"rcc-e670f995b9a1f677214626c264cef27e","method":"GET","path":"/api/v1/release-orders/:id","status":503,"duration_ms":0}
[mysql] 2026/09/11 17:47:21 packets.go:58 unexpected EOF
{"request_id":"rcc-f491fc1a6295237fe6a4144f2e73c1c4","method":"GET","path":"/api/v1/release-orders/:id","status":503,"duration_ms":0}
[mysql] 2026/09/11 17:47:22 packets.go:58 unexpected EOF
{"request_id":"rcc-22d35d163c53891a2d4248c80a86bb52","method":"GET","path":"/api/v1/auth/session","status":503,"duration_ms":0}
[mysql] 2026/09/11 17:47:22 packets.go:58 unexpected EOF
{"request_id":"rcc-26a1adbddfe756cb227524c6fd5ee203","method":"GET","path":"/api/v1/auth/session","status":503,"duration_ms":0}
{"request_id":"rcc-ac76c89e10b6c3db135131ec17205a27","method":"GET","path":"/api/v1/auth/session","status":200,"duration_ms":8}
{"request_id":"rcc-238da003bfe7ef55072a1d1d0d48a641","method":"POST","path":"/api/v1/release-orders/:id/execute","status":200,"duration_ms":113}
{"request_id":"rcc-ae1d070d8ac3d0e28c460fdd93a60fa2","method":"GET","path":"/api/v1/approval-notifications","status":200,"duration_ms":2}
{"request_id":"rcc-a35c77daa8d89efd19c50aabcdac8ffb","method":"GET","path":"/api/v1/release-orders/:id","status":200,"duration_ms":15}
{"request_id":"rcc-8c0c0b648c1004fb31c08442c302030b","method":"GET","path":"/api/v1/release-orders/:id/details","status":200,"duration_ms":8}
{"request_id":"rcc-783472e4e292f3f444f6b22fb2376627","method":"GET","path":"/api/v1/auth/session","status":200,"duration_ms":1}
{"request_id":"rcc-860f74ad1c794c6f0370d7a97e303014","method":"GET","path":"/api/v1/release-orders/:id/people","status":200,"duration_ms":14}
{"request_id":"rcc-6bcbbc21a8ab86710244aa8c135eecf1","method":"GET","path":"/api/v1/release-orders/:id","status":200,"duration_ms":11}
{"request_id":"rcc-10810a3f4670f39dfbe76868081b421d","method":"GET","path":"/api/v1/auth/session","status":200,"duration_ms":2}
{"request_id":"rcc-230582b4d1b879a8d23b1afea0a7cf5c","method":"GET","path":"/api/v1/release-orders/:id/details","status":200,"duration_ms":6}
{"request_id":"rcc-4485564fb297ec8e8c77731ee77747b0","method":"GET","path":"/api/v1/auth/session","status":200,"duration_ms":1}
{"request_id":"rcc-171773d4e6d1965efa3862f359c62f8f","method":"GET","path":"/api/v1/query-policy-types","status":200,"duration_ms":1}
{"request_id":"rcc-355e0fa0525faeeb9d0e090baf48afca","method":"GET","path":"/api/v1/approval-notifications","status":200,"duration_ms":3}
{"request_id":"rcc-9d31685a4811a3cb1089b8549675929a","method":"GET","path":"/api/v1/query-policies","status":200,"duration_ms":5}
{"request_id":"rcc-7ce42e4ed0db07746ba0d1f3d6483dc0","method":"POST","path":"/api/v1/query-policies","status":201,"duration_ms":7}
{"request_id":"rcc-6a5ca89a8fc27e2b5df7f20e08e261ea","method":"POST","path":"/api/v1/auth/activity","status":200,"duration_ms":9}
{"request_id":"rcc-1362313634cadd7d9c11e27499c0764c","method":"GET","path":"/api/v1/query-policies/:code","status":200,"duration_ms":3}
{"request_id":"rcc-e56bf9361e6bfdb3f3e32f364afa652d","method":"GET","path":"/api/v1/auth/session","status":200,"duration_ms":3}
{"request_id":"rcc-3c187a9aa245d435d655e922f62857a9","method":"GET","path":"/api/v1/query-policy-types","status":200,"duration_ms":5}
{"request_id":"rcc-81ad1490edb5e08b6381092da56bbc5f","method":"GET","path":"/api/v1/query-policies","status":200,"duration_ms":7}
{"request_id":"rcc-0ead1ed8c6328dcaf0a1a5a675bb3874","method":"GET","path":"/api/v1/approval-notifications","status":200,"duration_ms":9}
{"request_id":"rcc-f0ad94a38590a289602aa2ceca187c35","method":"GET","path":"/api/v1/query-policies/:code","status":200,"duration_ms":14}
{"request_id":"rcc-4133d824083945bcf2d85679f4ea8561","method":"PUT","path":"/api/v1/query-policies/:code","status":200,"duration_ms":9}
{"request_id":"rcc-7071285df2ba2090a5a0637b4498fa85","method":"GET","path":"/api/v1/query-policies/:code","status":200,"duration_ms":4}
{"request_id":"rcc-41b09281b2e82d5596d97a821831fedf","method":"GET","path":"/api/v1/auth/session","status":200,"duration_ms":2}
{"request_id":"rcc-1358c62925e339db037498700ded70ab","method":"GET","path":"/api/v1/query-policy-types","status":200,"duration_ms":2}
{"request_id":"rcc-fcf40517d71c7480699fc838e9ebb194","method":"GET","path":"/api/v1/query-policies","status":200,"duration_ms":2}
{"request_id":"rcc-5415676f83ca493aa46862b98cf62f28","method":"GET","path":"/api/v1/approval-notifications","status":200,"duration_ms":4}
{"request_id":"rcc-5aeb0ea1426c9116fbcd822d3d25c3cb","method":"GET","path":"/api/v1/query-policies/:code","status":200,"duration_ms":4}
{"request_id":"rcc-84ac3b4bb891446255d9eb0a032da0a7","method":"PATCH","path":"/api/v1/query-policies/:code/metadata","status":200,"duration_ms":9}
{"request_id":"rcc-31fdf60eff49a53f230ce06a29162265","method":"GET","path":"/api/v1/query-policies/:code","status":200,"duration_ms":3}
{"request_id":"rcc-347d83fb6c390d0534f1827f2c5e1b1f","method":"GET","path":"/api/v1/auth/session","status":200,"duration_ms":1}
{"request_id":"rcc-3781b55318be33fb3042eb4c813ad45e","method":"GET","path":"/api/v1/query-policy-types","status":200,"duration_ms":1}
{"request_id":"rcc-38dfcaa007bc15f1d7108747e1b47102","method":"GET","path":"/api/v1/query-policies","status":200,"duration_ms":2}
{"request_id":"rcc-7f96164c67f62331341c364c29fe227f","method":"GET","path":"/api/v1/approval-notifications","status":200,"duration_ms":3}
{"request_id":"rcc-4923eb03bc32b0a07f893c9a69fcc741","method":"GET","path":"/api/v1/query-policies/:code","status":200,"duration_ms":3}
{"request_id":"rcc-1afea1c85b406ca1344ce8fac4bebbdc","method":"POST","path":"/api/v1/query-policies/:code/activate","status":200,"duration_ms":9}
{"request_id":"rcc-6e288f1d10fda1d3c09147724cc0919b","method":"GET","path":"/api/v1/query-policy-types","status":200,"duration_ms":1}
{"request_id":"rcc-8f37dc042fae97ab6530900cac6255aa","method":"GET","path":"/api/v1/approval-notifications","status":200,"duration_ms":3}
{"request_id":"rcc-d96db26f4a9c17eaa92c8c4b311be6b8","method":"GET","path":"/api/v1/query-policies/:code","status":200,"duration_ms":3}
{"request_id":"rcc-f881ff453f22203c425f05c30ede203a","method":"GET","path":"/api/v1/query-policies","status":200,"duration_ms":2}
{"request_id":"rcc-998dedc0745e1743ea19fb6d5b94a853","method":"GET","path":"/api/v1/auth/session","status":200,"duration_ms":1}
{"request_id":"rcc-b79e7d9651cce83312974ef82e97f252","method":"GET","path":"/api/v1/query-policy-types","status":200,"duration_ms":1}
{"request_id":"rcc-977c84ff67ae3e13731caab8bcd703b2","method":"GET","path":"/api/v1/approval-notifications","status":200,"duration_ms":3}
{"request_id":"rcc-3cd334976cee1562ca9d30362f597950","method":"GET","path":"/api/v1/query-policies","status":200,"duration_ms":2}
{"request_id":"rcc-f59f82d412a7c94ce6119683a58ddaa1","method":"GET","path":"/api/v1/query-policies/:code","status":200,"duration_ms":4}
{"request_id":"rcc-85759e3cca89899a808ded1981e0db45","method":"POST","path":"/api/v1/query-policies/:code/deprecate","status":200,"duration_ms":8}
{"request_id":"rcc-1248ea78cab9ef31e26feb8560ad83e3","method":"GET","path":"/api/v1/query-policy-types","status":200,"duration_ms":2}
{"request_id":"rcc-5d7f0f9277248c0ddb6036744ef7f321","method":"GET","path":"/api/v1/approval-notifications","status":200,"duration_ms":5}
{"request_id":"rcc-2814c751f97dca13937c3d681f5ada46","method":"GET","path":"/api/v1/query-policies/:code","status":200,"duration_ms":3}
{"request_id":"rcc-008a03dab4bc83fd500dc451ed92ff90","method":"GET","path":"/api/v1/query-policies","status":200,"duration_ms":3}
{"request_id":"rcc-0d9edba17bdea4d23d22f7831e185641","method":"GET","path":"/api/v1/auth/session","status":200,"duration_ms":1}
{"request_id":"rcc-91627c8efb01d8582693672617bade66","method":"GET","path":"/api/v1/query-policy-types","status":200,"duration_ms":2}
{"request_id":"rcc-887cc8cb1354282d1af175df714ad238","method":"GET","path":"/api/v1/approval-notifications","status":200,"duration_ms":5}
{"request_id":"rcc-a5c09b8ad8f1efe3ef91ee710dc60a8e","method":"GET","path":"/api/v1/query-policies","status":200,"duration_ms":4}
{"request_id":"rcc-cb239859221521b2336e1e39cf7c633a","method":"GET","path":"/api/v1/query-policies/:code","status":200,"duration_ms":6}
{"request_id":"rcc-dedb62c90b942f71058e2b809a5d819f","method":"DELETE","path":"/api/v1/query-policies/:code","status":204,"duration_ms":9}
{"request_id":"rcc-66ee349b336a668ef983955c261e55a0","method":"GET","path":"/api/v1/query-policy-types","status":200,"duration_ms":1}
{"request_id":"rcc-75fe04cc69519aa6e65fff590a28f7c0","method":"GET","path":"/api/v1/approval-notifications","status":200,"duration_ms":5}
{"request_id":"rcc-dca059334b23eb0bb012a08e5335434f","method":"GET","path":"/api/v1/query-policies/:code","status":404,"duration_ms":2}
{"request_id":"rcc-097b4f3621be80554c4b25dd5131da1c","method":"GET","path":"/api/v1/query-policies","status":200,"duration_ms":3}
{"request_id":"rcc-335ab6caa3ae9be272cbb89aeeb6f9df","method":"GET","path":"/api/v1/auth/session","status":200,"duration_ms":1}
{"request_id":"rcc-552fc3353066ce2bd03e4fcf443ac1af","method":"GET","path":"/api/v1/mutation-policy-types","status":200,"duration_ms":2}
{"request_id":"rcc-9a9cff85f4f7df217e32ffc903bbf171","method":"GET","path":"/api/v1/mutation-policies","status":200,"duration_ms":3}
{"request_id":"rcc-e314819290b879670256f5b9828fea16","method":"GET","path":"/api/v1/approval-notifications","status":200,"duration_ms":3}
{"request_id":"rcc-37b099fc950401b29101d235fa0f8ed9","method":"POST","path":"/api/v1/mutation-policies","status":201,"duration_ms":6}
{"request_id":"rcc-15ec8e70760250f10a92fb713aef6ed1","method":"GET","path":"/api/v1/mutation-policies/:code","status":200,"duration_ms":2}
{"request_id":"rcc-858c17413f494a55934bd09fb50a82ef","method":"GET","path":"/api/v1/auth/session","status":200,"duration_ms":1}
{"request_id":"rcc-a25bb240ede226529df718ee7821acfa","method":"GET","path":"/api/v1/mutation-policy-types","status":200,"duration_ms":1}
{"request_id":"rcc-0385ace9823c71c5449e4982526c66f4","method":"GET","path":"/api/v1/approval-notifications","status":200,"duration_ms":3}
{"request_id":"rcc-44768e212f986c9f55ec458b7358057d","method":"GET","path":"/api/v1/mutation-policies","status":200,"duration_ms":2}
{"request_id":"rcc-0d5ddeb838f097cbd0d403d30cb9b896","method":"GET","path":"/api/v1/mutation-policies/:code","status":200,"duration_ms":3}
{"request_id":"rcc-c0d96c43738f84f08cd6639cca6cc560","method":"PUT","path":"/api/v1/mutation-policies/:code","status":200,"duration_ms":9}
{"request_id":"rcc-9321b2cb126b55199a10fff6e3958c20","method":"GET","path":"/api/v1/mutation-policies/:code","status":200,"duration_ms":3}
{"request_id":"rcc-1c9d5a96cc6a4301dc0364fea90bee60","method":"GET","path":"/api/v1/auth/session","status":200,"duration_ms":1}
{"request_id":"rcc-90d95dd918396ad389368b9cf3366297","method":"GET","path":"/api/v1/mutation-policy-types","status":200,"duration_ms":2}
{"request_id":"rcc-6eaaa14b945792817c114b73bacf36c7","method":"GET","path":"/api/v1/approval-notifications","status":200,"duration_ms":6}
{"request_id":"rcc-d5610b681aa14df4dc70ca9d33f0ff9c","method":"GET","path":"/api/v1/mutation-policies","status":200,"duration_ms":5}
{"request_id":"rcc-78ab5e7b8850422dcc1abf1ded074c2d","method":"GET","path":"/api/v1/mutation-policies/:code","status":200,"duration_ms":6}
{"request_id":"rcc-61732512db9b16bcf0aae668deda4afb","method":"PATCH","path":"/api/v1/mutation-policies/:code/metadata","status":200,"duration_ms":11}
{"request_id":"rcc-8cba20c8858960693ff951caadb0e6ab","method":"GET","path":"/api/v1/mutation-policies/:code","status":200,"duration_ms":3}
{"request_id":"rcc-07a4b364aa89950e62f3380a7c3081ff","method":"GET","path":"/api/v1/auth/session","status":200,"duration_ms":1}
{"request_id":"rcc-0dd856f154c84cf2f42a932ca49b71cc","method":"GET","path":"/api/v1/mutation-policy-types","status":200,"duration_ms":2}
{"request_id":"rcc-2e412a474fac3107789f2783336aa465","method":"GET","path":"/api/v1/mutation-policies","status":200,"duration_ms":3}
{"request_id":"rcc-022ece293cc672cc4574827374058eb4","method":"GET","path":"/api/v1/mutation-policies/:code","status":200,"duration_ms":3}
{"request_id":"rcc-fd6d8317c2c1fb2ab80dcf1d9280a6fc","method":"GET","path":"/api/v1/approval-notifications","status":200,"duration_ms":4}
{"request_id":"rcc-0cd7d6a86bbe5b039a0175fc7b366a7b","method":"POST","path":"/api/v1/mutation-policies/:code/activate","status":200,"duration_ms":12}
{"request_id":"rcc-bc706b2e76c906c472d8220da65d2c8b","method":"GET","path":"/api/v1/mutation-policy-types","status":200,"duration_ms":1}
{"request_id":"rcc-af8804c5bf99ccaaa93a717495633134","method":"GET","path":"/api/v1/approval-notifications","status":200,"duration_ms":5}
{"request_id":"rcc-95d8d35f0b46ffdc0c050271edf7a26b","method":"GET","path":"/api/v1/mutation-policies/:code","status":200,"duration_ms":3}
{"request_id":"rcc-261955f365fcf83c80081ae5c69dee85","method":"GET","path":"/api/v1/mutation-policies","status":200,"duration_ms":3}
{"request_id":"rcc-48701c119644e92fd1c3f0e979f84d25","method":"GET","path":"/api/v1/approval-notifications","status":503,"duration_ms":0}
{"request_id":"rcc-ce079c27d8899778a98c4e6bd6446815","method":"GET","path":"/api/v1/auth/session","status":200,"duration_ms":2}
{"request_id":"rcc-4b22c7b36c2878c1bdabd345b88091b0","method":"GET","path":"/api/v1/mutation-policy-types","status":200,"duration_ms":1}
{"request_id":"rcc-99a97494ed105050d1617e6553c1805b","method":"GET","path":"/api/v1/mutation-policies/:code","status":200,"duration_ms":3}
{"request_id":"rcc-f1e1f8138dad72a03cd554e0e185bed2","method":"GET","path":"/api/v1/approval-notifications","status":200,"duration_ms":5}
{"request_id":"rcc-48a9b495bec93e74e637a41238104857","method":"GET","path":"/api/v1/mutation-policies","status":200,"duration_ms":9}
{"request_id":"rcc-74eb289c1b65e52bc58f0cbfb2683ba7","method":"POST","path":"/api/v1/mutation-policies/:code/deprecate","status":200,"duration_ms":10}
{"request_id":"rcc-8d2b0c57e4f6a0d9de80d9f99a15af74","method":"GET","path":"/api/v1/mutation-policy-types","status":200,"duration_ms":1}
{"request_id":"rcc-eeef861690046149329d4d157bc0cc9e","method":"GET","path":"/api/v1/approval-notifications","status":200,"duration_ms":4}
{"request_id":"rcc-79939d6db0bc5372e77afc1d9ffc064f","method":"GET","path":"/api/v1/mutation-policies/:code","status":200,"duration_ms":3}
{"request_id":"rcc-09d736bb35cfba3ac062ab6b508bd0e0","method":"GET","path":"/api/v1/mutation-policies","status":200,"duration_ms":3}
{"request_id":"rcc-9ae01f060be2f6bc9a3c353fc0ad5503","method":"GET","path":"/api/v1/approval-notifications","status":200,"duration_ms":3}
{"request_id":"rcc-578cb14f77cdab55fab62c6709f97a3d","method":"GET","path":"/api/v1/auth/session","status":200,"duration_ms":1}
{"request_id":"rcc-7bfa8d327bb6b1dc90a3bf180ef684ea","method":"GET","path":"/api/v1/mutation-policy-types","status":200,"duration_ms":2}
{"request_id":"rcc-86b88e8d83868020911a3a599f64d511","method":"GET","path":"/api/v1/mutation-policies","status":200,"duration_ms":3}
{"request_id":"rcc-843b1222055047d3970da96f26b90ae9","method":"GET","path":"/api/v1/approval-notifications","status":200,"duration_ms":3}
{"request_id":"rcc-027d5850693d3f19648b0e6744f6ffd7","method":"GET","path":"/api/v1/mutation-policies/:code","status":200,"duration_ms":3}
{"request_id":"rcc-38bfa17b48947f6392cbb896715e32ec","method":"DELETE","path":"/api/v1/mutation-policies/:code","status":204,"duration_ms":5}
{"request_id":"rcc-d6591107e2bcebb083ff86931adb0626","method":"GET","path":"/api/v1/mutation-policy-types","status":200,"duration_ms":2}
{"request_id":"rcc-6fcf63b20d1c8efca2086f55e54512f5","method":"GET","path":"/api/v1/approval-notifications","status":200,"duration_ms":4}
{"request_id":"rcc-1c679bc095e861beac363696aa99f557","method":"GET","path":"/api/v1/mutation-policies/:code","status":404,"duration_ms":2}
{"request_id":"rcc-be42fe0445f15a3a5c764f2cfe651922","method":"GET","path":"/api/v1/mutation-policies","status":200,"duration_ms":4}
{"request_id":"rcc-48e5f2ebd06ae7cd8c05f9d625776043","method":"GET","path":"/api/v1/auth/session","status":200,"duration_ms":1}
{"request_id":"rcc-17d58fc19497eb74a7578ab45e894988","method":"GET","path":"/api/v1/query-policy-types","status":200,"duration_ms":1}
{"request_id":"rcc-445ea5050eef8486cf882c6f65e14db7","method":"GET","path":"/api/v1/query-policies","status":200,"duration_ms":2}
{"request_id":"rcc-de5915f74ac013d3bcc95278c109547f","method":"GET","path":"/api/v1/approval-notifications","status":200,"duration_ms":4}
{"request_id":"rcc-3cdc194c31c03dfb08fb21d2ac78eaf1","method":"GET","path":"/api/v1/query-policy-types","status":200,"duration_ms":1}
{"request_id":"rcc-0e43e65ab040b986a3f2ec91a1b2186e","method":"GET","path":"/api/v1/approval-notifications","status":200,"duration_ms":3}
{"request_id":"rcc-6f8a9809daadfaaca92719b1e4c72504","method":"GET","path":"/api/v1/query-policies/:code","status":200,"duration_ms":3}
{"request_id":"rcc-a3abfc60f2a5eb3014bfd1434e5e0561","method":"POST","path":"/api/v1/query-policies/:code/activate","status":200,"duration_ms":8}
{"request_id":"rcc-6bf7f829bf5a18e217f0d4a4707ef284","method":"GET","path":"/api/v1/query-policies","status":200,"duration_ms":2}
{"request_id":"rcc-f1c903f89ef12a49c09d6f4263e1434f","method":"GET","path":"/api/v1/auth/session","status":200,"duration_ms":1}
{"request_id":"rcc-bbfe50feb0127f22751aafa817beb57b","method":"GET","path":"/api/v1/query-policy-types","status":200,"duration_ms":2}
{"request_id":"rcc-27b89e681401b66c5c5e01f442df29b2","method":"GET","path":"/api/v1/query-policies","status":200,"duration_ms":3}
{"request_id":"rcc-2a5f30225261373a3a9dfc7eb2e37a83","method":"GET","path":"/api/v1/approval-notifications","status":200,"duration_ms":4}
{"request_id":"rcc-b61a70c0ea724b506953d5f09cb91236","method":"GET","path":"/api/v1/mutation-policy-types","status":200,"duration_ms":7}
{"request_id":"rcc-f15feda88993bc921a965941213cdb9d","method":"GET","path":"/api/v1/table-policies","status":200,"duration_ms":4}
{"request_id":"rcc-aded1c987661ce00ee08a0bc7e788fbc","method":"GET","path":"/api/v1/mutation-policies","status":200,"duration_ms":11}
{"request_id":"rcc-6379d3b64b89c754fc9590f920098fc6","method":"GET","path":"/api/v1/database-tables","status":200,"duration_ms":15}
{"request_id":"rcc-65d0d4d844613bf585d77b994ab3eb42","method":"POST","path":"/api/v1/table-policies","status":201,"duration_ms":39}
{"request_id":"rcc-f193e3b0d69cfa8ee018d6605f80bf6d","method":"POST","path":"/api/v1/table-policies","status":201,"duration_ms":5}
{"request_id":"rcc-5b3c330ed863238e3563f3637db76d27","method":"GET","path":"/api/v1/table-policies","status":200,"duration_ms":3}
{"request_id":"rcc-68e5510b3d70d1f2e41ffc00ca5e3a01","method":"GET","path":"/api/v1/database-tables","status":200,"duration_ms":6}
{"request_id":"rcc-afbfd17df4f1693c4e568dc10fa32827","method":"GET","path":"/api/v1/mutation-policy-types","status":200,"duration_ms":3}
{"request_id":"rcc-feed26af18994ce2959b673010583f02","method":"GET","path":"/api/v1/query-policy-types","status":200,"duration_ms":3}
{"request_id":"rcc-744968a81dc275d770a3b2c3d375e86d","method":"GET","path":"/api/v1/query-policies","status":200,"duration_ms":5}
{"request_id":"rcc-7ef805b4ed543dc5b9e52da473020cd2","method":"GET","path":"/api/v1/mutation-policies","status":200,"duration_ms":5}
{"request_id":"rcc-6b3d8247ed3b67b87cfe6600188f595d","method":"GET","path":"/api/v1/table-policies/:table_name","status":200,"duration_ms":5}
{"request_id":"rcc-320b142585bcf4b166f6cbfaef2e1ad7","method":"GET","path":"/api/v1/approval-notifications","status":200,"duration_ms":6}
{"request_id":"rcc-1d51d2d3592c37b44becdf16d25a4bd6","method":"GET","path":"/api/v1/auth/session","status":200,"duration_ms":1}
{"request_id":"rcc-f89cad06785c48c604e0736597d85b8d","method":"GET","path":"/api/v1/query-policy-types","status":200,"duration_ms":2}
{"request_id":"rcc-5c03de189e8dc22c080e3c63c2da9c20","method":"GET","path":"/api/v1/mutation-policy-types","status":200,"duration_ms":2}
{"request_id":"rcc-49919182bb76e4412565194334c8b78d","method":"GET","path":"/api/v1/query-policies","status":200,"duration_ms":4}
{"request_id":"rcc-e5ba7bf5957242bd5dafb3887a02b0c9","method":"GET","path":"/api/v1/mutation-policies","status":200,"duration_ms":6}
{"request_id":"rcc-9db4bab12c9d5db096a5a552105a1c0c","method":"GET","path":"/api/v1/approval-notifications","status":200,"duration_ms":8}
{"request_id":"rcc-7614b745f242e85ecbcc2296a7733433","method":"GET","path":"/api/v1/database-tables","status":200,"duration_ms":9}
{"request_id":"rcc-3b7f9a8653ade1f3bcb2ba96e0ce9f67","method":"GET","path":"/api/v1/table-policies/:table_name","status":200,"duration_ms":6}
{"request_id":"rcc-4d3118fc91b681ea372244451230722c","method":"GET","path":"/api/v1/table-policies","status":200,"duration_ms":5}
{"request_id":"rcc-192ed99d14ed89f6c54d69810653a61e","method":"PUT","path":"/api/v1/table-policies/:table_name","status":200,"duration_ms":30}
{"request_id":"rcc-d3d37a19c1e21da49352e23f719cff43","method":"PUT","path":"/api/v1/table-policies/:table_name","status":200,"duration_ms":4}
{"request_id":"rcc-44a5e23ce607dcdc60614100f6dcb447","method":"GET","path":"/api/v1/table-policies","status":200,"duration_ms":2}
{"request_id":"rcc-38533689d8cf37e120d6b22f611f4f0c","method":"GET","path":"/api/v1/table-policies/:table_name","status":200,"duration_ms":3}
{"request_id":"rcc-476a8531895d7c14f82479d8f3c4315d","method":"GET","path":"/api/v1/database-tables","status":200,"duration_ms":7}
{"request_id":"rcc-3d7271aa69583750961422adcb4d5705","method":"GET","path":"/api/v1/query-policy-types","status":200,"duration_ms":1}
{"request_id":"rcc-93ad5090faf2e4ea46781bcac09ef9f8","method":"GET","path":"/api/v1/mutation-policy-types","status":200,"duration_ms":3}
{"request_id":"rcc-70b27b02ba195ae6e1552a4e87a90f03","method":"GET","path":"/api/v1/query-policies","status":200,"duration_ms":4}
{"request_id":"rcc-84ee5bc698aa104ffd031285541bbffd","method":"GET","path":"/api/v1/approval-notifications","status":200,"duration_ms":5}
{"request_id":"rcc-847befe04cba71930ed373d5f3e4309d","method":"GET","path":"/api/v1/mutation-policies","status":200,"duration_ms":6}
{"request_id":"rcc-09889f8b31c4b0b4850e211363c0b1e9","method":"GET","path":"/api/v1/auth/session","status":200,"duration_ms":2}
{"request_id":"rcc-985f8fe955b9684da85401e504468480","method":"GET","path":"/api/v1/mutation-policy-types","status":200,"duration_ms":1}
{"request_id":"rcc-26016793b12896d32db1db768b72e33f","method":"GET","path":"/api/v1/query-policy-types","status":200,"duration_ms":2}
{"request_id":"rcc-e209af777b168975478312c3fc3c7258","method":"GET","path":"/api/v1/approval-notifications","status":200,"duration_ms":3}
{"request_id":"rcc-f881da4acc0f790df352388567d22bc9","method":"GET","path":"/api/v1/mutation-policies","status":200,"duration_ms":3}
{"request_id":"rcc-7d9af6ffb062f865d3c5912a01bdc7d5","method":"GET","path":"/api/v1/query-policies","status":200,"duration_ms":4}
{"request_id":"rcc-18d50632947283d8d98b1b9b7714c7d9","method":"GET","path":"/api/v1/table-policies/:table_name","status":200,"duration_ms":5}
{"request_id":"rcc-dad5121e1956801debcf619d270055c2","method":"GET","path":"/api/v1/table-policies","status":200,"duration_ms":5}
{"request_id":"rcc-37bd8e2b35fc79cdbd011b5f365d32bd","method":"GET","path":"/api/v1/database-tables","status":200,"duration_ms":10}
{"request_id":"rcc-f8b08434bd336b0b086301a90187e320","method":"POST","path":"/api/v1/table-policies/:table_name/enable","status":200,"duration_ms":21}
{"request_id":"rcc-a1ed5cb304d7b4b2a03916eebe8744a0","method":"POST","path":"/api/v1/table-policies/:table_name/enable","status":200,"duration_ms":5}
{"request_id":"rcc-42749acab693252449562c8fb91d7020","method":"GET","path":"/api/v1/table-policies","status":200,"duration_ms":2}
{"request_id":"rcc-c8185152a5fe89020154d59a7de81c8e","method":"GET","path":"/api/v1/table-policies/:table_name","status":200,"duration_ms":2}
{"request_id":"rcc-54054620dbaf5c745d73ae7485dcbc56","method":"GET","path":"/api/v1/database-tables","status":200,"duration_ms":6}
{"request_id":"rcc-c44d8c3f52bcb61454519b1b936e470e","method":"GET","path":"/api/v1/auth/session","status":200,"duration_ms":1}
{"request_id":"rcc-ff1fe90aaf1c0904b5ef83eb94068776","method":"GET","path":"/api/v1/query-policy-types","status":200,"duration_ms":3}
{"request_id":"rcc-f4175a72320f10e49779032b27279998","method":"GET","path":"/api/v1/mutation-policy-types","status":200,"duration_ms":2}
{"request_id":"rcc-181c7a323930b081a0d6b5b723c7f6a2","method":"GET","path":"/api/v1/mutation-policies","status":200,"duration_ms":4}
{"request_id":"rcc-8d26019e9662b1a4984aa004747be88b","method":"GET","path":"/api/v1/query-policies","status":200,"duration_ms":4}
{"request_id":"rcc-f54c1bee5060f3c08c14dc0d6d8541a5","method":"GET","path":"/api/v1/table-policies/:table_name","status":200,"duration_ms":3}
{"request_id":"rcc-3f9317ebe94bdd64e1916cabb82fb351","method":"GET","path":"/api/v1/approval-notifications","status":200,"duration_ms":5}
{"request_id":"rcc-ac29d03daacbac5c5c605050ff5067c0","method":"GET","path":"/api/v1/table-policies","status":200,"duration_ms":5}
{"request_id":"rcc-fad51be4c8eef202dc074312b7af1510","method":"GET","path":"/api/v1/database-tables","status":200,"duration_ms":8}
{"request_id":"rcc-88b09dfefb68a68b498e4f12a1d1b82e","method":"POST","path":"/api/v1/table-policies/:table_name/disable","status":200,"duration_ms":12}
{"request_id":"rcc-8335e39c5a650ad4c074ea48ddeea145","method":"POST","path":"/api/v1/table-policies/:table_name/disable","status":200,"duration_ms":5}
{"request_id":"rcc-6827698fa72dbf687e45cf879634bedf","method":"GET","path":"/api/v1/table-policies","status":200,"duration_ms":2}
{"request_id":"rcc-a9af340a3cc9f919e01f2dfd58ef122b","method":"GET","path":"/api/v1/table-policies/:table_name","status":200,"duration_ms":3}
{"request_id":"rcc-0c1efe07ecef9501fa9df95dde2a53b7","method":"GET","path":"/api/v1/database-tables","status":200,"duration_ms":5}
{"request_id":"rcc-896bedfc007a7c5c0c2a8b29a6dfede1","method":"GET","path":"/api/v1/auth/csrf","status":200,"duration_ms":8}
{"request_id":"rcc-9ca20253ad0ee6969c7c6b2b6cfe1ea9","method":"POST","path":"/api/v1/auth/register","status":201,"duration_ms":45}
