{"request_id":"rcc-23129f88e0e9d93056b5afaeaa7d9f18","method":"GET","path":"/api/v1/auth/csrf","status":200,"duration_ms":7}
{"request_id":"rcc-81164804bf48032eab423a41f43efdf6","method":"POST","path":"/api/v1/auth/register","status":201,"duration_ms":49}
{"request_id":"rcc-f2e7f97d6c2bbb9eea069e0ec3ac8970","method":"GET","path":"/api/v1/auth/session","status":200,"duration_ms":1}
{"request_id":"rcc-a81a51888fa14d6beef53af5e2179080","method":"GET","path":"/api/v1/account-roles","status":200,"duration_ms":1}
{"request_id":"rcc-f2f8d92e0564ac4e15c5dedba0ed4321","method":"GET","path":"/api/v1/auth/session","status":200,"duration_ms":1}
{"request_id":"rcc-caa6e7604920b3cbd9344f6de1073b94","method":"GET","path":"/api/v1/table-policies","status":200,"duration_ms":1}
{"request_id":"rcc-802a2980036af274682e9e5ee0e5f5e3","method":"GET","path":"/api/v1/auth/session","status":200,"duration_ms":1}
{"request_id":"rcc-4e1e58aaeaa8f0a01f83159c183269b4","method":"GET","path":"/api/v1/release-templates","status":200,"duration_ms":1}
{"request_id":"rcc-e7546c31d9009e60e788bde8ef8d9e1a","method":"GET","path":"/api/v1/auth/session","status":200,"duration_ms":1}
{"request_id":"rcc-cec669aafe63be6d9839c1b7420ddfe7","method":"GET","path":"/api/v1/table-policies","status":200,"duration_ms":2}
{"request_id":"rcc-8b02a7d305cf11411d1d17b8866e82d8","method":"GET","path":"/api/v1/auth/session","status":200,"duration_ms":1}
{"request_id":"rcc-3a232a9d147fa4467cb54e7bd6d5769b","method":"GET","path":"/api/v1/table-policies/:table_name/release-templates","status":200,"duration_ms":3}
{"request_id":"rcc-2d38b94e715312adda0b73b11c78eb69","method":"GET","path":"/api/v1/auth/session","status":200,"duration_ms":1}
{"request_id":"rcc-89996e24f4858e5bcd5bc90469518205","method":"PUT","path":"/api/v1/table-policies/:table_name/release-templates/:release_type","status":200,"duration_ms":11}
{"request_id":"rcc-e3b9248366ff90fe11283751d90d72e4","method":"GET","path":"/api/v1/auth/session","status":200,"duration_ms":1}
{"request_id":"rcc-780e28e35365006392a96e57e3c65311","method":"PUT","path":"/api/v1/table-policies/:table_name/release-templates/:release_type","status":200,"duration_ms":10}
{"request_id":"rcc-aa83a8634446199c7266878ff802b1c9","method":"GET","path":"/api/v1/auth/session","status":200,"duration_ms":1}
{"request_id":"rcc-2c989b26717c85af014ab7d35adc747c","method":"GET","path":"/api/v1/table-policies/:table_name/release-templates","status":200,"duration_ms":3}
{"request_id":"rcc-7f90c50dd98cc443ff93cc2d7b80d13e","method":"GET","path":"/api/v1/auth/session","status":200,"duration_ms":0}
{"request_id":"rcc-de92570abe9db5b88dcced6e3cfbd99d","method":"PUT","path":"/api/v1/table-policies/:table_name/release-templates/:release_type","status":200,"duration_ms":11}
{"request_id":"rcc-1ad59ec394e8f0b0f30eef97fa13263e","method":"GET","path":"/api/v1/auth/session","status":200,"duration_ms":1}
{"request_id":"rcc-f58e1364ab33f3e1277c9218018dc460","method":"PUT","path":"/api/v1/table-policies/:table_name/release-templates/:release_type","status":200,"duration_ms":13}
{"request_id":"rcc-0eca0504de7c137254f80fd3eb87203c","method":"GET","path":"/api/v1/auth/session","status":200,"duration_ms":1}
{"request_id":"rcc-1ff705eb1a80d54cac5648822c620b84","method":"GET","path":"/api/v1/table-policies/:table_name/release-templates","status":200,"duration_ms":4}
{"request_id":"rcc-4603e44e785ea11e13cb30a8fe35fc88","method":"GET","path":"/api/v1/auth/session","status":200,"duration_ms":2}
{"request_id":"rcc-d837a9d6b21a62c0d45cbd5eb0633ca5","method":"PUT","path":"/api/v1/table-policies/:table_name/release-templates/:release_type","status":200,"duration_ms":12}
{"request_id":"rcc-c11b5d2f949b930f108fe583e7fd2e10","method":"GET","path":"/api/v1/auth/session","status":200,"duration_ms":1}
{"request_id":"rcc-d66872afbf64d1d2b80092046c8e6d48","method":"PUT","path":"/api/v1/table-policies/:table_name/release-templates/:release_type","status":200,"duration_ms":13}
{"request_id":"rcc-123c993470e1581b526ef23915dbf287","method":"GET","path":"/api/v1/auth/session","status":200,"duration_ms":1}
{"request_id":"rcc-b608a770aafcfb9e044bef1d8afad030","method":"GET","path":"/api/v1/table-policies/:table_name/release-templates","status":200,"duration_ms":3}
{"request_id":"rcc-f8a1cf436dd76ea65232c72bb6f3aba2","method":"GET","path":"/api/v1/auth/session","status":200,"duration_ms":1}
{"request_id":"rcc-e902fcaf11f4c1e37a63bd2ff9fb6023","method":"PUT","path":"/api/v1/table-policies/:table_name/release-templates/:release_type","status":200,"duration_ms":12}
{"request_id":"rcc-516a2643fc9d7d7e72cb4131c855d488","method":"GET","path":"/api/v1/auth/session","status":200,"duration_ms":1}
{"request_id":"rcc-7de609acfdb75f88428e52f2e85330d3","method":"PUT","path":"/api/v1/table-policies/:table_name/release-templates/:release_type","status":200,"duration_ms":12}
{"request_id":"rcc-e4a743aa6b5a425cc2b7737cd84fb628","method":"GET","path":"/api/v1/auth/session","status":200,"duration_ms":1}
{"request_id":"rcc-fd7da322decb134dbbc71d12a885ed23","method":"GET","path":"/api/v1/table-policies/:table_name/release-templates","status":200,"duration_ms":3}
{"request_id":"rcc-416b7ff9bfd8c7980079f0ca23e621f4","method":"GET","path":"/api/v1/auth/session","status":200,"duration_ms":1}
{"request_id":"rcc-3d98e5e83f75788436636622056bb814","method":"PUT","path":"/api/v1/table-policies/:table_name/release-templates/:release_type","status":200,"duration_ms":11}
{"request_id":"rcc-b0e6b727fb0c1965cafe945a19a082ed","method":"GET","path":"/api/v1/auth/session","status":200,"duration_ms":0}
{"request_id":"rcc-523363d1102438fcf88350f17c2c5b53","method":"PUT","path":"/api/v1/table-policies/:table_name/release-templates/:release_type","status":200,"duration_ms":15}
