{"request_id":"rcc-4c47c22481362415a6fbb17b8480eb1d","method":"GET","path":"/api/v1/query-policies","status":401,"duration_ms":0}
{"request_id":"rcc-67ce47ac5054e3a3b61dbafb653fa47d","method":"GET","path":"/api/v1/query-policies","status":401,"duration_ms":0}
{"request_id":"rcc-60768b125b0f5ae0241021ee9307e55b","method":"GET","path":"/api/v1/query-policies","status":401,"duration_ms":0}
{"request_id":"rcc-d411e6e988f4ba9bf1620289d9641544","method":"GET","path":"/api/v1/auth/csrf","status":200,"duration_ms":8}
{"request_id":"rcc-ccac798e9d53f17c66cd0d42b6e01f30","method":"POST","path":"/api/v1/auth/register","status":201,"duration_ms":43}
{"request_id":"rcc-65a09fc8cfd31580da2758392fbab283","method":"GET","path":"/api/v1/auth/session","status":200,"duration_ms":1}
{"request_id":"rcc-6fe92864393b26372e50daa4ebbf76db","method":"GET","path":"/api/v1/account-roles","status":200,"duration_ms":1}
{"request_id":"rcc-620bfb256046bbfacbc7a97e083cf011","method":"GET","path":"/api/v1/query-policies","status":200,"duration_ms":1}
{"request_id":"rcc-74457d93d8373a21f6d1e9d41cc28407","method":"POST","path":"/api/v1/tables/:table_name/query","status":403,"duration_ms":1}
{"request_id":"rcc-70f4a56bb8aa92160ae57ce7fa87fa73","method":"GET","path":"/api/v1/auth/session","status":200,"duration_ms":1}
{"request_id":"rcc-92bfbac87143f0ecdcf1c4a08a253a1c","method":"POST","path":"/api/v1/tables/:table_name/query","status":200,"duration_ms":30}
{"request_id":"rcc-f3a78ad7cb62ba7e8ab71a2352f1cb96","method":"GET","path":"/api/v1/auth/session","status":200,"duration_ms":1}
{"request_id":"rcc-c279cbb73ca8cca76650365c36b208a8","method":"POST","path":"/api/v1/auth/logout","status":204,"duration_ms":4}
{"request_id":"rcc-dd7eb027e755459f7195737b5851f328","method":"GET","path":"/api/v1/query-policies","status":401,"duration_ms":0}
{"request_id":"rcc-68f4b2fda3b555412255152d2951e07e","method":"GET","path":"/api/v1/auth/csrf","status":200,"duration_ms":6}
{"request_id":"rcc-54472c3ea006df4a55698865981a10d7","method":"POST","path":"/api/v1/auth/register","status":201,"duration_ms":47}
{"request_id":"rcc-c54af60045e0665e1becb634e2e9acdf","method":"GET","path":"/api/v1/auth/session","status":200,"duration_ms":1}
{"request_id":"rcc-c54360e675995c937f7ec616dad07d9c","method":"GET","path":"/api/v1/account-roles","status":200,"duration_ms":1}
{"request_id":"rcc-1761d313c806b280a8764b24eb8e2eea","method":"GET","path":"/api/v1/auth/session","status":200,"duration_ms":0}
{"request_id":"rcc-5dbe1d46f008751cdbb11889bea1ff38","method":"PUT","path":"/api/v1/account-roles/:id","status":200,"duration_ms":12}
{"request_id":"rcc-02c9a88a493457dae4d7f48faf085a10","method":"GET","path":"/api/v1/auth/csrf","status":200,"duration_ms":5}
{"request_id":"rcc-91a51dbd1273e521436d2880bf740668","method":"POST","path":"/api/v1/auth/register","status":201,"duration_ms":41}
{"request_id":"rcc-b2135f9c7b4f9e15cedb65576f72ec69","method":"GET","path":"/api/v1/auth/session","status":200,"duration_ms":1}
{"request_id":"rcc-c2d0ecaee1aa03d3d156d5ee840ea79b","method":"GET","path":"/api/v1/account-roles","status":200,"duration_ms":2}
{"request_id":"rcc-b955224daf4cc7acdb15ed926c14bcf5","method":"GET","path":"/api/v1/auth/session","status":200,"duration_ms":1}
{"request_id":"rcc-1fdc1db4525b5755a6b791195f67218d","method":"PUT","path":"/api/v1/account-roles/:id","status":200,"duration_ms":13}
{"request_id":"rcc-dd9d7b21c4adfc60c369459c8105b77e","method":"GET","path":"/api/v1/auth/csrf","status":200,"duration_ms":5}
{"request_id":"rcc-bb99c03609c5c1e0c467157a7a0dce41","method":"POST","path":"/api/v1/auth/register","status":201,"duration_ms":42}
{"request_id":"rcc-f45687578c76c5453875bfe9ee11a5a7","method":"GET","path":"/api/v1/auth/session","status":200,"duration_ms":1}
{"request_id":"rcc-e252301e1fdeaf332a24489a454e7250","method":"GET","path":"/api/v1/account-roles","status":200,"duration_ms":1}
{"request_id":"rcc-7c8cbfc3216b1bb9951bf2208c16bcaf","method":"GET","path":"/api/v1/auth/session","status":200,"duration_ms":0}
{"request_id":"rcc-77be8a26a8fcbff1076de764148a0133","method":"GET","path":"/api/v1/table-policies/:table_name/release-templates","status":200,"duration_ms":3}
{"request_id":"rcc-1c753e628dc73d53684bcf7015cde9b9","method":"GET","path":"/api/v1/auth/session","status":200,"duration_ms":1}
{"request_id":"rcc-724f8fc2ee24f0169389893ea3615d6c","method":"PUT","path":"/api/v1/table-policies/:table_name/release-templates/:release_type","status":200,"duration_ms":11}
{"request_id":"rcc-eb96dc60ec5d857a040f21ce6d0f6194","method":"GET","path":"/api/v1/auth/session","status":200,"duration_ms":1}
{"request_id":"rcc-57618e994086768a9727e3fdb4e80fec","method":"GET","path":"/api/v1/auth/session","status":200,"duration_ms":0}
{"request_id":"rcc-c9bf3479ad1541cf6a3c201f7f9dcd6f","method":"POST","path":"/api/v1/approval-roles","status":201,"duration_ms":14}
{"request_id":"rcc-0ea14cd5b40af527f60bcf02c5cc3c6e","method":"GET","path":"/api/v1/auth/session","status":200,"duration_ms":1}
{"request_id":"rcc-39ed6d1047b56ce5a53a714a434a79ae","method":"GET","path":"/api/v1/table-policies/:table_name/approval-roles","status":200,"duration_ms":3}
{"request_id":"rcc-053a6ef73379552c2361e44f17cd2135","method":"GET","path":"/api/v1/auth/session","status":200,"duration_ms":1}
{"request_id":"rcc-cce4076d5d4341ff750723cebaac02ab","method":"PUT","path":"/api/v1/table-policies/:table_name/approval-roles","status":200,"duration_ms":19}
{"request_id":"rcc-b8b97649af4beab17ec2d2df3ef7185c","method":"GET","path":"/api/v1/auth/csrf","status":200,"duration_ms":5}
{"request_id":"rcc-171ef5838a9524166031d9c3a0bf7972","method":"POST","path":"/api/v1/auth/register","status":201,"duration_ms":41}
{"request_id":"rcc-5a60e131b10fbdbd90cd72ed31821e82","method":"GET","path":"/api/v1/auth/session","status":200,"duration_ms":1}
{"request_id":"rcc-4e5feb272b2e2eb498df30c38c198bad","method":"GET","path":"/api/v1/account-roles","status":200,"duration_ms":1}
{"request_id":"rcc-a099481f729ba22498d4be93605b438e","method":"GET","path":"/api/v1/auth/session","status":200,"duration_ms":1}
{"request_id":"rcc-12979dfd4f21e9c6138af3e413b973f8","method":"PUT","path":"/api/v1/account-roles/:id","status":200,"duration_ms":12}
{"request_id":"rcc-c63f4620f6abd68ce67ba94daac3ea1d","method":"GET","path":"/api/v1/auth/session","status":200,"duration_ms":1}
{"request_id":"rcc-ef5905475f58ef3b5950d2aa8c1c7e88","method":"POST","path":"/api/v1/tables/:table_name/query","status":200,"duration_ms":14}
{"request_id":"rcc-f6f75031d83ec021dbf7125711ce0a42","method":"GET","path":"/api/v1/auth/session","status":200,"duration_ms":1}
{"request_id":"rcc-84dd141634bedf1c0102d4d26eda1448","method":"POST","path":"/api/v1/release-orders","status":201,"duration_ms":37}
{"request_id":"rcc-2b8d545aba8d28b51010de88c94e328d","method":"GET","path":"/api/v1/auth/session","status":200,"duration_ms":1}
{"request_id":"rcc-4500c35e6c6171e9c4d5e7f7f7750cb8","method":"GET","path":"/api/v1/approval-notifications","status":200,"duration_ms":3}
{"request_id":"rcc-917615d4e36a2ecc4a14ddd8f10f77bd","method":"GET","path":"/api/v1/release-orders/:id","status":200,"duration_ms":15}
{"request_id":"rcc-4cb3bb3fc9615ebcbc910a4c90e798c8","method":"GET","path":"/api/v1/table-field-policies/:table_name","status":200,"duration_ms":5}
{"request_id":"rcc-a8dcd0ceaa6d919ad8267014573cc3d1","method":"GET","path":"/api/v1/release-orders/:id/details","status":200,"duration_ms":7}
{"request_id":"rcc-26594287bfa17bb37cb3643828fd8074","method":"GET","path":"/api/v1/release-orders/:id/people","status":200,"duration_ms":21}
{"request_id":"rcc-0fa1d2cf2b43de693eec8f43bb4aabe0","method":"GET","path":"/api/v1/release-orders/:id/details","status":200,"duration_ms":6}
{"request_id":"rcc-91731f71262120dcda0fb986d2e49f2c","method":"POST","path":"/api/v1/auth/activity","status":200,"duration_ms":10}
{"request_id":"rcc-798bcba14e56de9c7904565c5f805460","method":"POST","path":"/api/v1/release-orders/:id/submit","status":200,"duration_ms":87}
{"request_id":"rcc-44ef4fc66aa4ffe1fbb318debb458cc6","method":"GET","path":"/api/v1/approval-notifications","status":200,"duration_ms":3}
{"request_id":"rcc-7597593ebd5cfd7b1988b8ec0d8d229b","method":"GET","path":"/api/v1/release-orders/:id","status":200,"duration_ms":12}
{"request_id":"rcc-98e49c3032792890c3926290ad23f60d","method":"GET","path":"/api/v1/release-orders/:id/people","status":200,"duration_ms":13}
{"request_id":"rcc-83bc058a4444aae65cb93dce5ca0b497","method":"GET","path":"/api/v1/release-orders/:id/details","status":200,"duration_ms":5}
{"request_id":"rcc-0ad89e59a84eb3119ca6008b6f4b25b8","method":"GET","path":"/api/v1/auth/session","status":200,"duration_ms":1}
{"request_id":"rcc-49b33cc3da126a1a8a7a819e355c0659","method":"GET","path":"/api/v1/approval-notifications","status":200,"duration_ms":3}
{"request_id":"rcc-e11d68898e56675770363e83459b52e0","method":"GET","path":"/api/v1/release-orders/:id","status":200,"duration_ms":13}
{"request_id":"rcc-0dca808a1e7ddbcd87a433b63043729b","method":"GET","path":"/api/v1/table-field-policies/:table_name","status":200,"duration_ms":6}
{"request_id":"rcc-108caa7ea3bb0c2c6e0a797023e692f8","method":"GET","path":"/api/v1/release-orders/:id/details","status":200,"duration_ms":8}
{"request_id":"rcc-78ceb88a8f7ad2ce13bc0f741729880b","method":"POST","path":"/api/v1/release-orders/:id/notification-read","status":200,"duration_ms":16}
{"request_id":"rcc-90632ed5ac9aeb8fb3cf0e4c52e027d8","method":"GET","path":"/api/v1/release-orders/:id/people","status":200,"duration_ms":19}
{"request_id":"rcc-4ae823110abc695b4fd656825e1aa4fd","method":"GET","path":"/api/v1/approval-notifications","status":200,"duration_ms":2}
{"request_id":"rcc-e6c769f9ed39f5040ff62f517dc6abb9","method":"GET","path":"/api/v1/release-orders/:id/details","status":200,"duration_ms":7}
{"request_id":"rcc-dadd54546a8dad8e23d1bba6a6fe56ad","method":"POST","path":"/api/v1/auth/activity","status":200,"duration_ms":10}
{"request_id":"rcc-9e624e8a8f6aabd384471f5ed8159a04","method":"POST","path":"/api/v1/release-orders/:id/approve","status":200,"duration_ms":41}
{"request_id":"rcc-8fefdbf4020971cbb30719bee045f19a","method":"GET","path":"/api/v1/approval-notifications","status":200,"duration_ms":3}
{"request_id":"rcc-421510f49efed1bd056616b363e17a90","method":"GET","path":"/api/v1/release-orders/:id","status":200,"duration_ms":11}
{"request_id":"rcc-1260e5ac235fd1a9ce6605e2ed6fba74","method":"GET","path":"/api/v1/release-orders/:id/people","status":200,"duration_ms":12}
{"request_id":"rcc-cce2d4a66634fa67e1dda81af56fc037","method":"GET","path":"/api/v1/release-orders/:id/details","status":200,"duration_ms":6}
{"request_id":"rcc-c463e1bccf7e29caae80f656ee834d28","method":"GET","path":"/api/v1/auth/session","status":200,"duration_ms":2}
{"request_id":"rcc-89f6b2f5e404d7eb82bd48c65af64891","method":"GET","path":"/api/v1/approval-notifications","status":200,"duration_ms":3}
{"request_id":"rcc-e5ad48a9b65eefbf9a3530ac3512ffc7","method":"GET","path":"/api/v1/release-orders/:id","status":200,"duration_ms":15}
{"request_id":"rcc-acd141ffa45936a0ead4e39b35c92a28","method":"GET","path":"/api/v1/table-field-policies/:table_name","status":200,"duration_ms":6}
{"request_id":"rcc-9cbbd2f91f5fae09655a42647e1b859f","method":"GET","path":"/api/v1/release-orders/:id/details","status":200,"duration_ms":7}
{"request_id":"rcc-7beee2272fd4fcd114863c656e57c41b","method":"GET","path":"/api/v1/release-orders/:id/people","status":200,"duration_ms":15}
{"request_id":"rcc-5d5f0adb2999c22e21028050b4d7aedd","method":"GET","path":"/api/v1/release-orders/:id/details","status":200,"duration_ms":7}
{"request_id":"rcc-dc0a6db62339b2737dcc9442d2739f17","method":"POST","path":"/api/v1/auth/activity","status":200,"duration_ms":11}
{"request_id":"rcc-c99886a9faa071d385da3fb9a80e567c","method":"POST","path":"/api/v1/release-orders/:id/execute","status":200,"duration_ms":103}
{"request_id":"rcc-772b97e13860e608ba3bc7b03f3c9a45","method":"GET","path":"/api/v1/approval-notifications","status":200,"duration_ms":3}
{"request_id":"rcc-9c2b7901dfbc0d36ee1b34b4949a7448","method":"GET","path":"/api/v1/release-orders/:id","status":200,"duration_ms":13}
{"request_id":"rcc-8589d72954d147fb2827be84f47abdcb","method":"GET","path":"/api/v1/release-orders/:id/people","status":200,"duration_ms":14}
{"request_id":"rcc-a6922571b3e9f48f1caed38da22a4967","method":"GET","path":"/api/v1/release-orders/:id/details","status":200,"duration_ms":7}
{"request_id":"rcc-dcd1319ee6e34212bb56308b47a94db3","method":"GET","path":"/api/v1/auth/session","status":200,"duration_ms":1}
{"request_id":"rcc-c7eb5da929ea992ecad3dec47709ac5c","method":"POST","path":"/api/v1/tables/:table_name/query","status":200,"duration_ms":11}
{"request_id":"rcc-a09b2b81e36c7285092ae0c4c341c189","method":"GET","path":"/api/v1/release-orders/:id/details","status":200,"duration_ms":8}
{"request_id":"rcc-12b6d7b3d7f22fdccd23492ee0648384","method":"GET","path":"/api/v1/auth/session","status":200,"duration_ms":1}
{"request_id":"rcc-5e2bd673743a5009e6f09e3fee9d57f8","method":"GET","path":"/api/v1/release-orders/:id","status":200,"duration_ms":10}
{"request_id":"rcc-d2ec80eadae960ad1b5dade56c1ac67c","method":"GET","path":"/api/v1/auth/session","status":200,"duration_ms":1}
{"request_id":"rcc-658a0955a58ac0d70124255da978106f","method":"GET","path":"/api/v1/release-orders/:id/details","status":200,"duration_ms":6}
{"request_id":"rcc-cc42a1ad0e873aceff0cf2bcb6df5172","method":"GET","path":"/api/v1/release-orders/:id/details","status":200,"duration_ms":8}
{"request_id":"rcc-a788b7eb328e5303de96e35a3c15193a","method":"POST","path":"/api/v1/release-orders/:id/complete","status":200,"duration_ms":36}
{"request_id":"rcc-f3dbf8a2bb0c660b9fd503832907759d","method":"GET","path":"/api/v1/approval-notifications","status":200,"duration_ms":2}
{"request_id":"rcc-8d101562f3b70e1e95f9f331052bfb8c","method":"GET","path":"/api/v1/release-orders/:id","status":200,"duration_ms":9}
{"request_id":"rcc-cec8454003a6882afc42ba03fac10b78","method":"GET","path":"/api/v1/release-orders/:id/details","status":200,"duration_ms":6}
{"request_id":"rcc-52ed25857823e1e0dd6f4df96779c4b9","method":"GET","path":"/api/v1/auth/session","status":200,"duration_ms":1}
{"request_id":"rcc-f384cb1cf73cfb0c1e35533807da89ae","method":"GET","path":"/api/v1/approval-notifications","status":200,"duration_ms":2}
{"request_id":"rcc-36b16b192cde57c14bf0f609bc1ad58b","method":"GET","path":"/api/v1/release-orders/:id","status":200,"duration_ms":11}
{"request_id":"rcc-a3b35a6244db31e5bc65b45e692836af","method":"GET","path":"/api/v1/table-field-policies/:table_name","status":200,"duration_ms":7}
{"request_id":"rcc-507ce12683a005d9f8c70945ec3eb380","method":"GET","path":"/api/v1/release-orders/:id/details","status":200,"duration_ms":8}
{"request_id":"rcc-e6faaee65aa3dff48c34d9c7bfe5d1fb","method":"GET","path":"/api/v1/release-orders/:id/people","status":200,"duration_ms":15}
{"request_id":"rcc-68627dbe43d31e9a75748fda86a9c8f8","method":"GET","path":"/api/v1/release-orders/:id/details","status":200,"duration_ms":8}
{"request_id":"rcc-065a8f665395e917d6782862d437e5aa","method":"POST","path":"/api/v1/release-orders/:id/complete","status":200,"duration_ms":26}
{"request_id":"rcc-386257c7ad30f47d8900909ddab65560","method":"GET","path":"/api/v1/approval-notifications","status":200,"duration_ms":4}
{"request_id":"rcc-9544cff7e387053eaf334dd14a8569a8","method":"GET","path":"/api/v1/auth/session","status":200,"duration_ms":1}
{"request_id":"rcc-ca2e42d0b80d3d3c42f81f21d6a05832","method":"GET","path":"/api/v1/release-orders/:id","status":200,"duration_ms":14}
{"request_id":"rcc-29b9f737ecfaf343784fd8a86367d8c1","method":"GET","path":"/api/v1/release-orders/:id/people","status":200,"duration_ms":16}
{"request_id":"rcc-6981a30ed2bd720b8b0c91afd29d102d","method":"POST","path":"/api/v1/tables/:table_name/query","status":200,"duration_ms":14}
{"request_id":"rcc-2d483deb18b77b02e1f082964a239ae2","method":"GET","path":"/api/v1/auth/session","status":200,"duration_ms":1}
{"request_id":"rcc-6b0ba5df20f799540fd0057923aef983","method":"GET","path":"/api/v1/release-orders/:id","status":200,"duration_ms":9}
{"request_id":"rcc-ae300e021c4d3838e6a852f6346debf3","method":"GET","path":"/api/v1/auth/session","status":200,"duration_ms":1}
{"request_id":"rcc-9ca0f1108671e300fe3beae18805dd33","method":"GET","path":"/api/v1/release-orders/:id/details","status":200,"duration_ms":5}
{"request_id":"rcc-8c597e7078200b731c0b63f30819b4c1","method":"GET","path":"/api/v1/auth/session","status":200,"duration_ms":1}
{"request_id":"rcc-189c73e7be45825b0266562516133637","method":"GET","path":"/api/v1/auth/session","status":200,"duration_ms":1}
{"request_id":"rcc-356971cd0ea75937914ee6cf0ad33473","method":"GET","path":"/api/v1/approval-notifications","status":200,"duration_ms":2}
{"request_id":"rcc-986da23d6f11f26e3702c16ae5f105af","method":"GET","path":"/api/v1/release-orders/:id","status":200,"duration_ms":12}
{"request_id":"rcc-2a82d6c4fa749bbeedee0408a65aab2b","method":"GET","path":"/api/v1/table-field-policies/:table_name","status":200,"duration_ms":7}
{"request_id":"rcc-a14106628bc79c200599296d1a825bcb","method":"GET","path":"/api/v1/release-orders/:id/details","status":200,"duration_ms":9}
{"request_id":"rcc-93744e2ca8bcbdcfeea3aa00ae02a979","method":"GET","path":"/api/v1/release-orders/:id/people","status":200,"duration_ms":16}
{"request_id":"rcc-e5dddd35f8b61e6ee53a308aa836709c","method":"POST","path":"/api/v1/release-orders/:id/notification-read","status":200,"duration_ms":27}
{"request_id":"rcc-7c00e777070a1ab25e32ffcb6d4655b4","method":"GET","path":"/api/v1/approval-notifications","status":200,"duration_ms":2}
{"request_id":"rcc-f10ba2541f6d4d158130f83bab7c6b75","method":"POST","path":"/api/v1/release-orders","status":201,"duration_ms":53}
{"request_id":"rcc-009ca4488389f9a665b054a5c5d8ec68","method":"GET","path":"/api/v1/auth/session","status":200,"duration_ms":1}
{"request_id":"rcc-26918ad2a9e836a9719e3cb432644d63","method":"GET","path":"/api/v1/approval-notifications","status":200,"duration_ms":3}
{"request_id":"rcc-48052a37c8dd538f85556c721b57e1a8","method":"GET","path":"/api/v1/release-orders/:id","status":200,"duration_ms":15}
{"request_id":"rcc-15533e15d8b07587e52bcac8debb06fe","method":"GET","path":"/api/v1/table-field-policies/:table_name","status":200,"duration_ms":7}
{"request_id":"rcc-0d4d853b17cfa9f4deef661b50dddd91","method":"GET","path":"/api/v1/release-orders/:id/details","status":200,"duration_ms":8}
{"request_id":"rcc-ba976b7e5bad64e59ce57d81f7270126","method":"GET","path":"/api/v1/release-orders/:id/people","status":200,"duration_ms":20}
{"request_id":"rcc-ce9e10a7353a246ecc777456cdaf795f","method":"GET","path":"/api/v1/release-orders/:id/details","status":200,"duration_ms":9}
{"request_id":"rcc-e89da30f5d40e0315ba0049c2d62e02d","method":"POST","path":"/api/v1/release-orders/:id/submit","status":200,"duration_ms":88}
{"request_id":"rcc-837b0000b5292244f18f31c950044622","method":"GET","path":"/api/v1/approval-notifications","status":200,"duration_ms":3}
{"request_id":"rcc-d8e4956caaa0f6b409a8ffe52a76468c","method":"GET","path":"/api/v1/release-orders/:id","status":200,"duration_ms":13}
{"request_id":"rcc-8e027a80570e0098c23b8328ef3c2c1c","method":"GET","path":"/api/v1/release-orders/:id/people","status":200,"duration_ms":14}
{"request_id":"rcc-af549726e2d32641ad5b7e86206f0ead","method":"GET","path":"/api/v1/release-orders/:id/details","status":200,"duration_ms":6}
{"request_id":"rcc-8fe7db4a19aa6b0f4f68c9fa7bca1654","method":"GET","path":"/api/v1/auth/session","status":200,"duration_ms":2}
{"request_id":"rcc-b1b882552971f50aeb63668802b311df","method":"GET","path":"/api/v1/approval-notifications","status":200,"duration_ms":3}
{"request_id":"rcc-5d785861d870ccb7eda05e74ba048550","method":"GET","path":"/api/v1/release-orders/:id","status":200,"duration_ms":12}
{"request_id":"rcc-0740c31741fb9a732a9041d45a1ec879","method":"GET","path":"/api/v1/table-field-policies/:table_name","status":200,"duration_ms":7}
{"request_id":"rcc-828b978e29c7d933d55ee360605bf558","method":"GET","path":"/api/v1/release-orders/:id/details","status":200,"duration_ms":8}
{"request_id":"rcc-ac79387e131597d1f7bd6546f1c46876","method":"POST","path":"/api/v1/release-orders/:id/notification-read","status":200,"duration_ms":14}
{"request_id":"rcc-8976ed27edf8d9e4f631e94bc035064a","method":"GET","path":"/api/v1/release-orders/:id/people","status":200,"duration_ms":13}
{"request_id":"rcc-f38b36b7a8a519d76a916ec834e22590","method":"GET","path":"/api/v1/approval-notifications","status":200,"duration_ms":2}
{"request_id":"rcc-332be5781cfb020bb025852a03377943","method":"GET","path":"/api/v1/release-orders/:id/details","status":200,"duration_ms":9}
{"request_id":"rcc-2eb48a462b8b35f7d31827b87c142e38","method":"POST","path":"/api/v1/release-orders/:id/approve","status":200,"duration_ms":47}
{"request_id":"rcc-23627adeda723c06c649777dc6cd68db","method":"GET","path":"/api/v1/approval-notifications","status":200,"duration_ms":3}
{"request_id":"rcc-826d63f68d3b3fa9d0007975e217dbed","method":"GET","path":"/api/v1/release-orders/:id","status":200,"duration_ms":12}
{"request_id":"rcc-b3c06fca473d921021106a0bd0f6446c","method":"GET","path":"/api/v1/release-orders/:id/people","status":200,"duration_ms":15}
{"request_id":"rcc-c6784fee1f379a3a7bbfa772132322c3","method":"GET","path":"/api/v1/release-orders/:id/details","status":200,"duration_ms":7}
{"request_id":"rcc-19864ea9eaed18a99e00fd85870660d7","method":"GET","path":"/api/v1/auth/session","status":200,"duration_ms":1}
{"request_id":"rcc-9bca5de8f34df1414ee60aa2bcee0df6","method":"GET","path":"/api/v1/approval-notifications","status":200,"duration_ms":3}
{"request_id":"rcc-9547bcbbdbccfaa02b336a46a3482597","method":"GET","path":"/api/v1/release-orders/:id","status":200,"duration_ms":12}
{"request_id":"rcc-7682a00932a021417f325ea6767f54e0","method":"GET","path":"/api/v1/table-field-policies/:table_name","status":200,"duration_ms":7}
{"request_id":"rcc-a1ba4e3584dbdbf1c33c488a8a6b919b","method":"GET","path":"/api/v1/release-orders/:id/details","status":200,"duration_ms":9}
{"request_id":"rcc-3154b4873fbd55f31c079cf1896197e1","method":"GET","path":"/api/v1/release-orders/:id/people","status":200,"duration_ms":14}
{"request_id":"rcc-672866305bf9e17078f48fcde66af0a0","method":"GET","path":"/api/v1/release-orders/:id/details","status":200,"duration_ms":9}
{"request_id":"rcc-28b87c269d720f9976fa203c3ec19f3e","method":"POST","path":"/api/v1/release-orders/:id/execute","status":200,"duration_ms":106}
{"request_id":"rcc-8f7089b6ea8ecb527b651ba97a1d5104","method":"GET","path":"/api/v1/approval-notifications","status":200,"duration_ms":2}
{"request_id":"rcc-e2c7281a1f6bef405b08ca46b5c5ef45","method":"GET","path":"/api/v1/release-orders/:id","status":200,"duration_ms":12}
{"request_id":"rcc-e72ddb3473fd63b7d435358dce5580a7","method":"GET","path":"/api/v1/release-orders/:id/people","status":200,"duration_ms":14}
{"request_id":"rcc-87646dbb6608f52035d33f086b453e3e","method":"GET","path":"/api/v1/release-orders/:id/details","status":200,"duration_ms":7}
{"request_id":"rcc-82893ffc35598b4cc759ce5697cc8bdc","method":"GET","path":"/api/v1/auth/session","status":200,"duration_ms":2}
{"request_id":"rcc-193a047f104494924badafbf2d27e06a","method":"GET","path":"/api/v1/approval-notifications","status":200,"duration_ms":3}
{"request_id":"rcc-d8819fc516bd143ad34ccd46d814ca94","method":"GET","path":"/api/v1/auth/session","status":200,"duration_ms":1}
{"request_id":"rcc-bce387ffec0ff5b4bdf19480a657f5f1","method":"GET","path":"/api/v1/release-orders/:id","status":200,"duration_ms":14}
{"request_id":"rcc-f0c36f69dfc23a13867ddc876f1156ce","method":"GET","path":"/api/v1/table-field-policies/:table_name","status":200,"duration_ms":8}
{"request_id":"rcc-88218d9e6cce4dc5230bb3b43e0e7128","method":"GET","path":"/api/v1/release-orders/:id/details","status":200,"duration_ms":11}
{"request_id":"rcc-2fcd7f5f282afe99fdf44d9a3467e541","method":"POST","path":"/api/v1/tables/:table_name/query","status":200,"duration_ms":22}
{"request_id":"rcc-83dac293fdcf7c6b4d1d373c52eb2718","method":"GET","path":"/api/v1/release-orders/:id/people","status":200,"duration_ms":16}
{"request_id":"rcc-2cafb53d7a625174107aec03cd863770","method":"POST","path":"/api/v1/release-orders/:id/notification-read","status":200,"duration_ms":18}
{"request_id":"rcc-4f49b5ce56b67a3d80555847f83aabae","method":"GET","path":"/api/v1/approval-notifications","status":200,"duration_ms":2}
{"request_id":"rcc-e1ac9a17e6293ec16f943a899666ea30","method":"GET","path":"/api/v1/release-orders/:id","status":200,"duration_ms":13}
{"request_id":"rcc-a374299be790eff6dc995280a5e3fe2a","method":"POST","path":"/api/v1/release-orders/:id/quick-rollback/preview","status":200,"duration_ms":136}
{"request_id":"rcc-122e62e37991d864a09367bb34d88251","method":"GET","path":"/api/v1/approval-notifications","status":200,"duration_ms":2}
{"request_id":"rcc-ca9955a82d45bc215e1aac8d377807e3","method":"GET","path":"/api/v1/release-orders/:id","status":200,"duration_ms":11}
{"request_id":"rcc-6a5b5c65e43665dce60bea3269908ae9","method":"GET","path":"/api/v1/release-orders/:id/people","status":200,"duration_ms":11}
{"request_id":"rcc-cc3aa9c4c076c797353f5bdc9578b6ab","method":"GET","path":"/api/v1/release-orders/:id/details","status":200,"duration_ms":10}
{"request_id":"rcc-448813339a0962a779a603883b63dee1","method":"GET","path":"/api/v1/auth/session","status":200,"duration_ms":2}
{"request_id":"rcc-f91efbd16c7d9830ae2a65a9b17f9d9f","method":"GET","path":"/api/v1/release-orders/:id","status":200,"duration_ms":10}
{"request_id":"rcc-3fc408eb658ebd4bbb29451a54d098fe","method":"GET","path":"/api/v1/auth/session","status":200,"duration_ms":1}
{"request_id":"rcc-3a4587d25ebed09ced9654f055b203b9","method":"GET","path":"/api/v1/release-orders/:id/details","status":200,"duration_ms":5}
{"request_id":"rcc-256cb9502145c4e622b6a33ca657fb62","method":"GET","path":"/api/v1/auth/session","status":200,"duration_ms":1}
{"request_id":"rcc-ed393a9846033240c4f4f16863233920","method":"POST","path":"/api/v1/tables/:table_name/query","status":200,"duration_ms":14}
{"request_id":"rcc-4720790c0837cd253b6d78f8e0c6f61c","method":"GET","path":"/api/v1/release-orders/:id","status":200,"duration_ms":12}
{"request_id":"rcc-9fe9d23755138b893054f4d573a3136a","method":"POST","path":"/api/v1/release-orders/:id/quick-rollback/preview","status":200,"duration_ms":131}
{"request_id":"rcc-4c3a927505e250a21d06fa0ec076e001","method":"GET","path":"/api/v1/approval-notifications","status":200,"duration_ms":3}
{"request_id":"rcc-a783bf241f930b288680829306856064","method":"GET","path":"/api/v1/release-orders/:id","status":200,"duration_ms":13}
{"request_id":"rcc-54758155c6df203b13f74c8f5c97b215","method":"GET","path":"/api/v1/release-orders/:id/people","status":200,"duration_ms":15}
{"request_id":"rcc-c4c7bd6938b3da1c4a35cae0556d9fc5","method":"POST","path":"/api/v1/release-orders/:id/quick-rollback","status":200,"duration_ms":113}
{"request_id":"rcc-d781b4ecb1826d654da2ac92dc7cd5cd","method":"GET","path":"/api/v1/approval-notifications","status":200,"duration_ms":2}
{"request_id":"rcc-672d62747dd5f093975400b237c5bc9b","method":"GET","path":"/api/v1/release-orders/:id","status":200,"duration_ms":10}
{"request_id":"rcc-6e72855fc60822262c22d1f5501c6543","method":"GET","path":"/api/v1/release-orders/:id/details","status":200,"duration_ms":7}
{"request_id":"rcc-15a243e9e4bad2f3341e508f46c2f8b3","method":"GET","path":"/api/v1/auth/session","status":200,"duration_ms":2}
{"request_id":"rcc-6b79e8dd33e36bfc988d253afb02c582","method":"GET","path":"/api/v1/approval-notifications","status":200,"duration_ms":2}
{"request_id":"rcc-01ff315d6a45b25c04a6a9c1d753eba5","method":"GET","path":"/api/v1/release-orders/:id","status":200,"duration_ms":13}
{"request_id":"rcc-df0dd2e4141fc1a278be2ead155f2b2b","method":"GET","path":"/api/v1/table-field-policies/:table_name","status":200,"duration_ms":7}
{"request_id":"rcc-109888bbeba983117d437e7fd4c7591a","method":"GET","path":"/api/v1/release-orders/:id/details","status":200,"duration_ms":9}
{"request_id":"rcc-97a3dfeaf8ee3aa66e12885614e88db4","method":"GET","path":"/api/v1/release-orders/:id/people","status":200,"duration_ms":15}
{"request_id":"rcc-4740e703a0f082e1a7936fdd69039d0b","method":"GET","path":"/api/v1/release-orders/:id","status":200,"duration_ms":14}
{"request_id":"rcc-1ed67d99edef59074868d4670d1a79c7","method":"POST","path":"/api/v1/release-orders/:id/quick-rollback","status":200,"duration_ms":22}
{"request_id":"rcc-591111407c2424694ae8f43efdfe665f","method":"GET","path":"/api/v1/approval-notifications","status":200,"duration_ms":3}
{"request_id":"rcc-113bdd7d6a52d7967389b470c49053d9","method":"GET","path":"/api/v1/release-orders/:id","status":200,"duration_ms":12}
{"request_id":"rcc-9062d0047371de512b2a66966adba0f2","method":"GET","path":"/api/v1/release-orders/:id/people","status":200,"duration_ms":14}
{"request_id":"rcc-14d00ffc8ebeb298b72bcb5bdf705424","method":"GET","path":"/api/v1/approval-notifications","status":200,"duration_ms":5}
{"request_id":"rcc-867e493b07fc441e1f9be0b7273afc82","method":"GET","path":"/api/v1/auth/session","status":200,"duration_ms":2}
{"request_id":"rcc-db364f95d919bfceb7f0c667819ac563","method":"GET","path":"/api/v1/release-orders/:id","status":200,"duration_ms":9}
{"request_id":"rcc-ced19bfe3d14ef3e3b5e65d20e9b0a97","method":"GET","path":"/api/v1/auth/session","status":200,"duration_ms":1}
{"request_id":"rcc-f5cacb448e95849a7f14451237d61246","method":"GET","path":"/api/v1/release-orders/:id/details","status":200,"duration_ms":6}
{"request_id":"rcc-719818648a8f5bb36948239113b37c7a","method":"GET","path":"/api/v1/auth/session","status":200,"duration_ms":1}
{"request_id":"rcc-d19a4115345552a5072c83830cb46a83","method":"POST","path":"/api/v1/tables/:table_name/query","status":200,"duration_ms":13}
{"request_id":"rcc-626ff7e418bb677633a1dd088d75c096","method":"GET","path":"/api/v1/auth/session","status":200,"duration_ms":0}
{"request_id":"rcc-72e54ddb8d6b1d49f8626e5bd96d449b","method":"GET","path":"/api/v1/auth/session","status":200,"duration_ms":1}
{"request_id":"rcc-7d58b6da90830a72dd8c41de2de5d046","method":"GET","path":"/api/v1/auth/session","status":200,"duration_ms":1}
{"request_id":"rcc-b0c6bc3ec915c185a27b747de2977341","method":"GET","path":"/api/v1/release-orders/:id","status":200,"duration_ms":10}
{"request_id":"rcc-149f61a981695782ad9cdc39f6ab6da5","method":"GET","path":"/api/v1/auth/session","status":200,"duration_ms":1}
{"request_id":"rcc-0231f57279c9f1326c4857b4b03936b3","method":"GET","path":"/api/v1/release-orders/:id/details","status":200,"duration_ms":6}
{"request_id":"rcc-1eecb2b5653d955ae9b7d3c9eaaf31cd","method":"GET","path":"/api/v1/auth/csrf","status":200,"duration_ms":7}
{"request_id":"rcc-0add3a76e9b74e4bbdc80a48ece86e56","method":"POST","path":"/api/v1/auth/register","status":201,"duration_ms":44}
{"request_id":"rcc-773088bf17445b7df0d9dc73eb8e13f9","method":"GET","path":"/api/v1/auth/session","status":200,"duration_ms":0}
{"request_id":"rcc-8266b4150ff28b6073ea1ac2a371b874","method":"GET","path":"/api/v1/account-roles","status":200,"duration_ms":1}
{"request_id":"rcc-e03217c7529c931b03109ec655602e23","method":"GET","path":"/api/v1/auth/session","status":200,"duration_ms":0}
{"request_id":"rcc-6163ffe0679e133f725e4e3a329f0ab1","method":"PUT","path":"/api/v1/account-roles/:id","status":200,"duration_ms":11}
{"request_id":"rcc-3ce6e53ef60fe5cc5fd7ad7d9fdf2baf","method":"GET","path":"/api/v1/auth/session","status":200,"duration_ms":1}
{"request_id":"rcc-2e41fa0ee11c63f9665e2252922e49f0","method":"POST","path":"/api/v1/release-orders","status":201,"duration_ms":29}
{"request_id":"rcc-86aa10097c649ee9d7efa5c6822a7778","method":"GET","path":"/api/v1/auth/session","status":200,"duration_ms":0}
{"request_id":"rcc-a1c8a649417bbb93a144c503f0f7111f","method":"POST","path":"/api/v1/release-orders/:id/submit","status":200,"duration_ms":62}
{"request_id":"rcc-23e9aa75b4eb789fbaffbd807ae84d10","method":"GET","path":"/api/v1/auth/session","status":200,"duration_ms":0}
{"request_id":"rcc-5663f09164f64c00e8c1808c8faa4723","method":"GET","path":"/api/v1/release-orders/:id","status":200,"duration_ms":8}
{"request_id":"rcc-54542981485a9fda2c69017e0e6c3d8a","method":"GET","path":"/api/v1/auth/session","status":200,"duration_ms":0}
{"request_id":"rcc-8da6deb483a38974532ff0744876fd59","method":"POST","path":"/api/v1/release-orders/:id/approve","status":200,"duration_ms":24}
{"request_id":"rcc-edf6a66d266ad360f82b1ee3ab9f92ab","method":"GET","path":"/api/v1/auth/session","status":200,"duration_ms":0}
{"request_id":"rcc-f6d876a503be7485c5e173caf410f11e","method":"POST","path":"/api/v1/release-orders/:id/execute","status":200,"duration_ms":76}
{"request_id":"rcc-35c2c3413daf1e9eeb556b515f022625","method":"GET","path":"/api/v1/approval-notifications","status":200,"duration_ms":2}
{"request_id":"rcc-65ec0d78e12072e57a595af5e680d738","method":"GET","path":"/api/v1/release-orders","status":200,"duration_ms":15}
{"request_id":"rcc-94be3fa7f107c09da37c912f6b35ab23","method":"GET","path":"/api/v1/approval-notifications","status":200,"duration_ms":2}
{"request_id":"rcc-97030e612cf1353406b15b502d658ba2","method":"GET","path":"/api/v1/release-orders/:id","status":200,"duration_ms":10}
{"request_id":"rcc-aa08d96a8b011887535d64b3b74f4e3c","method":"GET","path":"/api/v1/table-field-policies/:table_name","status":200,"duration_ms":6}
{"request_id":"rcc-dfb8648944e04deb275f5ce13ffe5d87","method":"GET","path":"/api/v1/release-orders/:id/details","status":200,"duration_ms":7}
{"request_id":"rcc-d3ffbfbc67c358276bc42e8b9771ce8c","method":"GET","path":"/api/v1/release-orders/:id/people","status":200,"duration_ms":11}
{"request_id":"rcc-94bc4a893da3901b7a1ad18a4d733bde","method":"GET","path":"/api/v1/release-orders/:id","status":200,"duration_ms":12}
{"request_id":"rcc-7d69c2e3378c6b1145ba9bfbb98a8c23","method":"POST","path":"/api/v1/release-orders/:id/quick-rollback/preview","status":200,"duration_ms":136}
{"request_id":"rcc-09b75129465e5d04a2b1e0aa346a976e","method":"GET","path":"/api/v1/approval-notifications","status":200,"duration_ms":5}
{"request_id":"rcc-4309601648e319e58ddf00f8ee822ff1","method":"GET","path":"/api/v1/release-orders/:id","status":200,"duration_ms":12}
{"request_id":"rcc-dab9b7e003374d64d0f43fdb4981f431","method":"GET","path":"/api/v1/release-orders/:id/people","status":200,"duration_ms":14}
{"request_id":"rcc-ddcbd63be3da1d00f1e703159462bb53","method":"GET","path":"/api/v1/release-orders/:id/details","status":200,"duration_ms":15}
{"request_id":"rcc-87af1c62c0717fe5d403bbc57c05e971","method":"GET","path":"/api/v1/auth/session","status":200,"duration_ms":1}
{"request_id":"rcc-2f269b5dc1a6cb6a4008c01e1a404c3f","method":"GET","path":"/api/v1/release-orders/:id","status":200,"duration_ms":12}
{"request_id":"rcc-004a23449cba232b4660febe82684874","method":"GET","path":"/api/v1/auth/session","status":200,"duration_ms":1}
{"request_id":"rcc-4ceb05e36df7da68cd575e977e493815","method":"POST","path":"/api/v1/release-orders/:id/complete","status":200,"duration_ms":36}
{"request_id":"rcc-0cc2dc6fe59b07b298638996dae90727","method":"GET","path":"/api/v1/auth/session","status":200,"duration_ms":1}
{"request_id":"rcc-1b79bb5018179cbf6ec8cb844608235a","method":"GET","path":"/api/v1/release-orders/:id","status":200,"duration_ms":10}
{"request_id":"rcc-9fb05e49cea8d2a5e33645ca1883dff6","method":"GET","path":"/api/v1/auth/session","status":200,"duration_ms":1}
{"request_id":"rcc-1b63b396d1be77a43c1d6bcb7fec5578","method":"GET","path":"/api/v1/release-orders/:id/details","status":200,"duration_ms":7}
{"request_id":"rcc-3f104caf0a64e227ceafb17ad8a6bf13","method":"POST","path":"/api/v1/release-orders/:id/quick-rollback","status":409,"duration_ms":13}
{"request_id":"rcc-6901c1c3e0f670d83c01a7c07511a266","method":"GET","path":"/api/v1/approval-notifications","status":200,"duration_ms":2}
{"request_id":"rcc-d16810b6367eb67556f89f171b212646","method":"GET","path":"/api/v1/release-orders/:id","status":200,"duration_ms":14}
{"request_id":"rcc-a5fcf31840930853ef8510bea4416a62","method":"GET","path":"/api/v1/release-orders/:id/details","status":200,"duration_ms":9}
{"request_id":"rcc-1b30b66a982e99120a8dc05fadd66d36","method":"GET","path":"/api/v1/release-orders/:id","status":200,"duration_ms":10}
{"request_id":"rcc-dbf0d2730817a2bd4a10ad5c993a4627","method":"GET","path":"/api/v1/release-orders/:id/details","status":200,"duration_ms":5}
{"request_id":"rcc-d23b571c0bf9dd2d0ab781cc867ee45a","method":"GET","path":"/api/v1/table-field-policies/:table_name","status":200,"duration_ms":6}
{"request_id":"rcc-25c941e5e127bbb39833d7fc92237c6f","method":"GET","path":"/api/v1/auth/session","status":200,"duration_ms":1}
{"request_id":"rcc-33c6cedddf284be259000fe982102adf","method":"GET","path":"/api/v1/release-orders/:id","status":200,"duration_ms":11}
{"request_id":"rcc-2211d313b640394ca154dab40b46debd","method":"GET","path":"/api/v1/auth/session","status":200,"duration_ms":1}
{"request_id":"rcc-60274d55da505706359b3c132ea38e19","method":"GET","path":"/api/v1/release-orders/:id/details","status":200,"duration_ms":7}
{"request_id":"rcc-c39ea8c792d66055258be1fb17e968e2","method":"GET","path":"/api/v1/auth/session","status":200,"duration_ms":1}
{"request_id":"rcc-2fafc6cdb5c823c50643b1c814ad25d8","method":"POST","path":"/api/v1/tables/:table_name/query","status":200,"duration_ms":13}
{"request_id":"rcc-b72007d46c7bb26b7ca09bacf455b21e","method":"GET","path":"/api/v1/auth/csrf","status":200,"duration_ms":8}
{"request_id":"rcc-d7eb9d8e51fa27c7a644402c3ae23ffc","method":"POST","path":"/api/v1/auth/register","status":201,"duration_ms":53}
{"request_id":"rcc-e1233211b53cf692cbb4346b4a4cf70b","method":"GET","path":"/api/v1/auth/session","status":200,"duration_ms":1}
{"request_id":"rcc-a21c8fd7440b0817e11bf7f662cc8f2e","method":"GET","path":"/api/v1/account-roles","status":200,"duration_ms":1}
{"request_id":"rcc-73906310cdfd34986268c9cc1b9c77d0","method":"GET","path":"/api/v1/auth/session","status":200,"duration_ms":1}
{"request_id":"rcc-7ad136f907a5ff0703228840948e9ce1","method":"PUT","path":"/api/v1/account-roles/:id","status":200,"duration_ms":12}
{"request_id":"rcc-1f23af08397e3cab6d050eb05ad0850c","method":"GET","path":"/api/v1/auth/csrf","status":200,"duration_ms":5}
{"request_id":"rcc-423b88e17b5ea9b9ad49a13d70effa84","method":"POST","path":"/api/v1/auth/register","status":201,"duration_ms":40}
{"request_id":"rcc-cdbbb24ab73447e6f41cef3defa3d505","method":"GET","path":"/api/v1/auth/session","status":200,"duration_ms":1}
{"request_id":"rcc-b5f4cbf16fab6eac890e3c2a81130763","method":"GET","path":"/api/v1/account-roles","status":200,"duration_ms":1}
{"request_id":"rcc-2433988676ae3f9d51e6b76954bfdebd","method":"GET","path":"/api/v1/auth/session","status":200,"duration_ms":1}
{"request_id":"rcc-ba5842a0d05450bdde8e31cfec88845b","method":"PUT","path":"/api/v1/account-roles/:id","status":200,"duration_ms":10}
{"request_id":"rcc-63f3128cc2b9f729e5c6272fe139ab49","method":"GET","path":"/api/v1/auth/csrf","status":200,"duration_ms":5}
{"request_id":"rcc-43dcdac4520ec2483ba4c761d4c72f05","method":"POST","path":"/api/v1/auth/register","status":201,"duration_ms":41}
{"request_id":"rcc-ee8f971fde601bdd1041f0711fa32e48","method":"GET","path":"/api/v1/auth/session","status":200,"duration_ms":1}
{"request_id":"rcc-2da747c31a2957fe59ab771e8569197c","method":"GET","path":"/api/v1/account-roles","status":200,"duration_ms":1}
{"request_id":"rcc-fc84e9ef00d8fefcb234adf404b43d72","method":"GET","path":"/api/v1/auth/session","status":200,"duration_ms":1}
{"request_id":"rcc-db7c4f1bd2ef2609ed2f1e7ecc6283d2","method":"GET","path":"/api/v1/table-policies/:table_name/release-templates","status":200,"duration_ms":3}
{"request_id":"rcc-e03c1e52051fc6ca02c876f89ee5602b","method":"GET","path":"/api/v1/auth/session","status":200,"duration_ms":1}
{"request_id":"rcc-7de1afd49eb623803460e8afeae78352","method":"PUT","path":"/api/v1/table-policies/:table_name/release-templates/:release_type","status":200,"duration_ms":9}
{"request_id":"rcc-8410adddaa3829c65d5b8bf8afb4c443","method":"GET","path":"/api/v1/auth/session","status":200,"duration_ms":1}
{"request_id":"rcc-ac854c467198655eac3f2aed50add47f","method":"GET","path":"/api/v1/auth/session","status":200,"duration_ms":1}
{"request_id":"rcc-84bd3dae0cb1e31ca322d535873ffb26","method":"POST","path":"/api/v1/approval-roles","status":201,"duration_ms":14}
{"request_id":"rcc-e8edd0cb9b8a08fae670a5ae93326873","method":"GET","path":"/api/v1/auth/session","status":200,"duration_ms":0}
{"request_id":"rcc-9910044e1ccc3f0de037740d5180b9ba","method":"GET","path":"/api/v1/table-policies/:table_name/approval-roles","status":200,"duration_ms":3}
{"request_id":"rcc-4bfe86b9fd76a42900c44ff7a9265cd0","method":"GET","path":"/api/v1/auth/session","status":200,"duration_ms":1}
{"request_id":"rcc-f19a5ba652516ce9db8f19be34445831","method":"PUT","path":"/api/v1/table-policies/:table_name/approval-roles","status":200,"duration_ms":21}
{"request_id":"rcc-c44c65a6ca12e9cfc53e4ed2cadb9689","method":"GET","path":"/api/v1/auth/csrf","status":200,"duration_ms":6}
{"request_id":"rcc-20d7c9af47c678fc2ba8707f0e3f02e8","method":"POST","path":"/api/v1/auth/register","status":201,"duration_ms":45}
{"request_id":"rcc-f45fc8ae8d5f8780625b1c1ea758a33d","method":"GET","path":"/api/v1/auth/session","status":200,"duration_ms":1}
{"request_id":"rcc-9176e814796126737d5ab6c4b5134669","method":"GET","path":"/api/v1/account-roles","status":200,"duration_ms":1}
{"request_id":"rcc-e0a853c936828dd6b51377097485a230","method":"GET","path":"/api/v1/auth/session","status":200,"duration_ms":1}
{"request_id":"rcc-dc9f0b057eef9d1c8e3077c42abf2ed4","method":"PUT","path":"/api/v1/account-roles/:id","status":200,"duration_ms":13}
{"request_id":"rcc-434612d7b91f198a405f662103aff366","method":"GET","path":"/api/v1/auth/session","status":200,"duration_ms":2}
{"request_id":"rcc-b14e109fd016796cd644518e781d5cf5","method":"POST","path":"/api/v1/tables/:table_name/query","status":200,"duration_ms":16}
{"request_id":"rcc-0c6a080adeba454060b55278038bad74","method":"GET","path":"/api/v1/auth/session","status":200,"duration_ms":1}
{"request_id":"rcc-e6557bc22c4177017229d330ee7f5dbf","method":"POST","path":"/api/v1/release-orders","status":201,"duration_ms":35}
{"request_id":"rcc-fee18a631972075f6260ce65af9e528c","method":"GET","path":"/api/v1/auth/session","status":200,"duration_ms":1}
{"request_id":"rcc-aa94ab3dd79134ab87719764db9603e4","method":"GET","path":"/api/v1/approval-notifications","status":200,"duration_ms":5}
{"request_id":"rcc-d56d60e6c6e9faeae60ed2dfe78558cd","method":"GET","path":"/api/v1/release-orders/:id","status":200,"duration_ms":26}
{"request_id":"rcc-5d26d5769a47af01e2aeae721784e3d5","method":"GET","path":"/api/v1/table-field-policies/:table_name","status":200,"duration_ms":8}
{"request_id":"rcc-a8ea798f36e58be542e6ba4c58d7b126","method":"GET","path":"/api/v1/release-orders/:id/details","status":200,"duration_ms":9}
{"request_id":"rcc-5de00bb267b18a44e6d3e7b7044cb689","method":"GET","path":"/api/v1/release-orders/:id/people","status":200,"duration_ms":34}
{"request_id":"rcc-7be89458821e4b365e8077520629e7ea","method":"POST","path":"/api/v1/auth/activity","status":200,"duration_ms":10}
{"request_id":"rcc-c9d4da7f5364196788468f1cd0ecb2e7","method":"GET","path":"/api/v1/release-orders/:id/details","status":200,"duration_ms":13}
{"request_id":"rcc-8cc24e8c4c89ec05d7ebdf6e291a895e","method":"POST","path":"/api/v1/release-orders/:id/submit","status":200,"duration_ms":81}
{"request_id":"rcc-95f35aa036f581c2616d170219e2d94f","method":"GET","path":"/api/v1/approval-notifications","status":200,"duration_ms":2}
{"request_id":"rcc-cc6bf93f28b01f78447ee2b2b3002f19","method":"GET","path":"/api/v1/release-orders/:id","status":200,"duration_ms":10}
{"request_id":"rcc-3f0651dde97e3b329b273679a228b704","method":"GET","path":"/api/v1/release-orders/:id/people","status":200,"duration_ms":11}
{"request_id":"rcc-5423caa1e5e678b2967253c473128ff5","method":"GET","path":"/api/v1/release-orders/:id/details","status":200,"duration_ms":4}
{"request_id":"rcc-d943010dc4a4cf61d010f50b78d59a16","method":"GET","path":"/api/v1/auth/session","status":200,"duration_ms":2}
{"request_id":"rcc-3f9d308ff6296246530177d257b894de","method":"GET","path":"/api/v1/approval-notifications","status":200,"duration_ms":3}
{"request_id":"rcc-d0a4c140d810a031fbe8839805c9a483","method":"GET","path":"/api/v1/release-orders/:id","status":200,"duration_ms":11}
{"request_id":"rcc-fd9aec9c16017cc202b5de7f6e6fde40","method":"GET","path":"/api/v1/table-field-policies/:table_name","status":200,"duration_ms":9}
{"request_id":"rcc-5ac21a011a1ed689044428d7eefa0cda","method":"GET","path":"/api/v1/release-orders/:id/details","status":200,"duration_ms":10}
{"request_id":"rcc-59e5f5a21d7af702d221c0476fa5c9e6","method":"POST","path":"/api/v1/release-orders/:id/notification-read","status":200,"duration_ms":22}
{"request_id":"rcc-e13a861f28d91e3d8305f28299593926","method":"GET","path":"/api/v1/release-orders/:id/people","status":200,"duration_ms":22}
{"request_id":"rcc-a3b70e18a74ac3eb60ee099da73f275d","method":"GET","path":"/api/v1/approval-notifications","status":200,"duration_ms":2}
{"request_id":"rcc-35b6ac8e875311ccfc27e7b7c11937a1","method":"POST","path":"/api/v1/auth/activity","status":200,"duration_ms":10}
{"request_id":"rcc-2f7cfabf816f7cb2f3554a25e32edd8b","method":"GET","path":"/api/v1/release-orders/:id/details","status":200,"duration_ms":6}
{"request_id":"rcc-1427bc4e9d1da9937b025b0223efc0b7","method":"POST","path":"/api/v1/release-orders/:id/approve","status":200,"duration_ms":37}
{"request_id":"rcc-35413b622f855f5a84ee79a260fdac5e","method":"GET","path":"/api/v1/approval-notifications","status":200,"duration_ms":2}
{"request_id":"rcc-aaee366840f6e4228c40ed5bff234821","method":"GET","path":"/api/v1/release-orders/:id","status":200,"duration_ms":9}
{"request_id":"rcc-b88a87306200c2b620f27a61e37bdd22","method":"GET","path":"/api/v1/release-orders/:id/people","status":200,"duration_ms":10}
{"request_id":"rcc-55c00b217f73a4ef126ab7cae43eba4e","method":"GET","path":"/api/v1/release-orders/:id/details","status":200,"duration_ms":6}
{"request_id":"rcc-d571a4f0ba96d666521db793a068866a","method":"GET","path":"/api/v1/auth/session","status":200,"duration_ms":1}
{"request_id":"rcc-678184cd60d50bee5dc3ad875d737bab","method":"GET","path":"/api/v1/approval-notifications","status":200,"duration_ms":4}
{"request_id":"rcc-ab1239c2c076c2c099147732bc7429e3","method":"GET","path":"/api/v1/release-orders/:id","status":200,"duration_ms":13}
{"request_id":"rcc-b4c88f83eaeffdd7fae339cd560300c5","method":"GET","path":"/api/v1/table-field-policies/:table_name","status":200,"duration_ms":10}
{"request_id":"rcc-d9ad11563d61336c78afa28f1551c6c7","method":"GET","path":"/api/v1/release-orders/:id/details","status":200,"duration_ms":11}
{"request_id":"rcc-3ad563777083ff6add77739688d9c528","method":"GET","path":"/api/v1/release-orders/:id/people","status":200,"duration_ms":17}
{"request_id":"rcc-71db51eb767b3a20f6d06363f18fe21a","method":"POST","path":"/api/v1/auth/activity","status":200,"duration_ms":10}
{"request_id":"rcc-eae2bda6972959cf420a9fe38882765a","method":"GET","path":"/api/v1/release-orders/:id/details","status":200,"duration_ms":6}
{"request_id":"rcc-e90e473961c73c3abd455fa07348e8ff","method":"POST","path":"/api/v1/release-orders/:id/execute","status":200,"duration_ms":95}
{"request_id":"rcc-556d43a38f94db4b8d5b8ad43bf6ca17","method":"GET","path":"/api/v1/approval-notifications","status":200,"duration_ms":2}
{"request_id":"rcc-d7d7501c2ac75aebd215c369dab2ee1c","method":"GET","path":"/api/v1/release-orders/:id","status":200,"duration_ms":10}
{"request_id":"rcc-54035e527fae93b85517d9c74490365e","method":"GET","path":"/api/v1/release-orders/:id/people","status":200,"duration_ms":11}
{"request_id":"rcc-ebd7960242b894cd5fea5219b04453d7","method":"GET","path":"/api/v1/release-orders/:id/details","status":200,"duration_ms":6}
{"request_id":"rcc-8cea4da471536e3e78244a0bb12470b0","method":"GET","path":"/api/v1/auth/session","status":200,"duration_ms":1}
{"request_id":"rcc-12aea962e99b5c053b5f4fc71f35cf39","method":"POST","path":"/api/v1/tables/:table_name/query","status":200,"duration_ms":12}
{"request_id":"rcc-895de550ddb3174050375f440f68e998","method":"GET","path":"/api/v1/release-orders/:id/details","status":200,"duration_ms":7}
{"request_id":"rcc-34546c97e6c530433c5bea2f237ff8b3","method":"GET","path":"/api/v1/auth/session","status":200,"duration_ms":1}
{"request_id":"rcc-27dce59e2c9c3c790f428f933e03b176","method":"GET","path":"/api/v1/release-orders/:id","status":200,"duration_ms":10}
{"request_id":"rcc-41286c728733505ac5c6dd3dc0a6114e","method":"GET","path":"/api/v1/auth/session","status":200,"duration_ms":1}
{"request_id":"rcc-64124d0b94aa6038a83d4982e229440f","method":"GET","path":"/api/v1/release-orders/:id/details","status":200,"duration_ms":6}
{"request_id":"rcc-9c360bdb77aa4ebd03e6e09bec2ae7ec","method":"GET","path":"/api/v1/release-orders/:id/details","status":200,"duration_ms":7}
{"request_id":"rcc-c7be4738c23441d1748f050d1730db04","method":"POST","path":"/api/v1/release-orders/:id/complete","status":200,"duration_ms":35}
{"request_id":"rcc-d872b87b146685df086dde3ddea03cc0","method":"GET","path":"/api/v1/approval-notifications","status":200,"duration_ms":2}
{"request_id":"rcc-2c6591d0ed6bdd48c7f6322cd10f1286","method":"GET","path":"/api/v1/release-orders/:id","status":200,"duration_ms":9}
{"request_id":"rcc-20061a97487a60e2abccc26b02ccb4cd","method":"GET","path":"/api/v1/release-orders/:id/details","status":200,"duration_ms":7}
{"request_id":"rcc-d44d7aa7bbdf26290ac7a7ce285459ed","method":"GET","path":"/api/v1/auth/session","status":200,"duration_ms":2}
{"request_id":"rcc-77e424c57daa821235513daf19768f8a","method":"GET","path":"/api/v1/approval-notifications","status":200,"duration_ms":3}
{"request_id":"rcc-c88f661a38ef977102bac5dc9ca8a0a9","method":"GET","path":"/api/v1/release-orders/:id","status":200,"duration_ms":12}
{"request_id":"rcc-86d4ce1331f2d325b0549847550a733a","method":"GET","path":"/api/v1/table-field-policies/:table_name","status":200,"duration_ms":6}
{"request_id":"rcc-ad22e7a3bc4ddaec12a69ba4f138e61a","method":"GET","path":"/api/v1/release-orders/:id/details","status":200,"duration_ms":8}
{"request_id":"rcc-c7b1ec38d7123962412aacf29a929c35","method":"GET","path":"/api/v1/release-orders/:id/people","status":200,"duration_ms":13}
{"request_id":"rcc-f7cb96c8c9e20bfb467c9dc61f8e3532","method":"GET","path":"/api/v1/release-orders/:id/details","status":200,"duration_ms":7}
{"request_id":"rcc-5a96d59e24ae873f6d72926cb729a624","method":"POST","path":"/api/v1/release-orders/:id/complete","status":200,"duration_ms":23}
{"request_id":"rcc-7da0056bae8cb12e06f7eba87bf4330c","method":"GET","path":"/api/v1/approval-notifications","status":200,"duration_ms":3}
{"request_id":"rcc-88a8c7e8f90995a3e10281cc613644b2","method":"GET","path":"/api/v1/release-orders/:id","status":200,"duration_ms":12}
{"request_id":"rcc-e4e8ef5d5fdd97440ddd282236b8bd39","method":"GET","path":"/api/v1/release-orders/:id/people","status":200,"duration_ms":13}
{"request_id":"rcc-e2f55e9051391bec3c142fb9d8e6f7a8","method":"GET","path":"/api/v1/auth/session","status":200,"duration_ms":1}
{"request_id":"rcc-342db8e3391964df57c332535dde329a","method":"POST","path":"/api/v1/tables/:table_name/query","status":200,"duration_ms":16}
{"request_id":"rcc-cd5ee9b120e437069c1c9d75fa6bd4a1","method":"GET","path":"/api/v1/auth/session","status":200,"duration_ms":1}
{"request_id":"rcc-8d10008f55d7e7e858e967292d741b49","method":"GET","path":"/api/v1/release-orders/:id","status":200,"duration_ms":9}
{"request_id":"rcc-a900ce294379dd78d4d91891465f1977","method":"GET","path":"/api/v1/auth/session","status":200,"duration_ms":1}
{"request_id":"rcc-35feb81458d5fc1beb1854130f12efed","method":"GET","path":"/api/v1/release-orders/:id/details","status":200,"duration_ms":5}
{"request_id":"rcc-47d7a9ecf730b66add0c86d42582f5d0","method":"GET","path":"/api/v1/auth/session","status":200,"duration_ms":2}
{"request_id":"rcc-6c06f2a411f50b8f83d8f6e00d07233b","method":"GET","path":"/api/v1/approval-notifications","status":200,"duration_ms":3}
{"request_id":"rcc-0af8a5f67a8768595c03b9a488b365da","method":"GET","path":"/api/v1/release-orders/:id","status":200,"duration_ms":13}
{"request_id":"rcc-a1125e5cf89c6bf987ed936cdbad2786","method":"GET","path":"/api/v1/auth/session","status":200,"duration_ms":1}
{"request_id":"rcc-8549d0579107b374df3b96679271daff","method":"GET","path":"/api/v1/table-field-policies/:table_name","status":200,"duration_ms":7}
{"request_id":"rcc-ec0c3dcec68c3966ff0f103a9fa35286","method":"GET","path":"/api/v1/release-orders/:id/details","status":200,"duration_ms":9}
{"request_id":"rcc-9556d0d877eb089fcdaed9b8c4291aa2","method":"GET","path":"/api/v1/release-orders/:id/people","status":200,"duration_ms":16}
{"request_id":"rcc-ab8ec0decfbe6f0f6ebb090d5f39dea9","method":"POST","path":"/api/v1/release-orders/:id/notification-read","status":200,"duration_ms":34}
{"request_id":"rcc-54f1e84b5fc9cd2501a9efcfc776e641","method":"POST","path":"/api/v1/release-orders","status":201,"duration_ms":55}
{"request_id":"rcc-836cc6bc239fe70eb1c29fe664dcd1e7","method":"GET","path":"/api/v1/approval-notifications","status":200,"duration_ms":3}
{"request_id":"rcc-9b80bd21fa0ccfc1bddbdb22e5ad4515","method":"GET","path":"/api/v1/auth/session","status":200,"duration_ms":2}
{"request_id":"rcc-47245f15ee57535fbdc4b3f1658e57f2","method":"GET","path":"/api/v1/approval-notifications","status":200,"duration_ms":3}
{"request_id":"rcc-af377832afd1218777a29cd945914f17","method":"GET","path":"/api/v1/release-orders/:id","status":200,"duration_ms":14}
{"request_id":"rcc-be079d3a8829af168e41d150164e8618","method":"GET","path":"/api/v1/table-field-policies/:table_name","status":200,"duration_ms":6}
{"request_id":"rcc-975f8353bb10f0924a8dc2abf925152e","method":"GET","path":"/api/v1/release-orders/:id/details","status":200,"duration_ms":7}
{"request_id":"rcc-152214cd5c63500f1b6329e1a8d07dd5","method":"GET","path":"/api/v1/release-orders/:id/people","status":200,"duration_ms":16}
{"request_id":"rcc-2e98efb9ce74a08c5a168b707047ead5","method":"GET","path":"/api/v1/release-orders/:id/details","status":200,"duration_ms":7}
{"request_id":"rcc-066cb4ed85d074f109d15273441f7f85","method":"POST","path":"/api/v1/release-orders/:id/submit","status":200,"duration_ms":77}
{"request_id":"rcc-153c31f0999c90af719cca05e2ed33b4","method":"GET","path":"/api/v1/approval-notifications","status":200,"duration_ms":2}
{"request_id":"rcc-9c1336eeb823f320009e8b6dd59aea03","method":"GET","path":"/api/v1/release-orders/:id","status":200,"duration_ms":10}
{"request_id":"rcc-772e6620ef9077bd70439a88ccbad317","method":"GET","path":"/api/v1/release-orders/:id/people","status":200,"duration_ms":10}
{"request_id":"rcc-a8ea17bd09837dab6c2a04d03c223540","method":"GET","path":"/api/v1/release-orders/:id/details","status":200,"duration_ms":6}
{"request_id":"rcc-67994ab963e45e63d16f1ab66a22b7ee","method":"GET","path":"/api/v1/auth/session","status":200,"duration_ms":1}
{"request_id":"rcc-ac043ff12df218f589d39d6c1747de55","method":"GET","path":"/api/v1/approval-notifications","status":200,"duration_ms":3}
{"request_id":"rcc-71384285e207250a09edc5376098570a","method":"GET","path":"/api/v1/release-orders/:id","status":200,"duration_ms":12}
{"request_id":"rcc-7c891d3cd538f6d1acc175d88114ff37","method":"GET","path":"/api/v1/table-field-policies/:table_name","status":200,"duration_ms":6}
{"request_id":"rcc-a622b98b76a2c7252812eb8b0ba35a64","method":"GET","path":"/api/v1/release-orders/:id/details","status":200,"duration_ms":7}
{"request_id":"rcc-89eb3e40cb2754a9a81caf8bd115807c","method":"POST","path":"/api/v1/release-orders/:id/notification-read","status":200,"duration_ms":13}
{"request_id":"rcc-32d013535f08be73e51902635ab0e505","method":"GET","path":"/api/v1/release-orders/:id/people","status":200,"duration_ms":12}
{"request_id":"rcc-32437b8200745c194616b21f684d0a73","method":"GET","path":"/api/v1/approval-notifications","status":200,"duration_ms":2}
{"request_id":"rcc-e71f1e8b1acadc2d320a311d0783b01a","method":"GET","path":"/api/v1/release-orders/:id/details","status":200,"duration_ms":6}
{"request_id":"rcc-76d9f09ef8ac28be436348d11875c341","method":"POST","path":"/api/v1/release-orders/:id/approve","status":200,"duration_ms":34}
{"request_id":"rcc-5fef23251ad4d55e0ef69f1fd359733d","method":"GET","path":"/api/v1/approval-notifications","status":200,"duration_ms":3}
{"request_id":"rcc-7829262bd5ad50fe8ed9ad555bd18d4d","method":"GET","path":"/api/v1/release-orders/:id","status":200,"duration_ms":9}
{"request_id":"rcc-4d069367ed8765fce9acf53a220ca4a7","method":"GET","path":"/api/v1/release-orders/:id/people","status":200,"duration_ms":10}
{"request_id":"rcc-89ebaaa24a287995ec28dc7834efdd0b","method":"GET","path":"/api/v1/release-orders/:id/details","status":200,"duration_ms":5}
{"request_id":"rcc-4ed17e7857e547aa7bcbf2ecc004deb4","method":"GET","path":"/api/v1/auth/session","status":200,"duration_ms":1}
{"request_id":"rcc-3b8ec71b69d9723dc98dc3097c6f16dd","method":"GET","path":"/api/v1/approval-notifications","status":200,"duration_ms":2}
{"request_id":"rcc-f236f074f17dcfa1f6c6a56f1e3522f6","method":"GET","path":"/api/v1/release-orders/:id","status":200,"duration_ms":12}
{"request_id":"rcc-a428e9ade963988e28a98a04fd55511b","method":"GET","path":"/api/v1/table-field-policies/:table_name","status":200,"duration_ms":7}
{"request_id":"rcc-3c7d70efb72ebbb3e7a9a3a28a33f13f","method":"GET","path":"/api/v1/release-orders/:id/details","status":200,"duration_ms":8}
{"request_id":"rcc-feab6e10540309dcf6d1e7fe6e8a0e75","method":"GET","path":"/api/v1/release-orders/:id/people","status":200,"duration_ms":14}
{"request_id":"rcc-ec60ca0c55f20f502094382e8da5b5e3","method":"GET","path":"/api/v1/release-orders/:id/details","status":200,"duration_ms":7}
{"request_id":"rcc-ccea869215ec1ea94186819c39cbf422","method":"POST","path":"/api/v1/release-orders/:id/execute","status":200,"duration_ms":93}
{"request_id":"rcc-8386e4f8d797536478455f10f272ca6f","method":"GET","path":"/api/v1/approval-notifications","status":200,"duration_ms":3}
{"request_id":"rcc-9161443da4552dbf7963a0cce16cda73","method":"GET","path":"/api/v1/release-orders/:id","status":200,"duration_ms":10}
{"request_id":"rcc-bd9c82710f0edadf43ba2929e71538fc","method":"GET","path":"/api/v1/release-orders/:id/people","status":200,"duration_ms":11}
{"request_id":"rcc-6cc098825e951a25016c268e5c9b894c","method":"GET","path":"/api/v1/release-orders/:id/details","status":200,"duration_ms":7}
{"request_id":"rcc-4e5572d904f4f4774d1a0e01f8fadbd3","method":"GET","path":"/api/v1/auth/session","status":200,"duration_ms":1}
{"request_id":"rcc-8b6a9c49effc9b1325a076042f57d333","method":"GET","path":"/api/v1/approval-notifications","status":200,"duration_ms":4}
{"request_id":"rcc-0dffdb5ef746ccb30d061ce40ce67dd5","method":"GET","path":"/api/v1/auth/session","status":200,"duration_ms":1}
{"request_id":"rcc-9123308fc10fb64d66d37fcf009b2835","method":"GET","path":"/api/v1/release-orders/:id","status":200,"duration_ms":13}
{"request_id":"rcc-38d0ead3826461f73d50aa550c57003c","method":"POST","path":"/api/v1/tables/:table_name/query","status":200,"duration_ms":24}
{"request_id":"rcc-d78c48ffaa9cfb02f8276f86069adbdf","method":"GET","path":"/api/v1/table-field-policies/:table_name","status":200,"duration_ms":16}
{"request_id":"rcc-ed847e126987f01081679ad4f42f9cfa","method":"GET","path":"/api/v1/release-orders/:id/details","status":200,"duration_ms":20}
{"request_id":"rcc-4c79816a74bef192b89329d3c0b066ee","method":"GET","path":"/api/v1/release-orders/:id/people","status":200,"duration_ms":35}
{"request_id":"rcc-19c9d15888b0a8c13ed1a2f85a3626a0","method":"POST","path":"/api/v1/release-orders/:id/notification-read","status":200,"duration_ms":36}
{"request_id":"rcc-c49279db0d1868e8ba7fc6dc7bbf8ff3","method":"GET","path":"/api/v1/approval-notifications","status":200,"duration_ms":4}
{"request_id":"rcc-3376a0ba53c736372725ff5ec7441f8e","method":"GET","path":"/api/v1/release-orders/:id","status":200,"duration_ms":13}
{"request_id":"rcc-14588577177598c3b5bdcf1cfc258ade","method":"POST","path":"/api/v1/release-orders/:id/quick-rollback/preview","status":200,"duration_ms":155}
{"request_id":"rcc-271e6dcc07e2fcd8fd5c5a123235a280","method":"GET","path":"/api/v1/approval-notifications","status":200,"duration_ms":2}
{"request_id":"rcc-1d3bc4230028f486e63d7b1afd22f2e2","method":"GET","path":"/api/v1/release-orders/:id","status":200,"duration_ms":12}
{"request_id":"rcc-7f2b986ed075766ad05801b880492d6b","method":"GET","path":"/api/v1/release-orders/:id/people","status":200,"duration_ms":13}
{"request_id":"rcc-dc3aca5d2130402ad6ae4ea1cc4f5681","method":"GET","path":"/api/v1/release-orders/:id/details","status":200,"duration_ms":7}
{"request_id":"rcc-8e2ede7c614c6d69edca6710acb3d0b8","method":"GET","path":"/api/v1/auth/session","status":200,"duration_ms":1}
{"request_id":"rcc-f9aa75b1c478545ad90e6ba2c63dfc7d","method":"GET","path":"/api/v1/release-orders/:id","status":200,"duration_ms":10}
{"request_id":"rcc-22bdddaaf46ee5e0baad3d9de0188259","method":"GET","path":"/api/v1/auth/session","status":200,"duration_ms":1}
{"request_id":"rcc-294691be816be0f62878ea84915ce398","method":"GET","path":"/api/v1/release-orders/:id/details","status":200,"duration_ms":5}
{"request_id":"rcc-660a735ed13cecdf328595d22538d4d2","method":"GET","path":"/api/v1/auth/session","status":200,"duration_ms":1}
{"request_id":"rcc-082a0849c79a199174cee9852fa36766","method":"POST","path":"/api/v1/tables/:table_name/query","status":200,"duration_ms":13}
{"request_id":"rcc-ee6c070e7fce04a8223ba003bd0abc76","method":"GET","path":"/api/v1/release-orders/:id","status":200,"duration_ms":11}
{"request_id":"rcc-7c8e8fa5cc60aa7ffae3dec6e0102fc1","method":"POST","path":"/api/v1/release-orders/:id/quick-rollback/preview","status":200,"duration_ms":117}
{"request_id":"rcc-5262d7c8449158e8b43cb5ac544fbd15","method":"GET","path":"/api/v1/approval-notifications","status":200,"duration_ms":2}
{"request_id":"rcc-c36eaf655bec7ee6fda475464baed6e4","method":"GET","path":"/api/v1/release-orders/:id","status":200,"duration_ms":11}
{"request_id":"rcc-dce5c9bc3f25bba29b4d9d710b10b2a5","method":"GET","path":"/api/v1/release-orders/:id/people","status":200,"duration_ms":12}
{"request_id":"rcc-3c1ff008d0a226688c91b39ea9efe10f","method":"POST","path":"/api/v1/release-orders/:id/quick-rollback","status":200,"duration_ms":120}
{"request_id":"rcc-93620ef98c6a84701a0ccaed86001548","method":"GET","path":"/api/v1/approval-notifications","status":200,"duration_ms":2}
{"request_id":"rcc-a185958cdbb311c93afc8d45eded96f4","method":"GET","path":"/api/v1/release-orders/:id","status":200,"duration_ms":9}
{"request_id":"rcc-9bb2fdf729b535ee3c907b4a3d435e11","method":"GET","path":"/api/v1/release-orders/:id/details","status":200,"duration_ms":7}
{"request_id":"rcc-a7959a268dc2fa31e3d83c26ae93c903","method":"GET","path":"/api/v1/auth/session","status":200,"duration_ms":2}
{"request_id":"rcc-9f679704714087883350e8847e5b5cec","method":"GET","path":"/api/v1/approval-notifications","status":200,"duration_ms":3}
{"request_id":"rcc-372d00ac7473d3412710bdded9a888c5","method":"GET","path":"/api/v1/release-orders/:id","status":200,"duration_ms":11}
{"request_id":"rcc-3f51e81ae3328a78084ec0e7530a8c45","method":"GET","path":"/api/v1/table-field-policies/:table_name","status":200,"duration_ms":7}
{"request_id":"rcc-06acd3a055158215a5a837eea709a365","method":"GET","path":"/api/v1/release-orders/:id/details","status":200,"duration_ms":8}
{"request_id":"rcc-6aacbdf6480bf51bf655daec54ff245c","method":"GET","path":"/api/v1/release-orders/:id/people","status":200,"duration_ms":13}
{"request_id":"rcc-6a1cf118555aa73332bc0d63f06221ca","method":"GET","path":"/api/v1/release-orders/:id","status":200,"duration_ms":10}
{"request_id":"rcc-17777a59ec5d8202137394c6c92c117b","method":"POST","path":"/api/v1/release-orders/:id/quick-rollback","status":200,"duration_ms":22}
{"request_id":"rcc-3d70c8b5ed77c630a70451990b261396","method":"GET","path":"/api/v1/approval-notifications","status":200,"duration_ms":3}
{"request_id":"rcc-bcd146b63ed1cbe408d0f3cf1867a070","method":"GET","path":"/api/v1/release-orders/:id","status":200,"duration_ms":12}
{"request_id":"rcc-63c9f26910950f5b8c0a19a835d40697","method":"GET","path":"/api/v1/release-orders/:id/people","status":200,"duration_ms":14}
{"request_id":"rcc-5bfbad8f5fa51d301cfdcb5d188eae2d","method":"GET","path":"/api/v1/auth/session","status":200,"duration_ms":2}
{"request_id":"rcc-d16611b2b84f2b3ca46847fef285fcfe","method":"GET","path":"/api/v1/approval-notifications","status":200,"duration_ms":1}
{"request_id":"rcc-afe07c3a3d4ecf768ad6cdfde6477a37","method":"GET","path":"/api/v1/release-orders/:id","status":200,"duration_ms":11}
{"request_id":"rcc-395ae72d720b4ea0c5f8aea6029f77b8","method":"GET","path":"/api/v1/auth/session","status":200,"duration_ms":1}
{"request_id":"rcc-74b9600e9869a7579fbcc474652fb391","method":"GET","path":"/api/v1/release-orders/:id/details","status":200,"duration_ms":6}
{"request_id":"rcc-043c3591a908e8c10a774f23438f1916","method":"GET","path":"/api/v1/auth/session","status":200,"duration_ms":1}
{"request_id":"rcc-517b5075243ae03d67846b3633a7de6c","method":"POST","path":"/api/v1/tables/:table_name/query","status":200,"duration_ms":14}
{"request_id":"rcc-c87c5bf6d71b24b5148f44eda5c0d008","method":"GET","path":"/api/v1/auth/session","status":200,"duration_ms":0}
{"request_id":"rcc-2959c9792aee61912af1e588e2a74aa1","method":"GET","path":"/api/v1/auth/session","status":200,"duration_ms":1}
{"request_id":"rcc-e970cd4c08a3959757248e0237ee3aff","method":"GET","path":"/api/v1/auth/session","status":200,"duration_ms":1}
{"request_id":"rcc-b7bd265edb29ba5a6cdb14324e02b0c8","method":"GET","path":"/api/v1/release-orders/:id","status":200,"duration_ms":9}
{"request_id":"rcc-d7d3a941bc932d34c198f2e31b68f157","method":"GET","path":"/api/v1/auth/session","status":200,"duration_ms":1}
{"request_id":"rcc-dce7db010bac83294e7e0f4736da8ac4","method":"GET","path":"/api/v1/release-orders/:id/details","status":200,"duration_ms":5}
{"request_id":"rcc-a32cb698d31c03cc683f3a0530a54a6d","method":"GET","path":"/api/v1/auth/csrf","status":200,"duration_ms":7}
{"request_id":"rcc-b5ace40721f711ebd598cf8d7edfeece","method":"POST","path":"/api/v1/auth/register","status":201,"duration_ms":40}
{"request_id":"rcc-1615ed8f82c88762d621fe3d48362af7","method":"GET","path":"/api/v1/auth/session","status":200,"duration_ms":1}
{"request_id":"rcc-760ac59eb5a5fd8d737bddf5c86d36bf","method":"GET","path":"/api/v1/account-roles","status":200,"duration_ms":1}
{"request_id":"rcc-a2799e781ca627cc69b6de9d7dcb8a42","method":"GET","path":"/api/v1/auth/session","status":200,"duration_ms":0}
{"request_id":"rcc-154d68cbe1dcc4ab65d34e54ed7a9c1f","method":"PUT","path":"/api/v1/account-roles/:id","status":200,"duration_ms":12}
{"request_id":"rcc-8c83ad63c46caf4d84253f229afc1e5d","method":"GET","path":"/api/v1/auth/session","status":200,"duration_ms":0}
{"request_id":"rcc-359fcab22bba3f69c36fd8e9370fc533","method":"POST","path":"/api/v1/release-orders","status":201,"duration_ms":30}
{"request_id":"rcc-f1d3a51dd578f67d2d8c5b53b40f5ece","method":"GET","path":"/api/v1/auth/session","status":200,"duration_ms":0}
{"request_id":"rcc-851fe086bb8f31193fe4beeaa2086792","method":"POST","path":"/api/v1/release-orders/:id/submit","status":200,"duration_ms":67}
{"request_id":"rcc-a97d7228c23d8526c9ced9d5e849f2e4","method":"GET","path":"/api/v1/auth/session","status":200,"duration_ms":0}
{"request_id":"rcc-9fd4ca8e65d2013bb1cae4fc7d9465c0","method":"GET","path":"/api/v1/release-orders/:id","status":200,"duration_ms":6}
{"request_id":"rcc-a17a0d74f4bbd5ac4c30e86de4ced0b9","method":"GET","path":"/api/v1/auth/session","status":200,"duration_ms":0}
{"request_id":"rcc-d69292a03107ff24e271395bd782a47f","method":"POST","path":"/api/v1/release-orders/:id/approve","status":200,"duration_ms":27}
{"request_id":"rcc-26ee598b1866924d24bd2509314625c5","method":"GET","path":"/api/v1/auth/session","status":200,"duration_ms":0}
{"request_id":"rcc-e69fb0bb846bd76e81c4eb5ad21c86ec","method":"POST","path":"/api/v1/release-orders/:id/execute","status":200,"duration_ms":83}
{"request_id":"rcc-a34af8db2af7afc01d68b8537276b4b1","method":"GET","path":"/api/v1/approval-notifications","status":200,"duration_ms":3}
{"request_id":"rcc-60b162b4696b3d6a9dc5a0adacac2e91","method":"GET","path":"/api/v1/release-orders","status":200,"duration_ms":30}
