2026-09-12 09:10:48+00:00 [Note] [Entrypoint]: Entrypoint script for MySQL Server 8.4.11-1.el9 started.
2026-09-12 09:10:48+00:00 [Note] [Entrypoint]: Switching to dedicated user 'mysql'
2026-09-12 09:10:48+00:00 [Note] [Entrypoint]: Entrypoint script for MySQL Server 8.4.11-1.el9 started.
2026-09-12 09:10:49+00:00 [Note] [Entrypoint]: Initializing database files
2026-09-12T09:10:49.121276Z 0 [System] [MY-015017] [Server] MySQL Server Initialization - start.
2026-09-12T09:10:49.122079Z 0 [System] [MY-013169] [Server] /usr/sbin/mysqld (mysqld 8.4.11) initializing of server in progress as process 86
2026-09-12T09:10:49.125484Z 1 [System] [MY-013576] [InnoDB] InnoDB initialization has started.
2026-09-12T09:10:49.254104Z 1 [System] [MY-013577] [InnoDB] InnoDB initialization has ended.
2026-09-12T09:10:49.673348Z 6 [Warning] [MY-010453] [Server] root@localhost is created with an empty password ! Please consider switching off the --initialize-insecure option.
2026-09-12T09:10:51.097502Z 0 [System] [MY-015018] [Server] MySQL Server Initialization - end.
2026-09-12 09:10:51+00:00 [Note] [Entrypoint]: Database files initialized
2026-09-12 09:10:51+00:00 [Note] [Entrypoint]: Starting temporary server
2026-09-12T09:10:51.127322Z 0 [System] [MY-015015] [Server] MySQL Server - start.
2026-09-12T09:10:51.289018Z 0 [System] [MY-010116] [Server] /usr/sbin/mysqld (mysqld 8.4.11) starting as process 132
2026-09-12T09:10:51.298232Z 1 [System] [MY-013576] [InnoDB] InnoDB initialization has started.
2026-09-12T09:10:51.391740Z 1 [System] [MY-013577] [InnoDB] InnoDB initialization has ended.
2026-09-12T09:10:51.491608Z 0 [Warning] [MY-010068] [Server] CA certificate ca.pem is self signed.
2026-09-12T09:10:51.491609Z 0 [System] [MY-013602] [Server] Channel mysql_main configured to support TLS. Encrypted connections are now supported for this channel.
2026-09-12T09:10:51.491612Z 0 [Warning] [MY-011810] [Server] Insecure configuration for --pid-file: Location '/var/run/mysqld' in the path is accessible to all OS users. Consider choosing a different directory.
2026-09-12T09:10:51.491617Z 0 [System] [MY-011323] [Server] X Plugin ready for connections. Socket: /var/run/mysqld/mysqlx.sock
2026-09-12T09:10:51.491618Z 0 [System] [MY-010931] [Server] /usr/sbin/mysqld: ready for connections. Version: '8.4.11'  socket: '/var/run/mysqld/mysqld.sock'  port: 0  MySQL Community Server - GPL.
2026-09-12 09:10:51+00:00 [Note] [Entrypoint]: Temporary server started.
'/var/lib/mysql/mysql.sock' -> '/var/run/mysqld/mysqld.sock'
2026-09-12 09:10:52+00:00 [Note] [Entrypoint]: Creating database rcc
2026-09-12 09:10:52+00:00 [Note] [Entrypoint]: Creating user rcc_admin
2026-09-12 09:10:52+00:00 [Note] [Entrypoint]: Giving user rcc_admin access to schema rcc

2026-09-12 09:10:52+00:00 [Note] [Entrypoint]: Stopping temporary server
2026-09-12T09:10:52.322571Z 13 [System] [MY-013172] [Server] Received SHUTDOWN from user root. Shutting down mysqld (Version: 8.4.11).
2026-09-12T09:10:53.848043Z 0 [System] [MY-010910] [Server] /usr/sbin/mysqld: Shutdown complete (mysqld 8.4.11)  MySQL Community Server - GPL.
2026-09-12T09:10:53.848068Z 0 [System] [MY-015016] [Server] MySQL Server - end.
2026-09-12 09:10:54+00:00 [Note] [Entrypoint]: Temporary server stopped

2026-09-12 09:10:54+00:00 [Note] [Entrypoint]: MySQL init process done. Ready for start up.

2026-09-12T09:10:54.350786Z 0 [System] [MY-015015] [Server] MySQL Server - start.
2026-09-12T09:10:54.509855Z 0 [System] [MY-010116] [Server] /usr/sbin/mysqld (mysqld 8.4.11) starting as process 1
2026-09-12T09:10:54.512972Z 1 [System] [MY-013576] [InnoDB] InnoDB initialization has started.
2026-09-12T09:10:54.596606Z 1 [System] [MY-013577] [InnoDB] InnoDB initialization has ended.
2026-09-12T09:10:54.730178Z 0 [Warning] [MY-010068] [Server] CA certificate ca.pem is self signed.
2026-09-12T09:10:54.730204Z 0 [System] [MY-013602] [Server] Channel mysql_main configured to support TLS. Encrypted connections are now supported for this channel.
2026-09-12T09:10:54.732587Z 0 [Warning] [MY-011810] [Server] Insecure configuration for --pid-file: Location '/var/run/mysqld' in the path is accessible to all OS users. Consider choosing a different directory.
2026-09-12T09:10:54.743173Z 0 [System] [MY-011323] [Server] X Plugin ready for connections. Bind-address: '::' port: 33060, socket: /var/run/mysqld/mysqlx.sock
2026-09-12T09:10:54.743196Z 0 [System] [MY-010931] [Server] /usr/sbin/mysqld: ready for connections. Version: '8.4.11'  socket: '/var/run/mysqld/mysqld.sock'  port: 3306  MySQL Community Server - GPL.
