=== RUN   TestApprovalRoleBrowserSystemPath
2026/09/11 08:31:44 github.com/testcontainers/testcontainers-go - Connected to docker: 
  Server Version: 29.5.2
  API Version: 1.54
  Operating System: Ubuntu 24.04.4 LTS
  Total Memory: 3904 MB
  Testcontainers for Go Version: v0.44.0
  Resolved Docker Host: unix:///Users/asher/.colima/default/docker.sock
  Resolved Docker Socket Path: /Users/asher/.colima/default/docker.sock
  Test SessionID: cb43715bb673860845650066b10f07f2b43c7e3d5f6b7da9a9c276734c3efed9
  Test ProcessID: f27ef6a8-dce6-4f2f-bc22-6e72885cfaf9
2026/09/11 08:31:44 🐳 Creating container for image mysql:8.4
2026/09/11 08:31:44 ✅ Container created: 3c754ded0ad7
2026/09/11 08:31:44 🐳 Starting container: 3c754ded0ad7
2026/09/11 08:31:44 ✅ Container started: 3c754ded0ad7
2026/09/11 08:31:44 ⏳ Waiting for container id 3c754ded0ad7 image: mysql:8.4. Waiting for: all of: [log message "port: 3306  MySQL Community Server"]
2026/09/11 08:31:50 🔔 Container is ready: 3c754ded0ad7
    approval_roles_browser_integration_test.go:76: approval role browser: {"checks":["empty state, searchable real member selection, keyboard form order, unsaved close protection and real save","role directory read failure retains the last successful list and offers a working retry","390px role catalog scrolls with arrow keys while its edit action remains visible","personnel read failure retains cached search results and selected identities, then retries successfully","reload preserves role identity and members; removing one member saves through public API","real database rollback returns definite failure, preserves editable inputs and allows a corrected save","stale version rejects overwrite, preserves input, exposes current content and requires explicit save","lost committed response preserves exact original key/body; explicit retry returns original result at 390px","an undelivered uncertain request that later conflicts can return to latest-content review without losing input","real missing-cookie interruption hides protected inputs, same-account login preserves input and members, mobile keyboard can disable and save","enable restoration and unreferenced deletion with cancel-first keyboard confirmation","revocation preserves draft and disables save; switching real accounts discards private draft"],"errors":[]}
2026/09/11 08:32:30 🐳 Stopping container: 3c754ded0ad7
2026/09/11 08:32:32 ✅ Container stopped: 3c754ded0ad7
2026/09/11 08:32:32 🐳 Terminating container: 3c754ded0ad7
2026/09/11 08:32:32 🚫 Container terminated: 3c754ded0ad7
--- PASS: TestApprovalRoleBrowserSystemPath (48.08s)
PASS
ok  	github.com/asherzj/relational-config-center/admin/cmd/admin	50.287s
