=== RUN   TestTableApprovalBrowserSystemPath
2026/09/11 08:33:06 github.com/testcontainers/testcontainers-go - Connected to docker: 
  Server Version: 29.5.2
  API Version: 1.54
  Operating System: Ubuntu 24.04.4 LTS
  Total Memory: 3904 MB
  Testcontainers for Go Version: v0.44.0
  Resolved Docker Host: unix:///Users/asher/.colima/default/docker.sock
  Resolved Docker Socket Path: /Users/asher/.colima/default/docker.sock
  Test SessionID: 10857cf181761ba8217b15893667bef5dd6332a7663a2e79395a6241ca719cc0
  Test ProcessID: 7b82bdf2-26b7-4c82-af94-95ab2467b536
2026/09/11 08:33:06 🐳 Creating container for image mysql:8.4
2026/09/11 08:33:06 ✅ Container created: 38924b28f9c4
2026/09/11 08:33:06 🐳 Starting container: 38924b28f9c4
2026/09/11 08:33:06 ✅ Container started: 38924b28f9c4
2026/09/11 08:33:06 ⏳ Waiting for container id 38924b28f9c4 image: mysql:8.4. Waiting for: all of: [log message "port: 3306  MySQL Community Server"]
2026/09/11 08:33:12 🔔 Container is ready: 38924b28f9c4
    table_approval_browser_integration_test.go:72: table approval browser: PASS 无独立审批人显示问题表，提交422保留草稿；在途成员离开保留进度，取消释放目标
        PASS 管理员从正式表目录以键盘配置两个表的独立审批角色
        PASS 390px 表分配冲突保留空选择，查看最新后明确重选保存
        PASS VIEWER 成员只批准商品表，页面显示真实部分进度，ADMIN 无通用越权
        PASS 两个独立角色都通过后，申请人执行真实多表发布
        PASS 成员变化返回真实范围冲突，刷新保留意见和原范围，390px 键盘明确批准最新两表
        PASS 空快照不受后来改绑影响，独立 ADMIN 默认接手并保留真实资格来源
        {"engine":"chromium","checks":["无独立审批人显示问题表，提交422保留草稿；在途成员离开保留进度，取消释放目标","管理员从正式表目录以键盘配置两个表的独立审批角色","390px 表分配冲突保留空选择，查看最新后明确重选保存","VIEWER 成员只批准商品表，页面显示真实部分进度，ADMIN 无通用越权","两个独立角色都通过后，申请人执行真实多表发布","成员变化返回真实范围冲突，刷新保留意见和原范围，390px 键盘明确批准最新两表","空快照不受后来改绑影响，独立 ADMIN 默认接手并保留真实资格来源"],"errors":[]}
2026/09/11 08:33:41 🐳 Stopping container: 38924b28f9c4
2026/09/11 08:33:42 ✅ Container stopped: 38924b28f9c4
2026/09/11 08:33:42 🐳 Terminating container: 38924b28f9c4
2026/09/11 08:33:42 🚫 Container terminated: 38924b28f9c4
--- PASS: TestTableApprovalBrowserSystemPath (36.22s)
PASS
ok  	github.com/asherzj/relational-config-center/admin/cmd/admin	37.379s
