=== RUN   TestTableReleaseTemplateBrowserSystemPath
2026/09/11 08:34:50 github.com/testcontainers/testcontainers-go - Connected to docker: 
  Server Version: 29.5.2
  API Version: 1.54
  Operating System: Ubuntu 24.04.4 LTS
  Total Memory: 3904 MB
  Testcontainers for Go Version: v0.44.0
  Resolved Docker Host: unix:///Users/asher/.colima/default/docker.sock
  Resolved Docker Socket Path: /Users/asher/.colima/default/docker.sock
  Test SessionID: 263bc0d6b10cd717127f8b98c28b20e929ae35d79b6f43d1c19a8c9a4409e200
  Test ProcessID: 6d37a276-9ff9-4efb-a215-90f6acb4a36c
2026/09/11 08:34:50 🐳 Creating container for image mysql:8.4
2026/09/11 08:34:50 ✅ Container created: 6ec5a7f8a70d
2026/09/11 08:34:50 🐳 Starting container: 6ec5a7f8a70d
2026/09/11 08:34:50 ✅ Container started: 6ec5a7f8a70d
2026/09/11 08:34:50 ⏳ Waiting for container id 6ec5a7f8a70d image: mysql:8.4. Waiting for: all of: [log message "port: 3306  MySQL Community Server"]
2026/09/11 08:34:56 🔔 Container is ready: 6ec5a7f8a70d
    table_release_template_browser_integration_test.go:108: browser → Vite proxy → Admin → MySQL: [create table and emergency association atomically; committed response loss manually replays original create merged admin navigation and all four table management entry points coexist same-account reauthentication preserves unknown original association request without automatic write retry formal table settings select same-type templates and safely replay lost association response concurrent editor conflict retains selected template and observed version standard association disabled while emergency remains enabled 390px long template name, reachable controls, keyboard focus and no page/drawer overflow Escape preserves pending choice through shared unsaved confirmation entire table can still be disabled]
2026/09/11 08:35:11 🐳 Stopping container: 6ec5a7f8a70d
2026/09/11 08:35:12 ✅ Container stopped: 6ec5a7f8a70d
2026/09/11 08:35:12 🐳 Terminating container: 6ec5a7f8a70d
2026/09/11 08:35:12 🚫 Container terminated: 6ec5a7f8a70d
--- PASS: TestTableReleaseTemplateBrowserSystemPath (21.98s)
PASS
ok  	github.com/asherzj/relational-config-center/admin/cmd/admin	22.898s
