{"request_id":"rcc-db2646c41486744ea201e6a1c43aa40e","method":"GET","path":"/api/v1/query-policies","status":401,"duration_ms":0}
{"request_id":"rcc-e4592b37b454018e706e73fde44ffd8e","method":"GET","path":"/api/v1/query-policies","status":401,"duration_ms":0}
{"request_id":"rcc-d24943fc35695f5922ed1c177be2918c","method":"GET","path":"/api/v1/query-policies","status":401,"duration_ms":0}
{"request_id":"rcc-74fc58fe0b5a1ae5a247f45ce40b75e8","method":"GET","path":"/api/v1/auth/csrf","status":200,"duration_ms":10}
{"request_id":"rcc-8af4409eb88f552d1b7d47c1c23003c7","method":"POST","path":"/api/v1/auth/register","status":201,"duration_ms":43}
{"request_id":"rcc-4a8310f588c0ad4664cd40c18bae085a","method":"GET","path":"/api/v1/auth/session","status":200,"duration_ms":1}
{"request_id":"rcc-d251e1c6852533d02d11e9ed802a156e","method":"GET","path":"/api/v1/account-roles","status":200,"duration_ms":1}
{"request_id":"rcc-05ef70179ce8107e95e5f75733a9c087","method":"GET","path":"/api/v1/query-policies","status":200,"duration_ms":1}
{"request_id":"rcc-410a2fbc6650a47d3e2792eb816a40fc","method":"POST","path":"/api/v1/tables/:table_name/query","status":403,"duration_ms":0}
{"request_id":"rcc-49507ed6d9f163dcc94b30764df01a49","method":"GET","path":"/api/v1/auth/session","status":200,"duration_ms":0}
{"request_id":"rcc-73b9f085613b0c579a53c7420e155fb6","method":"POST","path":"/api/v1/tables/:table_name/query","status":200,"duration_ms":29}
{"request_id":"rcc-11a829b4b6e55bc54a321da6f3065300","method":"GET","path":"/api/v1/auth/session","status":200,"duration_ms":1}
{"request_id":"rcc-4a4585754449e35664b5f61440df574a","method":"POST","path":"/api/v1/auth/logout","status":204,"duration_ms":5}
{"request_id":"rcc-7e415a484fd8d287f16aba6c32cea74b","method":"GET","path":"/api/v1/query-policies","status":401,"duration_ms":0}
{"request_id":"rcc-70bd992c2462597c4b6886774e704a92","method":"GET","path":"/api/v1/auth/session","status":401,"duration_ms":0}
{"request_id":"rcc-8aab56ee0014c562cb65f5782c2a0ce0","method":"GET","path":"/api/v1/auth/session","status":401,"duration_ms":0}
{"request_id":"rcc-1918c9a28f6cb8f5096c5310678d743a","method":"GET","path":"/api/v1/auth/session","status":401,"duration_ms":0}
{"request_id":"rcc-302d1337c8c845db346e0cebfc038467","method":"GET","path":"/api/v1/auth/csrf","status":200,"duration_ms":12}
{"request_id":"rcc-b7e1868e238982dace30b3e11d4e28b0","method":"POST","path":"/api/v1/auth/register","status":201,"duration_ms":51}
{"request_id":"rcc-763f1eb2667027e2f87b6e4e1a30a0a8","method":"GET","path":"/api/v1/auth/session","status":200,"duration_ms":3}
{"request_id":"rcc-b9909690f9b3f5b71d66a31ca4e7c57a","method":"GET","path":"/api/v1/auth/session","status":200,"duration_ms":2}
{"request_id":"rcc-0eeb73478c7a0e6ea052060e863901ba","method":"GET","path":"/api/v1/approval-notifications","status":200,"duration_ms":4}
{"request_id":"rcc-0c0f87b8e958f2630bbd4681922c5dfb","method":"GET","path":"/api/v1/table-policies","status":200,"duration_ms":6}
{"request_id":"rcc-16833841d90294f024696fe101513c9d","method":"GET","path":"/api/v1/query-policies/:code","status":200,"duration_ms":6}
{"request_id":"rcc-262ff31f3ea93b955603d82fdc0d632c","method":"GET","path":"/api/v1/query-policy-types","status":200,"duration_ms":13}
{"request_id":"rcc-7c7d026133666dce3699fc09bae4e9c2","method":"GET","path":"/api/v1/mutation-policy-types","status":200,"duration_ms":13}
{"request_id":"rcc-611496f76d0856004133bdde2a96361e","method":"GET","path":"/api/v1/mutation-policies/:code","status":200,"duration_ms":15}
{"request_id":"rcc-36b36d0792a30a2d964db018bcb77027","method":"POST","path":"/api/v1/tables/:table_name/query","status":200,"duration_ms":31}
{"request_id":"rcc-e84fbf9b4b91fac7a440a2af90ca8e2b","method":"GET","path":"/api/v1/table-field-policies/:table_name","status":200,"duration_ms":5}
{"request_id":"rcc-272c5668458fa0b23874e6b1dd997209","method":"GET","path":"/api/v1/auth/csrf","status":200,"duration_ms":7}
{"request_id":"rcc-2cd2593c6c153ddad3b471967de64bf5","method":"POST","path":"/api/v1/auth/register","status":201,"duration_ms":46}
{"request_id":"rcc-710abec23d521677bf17b657166288f2","method":"GET","path":"/api/v1/auth/session","status":200,"duration_ms":2}
{"request_id":"rcc-cd89176e501c876ac9e5b1e43713a15c","method":"GET","path":"/api/v1/account-roles","status":200,"duration_ms":2}
{"request_id":"rcc-163bf222e62bdd8231e23bfa36801450","method":"GET","path":"/api/v1/approval-notifications","status":200,"duration_ms":2}
{"request_id":"rcc-609b4839e4117d37787387fb2ce65426","method":"GET","path":"/api/v1/account-roles","status":200,"duration_ms":2}
{"request_id":"rcc-5eda6040834542235c0f27491519a980","method":"GET","path":"/api/v1/account-roles","status":200,"duration_ms":4}
{"request_id":"rcc-7ae1dfee97eed2e1072383212d81743d","method":"POST","path":"/api/v1/auth/activity","status":200,"duration_ms":10}
{"request_id":"rcc-8d286bbe48d7f343ce903eac56007ae9","method":"GET","path":"/api/v1/account-roles/:id/history","status":200,"duration_ms":2}
{"request_id":"rcc-50688af05eeed65633bf61c12415d06c","method":"PUT","path":"/api/v1/account-roles/:id","status":200,"duration_ms":13}
{"request_id":"rcc-8bc219dbd802c50599f8ca8367506ea3","method":"GET","path":"/api/v1/auth/session","status":200,"duration_ms":1}
{"request_id":"rcc-ac79a792cf39820601ad2c9767cab382","method":"GET","path":"/api/v1/account-roles","status":200,"duration_ms":2}
{"request_id":"rcc-30c2c1db31cea7cf33780ec714b1259f","method":"GET","path":"/api/v1/auth/session","status":200,"duration_ms":1}
{"request_id":"rcc-0dfdb550671fdfeac78e90a92408df9d","method":"GET","path":"/api/v1/account-roles/:id/history","status":200,"duration_ms":3}
{"request_id":"rcc-e3c083da75984af7b10f26e475564878","method":"GET","path":"/api/v1/auth/csrf","status":200,"duration_ms":6}
{"request_id":"rcc-274d9440df42ec443046c467c53a5256","method":"POST","path":"/api/v1/auth/login","status":200,"duration_ms":57}
{"request_id":"rcc-10c9d6f3b9792fee51bc75895c62350d","method":"GET","path":"/api/v1/auth/session","status":200,"duration_ms":1}
{"request_id":"rcc-86caf4a5530c4c5d20a13c2199bf3ae6","method":"POST","path":"/api/v1/approval-roles","status":201,"duration_ms":17}
{"request_id":"rcc-6ae47bf84b6a7d0422540c86cebad851","method":"GET","path":"/api/v1/auth/session","status":200,"duration_ms":1}
{"request_id":"rcc-eb1b4bffa40c6593360485d28793f78b","method":"GET","path":"/api/v1/table-policies/:table_name/approval-roles","status":200,"duration_ms":4}
{"request_id":"rcc-e455d7d3a400869b20207c5e17c34c92","method":"GET","path":"/api/v1/auth/session","status":200,"duration_ms":1}
{"request_id":"rcc-a2adfb53cf200f1dc50392071d47a8dd","method":"PUT","path":"/api/v1/table-policies/:table_name/approval-roles","status":200,"duration_ms":19}
{"request_id":"rcc-53aa06846642801ea01211c8f0aec82f","method":"GET","path":"/api/v1/auth/session","status":200,"duration_ms":1}
{"request_id":"rcc-55e02a0c84b91c6220295f93cf43afc2","method":"GET","path":"/api/v1/auth/session","status":200,"duration_ms":2}
{"request_id":"rcc-b9500a06ca570621f55333b756a3f6b3","method":"GET","path":"/api/v1/table-policies","status":200,"duration_ms":2}
{"request_id":"rcc-731fafd3c39babba76a5f694130e0440","method":"GET","path":"/api/v1/approval-notifications","status":200,"duration_ms":3}
{"request_id":"rcc-7ea4c224714541734748938a11bc86c2","method":"GET","path":"/api/v1/query-policies/:code","status":503,"duration_ms":0}
{"request_id":"rcc-600f1eea65b5f335c5d57deadd232516","method":"POST","path":"/api/v1/tables/:table_name/query","status":503,"duration_ms":2}
{"request_id":"rcc-b10eea7fded01ceef4e0efe77744f832","method":"GET","path":"/api/v1/auth/session","status":200,"duration_ms":2}
{"request_id":"rcc-ae81fa9eed9bbccb913bdcf914177ed1","method":"GET","path":"/api/v1/table-policies","status":200,"duration_ms":2}
{"request_id":"rcc-9cc13c3c2c41a5f5cdfd07a5818e33ca","method":"GET","path":"/api/v1/approval-notifications","status":200,"duration_ms":3}
{"request_id":"rcc-eb5254c7e737dd45c2bb49da2171ac80","method":"GET","path":"/api/v1/query-policies/:code","status":200,"duration_ms":4}
{"request_id":"rcc-02ea4a743293c0a2af08f472748074bc","method":"GET","path":"/api/v1/mutation-policies/:code","status":200,"duration_ms":4}
{"request_id":"rcc-1463b8f3ea9a966ee8a51e32f60c4c04","method":"GET","path":"/api/v1/query-policy-types","status":200,"duration_ms":5}
{"request_id":"rcc-d311467633e1fb7a9bb4f29ea508227a","method":"GET","path":"/api/v1/mutation-policy-types","status":200,"duration_ms":6}
{"request_id":"rcc-80f5866974a2d25dc65b9a13bc4d4584","method":"POST","path":"/api/v1/tables/:table_name/query","status":200,"duration_ms":21}
{"request_id":"rcc-00078b835850e8658ac28c63303fe6e6","method":"GET","path":"/api/v1/table-field-policies/:table_name","status":200,"duration_ms":6}
{"request_id":"rcc-ea8f5e2f00021480f4017981aec89429","method":"GET","path":"/api/v1/mutation-policies/:code","status":200,"duration_ms":4}
{"request_id":"rcc-066de3cd376ada5b4e24a0b010787560","method":"POST","path":"/api/v1/tables/:table_name/query","status":200,"duration_ms":28}
{"request_id":"rcc-79df90a487b93920d70840c4275e26ed","method":"GET","path":"/api/v1/table-field-policies/:table_name","status":200,"duration_ms":6}
{"request_id":"rcc-7ba6876802910d0d41279f14fb56f083","method":"GET","path":"/api/v1/table-field-policies/:table_name","status":200,"duration_ms":5}
{"request_id":"rcc-dea40b9ed962d80ced28fd2dbf74a8a5","method":"GET","path":"/api/v1/auth/session","status":401,"duration_ms":0}
{"request_id":"rcc-af76f06853d7f5c87c815389704c6475","method":"GET","path":"/api/v1/auth/session","status":401,"duration_ms":0}
{"request_id":"rcc-9475c13740cafcc4af2b0b127f4a2498","method":"GET","path":"/api/v1/auth/csrf","status":200,"duration_ms":9}
{"request_id":"rcc-021177620d3450d9d9efa6f04567697c","method":"POST","path":"/api/v1/auth/login","status":200,"duration_ms":59}
{"request_id":"rcc-9a4c0e86cc17602a3c12b3080f5f421b","method":"GET","path":"/api/v1/query-policy-types","status":200,"duration_ms":2}
{"request_id":"rcc-880e6c2a590f86f563f21cae77c0d4b0","method":"GET","path":"/api/v1/mutation-policy-types","status":200,"duration_ms":2}
{"request_id":"rcc-9c4777bcb16d6b8d19204a75704d6794","method":"GET","path":"/api/v1/table-policies","status":200,"duration_ms":4}
{"request_id":"rcc-b573eda7c5d1eca5a7778397b9527e21","method":"GET","path":"/api/v1/query-policies/:code","status":200,"duration_ms":5}
{"request_id":"rcc-26e9c35e7a484386d0084080dc083db0","method":"GET","path":"/api/v1/mutation-policies/:code","status":200,"duration_ms":5}
{"request_id":"rcc-d9cc98d2d7f75f8a5bdc82cf0c670e1d","method":"GET","path":"/api/v1/table-field-policies/:table_name","status":200,"duration_ms":9}
{"request_id":"rcc-49e669dea98bf233556a824ca3cee8ef","method":"POST","path":"/api/v1/tables/:table_name/query","status":200,"duration_ms":32}
{"request_id":"rcc-8b0e7be08ba51cdb9844bb52e17a01a4","method":"GET","path":"/api/v1/approval-notifications","status":200,"duration_ms":3}
{"request_id":"rcc-447da5f724766cf1f08cae2ea101d776","method":"GET","path":"/api/v1/approval-notifications","status":200,"duration_ms":3}
{"request_id":"rcc-63b6527940219dbbfb4e4f78a2feada6","method":"POST","path":"/api/v1/auth/activity","status":200,"duration_ms":10}
{"request_id":"rcc-aa758fe2fb179708166cdaa741e9daa8","method":"POST","path":"/api/v1/release-orders","status":201,"duration_ms":53}
{"request_id":"rcc-cd357f7c7a0c2016c613c867ef62c631","method":"GET","path":"/api/v1/approval-notifications","status":200,"duration_ms":2}
{"request_id":"rcc-d7736d4d324ee64130ecf45902341a48","method":"GET","path":"/api/v1/approval-notifications","status":200,"duration_ms":3}
{"request_id":"rcc-282b2f594b7a638cd06646764c2ef36b","method":"GET","path":"/api/v1/release-orders/:id","status":200,"duration_ms":24}
{"request_id":"rcc-ea2026faa2039dc372001eccdf60292b","method":"GET","path":"/api/v1/table-field-policies/:table_name","status":200,"duration_ms":7}
{"request_id":"rcc-c41888ba67d48e991a2e6ae18a83b06a","method":"GET","path":"/api/v1/release-orders/:id/details","status":200,"duration_ms":9}
{"request_id":"rcc-c839a94e24003e0f94a0f5e140aa63ea","method":"GET","path":"/api/v1/release-orders/:id/people","status":200,"duration_ms":24}
{"request_id":"rcc-c870a70c32e0dd9b7471b21ada09eb6c","method":"GET","path":"/api/v1/release-orders/:id/details","status":200,"duration_ms":6}
{"request_id":"rcc-2f96f23798f80509c87a3bcc25147279","method":"POST","path":"/api/v1/release-orders/:id/submit","status":200,"duration_ms":74}
{"request_id":"rcc-70c3d2d1bf98b87dd62e8a3d7e43c3c9","method":"GET","path":"/api/v1/approval-notifications","status":200,"duration_ms":2}
{"request_id":"rcc-3101fc702456fe3197bdc9caa70eca90","method":"GET","path":"/api/v1/release-orders/:id","status":200,"duration_ms":11}
{"request_id":"rcc-152733cf98e7276c4ec05a067a43988a","method":"GET","path":"/api/v1/release-orders/:id/people","status":200,"duration_ms":12}
{"request_id":"rcc-799bd7d3967a7c6dc6098b9afeb4f70b","method":"GET","path":"/api/v1/release-orders/:id/details","status":200,"duration_ms":5}
{"request_id":"rcc-8ef091b1833f018e135f4e65e750bbd7","method":"GET","path":"/api/v1/auth/session","status":200,"duration_ms":2}
{"request_id":"rcc-2430f757bedec01902fd545ea2992d3e","method":"GET","path":"/api/v1/approval-notifications","status":200,"duration_ms":2}
{"request_id":"rcc-02b388f96e2b7db716f4c21bae205caa","method":"GET","path":"/api/v1/release-orders/:id","status":200,"duration_ms":11}
{"request_id":"rcc-15f64e031a7fe2324ee3b8da16bc1a4c","method":"GET","path":"/api/v1/table-field-policies/:table_name","status":200,"duration_ms":6}
{"request_id":"rcc-5a4311d54db6a5902629d808e4b25a32","method":"GET","path":"/api/v1/release-orders/:id/details","status":200,"duration_ms":8}
{"request_id":"rcc-f77c521bf2a309c93ada98136f15e691","method":"POST","path":"/api/v1/release-orders/:id/notification-read","status":200,"duration_ms":13}
{"request_id":"rcc-ba736f49a4bd14f1b5dfbb447c281465","method":"GET","path":"/api/v1/release-orders/:id/people","status":200,"duration_ms":13}
{"request_id":"rcc-516e94010566835771633592d06dda52","method":"GET","path":"/api/v1/approval-notifications","status":200,"duration_ms":2}
{"request_id":"rcc-f3d5e886ab14e3794427f229853bbc07","method":"GET","path":"/api/v1/release-orders/:id/details","status":200,"duration_ms":6}
{"request_id":"rcc-0eb7ee4257e00c5f09231004bb5c88e9","method":"POST","path":"/api/v1/auth/activity","status":200,"duration_ms":8}
{"request_id":"rcc-c87321a46131458990a998fd66c99d01","method":"POST","path":"/api/v1/release-orders/:id/approve","status":200,"duration_ms":51}
{"request_id":"rcc-b77d4036dbe76a9892678601c873c6a5","method":"GET","path":"/api/v1/approval-notifications","status":200,"duration_ms":5}
{"request_id":"rcc-eb97bea9ebb4855ce9ce3cdba0229281","method":"GET","path":"/api/v1/release-orders/:id/people","status":200,"duration_ms":14}
{"request_id":"rcc-5cb2c3f7430ff3cbb4358a3736f82ffb","method":"GET","path":"/api/v1/release-orders/:id","status":200,"duration_ms":14}
{"request_id":"rcc-602d96d7984d7eabcb147e540caf7959","method":"GET","path":"/api/v1/release-orders/:id/details","status":200,"duration_ms":7}
{"request_id":"rcc-b73af9a0f7d8c47870130a8d632c4796","method":"GET","path":"/api/v1/auth/session","status":200,"duration_ms":3}
{"request_id":"rcc-61b955767075fa1de0e13585dd9a76be","method":"GET","path":"/api/v1/approval-notifications","status":200,"duration_ms":3}
{"request_id":"rcc-8322953d2d54d72d3b8b63d2c800b6e5","method":"GET","path":"/api/v1/release-orders/:id","status":200,"duration_ms":14}
{"request_id":"rcc-9615dddae567807a9aed70404a63e26b","method":"GET","path":"/api/v1/table-field-policies/:table_name","status":200,"duration_ms":9}
{"request_id":"rcc-c212052e7f2151285a706567d2dd9249","method":"GET","path":"/api/v1/release-orders/:id/details","status":200,"duration_ms":11}
{"request_id":"rcc-552ffb9445c3612c8e429e1f4738bf30","method":"POST","path":"/api/v1/release-orders/:id/notification-read","status":200,"duration_ms":21}
{"request_id":"rcc-bf7110a65842a0859127f5e6cb637a81","method":"GET","path":"/api/v1/release-orders/:id/people","status":200,"duration_ms":22}
{"request_id":"rcc-b2db22ddc8dd73a9a476cc0d643dab6a","method":"GET","path":"/api/v1/approval-notifications","status":200,"duration_ms":4}
{"request_id":"rcc-9e80de5ed0b20f680870c64dbabde804","method":"GET","path":"/api/v1/release-orders/:id/details","status":200,"duration_ms":8}
{"request_id":"rcc-edf3ff5ccbeb1942a87de9203ee4b315","method":"POST","path":"/api/v1/release-orders/:id/execute","status":200,"duration_ms":99}
{"request_id":"rcc-c6b7abead7b0cb40767fb959067d00df","method":"GET","path":"/api/v1/approval-notifications","status":200,"duration_ms":4}
{"request_id":"rcc-ad8949e9a899ed4914392142bb80a308","method":"GET","path":"/api/v1/release-orders/:id","status":200,"duration_ms":12}
{"request_id":"rcc-e6cbc03ae630d542e88fdbe7a0ea2461","method":"GET","path":"/api/v1/release-orders/:id/details","status":200,"duration_ms":7}
{"request_id":"rcc-31b6c2825e1dd84f20c238b0b5c75325","method":"GET","path":"/api/v1/auth/session","status":200,"duration_ms":1}
{"request_id":"rcc-699bb2a9de1360442f9d3793eff782d2","method":"GET","path":"/api/v1/approval-notifications","status":200,"duration_ms":2}
{"request_id":"rcc-1f9a073489c1c7a0eecea26d143fded5","method":"GET","path":"/api/v1/release-orders/:id","status":200,"duration_ms":16}
{"request_id":"rcc-07d8a7e6b18c44e735afdca7225519b5","method":"GET","path":"/api/v1/table-field-policies/:table_name","status":200,"duration_ms":9}
{"request_id":"rcc-bacd26dc796ef976ffda847e2e45ed37","method":"GET","path":"/api/v1/release-orders/:id/details","status":200,"duration_ms":10}
{"request_id":"rcc-5da6f121eff530c047304ea9c23f0b4a","method":"GET","path":"/api/v1/release-orders/:id/people","status":200,"duration_ms":17}
{"request_id":"rcc-53bf8bda154e7865d00b9a03521fa9f5","method":"GET","path":"/api/v1/release-orders/:id/details","status":200,"duration_ms":7}
{"request_id":"rcc-f4710349389a5ea9065ecef2686c09f5","method":"POST","path":"/api/v1/release-orders/:id/execute","status":200,"duration_ms":28}
{"request_id":"rcc-869e909da2c5154b93e82ca0c32eb208","method":"GET","path":"/api/v1/approval-notifications","status":200,"duration_ms":5}
{"request_id":"rcc-bc7a2632c829f7554795c403032dcc59","method":"GET","path":"/api/v1/release-orders/:id","status":200,"duration_ms":17}
{"request_id":"rcc-e408741aaf73b9a9bff4d6814d10347f","method":"GET","path":"/api/v1/release-orders/:id/people","status":200,"duration_ms":19}
{"request_id":"rcc-c7bc9ae02d77f9d36058486f7e25ea4a","method":"GET","path":"/api/v1/release-orders/:id","status":200,"duration_ms":8}
{"request_id":"rcc-3c5b4dc6ddfd663955bcc92e064eb2eb","method":"GET","path":"/api/v1/auth/session","status":200,"duration_ms":1}
{"request_id":"rcc-a1171ce34fa6740c30a6294e2a37cf09","method":"GET","path":"/api/v1/release-orders/:id/details","status":200,"duration_ms":5}
{"request_id":"rcc-bfe765528754f888530a6723f19911eb","method":"GET","path":"/api/v1/release-orders/:id/details","status":200,"duration_ms":8}
{"request_id":"rcc-6c7543ab0f8286f423d8ab61f4e6e2c9","method":"POST","path":"/api/v1/release-orders/:id/complete","status":200,"duration_ms":40}
{"request_id":"rcc-d747d049eeb3002364e0a9ebe3f51849","method":"GET","path":"/api/v1/approval-notifications","status":200,"duration_ms":3}
{"request_id":"rcc-b341fa1e65127d799b3b9c2c98ac7f9b","method":"GET","path":"/api/v1/release-orders/:id","status":200,"duration_ms":11}
{"request_id":"rcc-bd6806257a12566586af20c064d839c1","method":"GET","path":"/api/v1/release-orders/:id/people","status":200,"duration_ms":14}
{"request_id":"rcc-1b2092ee8a18fa23b27513d758c481f4","method":"GET","path":"/api/v1/release-orders/:id/details","status":200,"duration_ms":8}
{"request_id":"rcc-abcf15513f210ab5bbd4a6d605a4e859","method":"GET","path":"/api/v1/auth/session","status":200,"duration_ms":1}
{"request_id":"rcc-de56b57ff79a67236071fdbb300e37fa","method":"GET","path":"/api/v1/table-policies","status":200,"duration_ms":2}
{"request_id":"rcc-6e850ddd7752690883a6d86fe36874ca","method":"GET","path":"/api/v1/approval-notifications","status":200,"duration_ms":3}
{"request_id":"rcc-4d7ac24174acaa42da3503814adde999","method":"GET","path":"/api/v1/query-policy-types","status":200,"duration_ms":2}
{"request_id":"rcc-5aabc0d5947e5694d1530f7165daed91","method":"GET","path":"/api/v1/mutation-policy-types","status":200,"duration_ms":2}
{"request_id":"rcc-1af91450fe8dc0f0cb9ef779a2d76613","method":"GET","path":"/api/v1/mutation-policies/:code","status":200,"duration_ms":3}
{"request_id":"rcc-63e0e51605d79f916b0eaeaab7a2bee2","method":"GET","path":"/api/v1/query-policies/:code","status":200,"duration_ms":4}
{"request_id":"rcc-537d62542c8bfeda8488ae5cfc93d309","method":"POST","path":"/api/v1/tables/:table_name/query","status":200,"duration_ms":22}
{"request_id":"rcc-4a2ec8db3837bae407ec2502120e59e0","method":"GET","path":"/api/v1/table-field-policies/:table_name","status":200,"duration_ms":7}
{"request_id":"rcc-0b1bbd00fe9bf231161f0d125731fd3a","method":"GET","path":"/api/v1/mutation-policies/:code","status":200,"duration_ms":3}
{"request_id":"rcc-5e60cc4a840db096c66d21547ab44fff","method":"POST","path":"/api/v1/tables/:table_name/query","status":200,"duration_ms":52}
{"request_id":"rcc-1d75c455a0f3965941fc173bd101089a","method":"GET","path":"/api/v1/table-field-policies/:table_name","status":200,"duration_ms":7}
{"request_id":"rcc-e58971229132988fa61291dc967858a2","method":"GET","path":"/api/v1/auth/session","status":200,"duration_ms":2}
{"request_id":"rcc-26ad8a8cebc0000ffb4556f2f6c6195b","method":"POST","path":"/api/v1/tables/:table_name/query","status":200,"duration_ms":16}
{"request_id":"rcc-c00bfbd9c41849c169530b6dff426d42","method":"GET","path":"/api/v1/table-field-policies/:table_name","status":200,"duration_ms":6}
{"request_id":"rcc-dff0a09acb592848e3f25883b7d195c9","method":"GET","path":"/api/v1/auth/session","status":200,"duration_ms":1}
{"request_id":"rcc-aa17237a58d099759944fa1f92344931","method":"POST","path":"/api/v1/release-orders","status":201,"duration_ms":50}
{"request_id":"rcc-fa68ea4f72dcd5112639056baafed1cb","method":"GET","path":"/api/v1/auth/session","status":200,"duration_ms":1}
{"request_id":"rcc-31e15e997db92bbf6cd84661cbcae3a0","method":"POST","path":"/api/v1/release-orders/:id/submit","status":200,"duration_ms":70}
{"request_id":"rcc-a0f91658b8f5e69bc81979818c137e39","method":"GET","path":"/api/v1/auth/session","status":200,"duration_ms":1}
{"request_id":"rcc-478a0d39d5a7f6a27f1f518028a4aa67","method":"GET","path":"/api/v1/release-orders/:id","status":200,"duration_ms":8}
{"request_id":"rcc-892251a35f110040ab12ecc7f7ceafc8","method":"GET","path":"/api/v1/auth/session","status":200,"duration_ms":1}
{"request_id":"rcc-d2c3ab0d19fc9332a8e6a9e8fe43ec6d","method":"POST","path":"/api/v1/release-orders/:id/approve","status":200,"duration_ms":34}
{"request_id":"rcc-6ba9c0fc3c8646f8ead81edbb4e8a57c","method":"GET","path":"/api/v1/auth/session","status":200,"duration_ms":0}
{"request_id":"rcc-3558f39d00fed8cecefe4bf9bd041e4a","method":"POST","path":"/api/v1/release-orders/:id/execute","status":200,"duration_ms":81}
{"request_id":"rcc-541c1f47023c5dfbdefd578058530546","method":"GET","path":"/api/v1/auth/session","status":200,"duration_ms":0}
{"request_id":"rcc-9221f5101d38b1e0d622478da062ccf0","method":"POST","path":"/api/v1/release-orders/:id/complete","status":200,"duration_ms":25}
{"request_id":"rcc-d90c120d573164331d98c6066b5eba78","method":"POST","path":"/api/v1/release-orders","status":409,"duration_ms":16}
{"request_id":"rcc-5d7f80af80c188a714fb614c51870d8b","method":"GET","path":"/api/v1/approval-notifications","status":200,"duration_ms":2}
{"request_id":"rcc-2a889676ce7e1d46f2fe1411a96020d5","method":"POST","path":"/api/v1/tables/:table_name/query","status":200,"duration_ms":16}
{"request_id":"rcc-a74c0bce85c762a45c7e5bc7bec7a0e6","method":"POST","path":"/api/v1/release-orders","status":201,"duration_ms":47}
{"request_id":"rcc-3c29097fcf401cee2e686783091b611f","method":"GET","path":"/api/v1/approval-notifications","status":200,"duration_ms":3}
{"request_id":"rcc-f3dad19c6906a43860a460d962c9c6a5","method":"GET","path":"/api/v1/approval-notifications","status":200,"duration_ms":2}
{"request_id":"rcc-3d53ad8306f682712d48f9b26581c75b","method":"GET","path":"/api/v1/release-orders/:id","status":200,"duration_ms":16}
{"request_id":"rcc-db8dab7e3ef2c5120311788c58a42ca0","method":"GET","path":"/api/v1/table-field-policies/:table_name","status":200,"duration_ms":5}
{"request_id":"rcc-7254cae14594fb7111dbef77e07f3fdf","method":"GET","path":"/api/v1/release-orders/:id/details","status":200,"duration_ms":6}
{"request_id":"rcc-47df66be66461d58a9b4c477efb0dd63","method":"GET","path":"/api/v1/release-orders/:id/people","status":200,"duration_ms":14}
{"request_id":"rcc-c529faab21f9cf6b883e0fb23ad8c2f7","method":"GET","path":"/api/v1/release-orders/:id/details","status":200,"duration_ms":10}
{"request_id":"rcc-47a2e898e2e148b8557bbe9128cfe167","method":"POST","path":"/api/v1/release-orders/:id/submit","status":200,"duration_ms":80}
{"request_id":"rcc-cf8a04aebc3a48c39545f443e9ab9bdf","method":"GET","path":"/api/v1/approval-notifications","status":200,"duration_ms":3}
{"request_id":"rcc-1fff746c1199c4de9e1b870123ea87ce","method":"GET","path":"/api/v1/release-orders/:id","status":200,"duration_ms":12}
{"request_id":"rcc-383acde0b97db83ffce91f55c0cd3173","method":"GET","path":"/api/v1/release-orders/:id/people","status":200,"duration_ms":13}
{"request_id":"rcc-2add28a968b1ad0ab88498e1e9d66e54","method":"GET","path":"/api/v1/release-orders/:id/details","status":200,"duration_ms":6}
{"request_id":"rcc-7f65991be5f7acdddada7eeb53f9e505","method":"GET","path":"/api/v1/auth/session","status":200,"duration_ms":1}
{"request_id":"rcc-4c77778ade77e5915f66a636a0a2db5e","method":"GET","path":"/api/v1/approval-notifications","status":200,"duration_ms":3}
{"request_id":"rcc-a3208c5c6483bc9103eea6ed007b5fe3","method":"GET","path":"/api/v1/release-orders/:id","status":200,"duration_ms":13}
{"request_id":"rcc-dbcc50c72e2e32218599878d35fe18cd","method":"GET","path":"/api/v1/table-field-policies/:table_name","status":200,"duration_ms":8}
{"request_id":"rcc-8337cb5aa49cc6f9c2c5ac2af6d58ff0","method":"GET","path":"/api/v1/release-orders/:id/details","status":200,"duration_ms":12}
{"request_id":"rcc-93a8268eb34da9348ce0e2b06e85073c","method":"POST","path":"/api/v1/release-orders/:id/notification-read","status":200,"duration_ms":35}
{"request_id":"rcc-7d86ae3c7052389f76569855cc4d3ea6","method":"GET","path":"/api/v1/release-orders/:id/people","status":200,"duration_ms":37}
{"request_id":"rcc-da11c63e5729adc236554df56080054b","method":"GET","path":"/api/v1/approval-notifications","status":200,"duration_ms":3}
{"request_id":"rcc-9a00b059028b86b07cf28ed45648acdb","method":"GET","path":"/api/v1/release-orders/:id/details","status":200,"duration_ms":13}
{"request_id":"rcc-8d8fc4fa7199f128874b8668d5e4dd07","method":"POST","path":"/api/v1/release-orders/:id/approve","status":200,"duration_ms":44}
{"request_id":"rcc-99431e0142daf3171a0c188cb1f147c4","method":"GET","path":"/api/v1/approval-notifications","status":200,"duration_ms":3}
{"request_id":"rcc-66ef8d00a2c4d41622a18aa69f5c558b","method":"GET","path":"/api/v1/release-orders/:id","status":200,"duration_ms":13}
{"request_id":"rcc-09739cd2ba61520ce3e6d2ae0865f658","method":"GET","path":"/api/v1/release-orders/:id/people","status":200,"duration_ms":15}
{"request_id":"rcc-21b275aa2d65beb4ed08b3ef509daad1","method":"GET","path":"/api/v1/release-orders/:id/details","status":200,"duration_ms":6}
{"request_id":"rcc-619f32ea6d8b5952e2dec5e05130401d","method":"GET","path":"/api/v1/auth/session","status":200,"duration_ms":1}
{"request_id":"rcc-4d383eb096d485ff5e672f79d1c39fdd","method":"GET","path":"/api/v1/approval-notifications","status":200,"duration_ms":5}
{"request_id":"rcc-fec11e43232100bc206c735156d7235a","method":"GET","path":"/api/v1/release-orders/:id","status":200,"duration_ms":14}
{"request_id":"rcc-97775e21a2ff1857ffc5d8a45586ca22","method":"GET","path":"/api/v1/table-field-policies/:table_name","status":200,"duration_ms":10}
{"request_id":"rcc-c399d2c24b9eff016499a2474296fd1e","method":"GET","path":"/api/v1/release-orders/:id/details","status":200,"duration_ms":12}
{"request_id":"rcc-6138e864d0de8d812382d3ceed404b6e","method":"POST","path":"/api/v1/release-orders/:id/notification-read","status":200,"duration_ms":21}
{"request_id":"rcc-3d22f6ce255103e5e1fcf83ec5576929","method":"GET","path":"/api/v1/release-orders/:id/people","status":200,"duration_ms":22}
{"request_id":"rcc-7d9b240d8546306c09c7c173617e62ff","method":"GET","path":"/api/v1/approval-notifications","status":200,"duration_ms":4}
{"request_id":"rcc-d6847f10e9389b0a7c9d59931c777723","method":"GET","path":"/api/v1/release-orders/:id/details","status":200,"duration_ms":6}
{"request_id":"rcc-5b1c8808094910ae167a8392d004feed","method":"POST","path":"/api/v1/release-orders/:id/execute","status":200,"duration_ms":101}
{"request_id":"rcc-7ff168f89c68c190af4706ef12ce9ab3","method":"GET","path":"/api/v1/approval-notifications","status":200,"duration_ms":3}
{"request_id":"rcc-2d61cd730b5eaddc4b139d4733ff90a2","method":"GET","path":"/api/v1/release-orders/:id","status":200,"duration_ms":10}
{"request_id":"rcc-56abaf731f05e2cb5d0e86e9e5101cad","method":"GET","path":"/api/v1/release-orders/:id/people","status":200,"duration_ms":12}
{"request_id":"rcc-ed85acc1a6c43c8e5284163846365acc","method":"GET","path":"/api/v1/release-orders/:id/details","status":200,"duration_ms":7}
{"request_id":"rcc-44d18c498053b6919970c37b7ba5188b","method":"GET","path":"/api/v1/release-orders/:id","status":200,"duration_ms":9}
{"request_id":"rcc-fbcc105b303411866f7b9c8cdf7c6a9f","method":"GET","path":"/api/v1/auth/session","status":200,"duration_ms":1}
{"request_id":"rcc-b4693c02b8f93dab11de6e121a2e7f0e","method":"GET","path":"/api/v1/release-orders/:id/details","status":200,"duration_ms":5}
{"request_id":"rcc-544ad26d50ce01cfb39ba96705371045","method":"GET","path":"/api/v1/auth/session","status":200,"duration_ms":1}
{"request_id":"rcc-559c55a3c195c27a2ef462a2fba22a15","method":"POST","path":"/api/v1/tables/:table_name/query","status":200,"duration_ms":13}
{"request_id":"rcc-393cba482d8c8d1622b25345887823bc","method":"GET","path":"/api/v1/auth/session","status":200,"duration_ms":1}
{"request_id":"rcc-c18cc3b004f6e1ac14798c3237a0dcf3","method":"POST","path":"/api/v1/auth/logout","status":204,"duration_ms":4}
{"request_id":"rcc-b2b8a77e4107a803a9f001750b947996","method":"GET","path":"/api/v1/table-policies","status":401,"duration_ms":0}
{"request_id":"rcc-ff633681e93e72f2916ffee4f57a0034","method":"GET","path":"/api/v1/auth/session","status":401,"duration_ms":0}
{"request_id":"rcc-68e6ef5341556b92f5ed33697df8501b","method":"GET","path":"/api/v1/auth/session","status":401,"duration_ms":0}
