Linux WebKit official v1.62.1-noble, loopback forwarded
PASS 管理员在设置页为同一后续多表发布链路配置管控键
PASS 无起始表空单从明细加入两表同ID，25项分页编辑和390px键盘全局排序
PASS 同名字段按实际所属表展示当前标签，列表隐藏规则不隐藏实际 before/final
PASS 独立审批后25项整单发布，原单倒序恢复并切换申请/原发布/恢复三类结果
PASS 同一原单贯通管理员管控键、真实分页多表草稿、独立审批发布、原单恢复和实际执行人原因补填
PASS 两表目标在草稿取消、拒绝、已批准管理员取消后可重新占用，整单完结关闭回滚
locator.click: Target page, context or browser has been closed
Call log:
[2m  - waiting for getByRole('dialog', { name: '复制新草稿', exact: true }).getByRole('button', { name: '读取最新配置', exact: true })[22m
[2m    - locator resolved to <button data-slot="button" data-size="default" data-variant="outline" class="inline-flex shrink-0 items-center justify-center gap-2 rounded-md text-sm font-medium whitespace-nowrap transition-all outline-none focus-visible:border-ring focus-visible:ring-[3px] focus-visible:ring-ring/50 disabled:pointer-events-none disabled:opacity-50 aria-invalid:border-destructive aria-invalid:ring-destructive/20 dark:aria-invalid:ring-destructive/40 [&_svg]:pointer-events-none [&_svg]:shrink-0 [&_svg:not([class*='si…>读取最新配置</button>[22m
[2m  - attempting click action[22m
[2m    2 × waiting for element to be visible, enabled and stable[22m
[2m      - element is not stable[22m
[2m    - retrying click action[22m
[2m    - waiting 20ms[22m
[2m    2 × waiting for element to be visible, enabled and stable[22m
[2m      - element is not stable[22m
[2m    - retrying click action[22m
[2m      - waiting 100ms[22m
[2m    - waiting for element to be visible, enabled and stable[22m

    at /Users/asher/Projects/relational-config-center/.worktrees/release-template-navigation-ci/web/e2e/release-multitable.cjs:159:142 {
  log: [
    "  - waiting for getByRole('dialog', { name: '复制新草稿', exact: true }).getByRole('button', { name: '读取最新配置', exact: true })",
    `    - locator resolved to <button data-slot="button" data-size="default" data-variant="outline" class="inline-flex shrink-0 items-center justify-center gap-2 rounded-md text-sm font-medium whitespace-nowrap transition-all outline-none focus-visible:border-ring focus-visible:ring-[3px] focus-visible:ring-ring/50 disabled:pointer-events-none disabled:opacity-50 aria-invalid:border-destructive aria-invalid:ring-destructive/20 dark:aria-invalid:ring-destructive/40 [&_svg]:pointer-events-none [&_svg]:shrink-0 [&_svg:not([class*='si…>读取最新配置</button>`,
    '  - attempting click action',
    '    2 × waiting for element to be visible, enabled and stable',
    '      - element is not stable',
    '    - retrying click action',
    '    - waiting 20ms',
    '    2 × waiting for element to be visible, enabled and stable',
    '      - element is not stable',
    '    - retrying click action',
    '      - waiting 100ms',
    '    - waiting for element to be visible, enabled and stable'
  ]
}
